
Gurobi 13.0.1 (linux64) logging started Thu Apr 23 18:50:12 2026

Set parameter LogFile to value "experiments/20260422_213746/logs/Inst_17_Hard_Inspire_35__station_copies.log"
Set parameter LogToConsole to value 0
Set parameter TimeLimit to value 1800
Gurobi Optimizer version 13.0.1 build v13.0.1rc0 (linux64 - "Ubuntu 24.04.4 LTS")

CPU model: Intel(R) Core(TM) i5-8250U CPU @ 1.60GHz, instruction set [SSE2|AVX|AVX2]
Thread count: 4 physical cores, 8 logical processors, using up to 8 threads

Non-default parameters:
TimeLimit  1800
LogToConsole  0

Optimize a model with 337890 rows, 336429 columns and 1393595 nonzeros (Min)
Model fingerprint: 0x144be7a2
Model has 359 linear objective coefficients
Variable types: 224280 continuous, 112149 integer (112149 binary)
Coefficient statistics:
  Matrix range     [1e+00, 3e+04]
  Objective range  [1e+03, 2e+03]
  Bounds range     [1e+00, 3e+04]
  RHS range        [1e+00, 2e+03]

Presolve removed 211575 rows and 100240 columns
Presolve time: 2.71s
Presolved: 126315 rows, 236189 columns, 945649 nonzeros
Variable types: 124040 continuous, 112149 integer (112149 binary)
Deterministic concurrent LP optimizer: primal simplex, dual simplex, and barrier
Showing barrier log only...

Root barrier log...

Ordering time: 0.06s

Barrier statistics:
 AA' NZ     : 3.612e+04
 Factor NZ  : 4.967e+04 (roughly 5 MB of memory)
 Factor Ops : 1.844e+06 (less than 1 second per iteration)
 Threads    : 1

                  Objective                Residual
Iter       Primal          Dual         Primal    Dual     Compl     Time
   0   7.31948362e+07 -1.21175156e+10  5.77e+03 1.04e+01  4.06e+06     5s
   1   3.22873961e+07 -3.70238681e+09  2.34e+03 1.54e+01  1.22e+06     5s
   2   3.90499014e+06 -1.35277987e+09  2.53e+02 3.64e-12  1.76e+05     5s
   3   7.61298606e+05 -1.21492146e+08  1.84e+01 6.00e-12  1.54e+04     5s
   4   5.72705939e+05 -2.95945456e+07  4.57e+00 5.85e-12  3.21e+03     5s
   5   4.75670063e+05 -2.19853082e+07  3.43e+00 1.60e-10  2.23e+03     5s
   6   2.91850584e+05 -1.12845550e+07  1.69e+00 4.37e-11  9.70e+02     5s
   7   1.35579456e+05 -4.39429098e+06  4.86e-01 5.46e-11  3.19e+02     5s
   8   7.63413927e+04 -1.56145527e+06  1.20e-01 2.91e-11  1.08e+02     5s
   9   5.17681331e+04 -9.84443190e+05  5.07e-02 1.77e-11  6.71e+01     5s
  10   3.45553835e+04 -5.94068898e+05  1.47e-02 1.09e-11  4.04e+01     5s
  11   2.57737490e+04 -6.67138031e+04  3.28e-03 1.82e-12  5.93e+00     5s
  12   1.95980023e+04 -2.06069162e+04  7.07e-04 1.82e-12  2.58e+00     5s
  13   1.53653305e+04 -5.93495027e+03  3.56e-04 1.82e-12  1.37e+00     5s
  14   1.22403224e+04 -2.71100744e+03  2.41e-04 1.82e-12  9.58e-01     5s
  15   1.15039292e+04  2.77351517e+02  2.09e-04 4.55e-13  7.20e-01     5s
  16   8.98791127e+03  1.09559803e+03  1.33e-04 1.82e-12  5.06e-01     5s
  17   6.21202581e+03  2.54966518e+03  4.99e-05 4.00e-13  2.35e-01     5s
  18   4.65659899e+03  3.20375390e+03  1.84e-05 4.55e-13  9.31e-02     5s
  19   4.03277819e+03  3.37984197e+03  7.28e-06 1.82e-12  4.18e-02     5s
  20   3.71146264e+03  3.47650780e+03  2.07e-06 1.82e-12  1.51e-02     5s
  21   3.58166696e+03  3.55599927e+03  1.27e-07 9.09e-13  1.64e-03     5s
  22   3.57201506e+03  3.56339004e+03  3.08e-08 9.09e-13  5.53e-04     5s
  23   3.57137160e+03  3.56797870e+03  2.51e-08 9.09e-13  2.17e-04     5s
  24   3.56930889e+03  3.56854161e+03  6.16e-09 4.55e-13  4.92e-05     5s
  25   3.56861266e+03  3.56860885e+03  2.64e-10 1.79e-12  2.44e-07     5s
  26   3.56861127e+03  3.56861126e+03  6.82e-10 2.90e-12  4.81e-10     5s

Barrier solved model in 26 iterations and 5.21 seconds (3.65 work units)
Optimal objective 3.56861127e+03


Root crossover log...

    4462 DPushes remaining with DInf 0.0000000e+00                 5s
       0 DPushes remaining with DInf 0.0000000e+00                 5s

      79 PPushes remaining with PInf 0.0000000e+00                 5s
       0 PPushes remaining with PInf 0.0000000e+00                 5s

  Push phase complete: Pinf 0.0000000e+00, Dinf 1.6932164e-02      5s


Root simplex log...

Iteration    Objective       Primal Inf.    Dual Inf.      Time
    2494    3.5686113e+03   0.000000e+00   1.693216e-02      5s
    2495    3.5686113e+03   0.000000e+00   0.000000e+00      5s
Crossover time: 0.03 seconds (0.01 work units)
Concurrent spin time: 0.00s

Solved with barrier

Use crossover to convert LP symmetric solution to basic solution...

Root crossover log...

     306 DPushes remaining with DInf 0.0000000e+00                 5s
       0 DPushes remaining with DInf 0.0000000e+00                 7s

     696 PPushes remaining with PInf 0.0000000e+00                 7s
       0 PPushes remaining with PInf 0.0000000e+00                 7s

  Push phase complete: Pinf 0.0000000e+00, Dinf 3.3291934e-11      7s


Root simplex log...

Iteration    Objective       Primal Inf.    Dual Inf.      Time
    3500    3.5686113e+03   0.000000e+00   0.000000e+00      7s
Crossover time: 1.68 seconds (1.34 work units)

Root relaxation: objective 3.568611e+03, 3500 iterations, 2.82 seconds (1.87 work units)

    Nodes    |    Current Node    |     Objective Bounds      |     Work
 Expl Unexpl |  Obj  Depth IntInf | Incumbent    BestBd   Gap | It/Node Time

     0     0 3568.61126    0  726          - 3568.61126      -     -   10s
H    0     0                    75000.000000 3568.61126  95.2%     -   36s
     0     0 4014.07295    0  841 75000.0000 4014.07295  94.6%     -  115s
H    0     0                    73000.000000 4014.35123  94.5%     -  116s
H    0     0                    16000.000000 4014.35123  74.9%     -  142s
H    0     0                    15000.000000 4014.35123  73.2%     -  157s
     0     0 4073.78108    0  824 15000.0000 4073.78108  72.8%     -  269s
     0     0 4074.74796    0  828 15000.0000 4074.74796  72.8%     -  271s
     0     0 4074.75579    0  828 15000.0000 4074.75579  72.8%     -  271s
     0     0 4203.07731    0  771 15000.0000 4203.07731  72.0%     -  340s
     0     0 4210.33542    0  783 15000.0000 4210.33542  71.9%     -  437s
     0     0 4211.81616    0  815 15000.0000 4211.81616  71.9%     -  452s
     0     0 4211.82256    0  822 15000.0000 4211.82256  71.9%     -  453s
     0     0 4233.77504    0  809 15000.0000 4233.77504  71.8%     -  481s
     0     0 4239.90313    0  784 15000.0000 4239.90313  71.7%     -  504s
     0     0 4247.58795    0  774 15000.0000 4247.58795  71.7%     -  506s
     0     0 4248.27343    0  778 15000.0000 4248.27343  71.7%     -  508s
     0     0 4248.27343    0  779 15000.0000 4248.27343  71.7%     -  508s
     0     0 4288.00289    0  795 15000.0000 4288.00289  71.4%     -  551s
     0     0 4309.29559    0  775 15000.0000 4309.29559  71.3%     -  573s
     0     0 4309.29559    0  780 15000.0000 4309.29559  71.3%     -  574s
     0     0 4309.29559    0  781 15000.0000 4309.29559  71.3%     -  574s
     0     0 4397.49527    0  742 15000.0000 4397.49527  70.7%     -  623s
     0     0 4403.22209    0  720 15000.0000 4403.22209  70.6%     -  652s
     0     0 4403.46517    0  717 15000.0000 4403.46517  70.6%     -  654s
     0     0 4403.47431    0  720 15000.0000 4403.47431  70.6%     -  655s
     0     0 4466.58326    0  717 15000.0000 4466.58326  70.2%     -  729s
H    0     0                    14000.000000 4466.89086  68.1%     -  757s
H    0     0                    12000.000000 4466.89086  62.8%     -  967s
     0     0 4472.24299    0  736 12000.0000 4472.24299  62.7%     - 1116s
     0     0 4473.06446    0  758 12000.0000 4473.06446  62.7%     - 1120s
     0     0 4473.17862    0  748 12000.0000 4473.17862  62.7%     - 1121s
     0     0 4515.99983    0  688 12000.0000 4515.99983  62.4%     - 1156s

Cutting planes:
  Cover: 4
  Implied bound: 935
  Clique: 3
  MIR: 24
  Flow cover: 80
  Zero half: 3
  Relax-and-lift: 3

Explored 1 nodes (100627 simplex iterations) in 1800.04 seconds (2629.45 work units)
Thread count was 8 (of 8 available processors)

Solution count 6: 12000 14000 15000 ... 75000

Time limit reached
Best objective 1.200000000000e+04, best bound 5.000000000000e+03, gap 58.3333%
