
Gurobi 13.0.1 (linux64) logging started Thu Apr 23 22:51:03 2026

Set parameter LogFile to value "experiments/20260422_213746/logs/Inst_20_Hard_Phantom_35__drone_index.log"
Set parameter LogToConsole to value 0
Set parameter TimeLimit to value 1800
Gurobi Optimizer version 13.0.1 build v13.0.1rc0 (linux64 - "Ubuntu 24.04.4 LTS")

CPU model: Intel(R) Core(TM) i5-8250U CPU @ 1.60GHz, instruction set [SSE2|AVX|AVX2]
Thread count: 4 physical cores, 8 logical processors, using up to 8 threads

Non-default parameters:
TimeLimit  1800
LogToConsole  0
LazyConstraints  1

Optimize a model with 142739 rows, 139869 columns and 667179 nonzeros (Min)
Model fingerprint: 0x0bb775b3
Model has 44 linear objective coefficients
Variable types: 69300 continuous, 70569 integer (70569 binary)
Coefficient statistics:
  Matrix range     [1e+00, 3e+04]
  Objective range  [1e+03, 1e+03]
  Bounds range     [1e+00, 1e+00]
  RHS range        [1e+00, 1e+00]

Presolve removed 30800 rows and 15403 columns
Presolve time: 4.51s
Presolved: 111939 rows, 124466 columns, 590692 nonzeros
Variable types: 53900 continuous, 70566 integer (70566 binary)
Root relaxation presolved: 111939 rows, 124466 columns, 590692 nonzeros

Deterministic concurrent LP optimizer: primal simplex, dual simplex, and barrier
Showing barrier log only...

Root barrier log...

Ordering time: 0.03s

Barrier statistics:
 AA' NZ     : 6.531e+04
 Factor NZ  : 9.910e+04 (roughly 9 MB of memory)
 Factor Ops : 5.571e+06 (less than 1 second per iteration)
 Threads    : 2

                  Objective                Residual
Iter       Primal          Dual         Primal    Dual     Compl     Time
   0   1.41799396e+06 -1.80365717e+08  4.87e+05 9.67e-02  1.73e+05     6s
   1   7.00632038e+05 -1.64361570e+08  2.32e+05 3.62e+01  8.29e+04     6s
   2   1.37495155e+05 -1.01465166e+08  3.81e+04 6.88e-12  1.53e+04     6s
   3   4.50223279e+04 -2.12190864e+07  6.17e+03 4.89e-12  2.58e+03     6s
   4   3.41641064e+04 -9.55561751e+06  2.30e+03 6.54e-12  9.79e+02     6s
   5   1.82551032e+04 -5.37160651e+06  5.15e+02 5.40e-13  3.16e+02     6s
   6   1.32953021e+04 -2.68673916e+06  2.85e+02 4.35e-12  1.57e+02     6s
   7   8.99679223e+03 -9.07808084e+05  7.25e+01 2.76e-12  4.44e+01     6s
   8   7.65112145e+03 -2.07325321e+05  2.31e+00 2.02e-12  7.30e+00     6s
   9   7.18965257e+03 -1.93267745e+04  1.32e-01 1.18e-12  8.71e-01     6s
  10   6.43094229e+03 -9.22515280e+03  5.13e-02 1.88e-13  5.14e-01     6s
  11   5.62332414e+03 -5.53340799e+03  1.95e-02 1.34e-12  3.66e-01     6s
  12   5.18558347e+03 -4.91439884e+03  1.47e-02 2.69e-12  3.31e-01     6s
  13   4.16431387e+03 -3.52866521e+02  6.83e-03 4.08e-12  1.48e-01     6s
  14   2.81038780e+03  6.29650203e+02  1.77e-03 1.82e-12  7.14e-02     6s
  15   2.28482726e+03  1.23166523e+03  8.00e-04 1.99e-12  3.45e-02     6s
  16   2.08170605e+03  1.57063296e+03  4.42e-04 2.37e-12  1.67e-02     6s
  17   1.92160632e+03  1.68878096e+03  1.87e-04 2.49e-12  7.63e-03     6s
  18   1.87340143e+03  1.76569757e+03  1.13e-04 2.51e-12  3.53e-03     6s
  19   1.82170313e+03  1.78863053e+03  3.52e-05 1.75e-12  1.08e-03     6s
  20   1.80034961e+03  1.79494086e+03  5.08e-06 1.02e-12  1.77e-04     6s
  21   1.79604976e+03  1.79603414e+03  3.26e-09 1.33e-12  5.12e-07     6s
  22   1.79603981e+03  1.79603981e+03  2.56e-11 1.04e-12  1.65e-12     6s

Barrier solved model in 22 iterations and 5.74 seconds (2.68 work units)
Optimal objective 1.79603981e+03


Root crossover log...

    8778 DPushes remaining with DInf 0.0000000e+00                 6s
       0 DPushes remaining with DInf 0.0000000e+00                 6s

     139 PPushes remaining with PInf 0.0000000e+00                 6s
       0 PPushes remaining with PInf 0.0000000e+00                 6s

  Push phase complete: Pinf 0.0000000e+00, Dinf 6.6399664e-13      6s


Root simplex log...

Iteration    Objective       Primal Inf.    Dual Inf.      Time
    4188    1.7960398e+03   0.000000e+00   0.000000e+00      6s
Crossover time: 0.04 seconds (0.03 work units)
Concurrent spin time: 0.00s

Solved with barrier
    4188    1.7960398e+03   0.000000e+00   0.000000e+00      6s

Use crossover to convert LP symmetric solution to basic solution...

Root crossover log...

       0 DPushes remaining with DInf 0.0000000e+00                 6s

    1235 PPushes remaining with PInf 0.0000000e+00                 6s
       0 PPushes remaining with PInf 0.0000000e+00                 6s

  Push phase complete: Pinf 0.0000000e+00, Dinf 3.6271680e-13      6s


Root simplex log...

Iteration    Objective       Primal Inf.    Dual Inf.      Time
    5496    1.7960398e+03   0.000000e+00   0.000000e+00      6s
Crossover time: 0.18 seconds (0.13 work units)

Root relaxation: objective 1.796040e+03, 5496 iterations, 0.81 seconds (0.51 work units)

    Nodes    |    Current Node    |     Objective Bounds      |     Work
 Expl Unexpl |  Obj  Depth IntInf | Incumbent    BestBd   Gap | It/Node Time

     0     0 1796.03981    0  205          - 1796.03981      -     -    8s
     0     0 1796.03981    0  205          - 1796.03981      -     -   16s
     0     0 1796.03981    0  205          - 1796.03981      -     -   23s
     0     0 1796.03981    0  205          - 1796.03981      -     -   29s
     0     0 1796.03981    0  205          - 1796.03981      -     -   35s
     0     0 1796.03981    0  205          - 1796.03981      -     -   42s
     0     0 1796.03981    0  320          - 1796.03981      -     -   47s
     0     0 1800.47379    0  475          - 1800.47379      -     -   86s
     0     0 1800.47379    0  475          - 1800.47379      -     -  149s
     0     0 1805.80283    0  534          - 1805.80283      -     -  250s
     0     0 1819.67165    0  365          - 1819.67165      -     -  283s
     0     0 1825.64065    0  507          - 1825.64065      -     -  322s
     0     0 1827.36251    0  495          - 1827.36251      -     -  332s
     0     0 1827.65390    0  481          - 1827.65390      -     -  338s
     0     0 1827.67669    0  439          - 1827.67669      -     -  340s
     0     0 1827.67669    0  455          - 1827.67669      -     -  340s
     0     0 1848.87902    0  516          - 1848.87902      -     -  448s
     0     0 1848.93412    0  547          - 1848.93412      -     -  454s
     0     0 1848.93412    0  594          - 1848.93412      -     -  456s
     0     0 1849.41050    0  714          - 1849.41050      -     -  508s
     0     0 1849.46027    0  549          - 1849.46027      -     -  518s
     0     0 1849.50317    0  548          - 1849.50317      -     -  529s
     0     0 1849.51461    0  595          - 1849.51461      -     -  530s
     0     0 1849.51643    0  598          - 1849.51643      -     -  530s
     0     0 1849.59352    0  798          - 1849.59352      -     -  588s
     0     0 1849.61289    0  623          - 1849.61289      -     -  598s
     0     0 1849.70788    0  641          - 1849.70788      -     -  606s
     0     0 1849.71882    0  614          - 1849.71882      -     -  609s
     0     0 1851.29188    0 1249          - 1851.29188      -     -  692s
     0     0 1854.26614    0 1547          - 1854.26614      -     -  775s
     0     0 1854.38635    0 1560          - 1854.38635      -     -  783s
     0     0 1854.39111    0 1439          - 1854.39111      -     -  787s
     0     0 1854.45101    0 1620          - 1854.45101      -     -  863s
     0     0 1854.49304    0 1540          - 1854.49304      -     -  873s
     0     0 1854.50453    0 1732          - 1854.50453      -     -  889s
     0     0 1854.50815    0 1727          - 1854.50815      -     -  896s
     0     0 1855.38693    0 1750          - 1855.38693      -     -  987s
     0     0 1855.56343    0 1577          - 1855.56343      -     - 1033s
     0     0 1856.09157    0 1744          - 1856.09157      -     - 1062s
     0     0 1857.68726    0 2090          - 1857.68726      -     - 1099s
     0     0 1859.56294    0 2066          - 1859.56294      -     - 1166s
     0     0 1860.19664    0 2005          - 1860.19664      -     - 1189s
     0     0 1861.52838    0 2017          - 1861.52838      -     - 1225s
     0     0 1861.73471    0 2282          - 1861.73471      -     - 1234s
     0     0 1861.75672    0 2335          - 1861.75672      -     - 1239s
     0     0 1861.78498    0 2331          - 1861.78498      -     - 1243s
     0     0 1861.84796    0 2465          - 1861.84796      -     - 1247s
     0     0 1861.85221    0 2433          - 1861.85221      -     - 1248s
     0     0 1864.96056    0 2153          - 1864.96056      -     - 1384s
     0     0 1866.93176    0 1768          - 1866.93176      -     - 1503s
     0     0 1866.94926    0 1806          - 1866.94926      -     - 1514s
     0     0 1866.95946    0 1948          - 1866.95946      -     - 1523s
     0     0 1867.07667    0 1816          - 1867.07667      -     - 1612s
     0     0 1867.15906    0 2079          - 1867.15906      -     - 1631s
     0     0 1867.22267    0 1930          - 1867.22267      -     - 1651s
     0     0 1867.25561    0 2018          - 1867.25561      -     - 1663s
     0     0 1867.27616    0 1993          - 1867.27616      -     - 1675s
     0     0 1867.31592    0 2054          - 1867.31592      -     - 1686s
     0     0 1867.33784    0 2129          - 1867.33784      -     - 1698s
     0     0 1867.34052    0 2311          - 1867.34052      -     - 1706s
     0     0          -    0               - 1867.34052      -     - 1800s

Cutting planes:
  Cover: 263
  Implied bound: 56
  Clique: 140
  MIR: 61
  StrongCG: 1
  Flow cover: 475
  GUB cover: 17
  RLT: 37
  Relax-and-lift: 2
  BQP: 137
  Lazy constraints: 158

Explored 1 nodes (214858 simplex iterations) in 1800.00 seconds (1190.90 work units)
Thread count was 8 (of 8 available processors)

Solution count 0

Time limit reached
Best objective -, best bound 2.000000000000e+03, gap -

User-callback calls 61071, time in user-callback 0.96 sec
