
Gurobi 13.0.1 (linux64) logging started Thu Apr 23 22:20:59 2026

Set parameter LogFile to value "experiments/20260422_213746/logs/Inst_20_Hard_Phantom_35__ribeiro.log"
Set parameter LogToConsole to value 0
Set parameter TimeLimit to value 1800
Gurobi Optimizer version 13.0.1 build v13.0.1rc0 (linux64 - "Ubuntu 24.04.4 LTS")

CPU model: Intel(R) Core(TM) i5-8250U CPU @ 1.60GHz, instruction set [SSE2|AVX|AVX2]
Thread count: 4 physical cores, 8 logical processors, using up to 8 threads

Non-default parameters:
TimeLimit  1800
LogToConsole  0

Optimize a model with 6824 rows, 2133 columns and 22804 nonzeros (Min)
Model fingerprint: 0xf90118c1
Model has 53 linear objective coefficients
Variable types: 90 continuous, 2043 integer (1989 binary)
Coefficient statistics:
  Matrix range     [1e+00, 3e+04]
  Objective range  [1e+03, 1e+03]
  Bounds range     [1e+00, 3e+04]
  RHS range        [1e+00, 6e+04]

Presolve removed 823 rows and 14 columns
Presolve time: 0.07s
Presolved: 6001 rows, 2119 columns, 21398 nonzeros
Variable types: 79 continuous, 2040 integer (1987 binary)

Root relaxation: objective 0.000000e+00, 1008 iterations, 0.03 seconds (0.04 work units)

    Nodes    |    Current Node    |     Objective Bounds      |     Work
 Expl Unexpl |  Obj  Depth IntInf | Incumbent    BestBd   Gap | It/Node Time

     0     0    0.00000    0   50          -    0.00000      -     -    0s
     0     0    0.00000    0   87          -    0.00000      -     -    0s
     0     0    0.00000    0   85          -    0.00000      -     -    0s
     0     0    0.00000    0   96          -    0.00000      -     -    0s
     0     0    0.00000    0   74          -    0.00000      -     -    1s
     0     0    0.00000    0   93          -    0.00000      -     -    1s
H    0     0                    42600.000000    0.00000   100%     -    1s
     0     0    0.00000    0  109 42600.0000    0.00000   100%     -    1s
     0     0    0.00000    0   64 42600.0000    0.00000   100%     -    3s
H    0     0                    31000.000000    0.00000   100%     -    3s
     0     0    0.00000    0   76 31000.0000    0.00000   100%     -    3s
     0     0    0.00000    0  112 31000.0000    0.00000   100%     -    4s
     0     0    0.00000    0   73 31000.0000    0.00000   100%     -    4s
H    0     0                    29800.000000    0.00000   100%     -    4s
H    0     0                    29600.000000    0.00000   100%     -    4s
H    0     0                    28400.000000    0.00000   100%     -    4s
H    0     0                    26200.000000    0.00000   100%     -    4s
H    0     0                    25200.000000    0.00000   100%     -    4s
H    0     0                    25000.000000    0.00000   100%     -    4s
H    0     0                    24000.000000    0.00000   100%     -    4s
     0     0    0.00000    0   95 24000.0000    0.00000   100%     -    4s
     0     0    0.00000    0  120 24000.0000    0.00000   100%     -    5s
     0     0    0.00000    0   60 24000.0000    0.00000   100%     -    5s
     0     0    0.00000    0   60 24000.0000    0.00000   100%     -    5s
     0     0    0.00000    0   60 24000.0000    0.00000   100%     -    5s
H    0     0                    21600.000000    0.00000   100%     -    5s
     0     2    0.00000    0   54 21600.0000    0.00000   100%     -    6s
H   12    16                    20400.000000    0.00000   100%   536    7s
H   13    16                    19400.000000    0.00000   100%   504    7s
H   22    25                    18400.000000    0.00000   100%   391    7s
H   34    37                    17200.000000    0.00000   100%   367    8s
H   36    37                    16000.000000    0.00000   100%   354    8s
H   63    66                    14800.000000    0.00000   100%   330    9s
H   78   107                    14600.000000    0.00000   100%   309    9s
   108   111 1000.00000   20   95 14600.0000    0.00000   100%   301   10s
   190   209 1068.47256   44   76 14600.0000    0.00000   100%   265   15s
   717   939    0.00000  142   79 14600.0000    0.00000   100%   232   20s
  1586  1374 1000.00000   90   60 14600.0000    0.00000   100%   222   26s
  1589  1376    0.00000   58   95 14600.0000    0.00000   100%   222   30s
  1593  1379 1000.00000  124   90 14600.0000    0.00000   100%   221   36s
H 1596  1311                    14400.000000    0.00000   100%   221   40s
  1600  1313 2000.00000  132   97 14400.0000    0.00000   100%   220   45s
  1602  1315 3680.22731  168  108 14400.0000    0.00000   100%   220   50s
  1603  1315 1000.00000  160  103 14400.0000    0.00000   100%   220   57s
H 1603  1249                    13400.000000    0.00000   100%   220   57s
H 1603  1186                    12200.000000    0.00000   100%   220   57s
  1605  1188  427.79355  132   95 12200.0000    0.00000   100%   219   61s
  1610  1196    0.00000   13   73 12200.0000    0.00000   100%   256   65s
  1635  1233    0.00000   17   72 12200.0000    0.00000   100%   260   73s
  1659  1249    0.00000   20   89 12200.0000    0.00000   100%   275   76s
  1683  1280    0.00000   22   85 12200.0000    0.00000   100%   280   81s
  1722  1344    0.00000   27   90 12200.0000    0.00000   100%   287   90s
  1799  1491    0.00000   39   76 12200.0000    0.00000   100%   303  101s
  1972  1449 1127.84912   56   99 12200.0000    0.00000   100%   319  112s
  1988  1585 1000.00000   58   96 12200.0000    0.00000   100%   325  125s
  2141  1680  140.40276   64   86 12200.0000    0.00000   100%   349  138s
  2308  1691 2000.00000   74  105 12200.0000    0.00000   100%   396  152s
  2381  1781 2000.00000   80   71 12200.0000    0.00000   100%   440  166s
  2535  1935 2000.00000   90   82 12200.0000    0.00000   100%   500  183s
  2742  2103    0.00000  106   79 12200.0000    0.00000   100%   524  200s
  2989  2096 2000.00000  127   94 12200.0000    0.00000   100%   523  219s
  3069  2348 2000.00000  141   88 12200.0000    0.00000   100%   526  238s
  3438  2527 3000.00000  189   53 12200.0000    0.00000   100%   506  254s
  3797  2740    0.00000   34  106 12200.0000    0.00000   100%   496  269s
  4203  3014    0.00000  166  118 12200.0000    0.00000   100%   467  283s
  4634  3164    5.12753  221  125 12200.0000    0.00000   100%   446  295s
  4933  3316 1000.00000  222  105 12200.0000    0.00000   100%   440  306s
  5233  3454 1000.00000  270   97 12200.0000    0.00000   100%   432  318s
  5520  3785 2000.00000  276   99 12200.0000    0.00000   100%   428  329s
  5861  4005 2057.26837  332   81 12200.0000    0.00000   100%   414  340s
  6089  4141 3023.95112  356   66 12200.0000    0.00000   100%   411  351s
  6231  4177 6000.00000  410   86 12200.0000    0.00000   100%   416  363s
  6296  4502 infeasible  413      12200.0000    0.00000   100%   418  375s
  6627  4669    0.00000  143  107 12200.0000    0.00000   100%   415  385s
  6794  4990 1000.00000  176  101 12200.0000    0.00000   100%   423  396s
  7117  5219 2000.00000  270  115 12200.0000    0.00000   100%   417  408s
  7354  5538 2000.00000  293   85 12200.0000    0.00000   100%   414  420s
  7707  5832 3000.00000  300   95 12200.0000    0.00000   100%   408  433s
  8085  6022 4033.32617  363  112 12200.0000    0.00000   100%   404  445s
  8333  6498 6000.00000  392   84 12200.0000    0.00000   100%   402  458s
  8839  7011 3000.00000   75   77 12200.0000    0.00000   100%   392  473s
  9385  7050 3000.00000  139   80 12200.0000    0.00000   100%   379  488s
  9428  7474 4000.00000  155   79 12200.0000    0.00000   100%   378  504s
  9947  8069 5000.00000  216   52 12200.0000    0.00000   100%   370  519s
 10634  8854 6000.00000  109   92 12200.0000    0.00000   100%   356  542s
 11496  9124 2000.00000   57   77 12200.0000    0.00000   100%   341  550s
 11811  9432 3117.41556   62  118 12200.0000    0.00000   100%   338  560s
 12193  9800 8200.00000  149  131 12200.0000    0.00000   100%   332  570s
 12583 10215 9200.00000  230  121 12200.0000    0.00000   100%   326  581s
 13024 10677 9200.00000  385   99 12200.0000    0.00000   100%   319  591s
 13546 11072 1000.00000   46  106 12200.0000    0.00000   100%   312  600s
 14016 11376 5000.00000  128  105 12200.0000    0.00000   100%   307  610s
 14356 11446 3000.00000   44  104 12200.0000    0.00000   100%   304  619s
 14428 11780 3000.00000   57  102 12200.0000    0.00000   100%   303  629s
 14812 12288 6000.00000  104  103 12200.0000    0.00000   100%   299  640s
 15391 12658 5000.00000  144  100 12200.0000    0.00000   100%   292  649s
 15783 12929 1000.00000   27   91 12200.0000    0.00000   100%   288  658s
 16087 12932 6000.00000  122  115 12200.0000    0.00000   100%   286  667s
 16091 12928 6000.00000  123  115 12200.0000    0.00000   100%   286  677s
 16106 13090 7000.00000  124  130 12200.0000    0.00000   100%   286  687s
 16286 13345 9000.00000  152   99 12200.0000    0.00000   100%   286  697s
 16627 13620 1000.00000   77   96 12200.0000    0.00000   100%   285  706s
 16925 13875 2000.00000  138   91 12200.0000    0.00000   100%   283  716s
 17192 14223 3009.41020  199  108 12200.0000    0.00000   100%   283  725s
 17605 14412 infeasible  271      12200.0000    0.00000   100%   281  734s
 17846 14809 7000.00000  285   72 12200.0000    0.00000   100%   280  745s
 18295 15432 3000.00000  106  106 12200.0000    0.00000   100%   277  755s
 18930 15668 7400.00000  285   42 12200.0000    0.00000   100%   272  764s
 19224 16002    0.00000   75  104 12200.0000    0.00000   100%   271  774s
 19564 16222 2000.00000  123  100 12200.0000    0.00000   100%   271  784s
 19788 16516 2220.55754  147   97 12200.0000    0.00000   100%   271  795s
 20126 16837 3500.00000  167   76 12200.0000    0.00000   100%   270  804s
 20513 17169 infeasible  210      12200.0000    0.00000   100%   269  814s
 20907 17841 4000.00000  139  102 12200.0000    0.00000   100%   267  909s
 21672 18267 2000.00000   82  105 12200.0000    0.00000   100%   263  917s
 22114 18459 8000.00000  209  105 12200.0000    0.00000   100%   261  925s
 22363 18861 2000.00000   53   97 12200.0000    0.00000   100%   260  934s
 22795 18982 6000.00000  172   68 12200.0000    0.00000   100%   258  942s
 22948 19389 2000.00000   78   76 12200.0000    0.00000   100%   258  952s
 23389 19557 5000.00000  175   68 12200.0000    0.00000   100%   257  961s
 23647 19875 1000.00000   49   85 12200.0000    0.00000   100%   256  970s
 24043 20113 1000.00000   32  114 12200.0000    0.00000   100%   255  979s
 24311 20389 5200.00000   95  106 12200.0000    0.00000   100%   254  989s
 24664 20823 1000.00000   27  100 12200.0000    0.00000   100%   252 1002s
 25140 20863 4200.00000  146   89 12200.0000    0.00000   100%   251 1012s
 25191 20909 4200.00000  158   86 12200.0000    0.00000   100%   251 1022s
 25250 21394 5200.00000  174   82 12200.0000    0.00000   100%   251 1032s
 25771 21941 5200.00000  173   69 12200.0000    0.00000   100%   249 1044s
 26367 22318    0.00000   49  103 12200.0000    0.00000   100%   246 1053s
 26821 22826 2000.00000  100  112 12200.0000    0.00000   100%   245 1063s
 27375 23227 4000.00000  214  100 12200.0000    0.00000   100%   243 1073s
 27780 23740 infeasible  357      12200.0000    0.00000   100%   241 1082s
 28365 24173 6200.00000   98  111 12200.0000    0.00000   100%   239 1091s
 28843 24427    0.00000   44   84 12200.0000    0.00000   100%   237 1101s
 29157 24830 2000.00000   89  116 12200.0000    0.00000   100%   236 1110s
 29560 25193 3000.00000  187  107 12200.0000    0.00000   100%   236 1120s
 29954 25510 3000.00000  244  108 12200.0000    0.00000   100%   235 1129s
 30293 25701 4000.00000  369   80 12200.0000    0.00000   100%   235 1138s
 30523 26122 1000.00000   44   98 12200.0000    0.00000   100%   236 1148s
 30946 26381 4200.00000  161  107 12200.0000    0.00000   100%   235 1157s
 31265 27173 6400.00000  284   91 12200.0000    0.00000   100%   234 1175s
 32085 27370 4200.00000  134  113 12200.0000    0.00000   100%   232 1182s
 32322 27655 5200.00000  213  107 12200.0000    0.00000   100%   231 1190s
 32616 28022 5200.00000  327  118 12200.0000    0.00000   100%   231 1198s
 32989 28308 7200.00000  463   99 12200.0000    0.00000   100%   230 1205s
 33307 28556 8200.00000  560   96 12200.0000    0.00000   100%   229 1214s
 33635 28976 1000.00000   27  110 12200.0000    0.00000   100%   229 1222s
 34059 29169 3000.00000  144  131 12200.0000    0.00000   100%   228 1232s
 34302 29700 3000.00000  206  133 12200.0000    0.00000   100%   227 1241s
 34845 29957 5200.00000  351  111 12200.0000    0.00000   100%   226 1250s
 35140 30233 7200.00000  459   83 12200.0000    0.00000   100%   225 1259s
 35472 30393 2000.00000   70  101 12200.0000    0.00000   100%   225 1268s
 35674 30717 8722.73777  124   93 12200.0000    0.00000   100%   225 1277s
 36035 30721 2000.00000  146  102 12200.0000    0.00000   100%   225 1286s
 36039 30862 2000.00000  147  101 12200.0000    0.00000   100%   225 1297s
 36182 31016 4200.00000  286  102 12200.0000    0.00000   100%   225 1307s
 36338 31086 7400.00000  438   82 12200.0000    0.00000   100%   224 1320s
 36460 31320 4000.00000   48   84 12200.0000    0.00000   100%   225 1329s
 36728 31659 2000.00000   66   93 12200.0000    0.00000   100%   225 1346s
 37071 31945 5000.00000  118  106 12200.0000    0.00000   100%   225 1356s
 37393 32367 1000.00000   48   80 12200.0000    0.00000   100%   224 1367s
 37870 32599 2167.19920  111   95 12200.0000    0.00000   100%   224 1379s
 38126 33093 2030.87131  122  123 12200.0000    0.00000   100%   225 1389s
 38648 33512 4000.00000  204   98 12200.0000    0.00000   100%   224 1400s
 39067 33915 5200.00000  284   81 12200.0000    0.00000   100%   223 1411s
 39517 34120 8200.00000  366   61 12200.0000    0.00000   100%   223 1421s
 39812 34416    0.00000   35   93 12200.0000    0.00000   100%   224 1432s
 40160 34814 2000.00000  101  102 12200.0000    0.00000   100%   224 1444s
 40659 35232 4000.00000   88  118 12200.0000    0.00000   100%   223 1454s
 41119 35504 2000.00000   44   94 12200.0000    0.00000   100%   223 1467s
 41435 35915 6336.88611  144   99 12200.0000    0.00000   100%   222 1476s
 41870 36277 2000.00000   69  108 12200.0000    0.00000   100%   223 1494s
 42270 36840 6043.04655  155   80 12200.0000    0.00000   100%   222 1506s
 42885 37258 2000.00000  173  105 12200.0000    0.00000   100%   222 1516s
 43362 37449 6200.00000  291  105 12200.0000    0.00000   100%   221 1527s
 43575 37695   84.92260   64   94 12200.0000    0.00000   100%   221 1537s
 43875 38017 1000.00000   89   76 12200.0000    0.00000   100%   222 1548s
 44242 38498 1000.00000  133   82 12200.0000    0.00000   100%   222 1559s
 44766 38841 1000.00000  169   63 12200.0000    0.00000   100%   221 1570s
 45125 39225 2000.00000  200   44 12200.0000    0.00000   100%   221 1581s
 45513 39691 3000.00000  235   62 12200.0000    0.00000   100%   221 1592s
 45997 40082 6000.00000  261   80 12200.0000    0.00000   100%   221 1603s
 46449 40480 1000.00000   75  111 12200.0000    0.00000   100%   220 1613s
 46864 40891 5000.00000  201  108 12200.0000    0.00000   100%   220 1625s
 47299 41440 8200.00000  327  100 12200.0000    0.00000   100%   220 1635s
 47936 42028 3000.00000  131  114 12200.0000    0.00000   100%   219 1646s
 48572 42207 5200.00000  273   81 12200.0000    0.00000   100%   217 1655s
 48804 42653 1000.00000   38  116 12200.0000    0.00000   100%   218 1666s
 49264 43003 2000.00000  116  122 12200.0000    0.00000   100%   217 1675s
 49638 43446 6200.00000  213   98 12200.0000    0.00000   100%   217 1684s
 50083 43742 8200.00000  364   91 12200.0000    0.00000   100%   217 1695s
 50411 44206 9200.00000  474  120 12200.0000    0.00000   100%   216 1705s
 50925 44611 10457.0352  675   77 12200.0000    0.00000   100%   215 1715s
 51429 45406 7200.00000  223   88 12200.0000    0.00000   100%   215 1724s
 52252 45754 11600.0000  539   55 12200.0000    0.00000   100%   213 1741s
 52657 46245 1000.00000  103   87 12200.0000    0.00000   100%   212 1753s
 53174 46543 2000.00000  176   81 12200.0000    0.00000   100%   213 1764s
 53517 47062 2203.02605  248   71 12200.0000    0.00000   100%   212 1775s
 54087 47397 3000.00000  267   72 12200.0000    0.00000   100%   212 1785s
 54478 47841 5000.00000  302   73 12200.0000    0.00000   100%   212 1795s
 54926 48050 5000.00000  350   71 12200.0000    0.00000   100%   211 1800s

Cutting planes:
  Cover: 5
  Implied bound: 46
  Projected implied bound: 33
  Clique: 6
  MIR: 24
  Flow cover: 154
  GUB cover: 19
  Zero half: 3
  RLT: 7
  Relax-and-lift: 245

Explored 55194 nodes (11678926 simplex iterations) in 1800.01 seconds (2132.75 work units)
Thread count was 8 (of 8 available processors)

Solution count 10: 12200 13400 14400 ... 20400

Time limit reached
Best objective 1.220000000000e+04, best bound 0.000000000000e+00, gap 100.0000%
