
Gurobi 13.0.1 (linux64) logging started Thu Apr 23 08:41:39 2026

Set parameter LogFile to value "experiments/20260422_213746/logs/Inst_10_Medium_Phantom_16__station_copies.log"
Set parameter LogToConsole to value 0
Set parameter TimeLimit to value 1800
Gurobi Optimizer version 13.0.1 build v13.0.1rc0 (linux64 - "Ubuntu 24.04.4 LTS")

CPU model: Intel(R) Core(TM) i5-8250U CPU @ 1.60GHz, instruction set [SSE2|AVX|AVX2]
Thread count: 4 physical cores, 8 logical processors, using up to 8 threads

Non-default parameters:
TimeLimit  1800
LogToConsole  0

Optimize a model with 16912 rows, 16564 columns and 71104 nonzeros (Min)
Model fingerprint: 0x8ac440e1
Model has 84 linear objective coefficients
Variable types: 11040 continuous, 5524 integer (5524 binary)
Coefficient statistics:
  Matrix range     [1e+00, 2e+04]
  Objective range  [1e+03, 1e+03]
  Bounds range     [1e+00, 2e+04]
  RHS range        [1e+00, 2e+03]

Presolve removed 9696 rows and 4320 columns
Presolve time: 0.11s
Presolved: 7216 rows, 12244 columns, 49156 nonzeros
Variable types: 6720 continuous, 5524 integer (5524 binary)
Found heuristic solution: objective 80800.000000

Root relaxation: objective 1.431997e+03, 13008 iterations, 1.66 seconds (2.58 work units)

    Nodes    |    Current Node    |     Objective Bounds      |     Work
 Expl Unexpl |  Obj  Depth IntInf | Incumbent    BestBd   Gap | It/Node Time

     0     0 1431.99723    0  194 80800.0000 1431.99723  98.2%     -    2s
H    0     0                    65200.000000 1431.99723  97.8%     -    7s
H    0     0                    11600.000000 1431.99723  87.7%     -    8s
H    0     0                    10400.000000 1431.99723  86.2%     -    8s
H    0     0                    9200.0000000 1431.99723  84.4%     -    8s
H    0     0                    7800.0000000 1431.99723  81.6%     -    8s
H    0     0                    6600.0000000 1431.99723  78.3%     -    8s
H    0     0                    5400.0000000 1828.31105  66.1%     -   11s
H    0     0                    4400.0000000 1828.31105  58.4%     -   11s
     0     0 1828.46027    0  184 4400.00000 1828.46027  58.4%     -   11s
     0     0 2002.58209    0  162 4400.00000 2002.58209  54.5%     -   18s
     0     0 2056.85764    0  183 4400.00000 2056.85764  53.3%     -   22s
     0     0 2063.20130    0  112 4400.00000 2063.20130  53.1%     -   22s
     0     0 2066.64139    0  102 4400.00000 2066.64139  53.0%     -   23s
     0     0 2066.64139    0   98 4400.00000 2066.64139  53.0%     -   23s
     0     0 2066.64139    0   98 4400.00000 2066.64139  53.0%     -   23s
     0     0 2072.50850    0  141 4400.00000 2072.50850  52.9%     -   23s
     0     0 2084.24835    0   98 4400.00000 2084.24835  52.6%     -   24s
     0     0 2084.37544    0  100 4400.00000 2084.37544  52.6%     -   24s
     0     0 2093.25365    0  107 4400.00000 2093.25365  52.4%     -   26s
     0     0 2093.63604    0   98 4400.00000 2093.63604  52.4%     -   26s
     0     0 2093.68983    0   94 4400.00000 2093.68983  52.4%     -   26s
     0     0 2095.50169    0  101 4400.00000 2095.50169  52.4%     -   27s
     0     0 2096.08824    0  102 4400.00000 2096.08824  52.4%     -   28s
     0     0 2096.50295    0  107 4400.00000 2096.50295  52.4%     -   28s
     0     0 2096.50715    0   99 4400.00000 2096.50715  52.4%     -   28s
     0     0 2096.55650    0  111 4400.00000 2096.55650  52.4%     -   28s
     0     0 2096.57840    0  113 4400.00000 2096.57840  52.4%     -   28s
     0     0 2097.16753    0  116 4400.00000 2097.16753  52.3%     -   29s
     0     0 2097.16992    0  116 4400.00000 2097.16992  52.3%     -   29s
     0     0 2097.16992    0  100 4400.00000 2097.16992  52.3%     -   29s
     0     2 2111.30183    0  100 4400.00000 2111.30183  52.0%     -   43s
     1     4 2111.30183    1  102 4400.00000 2111.30183  52.0%   221   45s
    11    18 2132.08529    4  124 4400.00000 2124.38971  51.7%  2967   51s
    29    37 2160.59709    6  140 4400.00000 2124.38971  51.7%  2176   55s
    55    65 2251.21774    7  111 4400.00000 2124.38971  51.7%  1720   60s
   205   219 2423.79910   16   92 4400.00000 2124.38971  51.7%   704   65s
   319   326 2511.12458   39   64 4400.00000 2124.38971  51.7%   541   71s
   388   402 2523.23022   42   59 4400.00000 2124.38971  51.7%   465   75s
   428   427 2703.02409   44   53 4400.00000 2127.16376  51.7%   455   80s
   616   633 3747.84586  108   55 4400.00000 2166.07378  50.8%   386   87s
   719   679 2885.69131   11   85 4400.00000 2166.07378  50.8%   387   91s
   757   746 2941.67815   14   90 4400.00000 2166.07378  50.8%   411   95s
   928   922 3054.67422   29   40 4400.00000 2172.16768  50.6%   383  100s
  1115  1016 2515.74882   22  100 4400.00000 2172.16768  50.6%   359  108s
  1117  1017 3778.66514   97  197 4400.00000 2172.16768  50.6%   358  118s
  1118  1018 2751.09901   22  151 4400.00000 2172.16768  50.6%   358  125s
  1119  1019 3774.68342  142  240 4400.00000 2172.16768  50.6%   357  131s
  1123  1021 3162.62804   73  106 4400.00000 2172.16768  50.6%   356  135s
  1128  1025 2222.40608    7  100 4400.00000 2172.16768  50.6%   355  140s
  1132  1027 2953.48654   40  102 4400.00000 2172.16768  50.6%   353  145s
  1134  1029 3273.87548   59  119 4400.00000 2172.16768  50.6%   353  150s
  1138  1031 3418.79270   79  107 4400.00000 2172.16768  50.6%   351  155s
  1140  1033 3174.96190   66  114 4400.00000 2172.16768  50.6%   351  160s
  1144  1035 3025.17373   45  122 4400.00000 2172.16768  50.6%   350  172s
  1145  1036 3540.66386  111  122 4400.00000 2173.29947  50.6%   349  179s
  1146  1040 2173.29947   16  118 4400.00000 2173.29947  50.6%   411  183s
  1148  1043 2173.29947   17  114 4400.00000 2173.29947  50.6%   414  187s
  1152  1046 2173.29947   18  110 4400.00000 2173.29947  50.6%   430  191s
  1156  1049 2173.29947   19  104 4400.00000 2173.29947  50.6%   437  195s
  1161  1054 2173.29947   20   87 4400.00000 2173.29947  50.6%   446  200s
  1174  1062 2334.27586   22  134 4400.00000 2173.29947  50.6%   489  208s
  1181  1067 2518.72141   23  108 4400.00000 2173.29947  50.6%   508  217s
  1190  1067 2525.62723   24   97 4400.00000 2173.29947  50.6%   549  221s
  1204  1079 2537.76224   25  102 4400.00000 2173.29947  50.6%   560  226s
  1227  1087 2555.97795   26  107 4400.00000 2173.29947  50.6%   568  231s
  1249  1094 2608.05669   27  108 4400.00000 2173.29947  50.6%   571  235s
  1357  1116 3519.26448   44   42 4400.00000 2173.29947  50.6%   543  241s
  1462  1124 3874.89545   58   40 4400.00000 2173.29947  50.6%   513  246s
  1533  1135 3835.77467   71   31 4400.00000 2173.29947  50.6%   502  251s
  1571  1128 2279.31446   22  161 4400.00000 2173.29947  50.6%   502  255s
  1595  1123 2828.37245   22   68 4400.00000 2173.29947  50.6%   512  260s
  1608  1141 2770.54844   23   92 4400.00000 2173.29947  50.6%   533  266s
  1683  1202 3046.00124   30   46 4400.00000 2173.29947  50.6%   538  271s
  1768  1217     cutoff   40      4400.00000 2173.29947  50.6%   524  275s
  1829  1227 3499.64477   48   39 4400.00000 2173.29947  50.6%   515  280s
  1987  1231 2648.20618   22   61 4400.00000 2173.29947  50.6%   492  287s
  2031  1225 2915.49135   20   59 4400.00000 2191.84718  50.2%   496  290s
  2088  1242 3153.07696   27   93 4400.00000 2191.84718  50.2%   500  297s
  2115  1250 3245.58234   39   42 4400.00000 2191.84718  50.2%   503  301s
  2145  1265 2376.98954   19  158 4400.00000 2191.84718  50.2%   513  305s
  2273  1352 infeasible   33      4400.00000 2233.27675  49.2%   505  313s
  2352  1401 3575.34538   52   43 4400.00000 2233.27675  49.2%   502  317s
  2450  1446 4044.91311   97   33 4400.00000 2256.34273  48.7%   492  322s
  2549  1487     cutoff   25      4400.00000 2256.34273  48.7%   486  325s
  2647  1524 3852.29310   66   47 4400.00000 2256.34273  48.7%   481  330s
  2736  1612 2942.34508   23   64 4400.00000 2256.34273  48.7%   478  336s
  2878  1611 3610.17751   27   44 4400.00000 2256.34273  48.7%   464  341s
  2947  1623 3169.05902   24   66 4400.00000 2336.26475  46.9%   466  347s
  2997  1677 3428.06215   36   57 4400.00000 2336.26475  46.9%   466  354s
  3094  1813 3507.26437   44   48 4400.00000 2352.11889  46.5%   461  361s
  3291  1870 3125.62585   24  132 4400.00000 2361.73310  46.3%   445  367s
  3445  1925 2858.22741   23   58 4400.00000 2361.73310  46.3%   438  374s
  3576  2061 3750.24444   52   49 4400.00000 2361.73310  46.3%   433  379s
  3804  2083 2998.08139   24  108 4400.00000 2461.88900  44.0%   417  386s
  3967  2119 2689.71264   22  118 4400.00000 2461.88900  44.0%   415  392s
  4078  2274 3712.24950   41   41 4400.00000 2461.88900  44.0%   409  400s
  4346  2395 3014.23089   25   93 4400.00000 2544.94795  42.2%   393  405s
  4600  2495 3237.44420   31   41 4400.00000 2560.24483  41.8%   382  412s
  4727  2663 3516.55281   32   50 4400.00000 2560.24483  41.8%   381  417s
  4954  2933 3613.40130   64   48 4400.00000 2602.72744  40.8%   373  424s
  5313  3138 3544.58053   66   50 4400.00000 2607.12439  40.7%   356  429s
  5628  3338 3363.69205   27   89 4400.00000 2662.07111  39.5%   348  437s
  5883  3476     cutoff   79      4400.00000 2662.07111  39.5%   340  445s
  6069  3634 3598.45866   48   37 4400.00000 2711.43949  38.4%   337  453s
  6326  3874 2956.50310   23   60 4400.00000 2746.86786  37.6%   335  461s
  6727  4065 4096.79980   89   47 4400.00000 2770.64821  37.0%   328  468s
  7018  4209 3909.37766   76   36 4400.00000 2770.64821  37.0%   325  477s
  7247  4450 3087.90344   24   91 4400.00000 2770.64821  37.0%   325  487s
  7532  4610 4116.66691  100   51 4400.00000 2770.64821  37.0%   319  497s
  7805  4816 3524.27713   28   45 4400.00000 2835.21389  35.6%   319  507s
  8081  4958 3897.14634   48   36 4400.00000 2865.24957  34.9%   316  519s
  8272  5182 3345.88899   25   53 4400.00000 2887.76191  34.4%   316  529s
  8556  5448 3525.16388   75   43 4400.00000 2899.25812  34.1%   315  540s
  8928  5683 3067.23233   23   60 4400.00000 2914.47898  33.8%   311  553s
  9308  6049 3674.63972   77   40 4400.00000 2916.46719  33.7%   308  563s
  9791  6344 3608.47701   39   33 4400.00000 2926.36451  33.5%   304  576s
 10229  6586 3203.84630   24  116 4400.00000 2950.30193  32.9%   300  592s
 10546  6976 3776.07140   48   55 4400.00000 2955.11825  32.8%   300  609s
 11089  7366 3937.77890   45   55 4400.00000 2968.15092  32.5%   302  623s
 11648  7749 infeasible   27      4400.00000 2979.80026  32.3%   299  636s
 12194  8023 3948.33324   40   43 4400.00000 2996.15191  31.9%   296  648s
 12626  8330 3662.37974   47  107 4400.00000 3002.33172  31.8%   295  661s
 13074  8462     cutoff   46      4400.00000 3009.17823  31.6%   294  681s
 13294  8840 3617.19798   32   56 4400.00000 3017.42305  31.4%   294  694s
 13863  9204 3923.44231   28   90 4400.00000 3032.57282  31.1%   292  706s
 14389  9456 infeasible   72      4400.00000 3043.57271  30.8%   290  718s
 14819  9790 3284.55344   35   63 4400.00000 3053.91520  30.6%   289  731s
 15385 10041 3348.92544   26   93 4400.00000 3069.11462  30.2%   287  743s
 15755 10419 3179.39994   25   52 4400.00000 3082.03295  30.0%   288  755s
 16333 10763 3661.18295   38   53 4400.00000 3088.59079  29.8%   285  767s
 16852 11007 3833.83476   24   55 4400.00000 3093.82860  29.7%   283  778s
 17318 11230 3657.81574   45  100 4400.00000 3099.35568  29.6%   282  788s
 17710 11512 3661.09699   42   37 4400.00000 3104.97460  29.4%   281  800s
 18220 11850 3421.83136   36   57 4400.00000 3109.54984  29.3%   279  810s
 18812 12055 3531.59457   28   52 4400.00000 3113.80624  29.2%   276  821s
 19221 12264 3380.87901   34   46 4400.00000 3119.56575  29.1%   275  832s
 19560 12536 3525.41361   56   90 4400.00000 3124.57165  29.0%   276  847s
 19975 12684 3243.49090   27   55 4400.00000 3128.61124  28.9%   274  860s
 20182 12908 3244.07484   28   60 4400.00000 3130.44889  28.9%   273  872s
 20579 12909 3240.65937   31  100 4400.00000 3137.83311  28.7%   272 1009s
 20581 12910 3751.43937   37  177 4400.00000 3137.83311  28.7%   272 1017s
 20582 12911 4168.62173   27  147 4400.00000 3137.83311  28.7%   272 1030s
 20584 12912 4056.40000   65  109 4400.00000 3137.83311  28.7%   272 1037s
 20586 12914 4055.89221   79  109 4400.00000 3137.83311  28.7%   272 1041s
 20589 12916 3846.69765   41   89 4400.00000 3137.83311  28.7%   272 1057s
 20590 12916 3710.04646   30   98 4400.00000 3137.83311  28.7%   272 1062s
 20591 12917 3410.30789   33  103 4400.00000 3137.83311  28.7%   272 1071s
 20592 12918 3945.22229   52   89 4400.00000 3137.83311  28.7%   272 1080s
 20593 12918 3827.18644   24   92 4400.00000 3137.83311  28.7%   272 1091s
 20594 12919 3741.34309   51   93 4400.00000 3137.83311  28.7%   272 1099s
 20595 12920 3274.31037   27  107 4400.00000 3137.83311  28.7%   272 1108s
 20596 12920 3532.24635   42   95 4400.00000 3137.83311  28.7%   271 1123s
 20597 12921 3738.36734   46  119 4400.00000 3137.83311  28.7%   271 1130s
 20598 12922 3744.26647   45  107 4400.00000 3137.83311  28.7%   271 1141s
 20599 12922 3840.23871   31  109 4400.00000 3137.83311  28.7%   271 1152s
 20600 12923 3758.83213   66   92 4400.00000 3137.83311  28.7%   271 1162s
 20601 12924 3948.91685   33  128 4400.00000 3137.83311  28.7%   271 1170s
 20602 12924 3956.02182   32  121 4400.00000 3137.83311  28.7%   271 1179s
 20603 12925 3786.40765   38  132 4400.00000 3137.83311  28.7%   271 1186s
 20604 12926 3737.16261   50  121 4400.00000 3137.83311  28.7%   271 1204s
 20605 12926 3570.43015   50  115 4400.00000 3137.83311  28.7%   271 1215s
 20606 12927 3822.86834   42  112 4400.00000 3137.83311  28.7%   271 1226s
 20607 12928 3242.91878   27  111 4400.00000 3137.83311  28.7%   271 1235s
 20608 12928 3786.82738   39  121 4400.00000 3137.83311  28.7%   271 1251s
 20609 12929 4021.78092   34  121 4400.00000 3137.83311  28.7%   271 1263s
 20610 12930 3208.31648   40  111 4400.00000 3137.83311  28.7%   271 1272s
 20611 12930 3752.72801   75  115 4400.00000 3137.83311  28.7%   271 1281s
 20612 12931 3806.13842   37  108 4400.00000 3137.83311  28.7%   271 1291s
 20613 12932 3792.69779   59  179 4400.00000 3137.83311  28.7%   271 1302s
 20614 12932 3949.74933   54  192 4400.00000 3137.83311  28.7%   271 1337s
 20615 12933 3746.39123   34  118 4400.00000 3137.83311  28.7%   271 1347s
 20616 12934 3273.58455   33  113 4400.00000 3137.83311  28.7%   271 1362s
 20617 12934 4090.27000   54  124 4400.00000 3137.83311  28.7%   271 1376s
 20618 12935 3936.22780   37  119 4400.00000 3137.83311  28.7%   271 1385s
 20619 12936 3526.09879   29  120 4400.00000 3137.83311  28.7%   271 1396s
 20620 12936 3210.68080   28  116 4400.00000 3137.83311  28.7%   271 1407s
 20621 12937 3704.43134   32  127 4400.00000 3137.83311  28.7%   271 1414s
 20622 12938 3646.91891   68  120 4400.00000 3137.83311  28.7%   271 1426s
 20623 12938 3995.46643   47  120 4400.00000 3137.83311  28.7%   271 1435s
 20624 12939 3950.74499   68  109 4400.00000 3137.83311  28.7%   271 1447s
 20625 12940 3558.65837   52  122 4400.00000 3137.83311  28.7%   271 1454s
 20626 12940 3152.99781   27  126 4400.00000 3137.83311  28.7%   271 1466s
 20627 12941 3748.43232   44  130 4400.00000 3137.83311  28.7%   271 1476s
 20628 12942 3800.64251   62  129 4400.00000 3137.83311  28.7%   271 1488s
 20629 12942 3427.28633   33  129 4400.00000 3137.83311  28.7%   271 1493s
 20630 12943 3970.84253   36  130 4400.00000 3137.83311  28.7%   271 1503s
 20631 12944 3193.06782   32  130 4400.00000 3137.83311  28.7%   271 1512s
 20632 12944 3956.09435   47  134 4400.00000 3137.83311  28.7%   271 1529s
 20633 12945 3672.43951   31  131 4400.00000 3137.83311  28.7%   271 1538s
 20634 12946 3639.26454   55  132 4400.00000 3137.83311  28.7%   271 1551s
 20635 12946 4109.85157   97  136 4400.00000 3137.83311  28.7%   271 1560s
 20636 12947 3210.35448   25  129 4400.00000 3137.83311  28.7%   271 1573s
 20637 12948 3908.02662   59  142 4400.00000 3137.83311  28.7%   271 1584s
 20638 12948 3878.03354   57  132 4400.00000 3137.83311  28.7%   271 1595s
 20639 12949 3506.15474   53  130 4400.00000 3137.83311  28.7%   271 1605s
 20640 12950 3260.69211   31  130 4400.00000 3137.83311  28.7%   271 1621s
 20641 12950 3257.73395   41  144 4400.00000 3137.83311  28.7%   271 1632s
 20642 12951 3885.16870   84  141 4400.00000 3137.83311  28.7%   271 1645s
 20643 12952 3465.66398   52  134 4400.00000 3137.83311  28.7%   271 1650s
 20644 12952 3876.09529   63  144 4400.00000 3137.83311  28.7%   271 1661s
 20645 12953 3608.83565   63  143 4400.00000 3137.83311  28.7%   271 1676s
 20646 12954 3186.56867   26  144 4400.00000 3137.83311  28.7%   271 1686s
 20647 12954 3816.78854   45  155 4400.00000 3137.83311  28.7%   271 1695s
 20648 12955 4122.48531   69  155 4400.00000 3137.83311  28.7%   271 1706s
 20649 12956 3816.60144   59  145 4400.00000 3137.83311  28.7%   271 1712s
 20650 12956 3503.89978   41  147 4400.00000 3137.83311  28.7%   271 1720s
 20651 12957 3968.57735   32  153 4400.00000 3137.83311  28.7%   271 1728s
 20652 12958 4086.69941   52  145 4400.00000 3137.83311  28.7%   271 1741s
 20653 12958 3888.46708   34  150 4400.00000 3137.83311  28.7%   271 1753s
 20654 12959 3503.89467   52  157 4400.00000 3137.83311  28.7%   271 1761s
 20655 12960 3676.80102   49  154 4400.00000 3137.83311  28.7%   271 1770s
 20656 12960 3917.17484   80  160 4400.00000 3137.83311  28.7%   271 1785s
 20657 12961 3371.03237   27  162 4400.00000 3137.83311  28.7%   271 1794s

Cutting planes:
  Cover: 1
  Implied bound: 251
  Projected implied bound: 1
  Clique: 1
  MIR: 120
  Flow cover: 62
  Zero half: 4
  RLT: 14
  Relax-and-lift: 8
  BQP: 3

Explored 20657 nodes (5812641 simplex iterations) in 1800.04 seconds (1987.55 work units)
Thread count was 8 (of 8 available processors)

Solution count 9: 4400 5400 6600 ... 80800

Time limit reached
Best objective 4.400000000000e+03, best bound 3.200000000000e+03, gap 27.2727%
