
Gurobi 13.0.1 (linux64) logging started Thu Apr 23 04:30:29 2026

Set parameter LogFile to value "experiments/20260422_213746/logs/Inst_07_Medium_Inspire_16__drone_index.log"
Set parameter LogToConsole to value 0
Set parameter TimeLimit to value 1800
Gurobi Optimizer version 13.0.1 build v13.0.1rc0 (linux64 - "Ubuntu 24.04.4 LTS")

CPU model: Intel(R) Core(TM) i5-8250U CPU @ 1.60GHz, instruction set [SSE2|AVX|AVX2]
Thread count: 4 physical cores, 8 logical processors, using up to 8 threads

Non-default parameters:
TimeLimit  1800
LogToConsole  0
LazyConstraints  1

Optimize a model with 14340 rows, 13716 columns and 65060 nonzeros (Min)
Model fingerprint: 0x6f3d710e
Model has 20 linear objective coefficients
Variable types: 6720 continuous, 6996 integer (6996 binary)
Coefficient statistics:
  Matrix range     [1e+00, 2e+04]
  Objective range  [1e+03, 2e+03]
  Bounds range     [1e+00, 1e+00]
  RHS range        [1e+00, 1e+00]

Presolve removed 3200 rows and 1600 columns
Presolve time: 0.19s
Presolved: 11140 rows, 12116 columns, 56836 nonzeros
Variable types: 5120 continuous, 6996 integer (6996 binary)
Found heuristic solution: objective 28000.000000

Root relaxation: objective 2.019990e+03, 19992 iterations, 4.18 seconds (3.93 work units)

    Nodes    |    Current Node    |     Objective Bounds      |     Work
 Expl Unexpl |  Obj  Depth IntInf | Incumbent    BestBd   Gap | It/Node Time

     0     0 2019.99044    0   44 28000.0000 2019.99044  92.8%     -    4s
H    0     0                    25000.000000 2019.99044  91.9%     -    4s
     0     0 2019.99044    0   44 25000.0000 2019.99044  91.9%     -    5s
H    0     0                    21000.000000 2019.99044  90.4%     -    5s
     0     0 2019.99044    0  153 21000.0000 2019.99044  90.4%     -    8s
     0     0 2235.96114    0  305 21000.0000 2235.96114  89.4%     -   15s
     0     0 2423.10506    0  375 21000.0000 2423.10506  88.5%     -   19s
     0     0 2603.05612    0  351 21000.0000 2603.05612  87.6%     -   26s
     0     0 2622.08336    0  277 21000.0000 2622.08336  87.5%     -   27s
     0     0 2667.75359    0  297 21000.0000 2667.75359  87.3%     -   29s
     0     0 2695.57643    0  401 21000.0000 2695.57643  87.2%     -   32s
     0     0 2695.58225    0  370 21000.0000 2695.58225  87.2%     -   32s
     0     0 2713.34666    0  407 21000.0000 2713.34666  87.1%     -   36s
     0     0 2716.58185    0  418 21000.0000 2716.58185  87.1%     -   36s
     0     0 2716.58185    0  314 21000.0000 2716.58185  87.1%     -   37s
     0     0 2716.63452    0  376 21000.0000 2716.63452  87.1%     -   41s
     0     0 2716.63452    0  293 21000.0000 2716.63452  87.1%     -   42s
     0     0 2717.27835    0  491 21000.0000 2717.27835  87.1%     -   47s
     0     0 2717.27835    0  491 21000.0000 2717.27835  87.1%     -   52s
     0     0 2717.27835    0  491 21000.0000 2717.27835  87.1%     -   61s
     0     0 2717.27835    0  491 21000.0000 2717.27835  87.1%     -   68s
     0     0 2717.27835    0  491 21000.0000 2717.27835  87.1%     -   73s
     0     0 2717.27835    0  541 21000.0000 2717.27835  87.1%     -   73s
     0     0 2717.27835    0  462 21000.0000 2717.27835  87.1%     -   76s
     0     0 2721.83592    0  462 21000.0000 2721.83592  87.0%     -   76s
     0     0 2721.83592    0  104 21000.0000 2721.83592  87.0%     -   78s
     0     2 2721.83592    0  100 21000.0000 2721.83592  87.0%     -   81s
     3     8 2721.83592    2  414 21000.0000 2721.83592  87.0%   766   88s
    11    18 2781.78472    4  313 21000.0000 2721.83592  87.0%  2593   96s
    21    26 3500.80413    5  236 21000.0000 2721.83592  87.0%  5220  113s
    25    31 2928.51217    6  451 21000.0000 2721.83592  87.0%  6072  117s
    30    36 3345.77288    6  263 21000.0000 2721.83592  87.0%  7076  121s
H   31    36                    11000.000000 2721.83592  75.3%  6848  121s
    41    46 3490.00458    7  243 11000.0000 2721.83592  75.3%  7294  127s
    65    82 3490.00458   13  157 11000.0000 2721.83592  75.3%  5329  131s
H  103   101                    9000.0000000 2721.83592  69.8%  3533  134s
   106   109 5000.00000   24   47 9000.00000 2721.83592  69.8%  3460  135s
   240   257 5000.00000   77   41 9000.00000 2721.83592  69.8%  1627  140s
   346   360 5000.00000  121   48 9000.00000 2721.83592  69.8%  1230  146s
   373   388 5000.00000  134   59 9000.00000 2721.83592  69.8%  1204  154s
   401   392 5000.00000  146   39 9000.00000 2721.83592  69.8%  1189  155s
H  422   419                    8000.0000000 2721.83592  66.0%  1173  158s
   483   521 5000.00000  177   58 8000.00000 2721.83592  66.0%  1067  160s
   574   545 3420.40454    4  174 8000.00000 2721.83592  66.0%   965  167s
H  577   543                    7000.0000000 2721.83592  61.1%   961  167s
   610   609 4137.98011    6   83 7000.00000 2721.83592  61.1%   929  170s
   746   770 3545.67493    8  203 7000.00000 2721.83592  61.1%   798  184s
   817   824 3557.29967   17  119 7000.00000 2721.83592  61.1%   774  192s
   873   871 5000.00000   23   50 7000.00000 2721.83592  61.1%   763  195s
   920   911 5000.00000   24   34 7000.00000 2721.83592  61.1%   733  203s
   974   919 5000.00000   27   49 7000.00000 2721.83592  61.1%   717  205s
  1022  1001 5000.00000   40   39 7000.00000 2721.83592  61.1%   715  212s
  1065  1002 5000.00000  126  104 7000.00000 2721.83592  61.1%   715  239s
  1067  1003 5000.00000   79  138 7000.00000 2721.83592  61.1%   714  248s
  1068  1004 5000.00000   17  110 7000.00000 2721.83592  61.1%   713  258s
  1069  1005 5000.00000  115  144 7000.00000 2721.83592  61.1%   712  266s
  1070  1005 5000.00000  116  146 7000.00000 2721.83592  61.1%   712  270s
  1072  1007 3530.11369   13  162 7000.00000 2721.83592  61.1%   710  275s
  1073  1007 5000.00000  140  160 7000.00000 2721.83592  61.1%   710  280s
  1074  1008 5000.00000  155  236 7000.00000 2723.42516  61.1%   709  293s
  1076  1009 5000.00000   54  459 7000.00000 2723.42516  61.1%   708  303s
  1077  1010 3530.11369   12  252 7000.00000 2723.42516  61.1%   707  312s
  1078  1011 5000.00000   35  390 7000.00000 2723.42516  61.1%   706  316s
  1079  1011 5000.00000  175  201 7000.00000 2723.42516  61.1%   706  323s
  1080  1012 5000.00000  142  392 7000.00000 2723.42516  61.1%   705  330s
  1081  1013 5000.00000  117  189 7000.00000 2723.42516  61.1%   704  343s
  1082  1013 5000.00000  114  316 7000.00000 2723.42516  61.1%   704  346s
  1083  1014 5000.00000  102  349 7000.00000 2723.42516  61.1%   703  357s
  1084  1015 5000.00000   42  402 7000.00000 2723.42516  61.1%   702  361s
  1085  1015 5000.00000   45  336 7000.00000 2723.42516  61.1%   702  375s
  1086  1016 5000.00000  169  395 7000.00000 2723.42516  61.1%   701  380s
  1087  1017 3490.26876   12  278 7000.00000 2723.42516  61.1%   700  393s
  1088  1017 5000.00000  131  353 7000.00000 2723.42516  61.1%   700  400s
  1089  1018 5000.00000   36  360 7000.00000 2723.42516  61.1%   699  415s
  1090  1019 5000.00000   41  416 7000.00000 2723.42516  61.1%   699  422s
  1091  1019 5000.00000   25  427 7000.00000 2723.42516  61.1%   698  435s
  1095  1022 5000.00000  128  548 7000.00000 2723.42516  61.1%   695  440s
  1097  1023 5000.00000   51  525 7000.00000 2723.42516  61.1%   694  447s
  1100  1025 5000.00000   81  609 7000.00000 2723.42516  61.1%   692  450s
  1101  1026 5000.00000   67  649 7000.00000 2723.42516  61.1%   692  460s
  1105  1029 5000.00000  151  605 7000.00000 2723.42516  61.1%   689  484s
  1106  1029 5000.00000   24  619 7000.00000 2723.42516  61.1%   688  485s
  1109  1031 5000.00000   28  457 7000.00000 2725.02627  61.1%   687  492s
  1110  1032 5000.00000   93  690 7000.00000 2726.32989  61.1%   686  495s
  1113  1034 3498.96800    8  637 7000.00000 2727.12135  61.0%   684  535s
  1116  1036 5000.00000   93  592 7000.00000 2728.56876  61.0%   682  549s
  1119  1038 5000.00000  169  659 7000.00000 2728.64708  61.0%   680  559s
  1120  1039 3490.54623   15  237 7000.00000 2741.32735  60.8%   680  573s
  1122  1040 5000.00000   24  359 7000.00000 2741.38578  60.8%   679  577s
  1123  1041 5000.00000   24  327 7000.00000 2741.63472  60.8%   678  582s
  1126  1043 5000.00000  100  266 7000.00000 2741.70547  60.8%   676  586s
  1128  1044 5000.00000  213  349 7000.00000 2741.71920  60.8%   675  600s
  1130  1045 5000.00000   26  571 7000.00000 2741.72190  60.8%   674  605s
  1132  1047 5000.00000  172  285 7000.00000 2741.74156  60.8%   673  611s
  1137  1051 5000.00000   54  104 7000.00000 2741.74577  60.8%   941  615s
  1139  1052 5000.00000   18  132 7000.00000 2741.74577  60.8%   939  624s
  1140  1053 3490.54623   14  166 7000.00000 2741.74577  60.8%   939  635s
  1141  1054 5000.00000   78  274 7000.00000 2741.74577  60.8%   938  644s
  1142  1054 5000.00000  126  316 7000.00000 2741.74577  60.8%   937  650s
  1143  1055 5000.00000  163  298 7000.00000 2741.74577  60.8%   936  660s
  1145  1056 3506.21979    8  414 7000.00000 2741.74577  60.8%   934  666s
  1147  1058 3490.00458   11  499 7000.00000 2741.74577  60.8%   933  671s
  1148  1058 5000.00000   93  443 7000.00000 2741.74577  60.8%   932  675s
  1151  1060 5000.00000   36  515 7000.00000 2741.74577  60.8%   930  681s
  1152  1061 5000.00000  114  388 7000.00000 2741.74577  60.8%   929  695s
  1153  1062 5000.00000   28  431 7000.00000 2741.74577  60.8%   928  709s
  1154  1062 5000.00000   10  618 7000.00000 2741.74577  60.8%   927  736s
  1155  1063 5000.00000  219  376 7000.00000 2741.75533  60.8%   926  744s
  1156  1064 5000.00000   42  587 7000.00000 2741.78296  60.8%   926  745s
  1157  1064 5000.00000  110  428 7000.00000 2741.78645  60.8%   925  758s
  1158  1065 5000.00000   40  532 7000.00000 2741.79556  60.8%   924  767s
  1160  1066 5000.00000  167  373 7000.00000 2741.82982  60.8%   922  772s
  1161  1067 5000.00000   58  420 7000.00000 2741.82982  60.8%   922  775s
  1163  1068 3546.07909   12  319 7000.00000 2741.82982  60.8%   920  780s
  1164  1069 5000.00000  132  372 7000.00000 2741.82982  60.8%   919  787s
  1166  1070 5000.00000  101  142 7000.00000 2741.82982  60.8%   918  796s
  1168  1072 5000.00000   17  200 7000.00000 2741.82982  60.8%   916  800s
  1170  1073 5000.00000  116  320 7000.00000 2741.82982  60.8%   914  816s
  1172  1074 3530.11369   13  312 7000.00000 2741.82982  60.8%   913  822s
  1173  1075 5000.00000  140  307 7000.00000 2741.82982  60.8%   912  836s
  1174  1076 5000.00000  155  307 7000.00000 2741.82988  60.8%   911  843s
  1175  1078 2783.48682   22  333 7000.00000 2764.08296  60.5%  1084  856s
  1176  1080 2785.12887   23  341 7000.00000 2764.08296  60.5%  1089  871s
  1182  1085 2926.14213   25  239 7000.00000 2785.71229  60.2%  1095  890s
  1185  1088 4063.69310   26  125 7000.00000 2785.71229  60.2%  1107  899s
  1191  1098     cutoff   27      7000.00000 2785.71229  60.2%  1135  908s
  1205  1099 5000.00000   29   38 7000.00000 2785.71229  60.2%  1144  919s
  1211  1107 5000.00000   31   30 7000.00000 2785.71229  60.2%  1162  923s
  1221  1116 5000.00000   31   37 7000.00000 2785.71229  60.2%  1160  929s
  1233  1124 5000.00000   34   19 7000.00000 2785.71229  60.2%  1164  932s
  1245  1133 5000.00000   36   30 7000.00000 2785.71229  60.2%  1161  935s
  1281  1149 infeasible   44      7000.00000 2785.71229  60.2%  1151  940s
  1323  1158 5000.00000   55   16 7000.00000 2785.71229  60.2%  1133  945s
  1338  1160 infeasible   59      7000.00000 2801.08560  60.0%  1129  957s
  1349  1163     cutoff   26      7000.00000 2801.08560  60.0%  1161  967s
  1367  1175 3500.27175   27  214 7000.00000 2801.08560  60.0%  1163  973s
  1376  1185 3491.87533   28  277 7000.00000 2801.08560  60.0%  1167  976s
  1404  1205 3516.62730   30  240 7000.00000 2801.08560  60.0%  1171  982s
  1420  1211 3606.21324   31  148 7000.00000 2801.08560  60.0%  1175  987s
  1433  1230 3602.95454   31  134 7000.00000 2801.08560  60.0%  1174  991s
  1481  1253 3635.33895   33   92 7000.00000 2801.08560  60.0%  1165  998s
  1502  1250 3641.26004   35  111 7000.00000 2801.08560  60.0%  1160 1001s
H 1504  1187                    5999.9991039 2801.08560  53.3%  1159 1001s
  1506  1199 5000.00000   35   54 5999.99910 2801.08560  53.3%  1160 1007s
  1534  1207 5000.00000   37   65 5999.99910 2801.08560  53.3%  1159 1011s
  1594  1233 5000.00000   41   77 5999.99910 2801.08560  53.3%  1136 1017s
  1627  1243 3873.25719   42   64 5999.99910 2801.08560  53.3%  1116 1024s
  1670  1247 4059.18273   45   56 5999.99910 2801.08560  53.3%  1106 1033s
  1709  1248 5000.00000   50   44 5999.99910 2810.61779  53.2%  1101 1037s
  1723  1284 5000.00000   53   45 5999.99910 2810.61779  53.2%  1102 1042s
  1772  1306 5000.00000   67   10 5999.99910 3409.88621  43.2%  1082 1047s
  1834  1318 4281.75376   26  187 5999.99910 3409.88621  43.2%  1064 1053s
  1885  1321 3568.66108   26  230 5999.99910 3409.88621  43.2%  1047 1057s
  1921  1333 3585.45122   29  223 5999.99910 3409.88621  43.2%  1037 1063s
  1949  1368 3819.84399   31  112 5999.99910 3409.88621  43.2%  1036 1069s
  2009  1400 3885.19626   40  125 5999.99910 3409.88621  43.2%  1014 1077s
* 2026   953              71    5000.0000000 3409.88621  31.8%  1011 1077s
  2096   880     cutoff   44      5000.00000 3409.88621  31.8%   988 1083s
  2136   885 3637.62191   39  140 5000.00000 3492.38472  30.2%   981 1090s
  2193   867 3703.56433   33   77 5000.00000 3499.92585  30.0%   963 1096s
  2263   824 3501.97135   31  153 5000.00000 3499.92585  30.0%   943 1103s
  2313   809 3514.93937   34  167 5000.00000 3501.68686  30.0%   935 1110s
  2389   788 3502.27771   33  272 5000.00000 3502.12097  30.0%   916 1117s
  2458   773 3502.72218   36  160 5000.00000 3502.72218  29.9%   903 1124s
  2536   750     cutoff   40      5000.00000 3503.17294  29.9%   888 1131s
  2635   752 3565.50277   30  108 5000.00000 3512.83241  29.7%   866 1138s
  2734   710     cutoff   52      5000.00000 3515.59220  29.7%   842 1146s
  2857   651 3763.36190   40  128 5000.00000 3518.89388  29.6%   816 1153s
  2991   624 3569.79901   38  119 5000.00000 3525.46205  29.5%   791 1161s
  3067   593 3631.96689   55  118 5000.00000 3536.99291  29.3%   775 1169s
  3136   581 3556.87110   43  179 5000.00000 3542.15938  29.2%   768 1177s
  3240   545 3563.94508   33  121 5000.00000 3544.04716  29.1%   749 1187s
  3324   519 3769.80489   50  105 5000.00000 3549.40678  29.0%   740 1196s
  3438   524 3566.92342   30  102 5000.00000 3555.16199  28.9%   726 1208s
  3541   527     cutoff   35      5000.00000 3560.04785  28.8%   714 1218s
  3685   462 3581.33491   38  173 5000.00000 3563.96184  28.7%   695 1229s
  3822   368 3719.63227   48  109 5000.00000 3566.93551  28.7%   685 1240s
  3966   266 3786.42048   42  128 5000.00000 3578.82294  28.4%   675 1252s
  4140   226 3628.36521   37  219 5000.00000 3592.98612  28.1%   660 1264s
  4345   241 3666.40830   37  181 5000.00000 3625.17088  27.5%   640 1276s
  4535   179     cutoff   33      5000.00000 3660.23954  26.8%   623 1289s
  4803    30     cutoff   38      5000.00000 3719.03179  25.6%   602 1302s

Cutting planes:
  Cover: 118
  Implied bound: 34
  Projected implied bound: 5
  Clique: 58
  MIR: 70
  Flow cover: 292
  GUB cover: 16
  RLT: 12
  Relax-and-lift: 6
  BQP: 9
  Lazy constraints: 209

Explored 5187 nodes (3054973 simplex iterations) in 1304.32 seconds (1268.02 work units)
Thread count was 8 (of 8 available processors)

Solution count 9: 5000 6000 7000 ... 28000

Optimal solution found (tolerance 1.00e-04)
Best objective 5.000000000000e+03, best bound 5.000000000000e+03, gap 0.0000%

User-callback calls 210228, time in user-callback 2.25 sec
