
Gurobi 13.0.1 (linux64) logging started Thu Apr 23 13:19:41 2026

Set parameter LogFile to value "experiments/20260422_213746/logs/Inst_14_Medium_Phantom_23__ribeiro.log"
Set parameter LogToConsole to value 0
Set parameter TimeLimit to value 1800
Gurobi Optimizer version 13.0.1 build v13.0.1rc0 (linux64 - "Ubuntu 24.04.4 LTS")

CPU model: Intel(R) Core(TM) i5-8250U CPU @ 1.60GHz, instruction set [SSE2|AVX|AVX2]
Thread count: 4 physical cores, 8 logical processors, using up to 8 threads

Non-default parameters:
TimeLimit  1800
LogToConsole  0

Optimize a model with 3020 rows, 972 columns and 9985 nonzeros (Min)
Model fingerprint: 0x02ad1d50
Model has 35 linear objective coefficients
Variable types: 60 continuous, 912 integer (876 binary)
Coefficient statistics:
  Matrix range     [1e+00, 3e+04]
  Objective range  [1e+03, 1e+03]
  Bounds range     [1e+00, 3e+04]
  RHS range        [1e+00, 5e+04]

Presolve removed 403 rows and 9 columns
Presolve time: 0.07s
Presolved: 2617 rows, 963 columns, 18606 nonzeros
Variable types: 52 continuous, 911 integer (876 binary)

Root relaxation: objective 0.000000e+00, 667 iterations, 0.02 seconds (0.02 work units)

    Nodes    |    Current Node    |     Objective Bounds      |     Work
 Expl Unexpl |  Obj  Depth IntInf | Incumbent    BestBd   Gap | It/Node Time

     0     0    0.00000    0   34          -    0.00000      -     -    0s
     0     0    0.00000    0   70          -    0.00000      -     -    0s
     0     0    0.00000    0   64          -    0.00000      -     -    0s
     0     0    0.00000    0   63          -    0.00000      -     -    0s
     0     0    0.00000    0   49          -    0.00000      -     -    0s
     0     0    0.00000    0   61          -    0.00000      -     -    0s
     0     0    0.00000    0   54          -    0.00000      -     -    0s
H    0     0                    24000.000000    0.00000   100%     -    0s
     0     0    0.00000    0   67 24000.0000    0.00000   100%     -    1s
     0     0    0.00000    0   58 24000.0000    0.00000   100%     -    1s
     0     0    0.00000    0   49 24000.0000    0.00000   100%     -    1s
H    0     0                    19400.000000    0.00000   100%     -    1s
     0     0    0.00000    0   69 19400.0000    0.00000   100%     -    1s
     0     0    0.00000    0   51 19400.0000    0.00000   100%     -    1s
     0     0    0.00000    0   78 19400.0000    0.00000   100%     -    1s
     0     0    0.00000    0   52 19400.0000    0.00000   100%     -    1s
H    0     0                    18400.000000    0.00000   100%     -    1s
H    0     0                    17200.000000    0.00000   100%     -    1s
H    0     0                    17000.000000    0.00000   100%     -    1s
H    0     0                    16000.000000    0.00000   100%     -    1s
     0     0    0.00000    0   66 16000.0000    0.00000   100%     -    2s
     0     0    0.00000    0   61 16000.0000    0.00000   100%     -    2s
     0     0    0.00000    0   64 16000.0000    0.00000   100%     -    2s
     0     0    0.00000    0   55 16000.0000    0.00000   100%     -    2s
     0     0    0.00000    0   57 16000.0000    0.00000   100%     -    2s
     0     0    0.00000    0   53 16000.0000    0.00000   100%     -    2s
H    0     0                    14800.000000    0.00000   100%     -    2s
     0     2    0.00000    0   44 14800.0000    0.00000   100%     -    2s
H   11    14                    14000.000000    0.00000   100%   357    2s
H   33    29                    12800.000000    0.00000   100%   264    3s
H   38    41                    11600.000000    0.00000   100%   260    3s
H   59    68                    10400.000000    0.00000   100%   241    3s
H   82    72                    9200.0000000    0.00000   100%   223    3s
   162   162    0.00000   30   37 9200.00000    0.00000   100%   233    5s
  1260   975 1000.00000   41   69 9200.00000    0.00000   100%   147   10s
  1270   982 2173.47510   55   63 9200.00000 1000.00000  89.1%   146   15s
  1279   988 2000.00000   61   84 9200.00000 1000.00000  89.1%   145   20s
  1291   997 6400.00000  140   73 9200.00000 1000.00000  89.1%   164   25s
  1299  1002 1000.00000   20   92 9200.00000 1000.00000  89.1%   163   30s
  1414  1084 1192.04184   33   64 9200.00000 1000.00000  89.1%   191   35s
  1653  1202 2000.00000   50   53 9200.00000 1000.00000  89.1%   192   40s
  1767  1261 3000.00000   54   54 9200.00000 1000.00000  89.1%   196   45s
  2226  1507 2000.00000   68   48 9200.00000 1000.00000  89.1%   199   50s
  2992  1758 2000.00000   96   38 9200.00000 1000.00000  89.1%   193   55s
  3844  2245 2000.00000   37   46 9200.00000 1088.20922  88.2%   182   60s
  4935  2864 2000.00000   45   45 9200.00000 2000.00000  78.3%   179   67s
  5860  3573 2329.14966   62   58 9200.00000 2000.00000  78.3%   183   71s
  6940  4324 2000.00000   74   55 9200.00000 2000.00000  78.3%   180   78s
  7460  4622 2000.00000   37   74 9200.00000 2000.00000  78.3%   178   80s
  8355  5163 3000.00000   66   36 9200.00000 2000.00000  78.3%   178   85s
  9790  6145 6400.00000   83   22 9200.00000 2000.00000  78.3%   179   92s
 10774  6674 3000.00000   63   38 9200.00000 2000.00000  78.3%   177   96s
 11688  7376 5000.00000   75   40 9200.00000 2000.00000  78.3%   179  101s
 12858  8336 4200.00000   63   38 9200.00000 2000.00000  78.3%   177  106s
 13653  8607 3021.44872  102   74 9200.00000 2000.00000  78.3%   174  111s
 14747  9592 3000.00000   65   44 9200.00000 2000.00000  78.3%   171  117s
 15466 10072 4000.00000   73   42 9200.00000 2000.00000  78.3%   170  120s
 16654 10829 3000.00000   51   51 9200.00000 2000.00000  78.3%   170  126s
 17822 11503 4007.43823   64   63 9200.00000 2000.00000  78.3%   170  131s
 18337 11884 infeasible   67      9200.00000 2000.00000  78.3%   173  135s
 19803 12848 3000.00000   61   52 9200.00000 2000.00000  78.3%   173  141s
 21254 13713 3000.00000   60   44 9200.00000 2000.00000  78.3%   173  148s
 22026 14333 infeasible   67      9200.00000 2000.00000  78.3%   174  152s
 22970 15020 4200.00000  147   37 9200.00000 2000.00000  78.3%   173  157s
 23939 15567 4000.00000   76   52 9200.00000 2000.00000  78.3%   173  160s
 25585 16572 4000.00000   95   48 9200.00000 2000.00000  78.3%   175  168s
 26383 17033 4000.00000   76   41 9200.00000 2000.00000  78.3%   175  170s
 27145 17588 5649.87542  111   43 9200.00000 2000.00000  78.3%   176  175s
 28844 18647 4000.00000   92   45 9200.00000 2000.00000  78.3%   176  182s
 29528 18648 5200.00000  105   53 9200.00000 2000.00000  78.3%   177  209s
 29530 18649 3000.00000   53   66 9200.00000 2000.00000  78.3%   177  210s
 29534 18652 6406.27256  168  103 9200.00000 2000.00000  78.3%   177  215s
 29538 18655 4000.00000   63  109 9200.00000 2000.00000  78.3%   177  220s
 29583 18700 2000.00000   40   48 9200.00000 2000.00000  78.3%   177  225s
 29792 18833 2000.00000   54   53 9200.00000 2000.00000  78.3%   177  230s
 30240 19061 2000.00000   81   45 9200.00000 2000.00000  78.3%   178  235s
 30665 19267 2000.00000   89   54 9200.00000 2000.00000  78.3%   179  240s
 30978 19382 3200.00000  116   53 9200.00000 2000.00000  78.3%   180  245s
 31307 19528 3464.53978  139   60 9200.00000 2000.00000  78.3%   181  250s
 32061 19940 2000.00000   54   39 9200.00000 2000.00000  78.3%   181  255s
 32790 20255 4200.00000  129   40 9200.00000 2000.00000  78.3%   181  260s
 33486 20568 2000.00000   48   45 9200.00000 2000.00000  78.3%   182  265s
 34448 21239 3000.00000   81   43 9200.00000 2000.00000  78.3%   180  270s
 35632 21706 6001.33573  117   51 9200.00000 2000.00000  78.3%   179  275s
 37175 22528 infeasible   59      9200.00000 2000.00000  78.3%   179  282s
 38330 23189 4000.00000  213   41 9200.00000 2000.00000  78.3%   178  286s
 39455 23573 2000.00000  136   42 9200.00000 2000.00000  78.3%   177  291s
 40438 24245 2000.00000   74   41 9200.00000 2000.00000  78.3%   177  296s
 41640 24687 2000.00000   72   43 9200.00000 2000.00000  78.3%   177  300s
 42748 25145 4200.00000  113   47 9200.00000 2000.00000  78.3%   177  306s
 43864 25889 2000.00000   75   35 9200.00000 2000.00000  78.3%   178  311s
 44663 26189 infeasible  134      9200.00000 2000.00000  78.3%   177  315s
 46188 26587 2000.00000  103   40 9200.00000 2000.00000  78.3%   177  321s
 47597 27082 4000.00000   81   43 9200.00000 2000.00000  78.3%   176  326s
 48614 27634 2038.77247   81   54 9200.00000 2000.00000  78.3%   178  332s
 49480 28020 6200.00000  110   46 9200.00000 2000.00000  78.3%   177  336s
 51208 27931 4000.00000   93   41 9200.00000 2000.00000  78.3%   177  342s
 51373 28247 7600.00000   93   26 9200.00000 2000.00000  78.3%   177  346s
 53086 28951 3000.00000   95   42 9200.00000 2000.00000  78.3%   176  352s
 53934 29325 3000.00000   94   41 9200.00000 2000.00000  78.3%   176  356s
 55730 29853 4385.30541  123   42 9200.00000 2000.00000  78.3%   175  362s
 56518 30159 3000.00000   93   34 9200.00000 2000.00000  78.3%   176  366s
 58044 30549 4000.00000   99   43 9200.00000 2000.00000  78.3%   176  372s
 58740 30790 2000.00000   87   45 9200.00000 2000.00000  78.3%   177  376s
 59372 31254 2000.00000  167   44 9200.00000 2000.00000  78.3%   177  380s
 61148 31791 infeasible  138      9200.00000 2000.00000  78.3%   177  388s
 62027 31970 infeasible  170      9200.00000 2000.00000  78.3%   177  392s
 62685 32273 2000.00000   99   30 9200.00000 2000.00000  78.3%   178  395s
 64081 32890 3000.00000  147   52 9200.00000 2000.00000  78.3%   179  402s
 64773 33247 3000.00000  126   44 9200.00000 2000.00000  78.3%   179  406s
 66316 34045 2000.00000  128   48 9200.00000 2000.00000  78.3%   180  413s
 67201 34405 4000.00000  137   43 9200.00000 2000.00000  78.3%   180  416s
 68165 34552 4230.15196  127   55 9200.00000 2000.00000  78.3%   180  420s
 69867 35175 4000.00000  151   44 9200.00000 2000.00000  78.3%   180  427s
 70745 35501 2000.00000   65   45 9200.00000 2000.00000  78.3%   180  431s
 71598 35867 5200.00000  152   39 9200.00000 2000.00000  78.3%   180  435s
 73292 36316 4000.00000   89   49 9200.00000 2000.00000  78.3%   180  442s
 74233 36514 3000.00000  113   55 9200.00000 2000.00000  78.3%   180  446s
 75017 36804 5000.00000  123   33 9200.00000 2000.00000  78.3%   181  450s
 75842 37189 4000.00000   99   49 9200.00000 2000.00000  78.3%   181  455s
 77708 37754 4000.00000  108   40 9200.00000 2000.00000  78.3%   181  462s
 78576 38016 3000.00000   73   59 9200.00000 2000.00000  78.3%   181  465s
 79854 38343 4000.00000   97   33 9200.00000 2000.00000  78.3%   182  472s
 80532 38653 3000.00000   80   32 9200.00000 2000.00000  78.3%   182  476s
 81287 38944 6207.70274  137   48 9200.00000 2000.00000  78.3%   183  480s
 82709 39488 4045.32819  111   43 9200.00000 2000.00000  78.3%   184  488s
 83604 39866 infeasible  114      9200.00000 2000.00000  78.3%   184  490s
 84450 39915 2000.00000   94   51 9200.00000 2000.00000  78.3%   184  495s
 85721 40953 3000.00000  109   50 9200.00000 2000.00000  78.3%   184  503s
 86744 41714 3500.00000  113   44 9200.00000 2000.00000  78.3%   184  507s
 87741 42328 3000.00000   89   31 9200.00000 2000.00000  78.3%   183  512s
 88662 42914 infeasible  139      9200.00000 2000.00000  78.3%   183  516s
 89476 43451 4000.00000  136   36 9200.00000 2000.00000  78.3%   184  520s
 91109 44147 5000.00000  126   45 9200.00000 2000.00000  78.3%   185  528s
 91279 44744 5000.00000  138   35 9200.00000 2000.00000  78.3%   185  533s
 92332 45412 infeasible  125      9200.00000 2000.00000  78.3%   184  536s
 93400 45488 4000.00000  109   40 9200.00000 2000.00000  78.3%   184  540s
 93560 45924 infeasible   89      9200.00000 2000.00000  78.3%   184  545s
 95545 47208 2000.00000   90   37 9200.00000 2000.00000  78.3%   184  552s
 96426 47803 7400.00000  152   38 9200.00000 2000.00000  78.3%   184  556s
 97382 48352 6400.00000  166   38 9200.00000 2000.00000  78.3%   184  560s
 99195 49504 3243.96676  134   41 9200.00000 2000.00000  78.3%   184  567s
 100252 50051 4000.00000  128   41 9200.00000 2000.00000  78.3%   183  570s
 101908 51134 4000.00000  128   45 9200.00000 2000.00000  78.3%   183  577s
 102782 51781 infeasible   93      9200.00000 2000.00000  78.3%   183  580s
 103682 52736 3099.67894  159   55 9200.00000 2000.00000  78.3%   183  585s
 105860 53389 6200.00000  146   35 9200.00000 2000.00000  78.3%   182  590s
 107488 54581 infeasible   94      9200.00000 2000.00000  78.3%   182  597s
 108779 55303 4200.00000  122   27 9200.00000 2000.00000  78.3%   182  602s
 110034 56011 3000.00000   79   34 9200.00000 2000.00000  78.3%   182  606s
 110716 56388 4000.00000  107   45 9200.00000 2000.00000  78.3%   183  610s
 112174 57425 4000.00000   88   41 9200.00000 2000.00000  78.3%   183  616s
 113779 58470 6400.00000  225   47 9200.00000 2000.00000  78.3%   182  622s
 114573 58867 infeasible  115      9200.00000 2000.00000  78.3%   182  625s
 116091 59843 infeasible  149      9200.00000 2000.00000  78.3%   182  631s
 118250 61190 7922.62039  143   34 9200.00000 2000.00000  78.3%   181  638s
 119185 61660 2000.00000  103   41 9200.00000 2000.00000  78.3%   181  642s
 120022 62193 3000.00000  105   38 9200.00000 2000.00000  78.3%   181  646s
 121633 63050 2000.00000  108   50 9200.00000 2000.00000  78.3%   181  651s
 122437 63544 8800.00000   99   24 9200.00000 2000.00000  78.3%   181  655s
 124091 64317 2000.00000  145   45 9200.00000 2000.00000  78.3%   181  660s
 125248 65105 4000.00000  120   51 9200.00000 2000.00000  78.3%   182  667s
 126155 65416 2000.00000   93   34 9200.00000 2000.00000  78.3%   182  671s
 127702 66347 6200.00000  168   35 9200.00000 2000.00000  78.3%   182  677s
 128481 66774 3000.00000  153   36 9200.00000 2000.00000  78.3%   182  681s
 130243 67551 infeasible  110      9200.00000 2000.00000  78.3%   182  687s
 131035 67991 6400.00000  114   37 9200.00000 2000.00000  78.3%   182  690s
 132469 68766 infeasible  136      9200.00000 2000.00000  78.3%   182  696s
 133315 69321 8600.00000  119   29 9200.00000 2000.00000  78.3%   182  702s
 135017 70272 2000.00000  129   45 9200.00000 2000.00000  78.3%   182  707s
 135786 70605 5200.00000  143   38 9200.00000 2000.00000  78.3%   182  711s
 137314 71384 infeasible  143      9200.00000 2000.00000  78.3%   182  717s
 138076 71951 3000.00000  137   34 9200.00000 2000.00000  78.3%   182  721s
 139871 72994 3000.00000   97   39 9200.00000 2000.00000  78.3%   182  727s
 140765 73525 3000.00000  152   44 9200.00000 2000.00000  78.3%   182  730s
 142356 74278 2000.00000   92   37 9200.00000 2000.00000  78.3%   182  736s
 142690 74720 2000.00000   93   39 9200.00000 2000.00000  78.3%   182  740s
 144104 75950 2000.00000   86   44 9200.00000 2000.00000  78.3%   182  746s
 144966 76518 4210.88369  156   61 9200.00000 2000.00000  78.3%   182  750s
 147322 77844 7400.00000  178   39 9200.00000 2000.00000  78.3%   181  756s
 147922 77898 3000.00000  122   43 9200.00000 2000.00000  78.3%   181  761s
 148004 82642 3053.11509  123   52 9200.00000 2000.00000  78.3%   181  793s
 155907 83344 4200.00000  175   40 9200.00000 2000.00000  78.3%   181  796s
 157530 84302 3000.00000  203   48 9200.00000 2000.00000  78.3%   181  803s
 158183 84809 4000.00000  267   48 9200.00000 2000.00000  78.3%   181  805s
 159824 87331 4000.00000  201   50 9200.00000 2000.00000  78.3%   180  813s
 161963 87845 infeasible  336      9200.00000 2000.00000  78.3%   179  815s
 162685 88306 3500.00000  122   42 9200.00000 2000.00000  78.3%   179  820s
 164495 89177 infeasible  145      9200.00000 2000.00000  78.3%   179  827s
 166001 90466 4000.00000  123   46 9200.00000 2000.00000  78.3%   179  832s
 166823 91265 4000.00000  190   43 9200.00000 2000.00000  78.3%   179  836s
 168784 92390 4000.00000  110   33 9200.00000 2000.00000  78.3%   178  841s
 170336 94357 3000.00000   87   46 9200.00000 2000.00000  78.3%   178  847s
 172923 94972 3000.00000   83   46 9200.00000 2000.00000  78.3%   177  852s
 173553 95398 3000.00000  112   53 9200.00000 2000.00000  78.3%   177  855s
 175506 96530 5200.00000  120   30 9200.00000 2000.00000  78.3%   177  862s
 176166 96932 4000.00000  117   40 9200.00000 2000.00000  78.3%   177  865s
 177642 98160 2000.00000  101   32 9200.00000 2000.00000  78.3%   177  872s
 178613 98496 3005.97567   92   63 9200.00000 2000.00000  78.3%   177  876s
 180039 99746 infeasible  136      9200.00000 2000.00000  78.3%   177  881s
 181048 101355 3000.00000   86   32 9200.00000 2000.00000  78.3%   176  885s
 184415 102263 infeasible   96      9200.00000 2000.00000  78.3%   175  890s
 185533 103262 infeasible   79      9200.00000 2000.00000  78.3%   175  895s
 187347 104383 5000.00000  129   41 9200.00000 2000.00000  78.3%   175  902s
 188501 105204 2000.00000   87   49 9200.00000 2000.00000  78.3%   175  907s
 189829 106187 4000.00000  118   37 9200.00000 2000.00000  78.3%   175  912s
 191160 107304 4000.00000  129   38 9200.00000 2000.00000  78.3%   175  917s
 192260 107882 infeasible   95      9200.00000 2000.00000  78.3%   174  921s
 193203 108304 4000.00000  118   44 9200.00000 2000.00000  78.3%   174  925s
 194871 109368 infeasible  115      9200.00000 2000.00000  78.3%   174  930s
 196532 111479 3000.00000  113   39 9200.00000 2000.00000  78.3%   174  936s
 199380 112236 infeasible  146      9200.00000 2000.00000  78.3%   172  940s
 200375 112803 3000.00000   98   34 9200.00000 2000.00000  78.3%   173  945s
 201332 113408 3000.00000   94   60 9200.00000 2000.00000  78.3%   173  950s
 203308 114924 2000.00000   83   36 9200.00000 2000.00000  78.3%   172  957s
 205970 116736 3000.00000  106   33 9200.00000 2000.00000  78.3%   171  961s
 207087 117646 3000.00000   97   28 9200.00000 2000.00000  78.3%   171  968s
 207877 118192 5200.00000  145   46 9200.00000 2000.00000  78.3%   171  971s
 208744 118843 3000.00000  118   35 9200.00000 2000.00000  78.3%   171  975s
 210406 119855 5000.00000  131   44 9200.00000 2000.00000  78.3%   171  981s
 211195 120404 5000.00000  113   44 9200.00000 2000.00000  78.3%   171  985s
 212816 121445 3000.00000   81   46 9200.00000 2000.00000  78.3%   171  992s
 214335 122296 5000.00000  156   30 9200.00000 2000.00000  78.3%   171  998s
 215108 122853 infeasible  108      9200.00000 2000.00000  78.3%   171 1000s
 216768 123885 3000.00000  100   45 9200.00000 2000.00000  78.3%   171 1007s
 217711 124732 4000.00000  106   40 9200.00000 2000.00000  78.3%   171 1011s
 219960 125561 3000.00000   89   43 9200.00000 2000.00000  78.3%   171 1017s
 220600 125723 5000.00000   99   37 9200.00000 2000.00000  78.3%   171 1020s
 221738 126691 4000.00000  173   40 9200.00000 2000.00000  78.3%   171 1027s
 222576 127194 4000.00000   95   35 9200.00000 2000.00000  78.3%   171 1030s
 224238 128242 2005.74036  127   63 9200.00000 2000.00000  78.3%   171 1037s
 225862 129186 infeasible  193      9200.00000 2000.00000  78.3%   171 1043s
 226632 129194 4000.00000  112   42 9200.00000 2000.00000  78.3%   171 1045s
 226940 129731 infeasible   83      9200.00000 2000.00000  78.3%   171 1052s
 227683 130210 2000.00000   70   51 9200.00000 2000.00000  78.3%   171 1056s
 229353 131112 3000.00000   98   32 9200.00000 2000.00000  78.3%   171 1063s
 230188 131715 2000.00000   86   35 9200.00000 2000.00000  78.3%   171 1066s
 232132 132837 2000.00000   72   26 9200.00000 2000.00000  78.3%   171 1073s
 233029 133409 4000.00000   86   38 9200.00000 2000.00000  78.3%   171 1076s
 234805 134308 5000.00000   98   40 9200.00000 2000.00000  78.3%   170 1082s
 235652 134684 2000.00000   81   37 9200.00000 2000.00000  78.3%   170 1086s
 236359 135129 2000.00000   84   41 9200.00000 2000.00000  78.3%   170 1090s
 238071 136190 4000.00000  120   43 9200.00000 2000.00000  78.3%   171 1097s
 238800 136791 2000.00000   70   45 9200.00000 2000.00000  78.3%   171 1100s
 240319 137690 5000.00000  163   47 9200.00000 2000.00000  78.3%   171 1108s
 241207 138232 3000.00000   96   42 9200.00000 2000.00000  78.3%   171 1111s
 242918 139390 4000.00000  103   30 9200.00000 2000.00000  78.3%   171 1118s
 243836 139970 4000.00000  101   48 9200.00000 2000.00000  78.3%   171 1122s
 245491 140967 3000.00000   96   35 9200.00000 2000.00000  78.3%   171 1128s
 246396 141329 infeasible   82      9200.00000 2000.00000  78.3%   171 1131s
 247927 142236 4000.00000  124   39 9200.00000 2000.00000  78.3%   171 1138s
 248766 142754 infeasible   90      9200.00000 2000.00000  78.3%   171 1141s
 249622 143178 4000.00000  147   46 9200.00000 2000.00000  78.3%   171 1145s
 251327 144200 6400.00000  113   33 9200.00000 2000.00000  78.3%   171 1152s
 252083 144611 3000.00000   96   35 9200.00000 2000.00000  78.3%   171 1155s
 253707 145267 3000.00000   92   44 9200.00000 2000.00000  78.3%   171 1162s
 253937 145857 infeasible  102      9200.00000 2000.00000  78.3%   171 1167s
 254943 146412 5000.00000  100   43 9200.00000 2000.00000  78.3%   171 1171s
 255980 146944 3000.00000   89   35 9200.00000 2000.00000  78.3%   171 1175s
 257857 148063 3032.54277   92   78 9200.00000 2000.00000  78.3%   171 1181s
 258680 148475 4000.00000   79   43 9200.00000 2000.00000  78.3%   171 1185s
 260264 149208 7423.79156  108   49 9200.00000 2000.00000  78.3%   171 1191s
 260986 149665 8044.52809  158   30 9200.00000 2000.00000  78.3%   171 1195s
 262704 150657 2000.00000   80   37 9200.00000 2000.00000  78.3%   171 1201s
 263460 150946 3000.00000   91   51 9200.00000 2000.00000  78.3%   171 1205s
 265010 152105 2000.00000  124   39 9200.00000 2000.00000  78.3%   171 1212s
 265851 152661 4528.98070   90   41 9200.00000 2000.00000  78.3%   172 1216s
 266510 153072 2000.00000   85   38 9200.00000 2000.00000  78.3%   172 1220s
 267207 153742 2000.00000   74   39 9200.00000 2000.00000  78.3%   172 1225s
 268897 154915 2000.00000   81   40 9200.00000 2000.00000  78.3%   172 1233s
 269798 155419 3375.00000  124   43 9200.00000 2000.00000  78.3%   172 1237s
 270547 156092 4000.00000  108   45 9200.00000 2000.00000  78.3%   172 1242s
 271459 156634 infeasible  137      9200.00000 2000.00000  78.3%   172 1245s
 272310 157159 infeasible   84      9200.00000 2000.00000  78.3%   173 1250s
 274163 158181 2000.00000   64   38 9200.00000 2000.00000  78.3%   173 1257s
 275077 158408 4000.00000  138   34 9200.00000 2000.00000  78.3%   173 1262s
 275393 159123 infeasible  144      9200.00000 2000.00000  78.3%   173 1265s
 277300 160291 3000.00000   88   36 9200.00000 2000.00000  78.3%   173 1273s
 278360 160829 4000.00000   79   40 9200.00000 2000.00000  78.3%   173 1277s
 279268 161286 4000.00000  160   37 9200.00000 2000.00000  78.3%   173 1280s
 280023 161701 2000.00000   75   36 9200.00000 2000.00000  78.3%   173 1285s
 281615 162768 5200.00000  112   37 9200.00000 2000.00000  78.3%   173 1292s
 282391 163168 2000.00000   85   42 9200.00000 2000.00000  78.3%   173 1296s
 283049 163616 2000.00000   78   44 9200.00000 2000.00000  78.3%   173 1300s
 284697 164527 3014.24664  120   53 9200.00000 2000.00000  78.3%   173 1307s
 285511 165028 3000.00000  131   30 9200.00000 2000.00000  78.3%   173 1311s
 287136 165921 infeasible   96      9200.00000 2000.00000  78.3%   174 1317s
 287897 166453 2000.00000   98   49 9200.00000 2000.00000  78.3%   174 1321s
 289385 167679 3000.00000   98   37 9200.00000 2000.00000  78.3%   174 1328s
 290431 168425 3000.00000  105   34 9200.00000 2000.00000  78.3%   174 1332s
 292104 169423 2000.00000   77   39 9200.00000 2000.00000  78.3%   174 1338s
 292824 169823 2000.00000  100   47 9200.00000 2000.00000  78.3%   174 1342s
 293551 170251 infeasible  128      9200.00000 2000.00000  78.3%   174 1346s
 295152 171411 7162.78360  146   45 9200.00000 2000.00000  78.3%   174 1353s
 295947 172040 2000.00000   90   30 9200.00000 2000.00000  78.3%   174 1357s
 296870 172561 3000.00000   77   39 9200.00000 2000.00000  78.3%   174 1360s
 297891 173236 6400.00000  108   36 9200.00000 2000.00000  78.3%   174 1366s
 298678 173693 2000.00000  118   38 9200.00000 2000.00000  78.3%   174 1370s
 300322 174503 4000.00000  111   46 9200.00000 2000.00000  78.3%   174 1377s
 301067 174996 4316.04595  106   58 9200.00000 2000.00000  78.3%   174 1381s
 301888 175482 4000.00000   89   36 9200.00000 2000.00000  78.3%   174 1385s
 303564 176614 3000.00000  112   51 9200.00000 2000.00000  78.3%   174 1391s
 304550 177137 3000.00000  165   44 9200.00000 2000.00000  78.3%   174 1395s
 306290 178057 3010.25844  108   66 9200.00000 2000.00000  78.3%   174 1402s
 307018 178483 6917.95709   97   40 9200.00000 2000.00000  78.3%   174 1405s
 308717 179587 5000.00000  246   48 9200.00000 2000.00000  78.3%   174 1412s
 309429 180091 4000.00000  124   51 9200.00000 2000.00000  78.3%   174 1415s
 310914 180780 4000.00000   97   50 9200.00000 2000.00000  78.3%   175 1423s
 311550 181319 4000.00000  132   45 9200.00000 2000.00000  78.3%   175 1428s
 312453 181684 3000.00000  115   43 9200.00000 2000.00000  78.3%   175 1432s
 313187 182347 4000.00000  110   45 9200.00000 2000.00000  78.3%   175 1436s
 315314 183465 infeasible   92      9200.00000 2000.00000  78.3%   175 1443s
 316107 183847 infeasible  133      9200.00000 2000.00000  78.3%   175 1447s
 316834 184365 2161.24509  125   48 9200.00000 2000.00000  78.3%   175 1450s
 318428 185126 infeasible   81      9200.00000 2000.00000  78.3%   175 1458s
 319099 185676 3000.00000   76   43 9200.00000 2000.00000  78.3%   175 1461s
 319989 186271 3000.00000   78   40 9200.00000 2000.00000  78.3%   175 1465s
 321717 187216 5400.00000   88   30 9200.00000 2000.00000  78.3%   175 1472s
 322504 187917 4000.00000  163   36 9200.00000 2000.00000  78.3%   176 1476s
 324360 189159 3000.00000  135   37 9200.00000 2000.00000  78.3%   175 1482s
 325157 189722 4000.00000  106   37 9200.00000 2000.00000  78.3%   176 1486s
 325912 190271 4000.00000  114   47 9200.00000 2000.00000  78.3%   176 1491s
 327493 191230 3000.00000  143   43 9200.00000 2000.00000  78.3%   176 1498s
 328173 191769 7600.00000  206   32 9200.00000 2000.00000  78.3%   176 1501s
 329051 192207 6200.00000  160   39 9200.00000 2000.00000  78.3%   176 1505s
 330610 193432 3000.00000   98   33 9200.00000 2000.00000  78.3%   176 1513s
 331681 193947 infeasible  105      9200.00000 2000.00000  78.3%   176 1516s
 332567 194543 2000.00000   97   42 9200.00000 2000.00000  78.3%   176 1520s
 334130 195453 3000.00000  112   43 9200.00000 2000.00000  78.3%   176 1526s
 334756 195741 3000.00000   91   43 9200.00000 2000.00000  78.3%   176 1530s
 335816 196751 3000.00000   83   38 9200.00000 2000.00000  78.3%   176 1537s
 336649 197413 3000.00000   81   44 9200.00000 2000.00000  78.3%   176 1541s
 338369 198468 3000.00000  122   36 9200.00000 2000.00000  78.3%   176 1548s
 339177 199027 2000.00000   91   45 9200.00000 2000.00000  78.3%   176 1551s
 340020 199697 5200.00000   94   33 9200.00000 2000.00000  78.3%   176 1555s
 341764 200755 4000.00000  156   38 9200.00000 2000.00000  78.3%   176 1562s
 342528 201052 4000.00000  106   27 9200.00000 2000.00000  78.3%   176 1566s
 343225 201545 infeasible   86      9200.00000 2000.00000  78.3%   176 1570s
 344998 202692 3000.00000   92   41 9200.00000 2000.00000  78.3%   176 1577s
 345851 203272 6400.00000  123   33 9200.00000 2000.00000  78.3%   176 1581s
 347031 204209 3000.00000  185   48 9200.00000 2000.00000  78.3%   176 1588s
 347957 204843 3000.00000  272   48 9200.00000 2000.00000  78.3%   176 1592s
 348915 205566 3000.00000  119   42 9200.00000 2000.00000  78.3%   176 1595s
 350673 206807 4000.00000  141   48 9200.00000 2000.00000  78.3%   176 1602s
 351531 207490 3000.00000   95   58 9200.00000 2000.00000  78.3%   176 1606s
 353146 208408 3000.00000   95   45 9200.00000 2000.00000  78.3%   176 1612s
 353933 208817 3000.00000  107   49 9200.00000 2000.00000  78.3%   176 1616s
 355590 209778 6200.00000  127   40 9200.00000 2000.00000  78.3%   176 1624s
 356443 210180 5016.11935   78   50 9200.00000 2000.00000  78.3%   176 1628s
 357081 210610 3000.00000  115   47 9200.00000 2000.00000  78.3%   176 1630s
 358550 211633 infeasible   69      9200.00000 2000.00000  78.3%   176 1638s
 359390 212041 infeasible   64      9200.00000 2000.00000  78.3%   176 1641s
 360145 212784 5200.00000  103   40 9200.00000 2000.00000  78.3%   177 1645s
 362202 214071 7432.88569  183   61 9200.00000 2000.00000  78.3%   176 1652s
 363140 214615 infeasible   96      9200.00000 2000.00000  78.3%   176 1656s
 364693 215531 3000.00000  139   44 9200.00000 2000.00000  78.3%   176 1662s
 365488 216237 infeasible  171      9200.00000 2000.00000  78.3%   176 1665s
 367336 217713 5000.00000  126   46 9200.00000 2000.00000  78.3%   176 1672s
 368391 218381     cutoff  159      9200.00000 2000.00000  78.3%   176 1676s
 370343 219813 4000.00000  170   54 9200.00000 2000.00000  78.3%   176 1684s
 371340 220961 4000.00000  141   39 9200.00000 2000.00000  78.3%   176 1687s
 373315 221754 3000.00000  148   36 9200.00000 2000.00000  78.3%   176 1690s
 374554 223291 5200.00000  162   34 9200.00000 2000.00000  78.3%   176 1695s
 377288 224389 6400.00000  145   33 9200.00000 2000.00000  78.3%   175 1700s
 378427 225244 3000.00000  149   48 9200.00000 2000.00000  78.3%   175 1705s
 380194 226203 7400.00000  108   36 9200.00000 2000.00000  78.3%   175 1710s
 381730 227166 8800.00000  207   29 9200.00000 2000.00000  78.3%   175 1716s
 383377 227810 4000.00000  124   38 9200.00000 2000.00000  78.3%   175 1724s
 383386 227811 4000.00000  125   38 9200.00000 2000.00000  78.3%   175 1725s
 383578 228189 4000.00000  107   43 9200.00000 2000.00000  78.3%   175 1731s
 384015 228481 3000.00000   81   41 9200.00000 2000.00000  78.3%   175 1735s
 385024 229082 infeasible  146      9200.00000 2000.00000  78.3%   175 1742s
 385865 229204 4000.00000   90   38 9200.00000 2000.00000  78.3%   175 1746s
 386091 229749 4000.00000   91   46 9200.00000 2000.00000  78.3%   175 1750s
 388000 230754 4000.00000  140   52 9200.00000 2000.00000  78.3%   175 1758s
 388755 231308 4607.65215  192   35 9200.00000 2000.00000  78.3%   175 1762s
 389725 231871 2000.00000  117   47 9200.00000 2000.00000  78.3%   175 1765s
 391586 233044 4000.00000   96   42 9200.00000 2000.00000  78.3%   175 1771s
 392505 233540 4000.00000  141   50 9200.00000 2000.00000  78.3%   175 1775s
 394086 234557 4577.48650  126   46 9200.00000 2000.00000  78.3%   175 1782s
 394982 235097 2047.83878   92   58 9200.00000 2000.00000  78.3%   175 1785s
 396400 236116 2011.70900  144   74 9200.00000 2000.00000  78.3%   175 1792s
 397169 236476 4000.00000  209   44 9200.00000 2000.00000  78.3%   175 1796s
 398397 237138 infeasible  108      9200.00000 2000.00000  78.3%   175 1800s

Cutting planes:
  Learned: 1
  Cover: 9
  Implied bound: 1
  Projected implied bound: 3
  Clique: 6
  MIR: 2
  Flow cover: 19
  GUB cover: 30
  Zero half: 4
  Relax-and-lift: 6

Explored 398531 nodes (69835825 simplex iterations) in 1800.01 seconds (1187.57 work units)
Thread count was 8 (of 8 available processors)

Solution count 10: 9200 10400 11600 ... 18400

Time limit reached
Best objective 9.200000000000e+03, best bound 2.000000000000e+03, gap 78.2609%
