
Gurobi 13.0.1 (linux64) logging started Thu Apr 23 19:50:17 2026

Set parameter LogFile to value "experiments/20260422_213746/logs/Inst_18_Hard_Phantom_35__drone_index.log"
Set parameter LogToConsole to value 0
Set parameter TimeLimit to value 1800
Gurobi Optimizer version 13.0.1 build v13.0.1rc0 (linux64 - "Ubuntu 24.04.4 LTS")

CPU model: Intel(R) Core(TM) i5-8250U CPU @ 1.60GHz, instruction set [SSE2|AVX|AVX2]
Thread count: 4 physical cores, 8 logical processors, using up to 8 threads

Non-default parameters:
TimeLimit  1800
LogToConsole  0
LazyConstraints  1

Optimize a model with 142739 rows, 139869 columns and 667179 nonzeros (Min)
Model fingerprint: 0xcd40422e
Model has 44 linear objective coefficients
Variable types: 69300 continuous, 70569 integer (70569 binary)
Coefficient statistics:
  Matrix range     [1e+00, 3e+04]
  Objective range  [1e+03, 1e+03]
  Bounds range     [1e+00, 1e+00]
  RHS range        [1e+00, 1e+00]

Presolve removed 30800 rows and 15400 columns
Presolve time: 3.72s
Presolved: 111939 rows, 124469 columns, 590674 nonzeros
Variable types: 53900 continuous, 70569 integer (70569 binary)
Root relaxation presolved: 111939 rows, 124469 columns, 590674 nonzeros

Deterministic concurrent LP optimizer: primal simplex, dual simplex, and barrier
Showing barrier log only...

Root barrier log...

Ordering time: 0.06s

Barrier statistics:
 AA' NZ     : 6.532e+04
 Factor NZ  : 9.887e+04 (roughly 9 MB of memory)
 Factor Ops : 5.467e+06 (less than 1 second per iteration)
 Threads    : 2

                  Objective                Residual
Iter       Primal          Dual         Primal    Dual     Compl     Time
   0   1.39134241e+06 -2.86380947e+08  4.48e+05 5.83e-01  1.78e+05     5s
   1   5.27723899e+05 -2.31714796e+08  1.35e+05 1.02e-12  5.41e+04     5s
   2   1.06394150e+05 -9.80813524e+07  2.09e+04 1.51e-12  9.58e+03     5s
   3   5.40622226e+04 -2.97249058e+07  6.23e+03 6.82e-13  2.87e+03     5s
   4   4.18825177e+04 -1.51462044e+07  3.33e+03 5.63e-12  1.50e+03     5s
   5   3.12512102e+04 -9.16005288e+06  1.91e+03 5.23e-12  8.69e+02     5s
   6   2.17385423e+04 -4.81816928e+06  9.60e+02 2.96e-12  4.36e+02     5s
   7   1.14968210e+04 -2.15630366e+06  2.78e+02 1.62e-12  1.47e+02     5s
   8   8.03803994e+03 -9.19608144e+05  9.90e+01 2.05e-12  5.35e+01     5s
   9   7.81594075e+03 -7.22170725e+05  4.68e+01 3.35e-12  3.40e+01     5s
  10   8.19669748e+03 -5.00460791e+05  2.83e+01 3.79e-12  2.19e+01     5s
  11   8.21343783e+03 -1.79088418e+05  1.00e+01 2.69e-12  7.19e+00     5s
  12   7.62809953e+03 -8.08073106e+04  3.58e+00 1.73e-12  3.13e+00     5s
  13   6.77856081e+03 -3.24669954e+04  1.05e+00 9.49e-13  1.33e+00     5s
  14   5.94274408e+03 -1.71742397e+04  3.34e-01 9.46e-13  7.67e-01     5s
  15   5.74558891e+03 -1.29609698e+04  2.77e-01 1.83e-12  6.20e-01     5s
  16   5.35466205e+03 -6.02164818e+03  1.95e-01 2.13e-12  3.77e-01     5s
  17   4.97727479e+03 -1.84797534e+03  1.46e-01 1.21e-12  2.26e-01     5s
  18   4.53598134e+03 -1.38151130e+03  9.65e-02 1.81e-12  1.96e-01     5s
  19   4.10893277e+03 -2.70140582e+00  5.96e-02 1.23e-12  1.36e-01     5s
  20   3.48405611e+03  5.44994291e+02  3.15e-02 4.95e-12  9.68e-02     5s
  21   3.18375915e+03  8.81135034e+02  2.41e-02 3.04e-12  7.59e-02     5s
  22   2.61251786e+03  1.46538535e+03  1.19e-02 1.22e-12  3.78e-02     5s
  23   2.31409529e+03  1.73680965e+03  5.68e-03 1.16e-12  1.90e-02     5s
  24   2.16871300e+03  1.86265017e+03  3.09e-03 1.46e-12  1.01e-02     5s
  25   2.07009461e+03  1.95024431e+03  1.37e-03 5.79e-13  3.95e-03     5s
  26   2.03213192e+03  1.97670735e+03  7.29e-04 2.60e-12  1.83e-03     5s
  27   2.00315822e+03  1.98474582e+03  2.53e-04 1.91e-12  6.08e-04     5s
  28   1.99343478e+03  1.98627444e+03  1.03e-04 2.33e-12  2.36e-04     5s
  29   1.98687641e+03  1.98639127e+03  5.21e-06 8.71e-12  1.60e-05     5s
  30   1.98645082e+03  1.98643463e+03  2.74e-08 1.09e-12  5.30e-07     5s
  31   1.98644007e+03  1.98644005e+03  2.15e-10 9.45e-13  5.87e-10     5s

Barrier solved model in 31 iterations and 5.26 seconds (2.68 work units)
Optimal objective 1.98644007e+03


Root crossover log...

    8745 DPushes remaining with DInf 0.0000000e+00                 5s
       0 DPushes remaining with DInf 0.0000000e+00                 5s

     144 PPushes remaining with PInf 0.0000000e+00                 5s
       0 PPushes remaining with PInf 0.0000000e+00                 5s

  Push phase complete: Pinf 0.0000000e+00, Dinf 8.8477121e-13      5s


Root simplex log...

Iteration    Objective       Primal Inf.    Dual Inf.      Time
    4217    1.9864401e+03   0.000000e+00   0.000000e+00      5s
Crossover time: 0.07 seconds (0.02 work units)
Concurrent spin time: 0.00s

Solved with barrier
    4217    1.9864401e+03   0.000000e+00   0.000000e+00      5s

Use crossover to convert LP symmetric solution to basic solution...

Root crossover log...

     105 DPushes remaining with DInf 0.0000000e+00                 6s
       0 DPushes remaining with DInf 0.0000000e+00                 6s

     939 PPushes remaining with PInf 0.0000000e+00                 6s
       0 PPushes remaining with PInf 0.0000000e+00                 6s

  Push phase complete: Pinf 0.0000000e+00, Dinf 9.8984427e-13      6s


Root simplex log...

Iteration    Objective       Primal Inf.    Dual Inf.      Time
    5229    1.9864401e+03   0.000000e+00   0.000000e+00      6s
Crossover time: 0.30 seconds (0.14 work units)

Root relaxation: objective 1.986440e+03, 5229 iterations, 1.40 seconds (0.56 work units)

    Nodes    |    Current Node    |     Objective Bounds      |     Work
 Expl Unexpl |  Obj  Depth IntInf | Incumbent    BestBd   Gap | It/Node Time

     0     0 1986.44006    0  212          - 1986.44006      -     -    8s
     0     0 1986.44006    0  212          - 1986.44006      -     -   17s
     0     0 1986.44006    0  212          - 1986.44006      -     -   23s
     0     0 1986.44006    0  212          - 1986.44006      -     -   30s
     0     0 1986.44006    0  212          - 1986.44006      -     -   37s
     0     0 1986.44006    0  212          - 1986.44006      -     -   43s
     0     0 1986.44006    0  401          - 1986.44006      -     -   51s
     0     0 1986.69858    0  512          - 1986.69858      -     -   83s
     0     0 1986.69858    0  512          - 1986.69858      -     -  139s
     0     0 1991.92170    0  504          - 1991.92170      -     -  250s
     0     0 1995.32955    0  670          - 1995.32955      -     -  310s
     0     0 1995.44201    0  747          - 1995.44201      -     -  316s
     0     0 1995.44235    0  760          - 1995.44235      -     -  316s
     0     0 2023.21069    0  607          - 2023.21069      -     -  324s
     0     0 2023.25128    0  729          - 2023.25128      -     -  327s
     0     0 2023.25188    0  732          - 2023.25188      -     -  328s
     0     0 2024.34067    0  630          - 2024.34067      -     -  355s
     0     0 2024.58939    0  571          - 2024.58939      -     -  361s
     0     0 2024.65679    0  635          - 2024.65679      -     -  378s
     0     0 2025.90043    0  768          - 2025.90043      -     -  417s
     0     0 2025.97685    0  663          - 2025.97685      -     -  423s
     0     0 2025.97836    0  666          - 2025.97836      -     -  424s
     0     0 2028.12554    0  589          - 2028.12554      -     -  430s
     0     0 2028.12554    0  597          - 2028.12554      -     -  431s
     0     0 2037.65016    0  635          - 2037.65016      -     -  538s
     0     0 2038.40826    0  682          - 2038.40826      -     -  546s
     0     0 2038.61233    0  638          - 2038.61233      -     -  552s
     0     0 2038.61233    0  631          - 2038.61233      -     -  552s
     0     0 2047.65274    0  716          - 2047.65274      -     -  751s
     0     0 2047.65274    0  716          - 2047.65274      -     -  793s
     0     0 2051.90033    0  612          - 2051.90033      -     -  908s
     0     0 2054.46603    0  698          - 2054.46603      -     -  935s
     0     0 2056.35156    0  748          - 2056.35156      -     -  957s
     0     0 2056.84588    0  824          - 2056.84588      -     -  975s
     0     0 2056.88830    0  804          - 2056.88830      -     -  980s
     0     0 2056.88830    0  849          - 2056.88830      -     -  981s
     0     0 2064.87734    0  875          - 2064.87734      -     - 1161s
     0     0 2066.48145    0  861          - 2066.48145      -     - 1201s
     0     0 2066.95871    0  821          - 2066.95871      -     - 1230s
     0     0 2067.03091    0  838          - 2067.03091      -     - 1237s
     0     0 2067.03123    0  838          - 2067.03123      -     - 1238s
     0     0 2068.12248    0 1428          - 2068.12248      -     - 1373s
     0     0 2068.13722    0 1456          - 2068.13722      -     - 1473s
     0     0 2070.93447    0 1399          - 2070.93447      -     - 1589s
     0     0 2071.87185    0 1409          - 2071.87185      -     - 1614s
     0     0 2071.98750    0 1466          - 2071.98750      -     - 1622s
     0     0 2072.00409    0 1467          - 2072.00409      -     - 1629s
     0     0 2072.01035    0 1647          - 2072.01035      -     - 1632s
     0     0 2075.52877    0 1802          - 2075.52877      -     - 1734s
     0     0 2075.55292    0 1802          - 2075.55292      -     - 1800s

Cutting planes:
  Learned: 1
  Gomory: 1
  Cover: 139
  Implied bound: 28
  Clique: 84
  MIR: 39
  Flow cover: 288
  GUB cover: 8
  Mod-K: 1
  RLT: 45
  Relax-and-lift: 1
  BQP: 20
  Lazy constraints: 193

Explored 1 nodes (190347 simplex iterations) in 1800.04 seconds (1344.46 work units)
Thread count was 8 (of 8 available processors)

Solution count 0

Time limit reached
Best objective -, best bound 2.200000000000e+03, gap -

User-callback calls 62264, time in user-callback 1.10 sec
