
Gurobi 13.0.1 (linux64) logging started Thu Apr 23 17:49:59 2026

Set parameter LogFile to value "experiments/20260422_213746/logs/Inst_17_Hard_Inspire_35__ribeiro.log"
Set parameter LogToConsole to value 0
Set parameter TimeLimit to value 1800
Gurobi Optimizer version 13.0.1 build v13.0.1rc0 (linux64 - "Ubuntu 24.04.4 LTS")

CPU model: Intel(R) Core(TM) i5-8250U CPU @ 1.60GHz, instruction set [SSE2|AVX|AVX2]
Thread count: 4 physical cores, 8 logical processors, using up to 8 threads

Non-default parameters:
TimeLimit  1800
LogToConsole  0

Optimize a model with 6824 rows, 2133 columns and 22804 nonzeros (Min)
Model fingerprint: 0x620f91da
Model has 53 linear objective coefficients
Variable types: 90 continuous, 2043 integer (1989 binary)
Coefficient statistics:
  Matrix range     [1e+00, 3e+04]
  Objective range  [1e+03, 2e+03]
  Bounds range     [1e+00, 3e+04]
  RHS range        [1e+00, 6e+04]

Presolve removed 820 rows and 12 columns
Presolve time: 0.07s
Presolved: 6004 rows, 2121 columns, 21412 nonzeros
Variable types: 79 continuous, 2042 integer (1989 binary)

Root relaxation: objective 0.000000e+00, 599 iterations, 0.02 seconds (0.02 work units)

    Nodes    |    Current Node    |     Objective Bounds      |     Work
 Expl Unexpl |  Obj  Depth IntInf | Incumbent    BestBd   Gap | It/Node Time

     0     0    0.00000    0   55          -    0.00000      -     -    0s
H    0     0                    79000.000000    0.00000   100%     -    0s
     0     0    0.00000    0  113 79000.0000    0.00000   100%     -    0s
H    0     0                    74000.000000    0.00000   100%     -    0s
H    0     0                    62000.000000    0.00000   100%     -    0s
H    0     0                    60000.000000    0.00000   100%     -    0s
H    0     0                    56000.000000    0.00000   100%     -    0s
H    0     0                    54000.000000    0.00000   100%     -    0s
H    0     0                    52000.000000    0.00000   100%     -    0s
     0     0    0.00000    0  111 52000.0000    0.00000   100%     -    0s
     0     0    0.00000    0  111 52000.0000    0.00000   100%     -    0s
     0     0    0.00000    0   63 52000.0000    0.00000   100%     -    1s
H    0     0                    50000.000000    0.00000   100%     -    1s
H    0     0                    44000.000000    0.00000   100%     -    1s
H    0     0                    40000.000000    0.00000   100%     -    1s
H    0     0                    38000.000000    0.00000   100%     -    1s
     0     0    0.00000    0   54 38000.0000    0.00000   100%     -    1s
     0     0    0.00000    0   95 38000.0000    0.00000   100%     -    1s
     0     0    0.00000    0   54 38000.0000    0.00000   100%     -    2s
H    0     0                    36000.000000    0.00000   100%     -    2s
     0     0    0.00000    0   90 36000.0000    0.00000   100%     -    2s
     0     0    0.00000    0  104 36000.0000    0.00000   100%     -    2s
     0     0    0.00000    0   66 36000.0000    0.00000   100%     -    3s
     0     0    0.00000    0   66 36000.0000    0.00000   100%     -    4s
     0     0    0.00000    0   51 36000.0000    0.00000   100%     -    4s
H    0     0                    34000.000000    0.00000   100%     -    4s
     0     2    0.00000    0   44 34000.0000    0.00000   100%     -    4s
     7    12    0.00000    3  105 34000.0000    0.00000   100%   479    5s
H   19    24                    33000.000000    0.00000   100%   396    5s
H   20    24                    32000.000000    0.00000   100%   384    5s
H   21    24                    30000.000000    0.00000   100%   380    5s
H   23    28                    29000.000000    0.00000   100%   364    6s
H   24    28                    27000.000000    0.00000   100%   363    6s
H   26    28                    26000.000000    0.00000   100%   336    6s
H   28    37                    24000.000000    0.00000   100%   332    6s
H  182   304                    23000.000000    0.00000   100%   312    9s
   347   375    0.00000   44   76 23000.0000    0.00000   100%   277   11s
H  348   375                    21000.000000    0.00000   100%   276   11s
H  703   589                    20000.000000    0.00000   100%   237   14s
   705   853 1025.93361   64   85 20000.0000    0.00000   100%   241   16s
  1383  1157 3000.00000   54   51 20000.0000    0.00000   100%   240   20s
  1387  1160 3000.00000   52   89 20000.0000    0.00000   100%   239   25s
  1390  1162 4000.00000  229   82 20000.0000    0.00000   100%   239   30s
  1394  1164 1059.86570   55   79 20000.0000    0.00000   100%   238   36s
  1398  1167    0.00000    5   78 20000.0000    0.00000   100%   237   42s
  1401  1169 1000.00000   25   90 20000.0000    0.00000   100%   237   46s
  1403  1173    0.00000   12   85 20000.0000    0.00000   100%   269   50s
H 1425  1131                    18000.000000    0.00000   100%   271   54s
  1429  1158    0.00000   20   89 18000.0000    0.00000   100%   272   61s
  1457  1269    0.00000   25   88 18000.0000    0.00000   100%   294   67s
H 1503  1198                    16000.000000    0.00000   100%   294   67s
  1578  1239    0.00000   40   79 16000.0000    0.00000   100%   298   76s
  1646  1515 2000.00000   56   50 16000.0000    0.00000   100%   322   89s
  1951  1440 4009.72150   93   69 16000.0000    0.00000   100%   346   98s
  1979  1555 5000.00000   93   50 16000.0000    0.00000   100%   351  108s
  2121  1663    0.00000   29   65 16000.0000    0.00000   100%   361  119s
  2349  1773   42.21238   46   95 16000.0000    0.00000   100%   380  131s
  2551  1956 1000.00000   60   66 16000.0000    0.00000   100%   413  143s
  2833  2024 3000.00000  105   51 16000.0000    0.00000   100%   429  155s
  3012  2233 4000.00000  131   51 16000.0000    0.00000   100%   438  167s
  3387  2346    0.00000   50   59 16000.0000    0.00000   100%   432  177s
  3700  2473 1000.00000   93   77 16000.0000    0.00000   100%   434  188s
  3949  2618 2000.00000  142   61 16000.0000    0.00000   100%   442  198s
  4189  2570 3240.31646  180   64 16000.0000    0.00000   100%   437  208s
  4221  2749 2120.16233  187   66 16000.0000    0.00000   100%   440  219s
  4411  3013 3000.00000  204   53 16000.0000    0.00000   100%   438  228s
  4759  3303 5000.00000  268   47 16000.0000    0.00000   100%   441  238s
  5235  3682 1065.34392   63   50 16000.0000    0.00000   100%   432  246s
  5656  3906 8000.00000  148   34 16000.0000    0.00000   100%   424  255s
  5945  4186 3000.00000   82   47 16000.0000    0.00000   100%   426  263s
  6281  4563 1000.00000   40   54 16000.0000    0.00000   100%   419  271s
  6686  4691 3000.00000  129   57 16000.0000    0.00000   100%   414  278s
  6846  4977 3000.00000  130   53 16000.0000    0.00000   100%   411  286s
  7215  5375 7054.10776  166   65 16000.0000    0.00000   100%   407  294s
  7725  5809 1000.00000   58   64 16000.0000    0.00000   100%   397  302s
  8239  6187 4000.00000  101   43 16000.0000    0.00000   100%   387  311s
  8667  6262 2000.00000   70   47 16000.0000    0.00000   100%   384  319s
  8742  6353 2000.00000   73   43 16000.0000    0.00000   100%   385  330s
  8847  6780 infeasible  124      16000.0000    0.00000   100%   386  340s
  9312  7129 8149.91149  268   48 16000.0000    0.00000   100%   380  349s
  9795  7347 9000.00000  153   55 16000.0000    0.00000   100%   377  360s
 10093  7923 4000.00000  113   52 16000.0000    0.00000   100%   374  369s
 10754  8566 1000.00000   64   63 16000.0000    0.00000   100%   366  386s
 11495  8909 3000.00000   54   51 16000.0000    0.00000   100%   358  393s
 11857  9306 7000.00000  130   46 16000.0000    0.00000   100%   352  400s
 12392  9703 4000.00000   82   47 16000.0000    0.00000   100%   346  406s
 12842  9854 4000.00000  126   39 16000.0000    0.00000   100%   342  413s
 12993 10194 4000.00000  136   53 16000.0000    0.00000   100%   341  421s
 13381 10561 5000.00000  189   46 16000.0000    0.00000   100%   339  427s
 13861 10949 1000.00000   35   43 16000.0000    0.00000   100%   336  434s
 14301 11037 2000.00000   34   54 16000.0000    0.00000   100%   333  442s
 14389 11530 3000.00000   43   48 16000.0000    0.00000   100%   332  449s
 14953 11835 6000.00000  181   45 16000.0000    0.00000   100%   324  455s
 15280 11994 7000.00000  304   65 16000.0000    0.00000   100%   324  462s
 15487 12327 4000.00000   93   44 16000.0000    0.00000   100%   324  470s
 15894 12668    0.00000   44   58 16000.0000    0.00000   100%   324  477s
 16319 13056 6000.00000  168   53 16000.0000    0.00000   100%   321  485s
 16783 13358 1262.19621   45   56 16000.0000    0.00000   100%   317  492s
 17085 13362 2077.32381  117   76 16000.0000    0.00000   100%   318  499s
 17089 13366 4000.00000  119   58 16000.0000    0.00000   100%   318  507s
 17093 13515 4000.00000  116   48 16000.0000    0.00000   100%   318  514s
 17250 13763 4000.00000  152   48 16000.0000    0.00000   100%   318  521s
 17550 14243 1000.00000   60   56 16000.0000    0.00000   100%   318  529s
 18087 14460 3000.00000   62   39 16000.0000    0.00000   100%   314  536s
 18324 14737 4000.00000   84   47 16000.0000    0.00000   100%   315  544s
 18730 14869 1027.96813   36   69 16000.0000    0.00000   100%   314  551s
 18862 15138 2000.00000   48   48 16000.0000    0.00000   100%   316  561s
 19192 15380 1000.00000   32   65 16000.0000    0.00000   100%   318  568s
 19470 15513 2000.00000   34   42 16000.0000    0.00000   100%   320  574s
 19643 15874 infeasible   60      16000.0000    0.00000   100%   320  583s
 20069 16309 1273.72844   30   65 16000.0000    0.00000   100%   320  591s
 20558 16548 7000.00000  158   42 16000.0000    0.00000   100%   319  598s
 20846 16947 3000.00000   69   55 16000.0000    0.00000   100%   320  608s
 21314 17204 1000.00000   46   67 16000.0000    0.00000   100%   320  680s
 21587 17665 3000.00000   94   48 16000.0000    0.00000   100%   324  696s
 22124 18511 6000.00000  137   47 16000.0000    0.00000   100%   326  710s
 23114 18810 5000.00000  182   61 16000.0000    0.00000   100%   321  718s
 23442 19245 3000.00000   47   48 16000.0000    0.00000   100%   321  727s
 23942 19556 6265.83753   90   42 16000.0000    0.00000   100%   320  735s
 24331 19982 2000.00000   43   60 16000.0000    0.00000   100%   318  743s
 24838 20415 4000.00000   70   37 16000.0000    0.00000   100%   317  751s
 25340 20596 5000.00000   90   50 16000.0000    0.00000   100%   316  759s
 25560 21080 infeasible  174      16000.0000    0.00000   100%   315  767s
 26138 21613 1000.00000   39   61 16000.0000    0.00000   100%   313  776s
 26742 22070 9000.00000  291   45 16000.0000    0.00000   100%   310  783s
 27282 22425 infeasible  140      16000.0000    0.00000   100%   308  790s
 27695 22654 1000.00000   58   76 16000.0000    0.00000   100%   307  799s
 27963 22800 4000.00000   96   68 16000.0000    0.00000   100%   308  807s
 28147 22799 2000.00000  107   46 16000.0000    0.00000   100%   309  814s
 28156 22821 2008.18256  108   72 16000.0000    0.00000   100%   309  822s
 28180 22993 3000.00000  108   53 16000.0000    0.00000   100%   310  830s
 28424 23332 3000.00000  116   40 16000.0000    0.00000   100%   310  838s
 28803 23811 5000.00000  166   53 16000.0000    0.00000   100%   310  846s
 29352 24014 5000.00000   96   51 16000.0000    0.00000   100%   308  853s
 29635 24466 6000.00000  141   53 16000.0000    0.00000   100%   308  861s
 30117 24805  227.88688   42   95 16000.0000    0.00000   100%   307  868s
 30502 25010 7000.00000   80   46 16000.0000    0.00000   100%   308  876s
 30743 25425    0.00000   40   69 16000.0000    0.00000   100%   308  884s
 31196 25869 2000.00000   55   73 16000.0000    0.00000   100%   307  892s
 31715 26325  152.99907   32   94 16000.0000    0.00000   100%   306  907s
 32222 26785 3000.00000   53   61 16000.0000    0.00000   100%   306  915s
 32740 27239   59.00381   39   98 16000.0000    0.00000   100%   304  922s
 33261 27551 3000.00000  182   54 16000.0000    0.00000   100%   302  930s
 33656 27917   39.92957   53   94 16000.0000    0.00000   100%   301  937s
 34042 28262 8000.00000  203   57 16000.0000    0.00000   100%   300  944s
 34427 28738 4000.00000   93   49 16000.0000    0.00000   100%   299  952s
 34971 28897 3000.00000   76   47 16000.0000    0.00000   100%   297  958s
 35154 29103 4000.00000  115   72 16000.0000    0.00000   100%   297  965s
 35444 29439 1000.00000   45   81 16000.0000    0.00000   100%   298  972s
 35823 29848 4000.00000   85   50 16000.0000    0.00000   100%   298  979s
 36281 30121 6000.00000  146   53 16000.0000    0.00000   100%   297  987s
 36628 30542 3000.00000   53   73 16000.0000    0.00000   100%   296  995s
 37071 30880 6000.00000  108   52 16000.0000    0.00000   100%   295 1001s
 37515 31094 3262.19621   44   61 16000.0000    0.00000   100%   295 1008s
 37775 31335 3000.00000   67   57 16000.0000    0.00000   100%   296 1015s
 38082 31721 1483.00431   35   79 16000.0000    0.00000   100%   296 1022s
 38548 31836 infeasible  145      16000.0000    0.00000   100%   295 1029s
 38679 31851  256.22309   39   68 16000.0000    0.00000   100%   295 1038s
 38696 31972 1000.00000   40   64 16000.0000    0.00000   100%   295 1046s
 38849 32210 1000.00000   41   63 16000.0000    0.00000   100%   295 1055s
 39131 32477 1000.00000   42   62 16000.0000    0.00000   100%   295 1063s
 39488 32661 infeasible  154      16000.0000    0.00000   100%   295 1072s
 39718 33152  114.42620   29  104 16000.0000    0.00000   100%   295 1080s
 40249 33570 2000.00000   71   50 16000.0000    0.00000   100%   294 1088s
 40741 33753 infeasible  111      16000.0000    0.00000   100%   294 1095s
 41014 34038 4000.00000   42   49 16000.0000    0.00000   100%   295 1103s
 41361 34295 infeasible   83      16000.0000    0.00000   100%   295 1111s
 41649 34643 5000.00000  144   49 16000.0000    0.00000   100%   295 1119s
 42090 35071 5000.00000   92   50 16000.0000    0.00000   100%   295 1133s
 42564 35718    0.00000   53   67 16000.0000    0.00000   100%   294 1143s
 43286 36072 3000.00000   50   74 16000.0000    0.00000   100%   292 1148s
 43690 36313 1000.00000   50   66 16000.0000    0.00000   100%   292 1154s
 43959 36553 5000.00000  115   73 16000.0000    0.00000   100%   292 1161s
 44255 36690 7038.72088  153   70 16000.0000    0.00000   100%   292 1168s
 44409 37069 infeasible  154      16000.0000    0.00000   100%   292 1175s
 44863 37362 4000.00000  142   44 16000.0000    0.00000   100%   291 1182s
 45206 37691 6000.00000  250   44 16000.0000    0.00000   100%   292 1190s
 45726 38108 2000.00000  101   71 16000.0000    0.00000   100%   291 1197s
 46207 38440   51.35303   54   98 16000.0000    0.00000   100%   290 1203s
 46593 38555 5000.00000  112   47 16000.0000    0.00000   100%   290 1210s
 46718 39122 6000.00000  182   51 16000.0000    0.00000   100%   290 1217s
 47327 39592 7000.00000  347   49 16000.0000    0.00000   100%   288 1224s
 47813 39980 2000.00000   65   56 16000.0000    0.00000   100%   288 1231s
 48232 40393 6000.00000  222   57 16000.0000    0.00000   100%   287 1237s
 48653 40669 7000.00000  294   50 16000.0000    0.00000   100%   286 1244s
 49052 40946 1000.00000   58   52 16000.0000    0.00000   100%   286 1251s
 49387 41191 1000.00000   33   68 16000.0000    0.00000   100%   286 1258s
 49652 41336 2000.00000   51   59 16000.0000    0.00000   100%   287 1264s
 49853 41449 4000.00000  101   63 16000.0000    0.00000   100%   287 1271s
 50021 41730 4000.00000   45   58 16000.0000    0.00000   100%   288 1278s
 50326 42055 2000.00000   91   47 16000.0000    0.00000   100%   288 1286s
 50766 42667 4000.00000  102   52 16000.0000    0.00000   100%   288 1293s
 51394 42671 7000.00000  274   54 16000.0000    0.00000   100%   286 1301s
 51398 42675 7000.00000  275   52 16000.0000    0.00000   100%   286 1310s
 51402 42728 7000.00000  276   54 16000.0000    0.00000   100%   286 1318s
 51455 42888 7000.00000  277   59 16000.0000    0.00000   100%   286 1326s
 51615 43020 7000.00000  278   67 16000.0000    0.00000   100%   286 1333s
 51781 43172 7000.00000  279   65 16000.0000    0.00000   100%   285 1340s
 51949 43429 7000.00000  280   60 16000.0000    0.00000   100%   286 1347s
 52250 43752 5000.00000  105   46 16000.0000    0.00000   100%   287 1353s
 52589 44160 2000.00000   52   63 16000.0000    0.00000   100%   287 1367s
 53081 44521 4000.00000   83   36 16000.0000    0.00000   100%   287 1375s
 53504 44907 3000.00000  122   69 16000.0000    0.00000   100%   287 1383s
 53928 45365 3000.00000  194   56 16000.0000    0.00000   100%   286 1391s
 54460 45644 6000.00000  325   45 16000.0000    0.00000   100%   286 1398s
 54856 46154 1011.96439   93   87 16000.0000    0.00000   100%   285 1405s
 55414 46486 5000.00000  200   56 16000.0000    0.00000   100%   284 1412s
 55784 46675 2319.36723   75   58 16000.0000    0.00000   100%   284 1419s
 55989 46852 4000.00000  115   60 16000.0000    0.00000   100%   284 1426s
 56194 47148 6117.55579  152   75 16000.0000    0.00000   100%   284 1434s
 56562 47559 infeasible  108      16000.0000    0.00000   100%   285 1441s
 57035 48262 4000.00000  128   63 16000.0000    0.00000   100%   284 1449s
 57819 48558 infeasible  372      16000.0000    0.00000   100%   282 1455s
 58143 48890 6000.00000  123   43 16000.0000    0.00000   100%   282 1462s
 58561 49544 2000.00000   64   49 16000.0000    0.00000   100%   282 1469s
 59247 49549 9000.00000  281   50 16000.0000    0.00000   100%   280 1475s
 59252 49882 9000.00000  282   54 16000.0000    0.00000   100%   280 1483s
 59641 50212 11000.0000  301   54 16000.0000    0.00000   100%   280 1489s
 60019 50519 2000.00000   70   58 16000.0000    0.00000   100%   280 1496s
 60402 50705 2000.00000   71   43 16000.0000    0.00000   100%   280 1501s
 60636 51019 2000.00000   96   58 16000.0000    0.00000   100%   281 1508s
 60952 51388 9000.00000  222   44 16000.0000    0.00000   100%   280 1515s
 61399 51738 5000.12582  205   73 16000.0000    0.00000   100%   280 1522s
 61808 51811   44.00956   40  103 16000.0000    0.00000   100%   280 1528s
 61905 52102 2000.00000   50   60 16000.0000    0.00000   100%   280 1536s
 62268 52374 6000.00000   87   26 16000.0000    0.00000   100%   281 1542s
 62634 52802  107.41954   68  102 16000.0000    0.00000   100%   280 1549s
 63101 53159 8000.00000  184   41 16000.0000    0.00000   100%   280 1562s
 63536 53324 2000.00000   62   57 16000.0000    0.00000   100%   280 1571s
 63763 53736 2000.00000   76   38 16000.0000    0.00000   100%   281 1582s
 64328 54176    0.00000   42   68 16000.0000    0.00000   100%   281 1590s
 64778 54470 4000.00000  151   58 16000.0000    0.00000   100%   282 1599s
 65100 54838 7000.00000  206   52 16000.0000    0.00000   100%   281 1609s
 65553 55357 4000.00000  107   75 16000.0000    0.00000   100%   282 1618s
 66122 55501 2000.00000   56   55 16000.0000    0.00000   100%   281 1626s
 66300 55873 4000.00000   96   63 16000.0000    0.00000   100%   281 1635s
 66780 56213 2000.00000   70   63 16000.0000    0.00000   100%   282 1643s
 67160 56770 3000.00000   82   48 16000.0000    0.00000   100%   282 1651s
 67803 57200 9000.00000  177   38 16000.0000    0.00000   100%   281 1660s
 68283 57353 3000.00000   62   37 16000.0000    0.00000   100%   281 1668s
 68504 57786 8000.00000   78   51 16000.0000    0.00000   100%   281 1676s
 69043 58220 5333.33333  170   47 16000.0000    0.00000   100%   281 1684s
 69577 58634 5000.00000  133   42 16000.0000    0.00000   100%   280 1692s
 70082 58950 1000.00000   59   67 16000.0000    0.00000   100%   280 1700s
 70454 59282   78.51986   50   91 16000.0000    0.00000   100%   280 1708s
 70854 59646 2000.00000   89   57 16000.0000    0.00000   100%   280 1717s
 71264 60296 infeasible  197      16000.0000    0.00000   100%   280 1724s
 71952 60692 9000.00000  254   49 16000.0000    0.00000   100%   279 1732s
 72499 60765 infeasible   86      16000.0000    0.00000   100%   278 1739s
 72616 60768 12000.0000   96   47 16000.0000    0.00000   100%   279 1748s
 72621 60772 11000.0000   95   52 16000.0000    0.00000   100%   279 1755s
 72625 60773 10500.0000   94   46 16000.0000    0.00000   100%   279 1766s
 72632 60777 12017.5175   96   78 16000.0000    0.00000   100%   279 1774s
 72636 60885 12000.0000   97   57 16000.0000    0.00000   100%   279 1782s
 72766 61258 12000.0000   98   45 16000.0000    0.00000   100%   279 1789s
 73211 61698 2000.00000   67   62 16000.0000    0.00000   100%   279 1797s

Cutting planes:
  Cover: 4
  Implied bound: 29
  Projected implied bound: 42
  Clique: 3
  MIR: 10
  Mixing: 20
  Flow cover: 111
  GUB cover: 4
  Zero half: 2
  RLT: 4
  Relax-and-lift: 142

Explored 73651 nodes (20507782 simplex iterations) in 1800.00 seconds (2124.90 work units)
Thread count was 8 (of 8 available processors)

Solution count 10: 16000 18000 20000 ... 30000

Time limit reached
Best objective 1.600000000000e+04, best bound 0.000000000000e+00, gap 100.0000%
