
Gurobi 13.0.1 (linux64) logging started Thu Apr 23 13:49:42 2026

Set parameter LogFile to value "experiments/20260422_213746/logs/Inst_14_Medium_Phantom_23__drone_index.log"
Set parameter LogToConsole to value 0
Set parameter TimeLimit to value 1800
Gurobi Optimizer version 13.0.1 build v13.0.1rc0 (linux64 - "Ubuntu 24.04.4 LTS")

CPU model: Intel(R) Core(TM) i5-8250U CPU @ 1.60GHz, instruction set [SSE2|AVX|AVX2]
Thread count: 4 physical cores, 8 logical processors, using up to 8 threads

Non-default parameters:
TimeLimit  1800
LogToConsole  0
LazyConstraints  1

Optimize a model with 41843 rows, 40578 columns and 192930 nonzeros (Min)
Model fingerprint: 0xca42fdcd
Model has 29 linear objective coefficients
Variable types: 20010 continuous, 20568 integer (20568 binary)
Coefficient statistics:
  Matrix range     [1e+00, 3e+04]
  Objective range  [1e+03, 1e+03]
  Bounds range     [1e+00, 1e+00]
  RHS range        [1e+00, 1e+00]

Presolve removed 9338 rows and 4669 columns
Presolve time: 0.57s
Presolved: 32505 rows, 35909 columns, 169562 nonzeros
Variable types: 15341 continuous, 20568 integer (20568 binary)
Root relaxation presolved: 32505 rows, 35909 columns, 169562 nonzeros

Deterministic concurrent LP optimizer: primal and dual simplex
Showing primal log only...

Concurrent spin time: 0.00s

Solved with primal simplex

Use crossover to convert LP symmetric solution to basic solution...
Crossover time: 0.05 seconds (0.04 work units)

Root relaxation: objective 2.264582e+03, 4333 iterations, 0.17 seconds (0.13 work units)

    Nodes    |    Current Node    |     Objective Bounds      |     Work
 Expl Unexpl |  Obj  Depth IntInf | Incumbent    BestBd   Gap | It/Node Time

     0     0 2264.58208    0  173          - 2264.58208      -     -    1s
     0     0 2264.58208    0  173          - 2264.58208      -     -    5s
     0     0 2264.58208    0  167          - 2264.58208      -     -    9s
     0     0 2399.35952    0  417          - 2399.35952      -     -   40s
     0     0 2741.16972    0  573          - 2741.16972      -     -  130s
     0     0 2860.34756    0  503          - 2860.34756      -     -  202s
     0     0 2918.16639    0  549          - 2918.16639      -     -  328s
     0     0 2930.09632    0  539          - 2930.09632      -     -  340s
     0     0 2965.97602    0  509          - 2965.97602      -     -  429s
     0     0 2999.28944    0  492          - 2999.28944      -     -  474s
     0     0 2999.32346    0  504          - 2999.32346      -     -  477s
     0     0 2999.47571    0  505          - 2999.47571      -     -  487s
     0     0 2999.59206    0  504          - 2999.59206      -     -  504s
     0     0 3003.80366    0  576          - 3003.80366      -     -  527s
     0     0 3010.76687    0  503          - 3010.76687      -     -  542s
     0     0 3010.76687    0  520          - 3010.76687      -     -  542s
     0     0 3068.97749    0  732          - 3068.97749      -     -  620s
     0     0 3072.82066    0  587          - 3072.82066      -     -  645s
     0     0 3073.65266    0  580          - 3073.65266      -     -  662s
     0     0 3073.94350    0  515          - 3073.94350      -     -  663s
     0     0 3080.24142    0  522          - 3080.24142      -     -  674s
     0     0 3080.24142    0  513          - 3080.24142      -     -  674s
     0     0 3088.66419    0  578          - 3088.66419      -     -  704s
     0     0 3088.81247    0  563          - 3088.81247      -     -  728s
     0     0 3088.81247    0  515          - 3088.81247      -     -  753s
     0     0 3088.81247    0  407          - 3088.81247      -     -  781s
     0     0 3092.48250    0  562          - 3092.48250      -     -  798s
     0     0 3094.20486    0  562          - 3094.20486      -     -  809s
     0     0 3097.26898    0  538          - 3097.26898      -     -  829s
     0     0 3097.26898    0  461          - 3097.26898      -     -  830s
     0     0 3097.26898    0  601          - 3097.26898      -     -  837s
     0     0 3097.26898    0  607          - 3097.26898      -     -  850s
     0     0 3097.26898    0  690          - 3097.26898      -     -  858s
     0     0 3097.26898    0  690          - 3097.26898      -     -  867s
     0     0 3097.26898    0  645          - 3097.26898      -     -  876s
     0     0 3097.26898    0  522          - 3097.26898      -     -  886s
     0     0 3097.26898    0  342          - 3097.26898      -     -  891s
     0     0 3097.26898    0  467          - 3097.26898      -     -  898s
     0     0 3097.26898    0  392          - 3097.26898      -     -  905s
     0     0 3097.26898    0  267          - 3097.26898      -     -  910s
     0     0 3097.26898    0  267          - 3097.26898      -     -  920s
     0     0 3097.26898    0  267          - 3097.26898      -     -  932s
     0     0 3097.26898    0  267          - 3097.26898      -     -  946s
     0     0 3097.26898    0  388          - 3097.26898      -     -  962s
     0     0 3097.26898    0  513          - 3097.26898      -     -  974s
     0     0 3097.26898    0  323          - 3097.26898      -     -  980s
     0     0 3097.26898    0  323          - 3097.26898      -     -  981s
     0     0 3097.26898    0  203          - 3097.26898      -     -  984s
     0     2 3097.71124    0  203          - 3097.71124      -     - 1132s
     1     3 3696.11305    1  354          - 3100.16795      - 109145 1300s
     2     6 4357.58007    2  226          - 3100.16795      - 92544 1387s
     5    10 4357.58007    3  349          - 3280.36398      - 39817 1529s
     9    21 4357.58007    4  355          - 3305.21154      - 38976 1635s
    20    34 4357.58007    9  364          - 3305.21154      - 23313 1683s
    33    35 4421.10222   10  247          - 3305.21154      - 15264 1725s
    34    39 4411.46809   14  272          - 3305.21154      - 15447 1766s
    38    46 4429.81603   15  254          - 3305.21154      - 14832 1800s

Cutting planes:
  Cover: 33
  Implied bound: 68
  Clique: 18
  MIR: 26
  Flow cover: 262
  Flow path: 2
  GUB cover: 9
  RLT: 70
  Relax-and-lift: 1
  BQP: 26
  PSD: 1
  Lazy constraints: 225

Explored 45 nodes (1263143 simplex iterations) in 1800.01 seconds (1787.18 work units)
Thread count was 8 (of 8 available processors)

Solution count 0

Time limit reached
Best objective -, best bound 3.400000000000e+03, gap -

User-callback calls 361183, time in user-callback 4.64 sec
