
Gurobi 13.0.1 (linux64) logging started Thu Apr 23 14:19:44 2026

Set parameter LogFile to value "experiments/20260422_213746/logs/Inst_14_Medium_Phantom_23__station_copies.log"
Set parameter LogToConsole to value 0
Set parameter TimeLimit to value 1800
Gurobi Optimizer version 13.0.1 build v13.0.1rc0 (linux64 - "Ubuntu 24.04.4 LTS")

CPU model: Intel(R) Core(TM) i5-8250U CPU @ 1.60GHz, instruction set [SSE2|AVX|AVX2]
Thread count: 4 physical cores, 8 logical processors, using up to 8 threads

Non-default parameters:
TimeLimit  1800
LogToConsole  0

Optimize a model with 69828 rows, 69144 columns and 290858 nonzeros (Min)
Model fingerprint: 0x4ce88dfc
Model has 167 linear objective coefficients
Variable types: 46092 continuous, 23052 integer (23052 binary)
Coefficient statistics:
  Matrix range     [1e+00, 3e+04]
  Objective range  [1e+03, 1e+03]
  Bounds range     [1e+00, 3e+04]
  RHS range        [1e+00, 2e+03]

Presolve removed 42228 rows and 19504 columns
Presolve time: 0.50s
Presolved: 27600 rows, 49640 columns, 198993 nonzeros
Variable types: 26588 continuous, 23052 integer (23052 binary)
Deterministic concurrent LP optimizer: primal and dual simplex
Showing primal log only...

Concurrent spin time: 0.00s

Solved with primal simplex

Use crossover to convert LP symmetric solution to basic solution...
Crossover time: 0.20 seconds (0.11 work units)

Root relaxation: objective 2.459612e+03, 5761 iterations, 0.58 seconds (0.29 work units)

    Nodes    |    Current Node    |     Objective Bounds      |     Work
 Expl Unexpl |  Obj  Depth IntInf | Incumbent    BestBd   Gap | It/Node Time

     0     0 2459.61246    0  392          - 2459.61246      -     -    3s
H    0     0                    34800.000000 2460.02269  92.9%     -   15s
     0     0 2769.63704    0  374 34800.0000 2769.63704  92.0%     -   30s
H    0     0                    17000.000000 2771.83540  83.7%     -   33s
H    0     0                    13400.000000 2771.83540  79.3%     -   35s
H    0     0                    12200.000000 2771.83540  77.3%     -   42s
     0     0 3028.65779    0  352 12200.0000 3028.65779  75.2%     -   85s
     0     0 3078.21370    0  398 12200.0000 3078.21370  74.8%     -  103s
     0     0 3083.40695    0  390 12200.0000 3083.40695  74.7%     -  109s
     0     0 3083.85647    0  387 12200.0000 3083.85647  74.7%     -  112s
     0     0 3083.88064    0  387 12200.0000 3083.88064  74.7%     -  112s
     0     0 3112.35986    0  413 12200.0000 3112.35986  74.5%     -  126s
     0     0 3130.25184    0  393 12200.0000 3130.25184  74.3%     -  155s
     0     0 3144.91236    0  429 12200.0000 3144.91236  74.2%     -  164s
     0     0 3145.22618    0  424 12200.0000 3145.22618  74.2%     -  166s
     0     0 3145.24506    0  419 12200.0000 3145.24506  74.2%     -  169s
     0     0 3228.65281    0  234 12200.0000 3228.65281  73.5%     -  214s
     0     0 3254.00041    0  306 12200.0000 3254.00041  73.3%     -  231s
     0     0 3265.15721    0  331 12200.0000 3265.15721  73.2%     -  250s
     0     0 3266.89998    0  319 12200.0000 3266.89998  73.2%     -  257s
     0     0 3267.21390    0  260 12200.0000 3267.21390  73.2%     -  260s
     0     0 3267.29735    0  309 12200.0000 3267.29735  73.2%     -  262s
     0     0 3274.71321    0  311 12200.0000 3274.71321  73.2%     -  275s
     0     0 3286.03396    0  322 12200.0000 3286.03396  73.1%     -  282s
     0     0 3286.56301    0  328 12200.0000 3286.56301  73.1%     -  284s
     0     0 3286.80929    0  314 12200.0000 3286.80929  73.1%     -  285s
     0     0 3286.86591    0  365 12200.0000 3286.86591  73.1%     -  288s
     0     0 3292.01020    0  397 12200.0000 3292.01020  73.0%     -  303s
H    0     0                    11000.000000 3292.08274  70.1%     -  314s
     0     0 3293.38366    0  392 11000.0000 3293.38366  70.1%     -  451s
     0     0 3293.75831    0  393 11000.0000 3293.75831  70.1%     -  455s
     0     0 3293.77063    0  394 11000.0000 3293.77063  70.1%     -  456s
     0     0 3294.96391    0  415 11000.0000 3294.96391  70.0%     -  469s
H    0     0                    10000.000000 3295.15746  67.0%     -  492s
H    0     0                    9000.0000000 3295.15746  63.4%     -  509s
     0     0 3295.28398    0  415 9000.00000 3295.28398  63.4%     -  538s
     0     0 3295.28544    0  421 9000.00000 3295.28544  63.4%     -  539s
     0     0 3297.47331    0  422 9000.00000 3297.47331  63.4%     -  547s
     0     0 3298.64555    0  423 9000.00000 3298.64555  63.3%     -  577s
     0     0 3298.64555    0  418 9000.00000 3298.64555  63.3%     -  579s
     0     0 3298.64555    0  435 9000.00000 3298.64555  63.3%     -  583s
     0     0 3298.64555    0  416 9000.00000 3298.64555  63.3%     -  590s
     0     0 3304.53058    0  389 9000.00000 3304.53058  63.3%     -  597s
     0     0 3304.65181    0  397 9000.00000 3304.65181  63.3%     -  602s
     0     0 3305.82382    0  395 9000.00000 3305.82382  63.3%     -  609s
     0     0 3306.13574    0  380 9000.00000 3306.13574  63.3%     -  615s
     0     0 3306.13574    0  381 9000.00000 3306.13574  63.3%     -  616s
     0     0 3307.36615    0  399 9000.00000 3307.36615  63.3%     -  621s
     0     0 3307.38818    0  399 9000.00000 3307.38818  63.3%     -  624s
     0     0 3307.38818    0  343 9000.00000 3307.38818  63.3%     -  626s
     0     2 3321.88891    0  340 9000.00000 3321.88891  63.1%     -  670s
     1     4 3321.88891    1  346 9000.00000 3321.88891  63.1%  1983  692s
     3     8 3321.88891    2  359 9000.00000 3321.88891  63.1%  9039  727s
     7    11 3358.81296    3  347 9000.00000 3322.77044  63.1%  9111  750s
    10    16 3370.46456    4  329 9000.00000 3322.77044  63.1%  8226  778s
    15    20 3376.98153    5  343 9000.00000 3322.77044  63.1% 16663  794s
    19    24 3388.16955    6  335 9000.00000 3322.77044  63.1% 18683  825s
    23    28 3392.75057    7  333 9000.00000 3322.77044  63.1% 29128  842s
    27    32 3397.83430    8  325 9000.00000 3322.77044  63.1% 25645  868s
    31    36 3405.55241    9  347 9000.00000 3322.77044  63.1% 22978  890s
    35    40 3450.67596   10  347 9000.00000 3322.77044  63.1% 23499  911s
    39    43 3431.50143   10  352 9000.00000 3322.77044  63.1% 28352  932s
    44    45 4059.50994   12  268 9000.00000 3322.77044  63.1% 25624  959s
    48    49 3456.54920   11  346 9000.00000 3322.77044  63.1% 23881  983s
    52    53 3463.66567   12  359 9000.00000 3322.77044  63.1% 23161 1006s
    56    57 3484.27665   13  349 9000.00000 3322.77044  63.1% 25787 1029s
    60    63 3481.76710   13  349 9000.00000 3322.77044  63.1% 24388 1057s
    66    66 3532.35083   15  283 9000.00000 3322.77044  63.1% 22579 1082s
    71    70 3550.42829   17  373 9000.00000 3322.77044  63.1% 21421 1103s
    75    74 3594.22427   17  282 9000.00000 3322.77044  63.1% 21551 1133s
    79    79 3569.82041   18  299 9000.00000 3322.77044  63.1% 21001 1158s
    84    84 3581.76211   19  271 9000.00000 3322.77044  63.1% 20062 1182s
    89    90 3583.70177   20  204 9000.00000 3322.77044  63.1% 19238 1211s
    97    96 3605.46084   22  232 9000.00000 3322.77044  63.1% 18184 1241s
   105   106 3610.14961   23  207 9000.00000 3322.77044  63.1% 17171 1273s
   115   116 3619.79675   24  291 9000.00000 3322.77044  63.1% 16027 1307s
   127   119 3623.40597   25  373 9000.00000 3322.77044  63.1% 14967 1336s
   130   128 3712.95263   25  297 9000.00000 3322.77044  63.1% 14867 1370s
   140   131 3626.26682   26  318 9000.00000 3322.77044  63.1% 14121 1395s
   145   136 3629.04111   27  309 9000.00000 3322.77044  63.1% 13754 1424s
   152   148 3640.26383   28  317 9000.00000 3322.77044  63.1% 13231 1457s
   164   167 3732.03386   29  301 9000.00000 3322.77044  63.1% 12508 1491s
   183   181 3798.69829   30  307 9000.00000 3322.77044  63.1% 11419 1523s
   199   189 3862.01360   32  258 9000.00000 3322.77044  63.1% 10774 1554s
   207   218 3868.88618   33  311 9000.00000 3322.77044  63.1% 10449 1583s
   236   251 3882.78525   34  303 9000.00000 3322.77044  63.1%  9314 1609s
   269   300 3895.06071   39  293 9000.00000 3322.77044  63.1%  8335 1633s
   318   353 4085.04107   53  131 9000.00000 3322.77044  63.1%  7222 1658s
   371   387 4159.95976   68  130 9000.00000 3322.77044  63.1%  6355 1682s
   405   429 4265.40168   76  131 9000.00000 3322.77044  63.1%  5961 1707s
   447   469 4297.55272   87   93 9000.00000 3322.77044  63.1%  5545 1734s
   487   473 4315.98965   89   88 9000.00000 3322.77044  63.1%  5242 1763s
   491   476     cutoff   90      9000.00000 3322.77044  63.1%  5211 1797s
   496   477 5672.90279  121  118 9000.00000 3322.77044  63.1%  5176 1800s

Cutting planes:
  Gomory: 1
  Cover: 7
  Implied bound: 777
  Clique: 11
  MIR: 73
  Flow cover: 102
  Zero half: 1
  Mod-K: 1
  Network: 1
  RLT: 34
  Relax-and-lift: 1

Explored 497 nodes (2724029 simplex iterations) in 1800.01 seconds (2195.57 work units)
Thread count was 8 (of 8 available processors)

Solution count 7: 9000 10000 11000 ... 34800

Time limit reached
Best objective 9.000000000000e+03, best bound 3.400000000000e+03, gap 62.2222%
