
Gurobi 13.0.1 (linux64) logging started Thu Apr 23 00:30:24 2026

Set parameter LogFile to value "experiments/20260422_213746/logs/Inst_04_Easy_Inspire__station_copies.log"
Set parameter LogToConsole to value 0
Set parameter TimeLimit to value 1800
Gurobi Optimizer version 13.0.1 build v13.0.1rc0 (linux64 - "Ubuntu 24.04.4 LTS")

CPU model: Intel(R) Core(TM) i5-8250U CPU @ 1.60GHz, instruction set [SSE2|AVX|AVX2]
Thread count: 4 physical cores, 8 logical processors, using up to 8 threads

Non-default parameters:
TimeLimit  1800
LogToConsole  0

Optimize a model with 6084 rows, 5871 columns and 25620 nonzeros (Min)
Model fingerprint: 0x9ca9ac49
Model has 51 linear objective coefficients
Variable types: 3912 continuous, 1959 integer (1959 binary)
Coefficient statistics:
  Matrix range     [1e+00, 2e+04]
  Objective range  [1e+03, 2e+03]
  Bounds range     [1e+00, 2e+04]
  RHS range        [1e+00, 2e+03]

Presolve removed 3312 rows and 1428 columns
Presolve time: 0.05s
Presolved: 2772 rows, 4443 columns, 17848 nonzeros
Variable types: 2484 continuous, 1959 integer (1959 binary)
Found heuristic solution: objective 75000.000000

Root relaxation: objective 2.622076e+03, 4380 iterations, 0.20 seconds (0.35 work units)

    Nodes    |    Current Node    |     Objective Bounds      |     Work
 Expl Unexpl |  Obj  Depth IntInf | Incumbent    BestBd   Gap | It/Node Time

     0     0 2622.07633    0   81 75000.0000 2622.07633  96.5%     -    0s
H    0     0                    14000.000000 2622.07633  81.3%     -    0s
H    0     0                    12000.000000 2622.07633  78.1%     -    0s
H    0     0                    10000.000000 2622.07633  73.8%     -    0s
H    0     0                    9000.0000000 2622.07633  70.9%     -    0s
H    0     0                    7000.0000000 3082.95907  56.0%     -    0s
     0     0 3082.95907    0   92 7000.00000 3082.95907  56.0%     -    0s
     0     0 3273.32168    0  131 7000.00000 3273.32168  53.2%     -    1s
     0     0 3299.60002    0   90 7000.00000 3299.60002  52.9%     -    1s
     0     0 3325.03475    0   82 7000.00000 3325.03475  52.5%     -    1s
     0     0 3337.61078    0  106 7000.00000 3337.61078  52.3%     -    2s
     0     0 3338.40005    0   77 7000.00000 3338.40005  52.3%     -    2s
     0     0 3338.82719    0   77 7000.00000 3338.82719  52.3%     -    2s
     0     0 3338.96605    0   77 7000.00000 3338.96605  52.3%     -    2s
     0     0 3408.28001    0   67 7000.00000 3408.28001  51.3%     -    2s
     0     0 3446.66093    0   67 7000.00000 3446.66093  50.8%     -    3s
     0     0 3447.13331    0   68 7000.00000 3447.13331  50.8%     -    3s
     0     0 3447.13331    0   64 7000.00000 3447.13331  50.8%     -    3s
     0     0 3447.32761    0   61 7000.00000 3447.32761  50.8%     -    3s
     0     0 3447.44575    0   61 7000.00000 3447.44575  50.8%     -    3s
     0     0 3447.77779    0   57 7000.00000 3447.77779  50.7%     -    3s
     0     0 3449.01186    0   57 7000.00000 3449.01186  50.7%     -    4s
     0     0 3449.01186    0   56 7000.00000 3449.01186  50.7%     -    4s
     0     0 3449.01186    0   56 7000.00000 3449.01186  50.7%     -    4s
     0     0 3449.01186    0   50 7000.00000 3449.01186  50.7%     -    4s
     0     2 3574.66580    0   50 7000.00000 3574.66580  48.9%     -    4s
     1     4 3574.66580    1   54 7000.00000 3574.66580  48.9%   6.0    5s
   394   314 4254.22437    6   42 7000.00000 3574.66580  48.9%   206   10s
   776   633 4249.90923   16   19 7000.00000 3574.66580  48.9%   244   15s
  1332   955 4652.97968   13   50 7000.00000 3618.52714  48.3%   234   20s
  1336   958 5000.00000   26   83 7000.00000 3618.52714  48.3%   233   25s
  1353   969 4107.67869   10   82 7000.00000 3618.52714  48.3%   230   30s
  1361   979 3618.52714   12   82 7000.00000 3618.52714  48.3%   247   35s
  1407  1018 3694.39426   17   48 7000.00000 3618.52714  48.3%   266   40s
  1562  1057 4531.28125   21   32 7000.00000 3618.52714  48.3%   291   45s
  1758  1114 4861.55433   35   19 7000.00000 3618.52714  48.3%   286   50s
  2007  1198 3724.36980   21   75 7000.00000 3618.52714  48.3%   280   55s
  2454  1334 infeasible   46      7000.00000 3638.87922  48.0%   272   60s
  2978  1485 4745.69840   31   30 7000.00000 3656.89958  47.8%   271   65s
  3410  1589 infeasible   35      7000.00000 3656.89958  47.8%   272   70s
  3882  1678 5000.00000   31   16 7000.00000 3763.26933  46.2%   276   76s
  4168  1731 3991.91090   24   52 7000.00000 3776.13562  46.1%   273   80s
  4522  1893 5229.32197   29  102 7000.00000 3803.34354  45.7%   278   85s
  4973  2143 4428.62175   26   22 7000.00000 3823.60906  45.4%   282   90s
  5371  2320 4471.10052   21   48 7000.00000 3823.60906  45.4%   281   96s
  5964  2706 5000.00000   27   14 7000.00000 3854.78295  44.9%   284  101s
  6585  3076 5751.86539   42   23 7000.00000 3879.19831  44.6%   279  107s
  7168  3374 4594.68319   27   26 7000.00000 3931.68440  43.8%   272  113s
  7915  3621 4202.66744   20   50 7000.00000 4006.29009  42.8%   265  117s
  8155  3752 5000.00000   21   22 7000.00000 4064.66675  41.9%   266  120s
  8734  3917 4497.45137   30   16 7000.00000 4080.86236  41.7%   269  128s
  8825  4007 4501.14361   31   20 7000.00000 4080.86236  41.7%   270  132s
  9001  4187 5455.39264   57   21 7000.00000 4082.82743  41.7%   271  135s
  9941  4632 5000.00000   26   13 7000.00000 4146.11972  40.8%   265  143s
 10289  4849 5104.06026   33   25 7000.00000 4147.17527  40.8%   265  146s
 10816  4937 5000.00000   23   23 7000.00000 4183.23722  40.2%   264  153s
 10965  5027 6000.00000   30   27 7000.00000 4183.23722  40.2%   265  158s
 11169  5236 6000.00000   31   18 7000.00000 4189.47203  40.2%   265  162s
 11576  5552 6000.00000   35   17 7000.00000 4195.87599  40.1%   260  165s
 12221  5862 infeasible   34      7000.00000 4201.84905  40.0%   256  170s
 12846  6133 infeasible   31      7000.00000 4216.94398  39.8%   253  175s
 13532  6293 4894.40690   21   38 7000.00000 4232.84317  39.5%   250  183s
 13816  6531 infeasible   31      7000.00000 4241.46802  39.4%   251  187s
 14296  6860 5000.00000   36   12 7000.00000 4241.46802  39.4%   254  192s
 14922  7263 5000.00000   30   12 7000.00000 4257.83018  39.2%   255  198s
 15670  7712 4851.64000   20   36 7000.00000 4267.40172  39.0%   253  203s
 16464  8084 infeasible   55      7000.00000 4271.86418  39.0%   250  206s
 17141  8467 5000.00000   45   16 7000.00000 4274.22293  38.9%   247  211s
 17823  8960 4582.17277   35   19 7000.00000 4287.92393  38.7%   244  215s
 18828  9256 infeasible   33      7000.00000 4296.41477  38.6%   239  220s
 19903  9841 4600.67636   23   32 7000.00000 4306.41628  38.5%   239  229s
 20583 10146 5602.63391   27   14 7000.00000 4310.57203  38.4%   238  233s
 21355 10577 5000.00000   27   11 7000.00000 4315.19432  38.4%   238  239s
 22124 11035 infeasible   32      7000.00000 4319.89661  38.3%   236  244s
 23052 11379 5000.00000   22   20 7000.00000 4326.10709  38.2%   234  249s
 23728 11708 4816.71977   37   21 7000.00000 4330.77677  38.1%   233  254s
 24436 12089 4901.37368   22   30 7000.00000 4334.36076  38.1%   234  258s
 25355 12431 5255.01285   26   53 7000.00000 4341.18901  38.0%   232  264s
 25983 12836 5000.00000   30   20 7000.00000 4341.67656  38.0%   233  270s
 26768 13256     cutoff   35      7000.00000 4346.55263  37.9%   233  276s
 27863 13668 4521.84925   24   26 7000.00000 4353.95407  37.8%   230  280s
 28733 14007 infeasible   39      7000.00000 4356.35041  37.8%   228  286s
 29419 14008 4660.53163   29   50 7000.00000 4358.10651  37.7%   229  314s
 29421 14009 5000.00000   34   81 7000.00000 4358.10651  37.7%   229  316s
 29425 14012 5278.44954   25  126 7000.00000 4358.10651  37.7%   229  320s
 29433 14017 5249.73875   32   75 7000.00000 4358.10651  37.7%   229  326s
 29437 14020 4825.55249   27   80 7000.00000 4358.10651  37.7%   229  332s
 29442 14023 4508.66261   21   75 7000.00000 4358.10651  37.7%   229  335s
 29445 14025 5000.00000   31   74 7000.00000 4358.10651  37.7%   229  340s
 29450 14029 4837.33361   35   82 7000.00000 4358.10651  37.7%   229  345s
 29454 14031 5558.82846   26   74 7000.00000 4358.10651  37.7%   229  350s
 29458 14034 5118.55254   35   75 7000.00000 4358.10651  37.7%   229  355s
 29461 14036 4567.06796   23   73 7000.00000 4358.10651  37.7%   229  360s
 29467 14040 5250.38464   34   88 7000.00000 4358.10651  37.7%   229  366s
 29469 14041 5000.00000   23   85 7000.00000 4358.10651  37.7%   229  370s
 29475 14045 5000.00000   37   99 7000.00000 4358.10651  37.7%   229  376s
 29479 14048 4619.24544   31  104 7000.00000 4358.10651  37.7%   229  380s
 29483 14051 4537.46953   26   97 7000.00000 4358.10651  37.7%   228  385s
 29487 14053 5444.20972   38  113 7000.00000 4358.10651  37.7%   228  390s
 29493 14057 4408.00696   27   99 7000.00000 4358.10651  37.7%   228  395s
 29499 14061 5516.37175   29  117 7000.00000 4358.10651  37.7%   228  401s
 29503 14064 4707.48047   26  116 7000.00000 4358.10651  37.7%   228  405s
 29507 14067 6000.00000   26  115 7000.00000 4358.10651  37.7%   228  410s
 29512 14070 5000.00000   28  125 7000.00000 4358.10651  37.7%   228  415s
 29515 14072 6000.00000   24  118 7000.00000 4358.10651  37.7%   228  420s
 29520 14075 4486.36345   33  153 7000.00000 4358.10651  37.7%   228  425s
 29524 14078 4832.97073   31  159 7000.00000 4358.10651  37.7%   228  430s
 29528 14081 4448.85580   21  156 7000.00000 4358.10651  37.7%   228  435s
 29531 14083 5000.00000   31  156 7000.00000 4358.10651  37.7%   228  440s
 29534 14085 4815.00505   38  158 7000.00000 4358.10651  37.7%   228  445s
 29539 14088 5184.48132   24  150 7000.00000 4358.10651  37.7%   228  451s
 29544 14091 5000.00000   31  119 7000.00000 4358.10651  37.7%   228  456s
 29547 14093 5000.00000   32  119 7000.00000 4358.10651  37.7%   228  460s
 29551 14096 4901.88632   23  134 7000.00000 4358.10651  37.7%   228  465s
 29555 14099 4634.13067   28  132 7000.00000 4358.10651  37.7%   228  470s
 29558 14101 5118.55254   35  139 7000.00000 4358.10651  37.7%   228  475s
 29601 14147     cutoff   27      7000.00000 4358.10651  37.7%   233  480s
 29745 14197 5297.23849   41   35 7000.00000 4358.10651  37.7%   234  485s
 29809 14224 5634.05891   46   18 7000.00000 4358.10651  37.7%   234  490s
H29825 13511                    6000.0000000 4358.10651  27.4%   234  490s
 30163 13586 4689.86026   40   20 6000.00000 4358.10651  27.4%   234  495s
 30341 13589 4391.68716   33   24 6000.00000 4358.10651  27.4%   234  500s
 30661 13619 4581.35735   41   30 6000.00000 4358.10651  27.4%   234  505s
 31081 13698 4490.33737   34   41 6000.00000 4358.10651  27.4%   234  511s
 31430 13747 5000.00000   39   10 6000.00000 4358.10651  27.4%   234  515s
 31825 13739 4358.10651   35   55 6000.00000 4358.10651  27.4%   233  520s
 32150 13817 5000.00000   37   14 6000.00000 4358.10651  27.4%   234  526s
 32450 13848 5000.00000   35   15 6000.00000 4358.10651  27.4%   233  530s
 32877 13942 4620.63194   37   15 6000.00000 4358.10651  27.4%   234  536s
 33211 13991 4454.54023   41   21 6000.00000 4358.10651  27.4%   234  541s
 33557 14014 4806.14924   45   96 6000.00000 4358.10651  27.4%   234  545s
 33938 14138 4591.93526   37   33 6000.00000 4358.10651  27.4%   234  551s
 34405 14173 infeasible   51      6000.00000 4358.10651  27.4%   233  557s
 34635 14209 5000.00000   47   11 6000.00000 4358.10651  27.4%   233  560s
 35154 14295 4452.69652   34   23 6000.00000 4358.10651  27.4%   233  566s
 35705 14373 5000.00000   36   17 6000.00000 4358.10651  27.4%   233  572s
 36008 14408 4451.11135   36   75 6000.00000 4358.10651  27.4%   233  575s
 36515 14502 5000.00000   38   27 6000.00000 4358.10651  27.4%   234  584s
 36897 14508 5000.00000   36   16 6000.00000 4358.10651  27.4%   234  588s
 37219 14594 4481.01776   34   27 6000.00000 4358.10651  27.4%   234  592s
 37635 14646 infeasible   46      6000.00000 4358.10651  27.4%   234  597s
 37995 14723 5000.00000   52    6 6000.00000 4358.10651  27.4%   234  600s
 38398 14834 4543.09683   34   34 6000.00000 4358.10651  27.4%   234  606s
 38828 14901 5000.00000   46   27 6000.00000 4358.10651  27.4%   233  611s
 39312 14904 4622.83476   36   16 6000.00000 4358.10651  27.4%   233  616s
 39648 15013 5000.00000   48   23 6000.00000 4358.10651  27.4%   232  622s
 40091 15071 5000.00000   49   12 6000.00000 4358.10651  27.4%   232  626s
 40562 15154 5000.00000   39   21 6000.00000 4358.10651  27.4%   232  632s
 41099 15227 4477.26444   32   22 6000.00000 4358.10651  27.4%   232  638s
 41683 15315 infeasible   36      6000.00000 4358.10651  27.4%   232  643s
 42338 15328 4661.13767   38   51 6000.00000 4358.10651  27.4%   232  650s
 43000 15168 infeasible   61      6000.00000 4358.10651  27.4%   232  659s
 43110 15405 5000.00000   40   20 6000.00000 4358.10651  27.4%   232  667s
 43808 15462 5000.00000   30   30 6000.00000 4366.54890  27.2%   231  674s
 44620 15560 infeasible   50      6000.00000 4371.02411  27.1%   231  682s
 45423 15607 infeasible   44      6000.00000 4376.47456  27.1%   230  689s
 46072 15700 5000.00000   44   14 6000.00000 4383.61759  26.9%   230  694s
 46693 15838 infeasible   54      6000.00000 4389.44114  26.8%   230  702s
 47357 15977 5000.00000   38   14 6000.00000 4394.44360  26.8%   229  709s
 48128 15958     cutoff   43      6000.00000 4403.68200  26.6%   229  717s
 48655 16086 5000.00000   48   17 6000.00000 4405.67679  26.6%   229  725s
 49476 16150 5000.00000   37   25 6000.00000 4411.18130  26.5%   228  734s
 50311 16298 5000.00000   34   13 6000.00000 4418.51107  26.4%   228  743s
 51276 16353 5000.00000   28   24 6000.00000 4427.56872  26.2%   227  750s
 52084 16527 5000.00000   45   15 6000.00000 4431.36609  26.1%   227  759s
 52970 16686 5000.00000   40   29 6000.00000 4439.80035  26.0%   227  767s
 53820 16781 5000.00000   38   26 6000.00000 4446.32311  25.9%   226  774s
 54608 17011 5000.00000   31   16 6000.00000 4450.47658  25.8%   226  783s
 55483 17084 5000.00000   52   19 6000.00000 4453.18897  25.8%   225  791s
 56383 17225 5000.00000   46   16 6000.00000 4458.50846  25.7%   224  800s
 57288 17307 infeasible   50      6000.00000 4464.72859  25.6%   223  808s
 58139 17374 5000.00000   43   17 6000.00000 4471.40947  25.5%   223  816s
 58969 17252 5000.00000   49   19 6000.00000 4473.92916  25.4%   223  823s
 59278 17548 infeasible   44      6000.00000 4474.68639  25.4%   223  834s
 60103 17695 5000.00000   38   19 6000.00000 4479.38129  25.3%   222  843s
 60970 17653 5000.00000   39   23 6000.00000 4481.83301  25.3%   221  852s
 61395 17880 5000.00000   51   19 6000.00000 4482.89319  25.3%   221  862s
 62442 17904 4527.61973   37   70 6000.00000 4491.35231  25.1%   221  871s
 63349 17978 5000.00000   52    8 6000.00000 4494.10167  25.1%   220  880s
 64183 18102 5000.00000   41   17 6000.00000 4500.14586  25.0%   220  889s
 65117 18213 5000.00000   42   16 6000.00000 4504.56571  24.9%   219  897s
 65996 18379 infeasible   37      6000.00000 4506.40024  24.9%   219  905s
 66934 18379 5000.00000   41   16 6000.00000 4513.09528  24.8%   219  915s
 67857 18540 5000.00000   40   19 6000.00000 4516.88843  24.7%   218  922s
 68764 18587 5000.00000   41   14 6000.00000 4524.27217  24.6%   218  931s
 69641 18703 5000.00000   42   20 6000.00000 4527.65426  24.5%   217  940s
 70548 19075 infeasible   49      6000.00000 4533.22406  24.4%   217  947s
 71375 19453 5000.00000   38   16 6000.00000 4537.23119  24.4%   216  957s
 72278 19835 5000.00000   46   22 6000.00000 4543.46070  24.3%   216  964s
 73255 20257 5000.00000   40   20 6000.00000 4544.89331  24.3%   215  972s
 74206 20598 infeasible   41      6000.00000 4550.86495  24.2%   215  981s
 75175 20969 5000.00000   35   12 6000.00000 4559.25216  24.0%   214  988s
 76066 21341 5000.00000   54   17 6000.00000 4564.07844  23.9%   214  996s
 76846 21667 5000.00000   58   21 6000.00000 4569.05029  23.8%   213 1004s
 77684 22010 5000.00000   37   10 6000.00000 4575.43324  23.7%   213 1011s
 78508 22363 5000.00000   32   26 6000.00000 4580.36351  23.7%   212 1017s
 79365 22757 5000.00000   34   16 6000.00000 4585.37064  23.6%   212 1024s
 80181 23066 infeasible   35      6000.00000 4588.65594  23.5%   211 1032s
 81028 23387     cutoff   50      6000.00000 4594.77858  23.4%   211 1039s
 81837 23734 5000.00000   46   28 6000.00000 4602.42213  23.3%   210 1047s
 82651 24046 5000.00000   34   27 6000.00000 4606.37848  23.2%   210 1053s
 83417 24355 5000.00000   50   24 6000.00000 4610.06262  23.2%   209 1061s
 84257 24700 4851.83017   43   25 6000.00000 4615.17497  23.1%   209 1068s
 85107 25031 5000.00000   35   18 6000.00000 4618.71399  23.0%   209 1076s
 85921 25321 5000.00000   44   11 6000.00000 4624.80369  22.9%   208 1083s
 86694 25560 5000.00000   55   17 6000.00000 4628.69884  22.9%   208 1090s
 87468 25813 5000.00000   37   18 6000.00000 4631.27260  22.8%   208 1097s
 88279 26177 5000.00000   32   17 6000.00000 4638.16671  22.7%   208 1105s
 89110 26493 5000.00000   36   12 6000.00000 4645.67562  22.6%   207 1113s
 89997 26798 infeasible   46      6000.00000 4651.84726  22.5%   207 1121s
 90860 27056 4744.99063   41   24 6000.00000 4655.46295  22.4%   207 1129s
 91770 27331 5000.00000   39   13 6000.00000 4661.09504  22.3%   206 1135s
 92596 27690 5000.00000   43   18 6000.00000 4668.21925  22.2%   206 1143s
 93473 27977 infeasible   42      6000.00000 4674.54420  22.1%   205 1149s
 94321 28241 infeasible   42      6000.00000 4678.52508  22.0%   205 1157s
 95148 28534 5000.00000   41   10 6000.00000 4685.54850  21.9%   205 1163s
 95975 28743 5000.00000   41   14 6000.00000 4689.93762  21.8%   204 1170s
 96713 29024 4792.81116   42   31 6000.00000 4691.70876  21.8%   204 1176s
 97577 29263 4852.66115   41   26 6000.00000 4700.67061  21.7%   203 1184s
 98398 29457 infeasible   52      6000.00000 4707.91686  21.5%   203 1190s
 99304 29648 5000.00000   45   19 6000.00000 4715.73589  21.4%   203 1198s
 100133 29863 5000.00000   52   24 6000.00000 4721.44764  21.3%   202 1204s
 100979 30056 5000.00000   47   18 6000.00000 4729.46332  21.2%   202 1212s
 101760 30250 infeasible   36      6000.00000 4737.12522  21.0%   202 1218s
 102585 30411 5000.00000   49   17 6000.00000 4743.70308  20.9%   201 1225s
 103417 30595 infeasible   51      6000.00000 4753.89720  20.8%   201 1232s
 104210 30721 4976.98850   32   57 6000.00000 4769.72933  20.5%   201 1242s
 104999 30887 infeasible   40      6000.00000 4778.64431  20.4%   200 1250s
 106033 31031     cutoff   38      6000.00000 4798.08066  20.0%   200 1256s
 106952 31081 5000.00000   45   16 6000.00000 4810.35256  19.8%   199 1264s
 107788 31045     cutoff   50      6000.00000 4834.39016  19.4%   199 1270s
 108690 30989 infeasible   39      6000.00000 4857.08493  19.0%   199 1276s
 109595 31225 5000.00000   40   17 6000.00000 5000.00000  16.7%   198 1284s
 110385 31321 5000.00000   46    9 6000.00000 5000.00000  16.7%   198 1290s
 111152 31501 5000.00000   45   28 6000.00000 5000.00000  16.7%   197 1297s
 111801 31735 5000.00000   41   21 6000.00000 5000.00000  16.7%   197 1304s
 112620 31851 5000.00000   58    4 6000.00000 5000.00000  16.7%   197 1312s
 113411 31886 infeasible   51      6000.00000 5000.00000  16.7%   196 1320s
 114236 31921 infeasible   47      6000.00000 5000.00000  16.7%   196 1327s
 115105 32150 5000.00000   45   24 6000.00000 5000.00000  16.7%   195 1335s
 115871 32370 5000.00000   44   15 6000.00000 5000.00000  16.7%   195 1342s
 116632 32587 infeasible   39      6000.00000 5000.00000  16.7%   194 1349s
 117406 32819 5000.00000   38   17 6000.00000 5000.00000  16.7%   194 1357s
 118111 33123 5000.00000   34   18 6000.00000 5000.00000  16.7%   194 1364s
 118712 33510 5000.00000   37   11 6000.00000 5000.00000  16.7%   194 1372s
 119542 33851 infeasible   34      6000.00000 5000.00000  16.7%   193 1381s
 120326 34034 5000.00000   40   15 6000.00000 5000.00000  16.7%   193 1388s
 121203 34243 5000.00000   44   17 6000.00000 5000.00000  16.7%   193 1396s
 122306 34402 infeasible   51      6000.00000 5000.00000  16.7%   192 1405s
 123166 34577     cutoff   63      6000.00000 5000.00000  16.7%   192 1412s
 124094 34707     cutoff   43      6000.00000 5000.00000  16.7%   191 1419s
 124960 34804 5000.00000   46    7 6000.00000 5000.00000  16.7%   191 1427s
 125335 34935     cutoff   49      6000.00000 5000.00000  16.7%   191 1435s
 126144 35071 5000.00000   46   21 6000.00000 5000.00000  16.7%   190 1443s
 127056 35217 5000.00000   49   14 6000.00000 5000.00000  16.7%   190 1450s
 127998 35377 infeasible   55      6000.00000 5000.00000  16.7%   189 1457s
 128969 35510 5000.00000   52   19 6000.00000 5000.00000  16.7%   189 1466s
 129938 35674 5000.00000   46   15 6000.00000 5000.00000  16.7%   188 1472s
 130932 35798 infeasible   46      6000.00000 5000.00000  16.7%   188 1480s
 131844 35989 infeasible   61      6000.00000 5000.00000  16.7%   187 1487s
 132757 36084 infeasible   59      6000.00000 5000.00000  16.7%   187 1495s
 133558 36246 infeasible   53      6000.00000 5000.00000  16.7%   187 1504s
 134524 36375 5000.00000   63    9 6000.00000 5000.00000  16.7%   186 1510s
 135377 36568 infeasible   64      6000.00000 5000.00000  16.7%   186 1516s
 136218 36741 infeasible   46      6000.00000 5000.00000  16.7%   186 1524s
 137148 36887 5000.00000   52   12 6000.00000 5000.00000  16.7%   185 1530s
 138013 37059 5000.00000   53   10 6000.00000 5000.00000  16.7%   185 1537s
 138897 37206 5000.00000   41    8 6000.00000 5000.00000  16.7%   185 1543s
 139646 37344 5000.00000   39   16 6000.00000 5000.00000  16.7%   184 1549s
 140459 37509 5000.00000   57   18 6000.00000 5000.00000  16.7%   184 1555s
 141400 37639 infeasible   46      6000.00000 5000.00000  16.7%   184 1562s
 142182 37739 infeasible   51      6000.00000 5000.00000  16.7%   183 1570s
 143000 37841 5000.00000   37   18 6000.00000 5000.00000  16.7%   183 1576s
 143892 38027 5000.00000   62   10 6000.00000 5000.00000  16.7%   183 1583s
 144715 38011 infeasible   62      6000.00000 5000.00000  16.7%   182 1589s
 145454 38147 infeasible   46      6000.00000 5000.00000  16.7%   182 1596s
 146351 38158 5000.00000   42   14 6000.00000 5000.00000  16.7%   181 1602s
 147233 38207 infeasible   49      6000.00000 5000.00000  16.7%   181 1608s
 148023 38235 5000.00000   45   19 6000.00000 5000.00000  16.7%   181 1617s
 148991 38342 5000.00000   47   10 6000.00000 5000.00000  16.7%   180 1624s
 149686 38409 infeasible   46      6000.00000 5000.00000  16.7%   180 1631s
 150551 38489 5000.00000   45   13 6000.00000 5000.00000  16.7%   180 1638s
 151507 38544 infeasible   50      6000.00000 5000.00000  16.7%   180 1646s
 152315 38651 5000.00000   47   18 6000.00000 5000.00000  16.7%   180 1652s
 153122 38789 5000.00000   50   13 6000.00000 5000.00000  16.7%   180 1660s
 153934 38882     cutoff   45      6000.00000 5000.00000  16.7%   179 1667s
 154741 38946 infeasible   49      6000.00000 5000.00000  16.7%   179 1675s
 155660 38959 5000.00000   55   21 6000.00000 5000.00000  16.7%   179 1682s
 156422 39025 infeasible   68      6000.00000 5000.00000  16.7%   179 1688s
 157257 39070 5000.00000   47   10 6000.00000 5000.00000  16.7%   178 1696s
 158091 39148 infeasible   53      6000.00000 5000.00000  16.7%   178 1704s
 158793 39234 5000.00000   46   19 6000.00000 5000.00000  16.7%   178 1711s
 159622 39328 infeasible   48      6000.00000 5000.00000  16.7%   178 1718s
 160475 39391 5000.00000   52   24 6000.00000 5000.00000  16.7%   177 1724s
 161342 39472     cutoff   59      6000.00000 5000.00000  16.7%   177 1732s
 162141 39541 5000.00000   50    8 6000.00000 5000.00000  16.7%   177 1739s
 162968 39585 infeasible   48      6000.00000 5000.00000  16.7%   177 1747s
 163861 39786 5000.00000   50   15 6000.00000 5000.00000  16.7%   176 1755s
 164684 39800 infeasible   69      6000.00000 5000.00000  16.7%   176 1762s
 165503 39874 infeasible   58      6000.00000 5000.00000  16.7%   176 1770s
 166346 39926 infeasible   57      6000.00000 5000.00000  16.7%   176 1777s
 167112 40041 5000.00000   74    8 6000.00000 5000.00000  16.7%   176 1784s
 167980 40120 5000.00000   42    4 6000.00000 5000.00000  16.7%   175 1792s
 168896 40189 5000.00000   72   13 6000.00000 5000.00000  16.7%   175 1799s
 169774 40193 infeasible   38      6000.00000 5000.00000  16.7%   175 1800s

Cutting planes:
  Gomory: 9
  Lift-and-project: 1
  Cover: 11
  Implied bound: 225
  Projected implied bound: 3
  MIR: 272
  Flow cover: 231
  GUB cover: 4
  Inf proof: 2
  RLT: 12
  Relax-and-lift: 46

Explored 169802 nodes (29664246 simplex iterations) in 1800.02 seconds (1228.67 work units)
Thread count was 8 (of 8 available processors)

Solution count 7: 6000 7000 9000 ... 75000

Time limit reached
Best objective 6.000000000000e+03, best bound 5.000000000000e+03, gap 16.6667%
