
Gurobi 13.0.1 (linux64) logging started Wed Apr 22 23:26:07 2026

Set parameter LogFile to value "experiments/20260422_213746/logs/Inst_03_Easy_Phantom__station_copies.log"
Set parameter LogToConsole to value 0
Set parameter TimeLimit to value 1800
Gurobi Optimizer version 13.0.1 build v13.0.1rc0 (linux64 - "Ubuntu 24.04.4 LTS")

CPU model: Intel(R) Core(TM) i5-8250U CPU @ 1.60GHz, instruction set [SSE2|AVX|AVX2]
Thread count: 4 physical cores, 8 logical processors, using up to 8 threads

Non-default parameters:
TimeLimit  1800
LogToConsole  0

Optimize a model with 6084 rows, 5871 columns and 25620 nonzeros (Min)
Model fingerprint: 0xdd556107
Model has 51 linear objective coefficients
Variable types: 3912 continuous, 1959 integer (1959 binary)
Coefficient statistics:
  Matrix range     [1e+00, 2e+04]
  Objective range  [1e+03, 1e+03]
  Bounds range     [1e+00, 2e+04]
  RHS range        [1e+00, 2e+03]

Presolve removed 3312 rows and 1428 columns
Presolve time: 0.10s
Presolved: 2772 rows, 4443 columns, 17829 nonzeros
Variable types: 2484 continuous, 1959 integer (1959 binary)
Found heuristic solution: objective 46200.000000

Root relaxation: objective 1.359710e+03, 4753 iterations, 0.22 seconds (0.35 work units)

    Nodes    |    Current Node    |     Objective Bounds      |     Work
 Expl Unexpl |  Obj  Depth IntInf | Incumbent    BestBd   Gap | It/Node Time

     0     0 1359.70977    0  113 46200.0000 1359.70977  97.1%     -    0s
H    0     0                    6000.0000000 1359.70977  77.3%     -    1s
H    0     0                    5600.0000000 1359.70977  75.7%     -    1s
H    0     0                    4600.0000000 1551.06889  66.3%     -    2s
     0     0 1551.06889    0  104 4600.00000 1551.06889  66.3%     -    2s
H    0     0                    4400.0000000 1558.95955  64.6%     -    3s
     0     0 1757.80893    0  117 4400.00000 1757.80893  60.0%     -    4s
H    0     0                    3400.0000000 1764.15764  48.1%     -    4s
     0     0 1764.15764    0  104 3400.00000 1764.15764  48.1%     -    4s
     0     0 1764.53821    0  110 3400.00000 1764.53821  48.1%     -    4s
     0     0 1765.44789    0   75 3400.00000 1765.44789  48.1%     -    5s
     0     0 1765.53204    0   83 3400.00000 1765.53204  48.1%     -    5s
     0     0 1765.53837    0   82 3400.00000 1765.53837  48.1%     -    5s
     0     0 1786.59404    0  134 3400.00000 1786.59404  47.5%     -    5s
     0     0 1789.39461    0  120 3400.00000 1789.39461  47.4%     -    5s
     0     0 1789.70055    0   94 3400.00000 1789.70055  47.4%     -    5s
     0     0 1789.74762    0   93 3400.00000 1789.74762  47.4%     -    5s
     0     0 1799.18886    0   87 3400.00000 1799.18886  47.1%     -    6s
     0     0 1802.11378    0  103 3400.00000 1802.11378  47.0%     -    6s
     0     0 1802.68021    0   93 3400.00000 1802.68021  47.0%     -    6s
     0     0 1802.82378    0   87 3400.00000 1802.82378  47.0%     -    6s
     0     0 1805.23194    0   79 3400.00000 1805.23194  46.9%     -    7s
     0     0 1805.49845    0   82 3400.00000 1805.49845  46.9%     -    7s
     0     0 1805.78628    0   84 3400.00000 1805.78628  46.9%     -    7s
     0     0 1805.78628    0   81 3400.00000 1805.78628  46.9%     -    8s
     0     0 1806.48581    0   86 3400.00000 1806.48581  46.9%     -    8s
     0     0 1806.86004    0   91 3400.00000 1806.86004  46.9%     -    8s
     0     0 1806.86004    0   91 3400.00000 1806.86004  46.9%     -    8s
     0     0 1807.09635    0   96 3400.00000 1807.09635  46.9%     -    8s
     0     0 1807.22343    0   96 3400.00000 1807.22343  46.8%     -    8s
     0     0 1807.22343    0   80 3400.00000 1807.22343  46.8%     -    8s
     0     2 1807.73410    0   80 3400.00000 1807.73410  46.8%     -    9s
    32    41 1957.12985    7   79 3400.00000 1859.32427  45.3%   739   10s
   180   186 2210.40036   26   62 3400.00000 1922.05209  43.5%   494   15s
   472   386 2912.99631    7   33 3400.00000 1996.28284  41.3%   295   20s
  1240   743 2826.69996    7   40 3400.00000 2077.15449  38.9%   201   25s
  1759   921 2594.72083   16  119 3400.00000 2113.80886  37.8%   181   32s
  1763   924 2720.06992   15  134 3400.00000 2113.80886  37.8%   181   35s
  1772   930 2598.15504   14   76 3400.00000 2113.80886  37.8%   180   42s
  1780   944 2113.80886   14   74 3400.00000 2113.80886  37.8%   202   45s
  1805   966 2113.80886   17   98 3400.00000 2113.80886  37.8%   219   50s
  1935   968 2585.18227   20   65 3400.00000 2113.80886  37.8%   236   55s
  2026   993 2707.03220   23   30 3400.00000 2113.80886  37.8%   236   60s
  2266  1044     cutoff   27      3400.00000 2113.80886  37.8%   231   65s
  2602  1069 2959.98822   32   27 3400.00000 2113.80886  37.8%   220   70s
  3022  1078 2841.64827   35   25 3400.00000 2216.70501  34.8%   205   75s
  3492  1137 2983.00845   24   32 3400.00000 2449.57471  28.0%   197   80s
  4342  1175 2745.03286   22   28 3400.00000 2558.45926  24.8%   185   85s
  5025  1301 2882.68057   23   24 3400.00000 2594.04759  23.7%   175   90s
  6206  1677 3049.45196   25   26 3400.00000 2631.97922  22.6%   163   95s
  7137  1972 3001.67284   27   22 3400.00000 2656.02839  21.9%   155  100s
  8207  2194 3006.93285   25   27 3400.00000 2693.05549  20.8%   147  106s
  8723  2305 2798.26318   24   31 3400.00000 2704.76185  20.4%   144  111s
  9664  2580 2813.32096   29   34 3400.00000 2726.78438  19.8%   140  116s
 10011  2630 2840.20398   31   23 3400.00000 2734.00022  19.6%   138  120s
 10780  2833 2945.47915   32   26 3400.00000 2744.56407  19.3%   135  125s
 12522  3055 2819.65711   33   31 3400.00000 2769.64202  18.5%   128  131s
 13202  3052 3044.41761   29   17 3400.00000 2776.22598  18.3%   126  136s
 13814  3108 2907.53826   26   31 3400.00000 2786.52944  18.0%   124  141s
 15572  3178 2976.11033   24   28 3400.00000 2804.57759  17.5%   118  146s
 16808  3247 2883.38720   30   25 3400.00000 2817.29955  17.1%   115  151s
 18054  3277 2893.70874   27   32 3400.00000 2830.31244  16.8%   113  156s
 19419  3256     cutoff   27      3400.00000 2847.04023  16.3%   110  161s
 21011  3245     cutoff   23      3400.00000 2865.47382  15.7%   107  167s
 21877  3234     cutoff   26      3400.00000 2876.57352  15.4%   106  170s
 23628  3120 2921.48966   43   26 3400.00000 2896.99840  14.8%   103  177s
 25290  3004     cutoff   27      3400.00000 2916.92003  14.2%   102  182s
 27120  2880 3039.93927   30   27 3400.00000 2938.44678  13.6%   100  187s
 28030  2807 infeasible   27      3400.00000 2947.39677  13.3%  98.4  191s
 29630  2631 2991.49980   31   28 3400.00000 2966.58344  12.7%  96.8  197s
 30469  2575 3129.96874   30   23 3400.00000 2977.30764  12.4%  96.0  201s
 32016  2314 3116.26540   29   17 3400.00000 2991.36146  12.0%  94.8  206s
 32864  2211 3055.01239   30   26 3400.00000 3003.91485  11.6%  94.1  210s
 34592  1797 3135.44844   29   25 3400.00000 3023.03804  11.1%  92.8  215s
 36354  1460     cutoff   33      3400.00000 3046.20492  10.4%  91.2  223s
 36823  1372     cutoff   29      3400.00000 3050.59314  10.3%  90.9  229s
 37167  1268     cutoff   30      3400.00000 3051.49831  10.3%  90.6  234s
 37529  1145 3158.68358   23   36 3400.00000 3051.49831  10.3%  90.3  238s
 37908   987 3167.06945   24   34 3400.00000 3051.49831  10.3%  90.1  241s
 38268   838 3174.39825   25   34 3400.00000 3053.10397  10.2%  89.8  245s
 38699   691     cutoff   25      3400.00000 3055.73442  10.1%  89.5  250s
 40187     0 infeasible   33      3400.00000 3129.54394  7.95%  88.0  255s

Cutting planes:
  Gomory: 2
  Cover: 53
  Implied bound: 238
  Projected implied bound: 4
  MIR: 221
  Flow cover: 125
  Inf proof: 10
  Network: 1
  RLT: 20
  Relax-and-lift: 36
  BQP: 3

Explored 40464 nodes (3569012 simplex iterations) in 255.52 seconds (192.41 work units)
Thread count was 8 (of 8 available processors)

Solution count 6: 3400 4400 4600 ... 46200

Optimal solution found (tolerance 1.00e-04)
Best objective 3.400000000000e+03, best bound 3.400000000000e+03, gap 0.0000%
