
Gurobi 13.0.1 (linux64) logging started Fri Apr 24 02:52:15 2026

Set parameter LogFile to value "experiments/20260422_213746/logs/Inst_23_Hard_Inspire_46__ribeiro.log"
Set parameter LogToConsole to value 0
Set parameter TimeLimit to value 1800
Gurobi Optimizer version 13.0.1 build v13.0.1rc0 (linux64 - "Ubuntu 24.04.4 LTS")

CPU model: Intel(R) Core(TM) i5-8250U CPU @ 1.60GHz, instruction set [SSE2|AVX|AVX2]
Thread count: 4 physical cores, 8 logical processors, using up to 8 threads

Non-default parameters:
TimeLimit  1800
LogToConsole  0

Optimize a model with 11778 rows, 3623 columns and 39513 nonzeros (Min)
Model fingerprint: 0x5e4162c2
Model has 70 linear objective coefficients
Variable types: 118 continuous, 3505 integer (3434 binary)
Coefficient statistics:
  Matrix range     [1e+00, 4e+04]
  Objective range  [1e+03, 2e+03]
  Bounds range     [1e+00, 3e+04]
  RHS range        [1e+00, 6e+04]

Presolve removed 1391 rows and 15 columns
Presolve time: 0.11s
Presolved: 10387 rows, 3608 columns, 37194 nonzeros
Variable types: 104 continuous, 3504 integer (3434 binary)

Root relaxation: objective 0.000000e+00, 986 iterations, 0.04 seconds (0.04 work units)

    Nodes    |    Current Node    |     Objective Bounds      |     Work
 Expl Unexpl |  Obj  Depth IntInf | Incumbent    BestBd   Gap | It/Node Time

     0     0    0.00000    0   79          -    0.00000      -     -    0s
     0     0    0.00000    0  120          -    0.00000      -     -    0s
     0     0    0.00000    0  123          -    0.00000      -     -    1s
     0     0    0.00000    0  128          -    0.00000      -     -    1s
     0     0    0.00000    0   93          -    0.00000      -     -    4s
     0     0    0.00000    0  119          -    0.00000      -     -    4s
H    0     0                    82000.000000    0.00000   100%     -    4s
     0     0    0.00000    0  140 82000.0000    0.00000   100%     -    4s
     0     0    0.00000    0  130 82000.0000    0.00000   100%     -    4s
     0     0    0.00000    0   84 82000.0000    0.00000   100%     -    6s
H    0     0                    81000.000000    0.00000   100%     -    6s
H    0     0                    62000.000000    0.00000   100%     -    6s
H    0     0                    55000.000000    0.00000   100%     -    6s
H    0     0                    54000.000000    0.00000   100%     -    6s
H    0     0                    52000.000000    0.00000   100%     -    6s
     0     0    0.00000    0  118 52000.0000    0.00000   100%     -    7s
     0     0    0.00000    0  136 52000.0000    0.00000   100%     -    7s
     0     0    0.00000    0  131 52000.0000    0.00000   100%     -    7s
     0     0    0.00000    0   91 52000.0000    0.00000   100%     -    9s
H    0     0                    50000.000000    0.00000   100%     -    9s
H    0     0                    48000.000000    0.00000   100%     -    9s
H    0     0                    47000.000000    0.00000   100%     -    9s
     0     0    0.00000    0  118 47000.0000    0.00000   100%     -   10s
     0     0    0.00000    0  125 47000.0000    0.00000   100%     -   11s
     0     0    0.00000    0   93 47000.0000    0.00000   100%     -   12s
     0     0    0.00000    0   92 47000.0000    0.00000   100%     -   12s
     0     0    0.00000    0   85 47000.0000    0.00000   100%     -   13s
H    0     0                    45000.000000    0.00000   100%     -   14s
     0     2    0.00000    0   75 45000.0000    0.00000   100%     -   15s
H   11    21                    43000.000000    0.00000   100%  1077   17s
H   11    21                    40000.000000    0.00000   100%  1077   17s
H   20    25                    36000.000000    0.00000   100%   846   18s
H   21    25                    33000.000000    0.00000   100%   837   18s
H   23    25                    31000.000000    0.00000   100%   783   18s
    24    79    0.00000    5  118 31000.0000    0.00000   100%   815   21s
H   81   125                    27000.000000    0.00000   100%   533   24s
   132   462    0.00000   20  116 27000.0000    0.00000   100%   439   29s
   504   905    0.00000   85  109 27000.0000    0.00000   100%   369   35s
H 1060   908                    25000.000000    0.00000   100%   276   37s
  1062  1124 infeasible  134      25000.0000    0.00000   100%   278   40s
  1592  1322 3000.00000  179   85 25000.0000    0.00000   100%   291   50s
  1595  1324    0.00000    4  106 25000.0000    0.00000   100%   290   58s
  1596  1325 3754.60860   99  137 25000.0000    0.00000   100%   290   60s
  1597  1325    0.00000   11  107 25000.0000    0.00000   100%   290   65s
  1599  1327 2000.00000   44  106 25000.0000    0.00000   100%   289   74s
  1600  1327    0.00000   41  112 25000.0000    0.00000   100%   289   75s
  1601  1328 4000.00000  110  113 25000.0000    0.00000   100%   289   81s
  1602  1329 5000.00000  182  129 25000.0000    0.00000   100%   289   85s
  1603  1329 3000.00000  141  122 25000.0000    0.00000   100%   289   95s
  1605  1331    0.00000   16  113 25000.0000    0.00000   100%   288  102s
  1607  1332    0.00000   50  124 25000.0000    0.00000   100%   288  110s
  1609  1333 2000.00000   43  122 25000.0000    0.00000   100%   288  124s
  1610  1334    0.00000   77  140 25000.0000    0.00000   100%   288  126s
  1611  1335    0.00000   45  106 25000.0000    0.00000   100%   287  132s
  1613  1336 3000.00000  127  120 25000.0000    0.00000   100%   287  140s
  1615  1337 2000.00000   33  119 25000.0000    0.00000   100%   287  148s
  1616  1341    0.00000   12  109 25000.0000    0.00000   100%   352  150s
H 1622  1279                    24000.000000    0.00000   100%   355  152s
  1630  1286    0.00000   16   88 24000.0000    0.00000   100%   356  158s
  1636  1301    0.00000   16   88 24000.0000    0.00000   100%   357  164s
  1653  1370    0.00000   19   83 24000.0000    0.00000   100%   364  182s
  1727  1470    0.00000   29   74 24000.0000    0.00000   100%   394  202s
  1854  1478 2000.00000   52  132 24000.0000    0.00000   100%   436  228s
H 1887  1403                    23000.000000    0.00000   100%   436  228s
  1904  1677 2000.00000   59   64 23000.0000    0.00000   100%   439  262s
H 2191  1521                    21000.000000    0.00000   100%   435  262s
  2192  1828 5000.00000   95   54 21000.0000    0.00000   100%   435  286s
  2525  1846 6000.00000  138   48 21000.0000    0.00000   100%   434  303s
  2672  1914 9000.00000  165   41 21000.0000    0.00000   100%   434  320s
  2886  1984 1000.00000   39   65 21000.0000    0.00000   100%   446  337s
  3110  2011 1000.00000   57   65 21000.0000    0.00000   100%   456  353s
  3212  2048 1000.00000   65   75 21000.0000    0.00000   100%   478  370s
  3283  2095 2000.00000   74   75 21000.0000    0.00000   100%   502  390s
  3354  2249 2000.00000   90   61 21000.0000    0.00000   100%   530  409s
  3558  2194 3000.00000  106   68 21000.0000    0.00000   100%   545  428s
  3573  2276 3000.00000  112   75 21000.0000    0.00000   100%   548  448s
  3666  2400 3000.00000  131   43 21000.0000    0.00000   100%   561  468s
  3861  2406 infeasible  144      21000.0000    0.00000   100%   583  489s
  3952  2504 infeasible  156      21000.0000    0.00000   100%   592  510s
  4108  2591 1058.86217   54   93 21000.0000    0.00000   100%   614  533s
  4277  2840 2000.00000   93   63 21000.0000    0.00000   100%   635  557s
  4582  2999 3055.99035  203   91 21000.0000    0.00000   100%   643  580s
  4853  3033 4000.00000  218   66 21000.0000    0.00000   100%   646  602s
  4995  3195 4000.00000  238   64 21000.0000    0.00000   100%   653  628s
  5215  3441 5000.00000  284   52 21000.0000    0.00000   100%   665  652s
  5499  3661 8333.33333  326   78 21000.0000    0.00000   100%   665  675s
  5758  3919 infeasible  356      21000.0000    0.00000   100%   668  697s
  6025  3936 1000.00000   66   60 21000.0000    0.00000   100%   667  719s
  6042  4108 1000.00000   77   57 21000.0000    0.00000   100%   667  744s
  6214  4272 1000.00000  117   66 21000.0000    0.00000   100%   669  766s
  6406  4405 1000.00000  165   65 21000.0000    0.00000   100%   675  789s
  6539  4630 1031.15567  200   83 21000.0000    0.00000   100%   684  811s
  6782  4928 4000.00000  267   60 21000.0000    0.00000   100%   694  834s
  7112  5192 4000.00000  336   65 21000.0000    0.00000   100%   697  859s
  7410  5365 6000.00000  369   75 21000.0000    0.00000   100%   704  883s
  7646  5720  485.86929   36  113 21000.0000    0.00000   100%   702  909s
  8013  6042 3000.00000   73   55 21000.0000    0.00000   100%   698  937s
  8361  6483 5000.00000  119   61 21000.0000    0.00000   100%   691  965s
  8855  6835 5213.40489  325   67 21000.0000    0.00000   100%   681  994s
  9249  7300 1008.58344   52   73 21000.0000    0.00000   100%   681 1024s
  9726  7840 infeasible  334      21000.0000    0.00000   100%   670 1054s
 10376  8406 5000.00000   91   65 21000.0000    0.00000   100%   660 1098s
 11049  8841 7000.00000  185   64 21000.0000    0.00000   100%   648 1120s
 11525  8845 1000.00000   42   81 21000.0000    0.00000   100%   639 1141s
H11526  8845                    20000.000000    0.00000   100%   639 1141s
 11529  9584 1000.00000   43   82 20000.0000    0.00000   100%   639 1161s
 12299  9928 5000.00000  223   78 20000.0000    0.00000   100%   615 1177s
 12653 10456 6000.00000  303   71 20000.0000    0.00000   100%   605 1193s
 13221 10811 infeasible  405      20000.0000    0.00000   100%   590 1209s
 13608 11065 infeasible  400      20000.0000    0.00000   100%   580 1224s
 13934 11275 2000.00000   36   39 20000.0000    0.00000   100%   577 1239s
 14158 11533 4071.80404   61   64 20000.0000    0.00000   100%   573 1256s
 14456 11931 5000.00000   96   53 20000.0000    0.00000   100%   570 1273s
 14889 12183 5000.00000  127   55 20000.0000    0.00000   100%   564 1289s
 15239 12365 9000.00000  151   48 20000.0000    0.00000   100%   563 1305s
 15496 12533 1000.00000   35   92 20000.0000    0.00000   100%   566 1322s
 15679 12537 3000.00000   45   67 20000.0000    0.00000   100%   565 1342s
 15683 12541 3000.00000   46   60 20000.0000    0.00000   100%   565 1358s
 15687 12646 3000.00000   47   59 20000.0000    0.00000   100%   565 1375s
 15794 12849 3000.00000   48   60 20000.0000    0.00000   100%   562 1394s
 16038 13086 4000.00000   59   63 20000.0000    0.00000   100%   558 1412s
 16316 13297 7000.00000  149   54 20000.0000    0.00000   100%   555 1434s
 16551 13560 3000.00000   78   70 20000.0000    0.00000   100%   556 1453s
 16860 13846 4000.00000  132   67 20000.0000    0.00000   100%   555 1473s
 17160 14020 5000.00000  189   67 20000.0000    0.00000   100%   557 1492s
 17340 14333 7000.00000  195   71 20000.0000    0.00000   100%   557 1512s
 17657 14569 7000.00000  247   74 20000.0000    0.00000   100%   554 1531s
 17949 14913 8000.00000  299   72 20000.0000    0.00000   100%   556 1551s
 18328 15253 12000.0000  337   80 20000.0000    0.00000   100%   557 1571s
 18733 15703 3000.00000   62   63 20000.0000    0.00000   100%   557 1595s
 19238 16129 8000.00000  316   59 20000.0000    0.00000   100%   553 1615s
 19696 16172 11000.0000  497   62 20000.0000    0.00000   100%   552 1633s
 19757 16517 1000.00000   47   84 20000.0000    0.00000   100%   552 1654s
 20157 16926 5000.00000  227   60 20000.0000    0.00000   100%   551 1674s

Cutting planes:
  Cover: 7
  Projected implied bound: 9
  Clique: 10
  MIR: 2
  StrongCG: 2
  Flow cover: 10
  GUB cover: 12
  RLT: 1
  Relax-and-lift: 11

Explored 20592 nodes (11358613 simplex iterations) in 1800.24 seconds (2072.29 work units)
Thread count was 8 (of 8 available processors)

Solution count 10: 20000 21000 23000 ... 40000

Time limit reached
Best objective 2.000000000000e+04, best bound 0.000000000000e+00, gap 100.0000%
