
Gurobi 13.0.1 (linux64) logging started Fri Apr 24 05:53:23 2026

Set parameter LogFile to value "experiments/20260422_213746/logs/Inst_25_Hard_Inspire_46__ribeiro.log"
Set parameter LogToConsole to value 0
Set parameter TimeLimit to value 1800
Gurobi Optimizer version 13.0.1 build v13.0.1rc0 (linux64 - "Ubuntu 24.04.4 LTS")

CPU model: Intel(R) Core(TM) i5-8250U CPU @ 1.60GHz, instruction set [SSE2|AVX|AVX2]
Thread count: 4 physical cores, 8 logical processors, using up to 8 threads

Non-default parameters:
TimeLimit  1800
LogToConsole  0

Optimize a model with 11778 rows, 3623 columns and 39513 nonzeros (Min)
Model fingerprint: 0x734253ee
Model has 70 linear objective coefficients
Variable types: 118 continuous, 3505 integer (3434 binary)
Coefficient statistics:
  Matrix range     [1e+00, 4e+04]
  Objective range  [1e+03, 2e+03]
  Bounds range     [1e+00, 3e+04]
  RHS range        [1e+00, 7e+04]

Presolve removed 1391 rows and 15 columns
Presolve time: 0.12s
Presolved: 10387 rows, 3608 columns, 37194 nonzeros
Variable types: 104 continuous, 3504 integer (3434 binary)

Root relaxation: objective 0.000000e+00, 905 iterations, 0.03 seconds (0.03 work units)

    Nodes    |    Current Node    |     Objective Bounds      |     Work
 Expl Unexpl |  Obj  Depth IntInf | Incumbent    BestBd   Gap | It/Node Time

     0     0    0.00000    0   62          -    0.00000      -     -    0s
H    0     0                    104000.00000    0.00000   100%     -    0s
     0     0    0.00000    0  116 104000.000    0.00000   100%     -    1s
H    0     0                    96000.000000    0.00000   100%     -    1s
H    0     0                    94000.000000    0.00000   100%     -    1s
H    0     0                    80000.000000    0.00000   100%     -    1s
H    0     0                    78000.000000    0.00000   100%     -    1s
H    0     0                    76000.000000    0.00000   100%     -    1s
H    0     0                    66000.000000    0.00000   100%     -    1s
H    0     0                    64000.000000    0.00000   100%     -    1s
H    0     0                    62000.000000    0.00000   100%     -    1s
H    0     0                    60000.000000    0.00000   100%     -    1s
H    0     0                    58000.000000    0.00000   100%     -    1s
     0     0    0.00000    0  109 58000.0000    0.00000   100%     -    2s
     0     0    0.00000    0  137 58000.0000    0.00000   100%     -    3s
     0     0    0.00000    0   65 58000.0000    0.00000   100%     -    4s
H    0     0                    56000.000000    0.00000   100%     -    4s
H    0     0                    52000.000000    0.00000   100%     -    4s
H    0     0                    50000.000000    0.00000   100%     -    4s
     0     0    0.00000    0   93 50000.0000    0.00000   100%     -    4s
     0     0    0.00000    0  142 50000.0000    0.00000   100%     -    5s
     0     0    0.00000    0   87 50000.0000    0.00000   100%     -    6s
     0     0    0.00000    0  112 50000.0000    0.00000   100%     -    7s
     0     0    0.00000    0  102 50000.0000    0.00000   100%     -    7s
     0     0    0.00000    0  133 50000.0000    0.00000   100%     -    7s
     0     0    0.00000    0   90 50000.0000    0.00000   100%     -    9s
H    0     0                    48000.000000    0.00000   100%     -    9s
     0     0    0.00000    0  142 48000.0000    0.00000   100%     -    9s
     0     0    0.00000    0  139 48000.0000    0.00000   100%     -    9s
     0     0    0.00000    0  140 48000.0000    0.00000   100%     -   10s
     0     0    0.00000    0   82 48000.0000    0.00000   100%     -   11s
     0     0    0.00000    0   82 48000.0000    0.00000   100%     -   12s
     0     0    0.00000    0   73 48000.0000    0.00000   100%     -   12s
     0     2    0.00000    0   73 48000.0000    0.00000   100%     -   13s
H   12    16                    46000.000000    0.00000   100%   976   14s
    15    24    0.00000    5  116 46000.0000    0.00000   100%   861   15s
H   23    28                    44000.000000    0.00000   100%   678   16s
H   27    37                    39000.000000    0.00000   100%   597   16s
    40    45    0.00000    9  119 39000.0000    0.00000   100%   794   20s
H   41    45                    37000.000000    0.00000   100%   775   20s
H   64    71                    35000.000000    0.00000   100%   644   22s
    70   171    0.00000   15  118 35000.0000    0.00000   100%   646   25s
   179   438    0.00000   30  103 35000.0000    0.00000   100%   554   30s
   547   506    0.00000   61  121 35000.0000    0.00000   100%   440   36s
H  551   506                    34000.000000    0.00000   100%   441   36s
   557   878    0.00000   65  110 34000.0000    0.00000   100%   447   41s
  1284  1358 3000.00000  103   76 34000.0000    0.00000   100%   337   46s
H 1553  1375                    32000.000000    0.00000   100%   338   50s
H 1591  1375                    31000.000000    0.00000   100%   337   50s
  1593  1376 6000.00000   98   73 31000.0000    0.00000   100%   338   56s
H 1594  1308                    29000.000000    0.00000   100%   337   59s
  1596  1309    0.00000   19  114 29000.0000    0.00000   100%   337   62s
  1598  1310 4000.00000   74  111 29000.0000    0.00000   100%   336   68s
  1599  1311 2000.00000   22  134 29000.0000    0.00000   100%   336   70s
  1600  1312    0.00000   40  108 29000.0000    0.00000   100%   336   76s
  1601  1312 1000.00000   50  119 29000.0000    0.00000   100%   336   80s
H 1601  1246                    27000.000000    0.00000   100%   336   87s
  1602  1247 3000.00000   73   97 27000.0000    0.00000   100%   336   90s
  1604  1248 4000.00000   77  121 27000.0000    0.00000   100%   335   97s
  1606  1250 1000.00000   35  108 27000.0000    0.00000   100%   335  105s
  1608  1251 2000.00000   98  117 27000.0000    0.00000   100%   334  115s
  1610  1252 2000.00000  108  109 27000.0000    0.00000   100%   334  122s
  1612  1254 3000.00000   57  112 27000.0000    0.00000   100%   334  132s
  1614  1255 3000.00000   90   97 27000.0000    0.00000   100%   333  139s
  1615  1256 4000.00000   79   97 27000.0000    0.00000   100%   333  141s
  1616  1256 2000.00000   70   97 27000.0000    0.00000   100%   333  145s
  1627  1272    0.00000   17  101 27000.0000    0.00000   100%   396  151s
  1640  1290    0.00000   18   93 27000.0000    0.00000   100%   396  158s
H 1652  1223                    25000.000000    0.00000   100%   400  158s
  1657  1285    0.00000   22   93 25000.0000    0.00000   100%   405  170s
  1720  1290    0.00000   30  116 25000.0000    0.00000   100%   412  189s
  1746  1507    0.00000   35  111 25000.0000    0.00000   100%   416  231s
  1972  1533 3000.00000   79  123 25000.0000    0.00000   100%   448  264s
H 1975  1472                    24000.000000    0.00000   100%   448  264s
  2073  1809 3000.00000   84  101 24000.0000    0.00000   100%   448  306s
  2469  1902    0.00000   36  127 24000.0000    0.00000   100%   438  338s
  2695  2092    0.00000   71  117 24000.0000    0.00000   100%   433  368s
H 2770  2010                    23000.000000    0.00000   100%   430  368s
  2964  2101 2000.00000  108  105 23000.0000    0.00000   100%   429  397s
  3144  2331 2000.00000  131   96 23000.0000    0.00000   100%   426  427s
  3436  2346 4000.00000  185   92 23000.0000    0.00000   100%   422  455s
  3550  2480 4000.00000  186   90 23000.0000    0.00000   100%   421  485s
H 3680  2381                    21000.000000    0.00000   100%   421  485s
  3730  2489 5000.00000  214   73 21000.0000    0.00000   100%   420  513s
  3859  2722 6000.00000  223   90 21000.0000    0.00000   100%   419  543s
  4191  2615 9000.00000  265   92 21000.0000    0.00000   100%   413  571s
  4195  2617 infeasible  265      21000.0000    0.00000   100%   413  598s
  4200  2686 9000.00000  266   91 21000.0000    0.00000   100%   413  627s
  4306  2862   14.44399   39  140 21000.0000    0.00000   100%   409  656s
  4553  3142 1000.00000   70  134 21000.0000    0.00000   100%   406  693s
  4940  3142 1000.00000  104  133 21000.0000    0.00000   100%   400  721s
  4982  3370 2000.00000  104  152 21000.0000    0.00000   100%   398  750s
  5210  3674 1000.00000  120  114 21000.0000    0.00000   100%   397  777s
  5514  3847 2000.00000  142  117 21000.0000    0.00000   100%   395  803s
  5695  4044 2000.00000  152  111 21000.0000    0.00000   100%   395  828s
  5934  4316 5000.00000  186  100 21000.0000    0.00000   100%   404  854s
  6236  4625    0.00000  136  136 21000.0000    0.00000   100%   406  885s
  6580  4902    0.00000  236  126 21000.0000    0.00000   100%   405  908s
  6857  5109    0.00000  256  135 21000.0000    0.00000   100%   407  934s
  7066  5393   42.87932  295  151 21000.0000    0.00000   100%   410  959s
  7352  5597 2000.00000  361  126 21000.0000    0.00000   100%   410  987s
  7558  5871 3000.00000  397  119 21000.0000    0.00000   100%   418 1014s
  7863  5990 3000.00000  464  105 21000.0000    0.00000   100%   419 1048s
  8011  6143 infeasible  472      21000.0000    0.00000   100%   420 1078s
  8166  6462 3000.00000  476  118 21000.0000    0.00000   100%   415 1111s
  8485  6850 4000.00000  487  168 21000.0000    0.00000   100%   409 1144s
  8928  7303 infeasible  533      21000.0000    0.00000   100%   407 1178s
  9413  7716 infeasible  568      21000.0000    0.00000   100%   405 1214s
  9873  8354 1000.00000  123  123 21000.0000    0.00000   100%   399 1251s
 10617  8954 5000.00000  285  111 21000.0000    0.00000   100%   390 1303s
 11229  9451 6000.00000  346   85 21000.0000    0.00000   100%   381 1329s
 11753  9784 9000.00000  447  118 21000.0000    0.00000   100%   378 1360s
 12108 10292    0.00000   59  114 21000.0000    0.00000   100%   379 1386s
 12632 10810    0.00000  101  126 21000.0000    0.00000   100%   374 1412s
 13152 11232    0.00000  141  104 21000.0000    0.00000   100%   366 1437s
 13580 11299 1000.00000  179   99 21000.0000    0.00000   100%   363 1461s
 13647 11714 1000.00000  200   85 21000.0000    0.00000   100%   365 1487s
 14085 12125 2000.00000  223   91 21000.0000    0.00000   100%   362 1513s
 14529 12585 2000.00000  253   76 21000.0000    0.00000   100%   358 1537s
 15050 12870 2000.00000  280   87 21000.0000    0.00000   100%   355 1561s
 15371 13339 4000.00000  305   93 21000.0000    0.00000   100%   353 1584s
 15848 13600 5000.00000  327   94 21000.0000    0.00000   100%   348 1609s
 16122 13624 6000.00000  363   84 21000.0000    0.00000   100%   349 1635s
 16146 13632 6199.78656  363  108 21000.0000    0.00000   100%   348 1660s
 16154 13998 6000.00000  364   88 21000.0000    0.00000   100%   349 1685s
 16538 14357 8000.00000  380   92 21000.0000    0.00000   100%   345 1710s
 16947 14562 3000.00000  123   89 21000.0000    0.00000   100%   344 1734s
 17159 14883 7000.00000  180  128 21000.0000    0.00000   100%   343 1760s
 17572 15365 2000.00000   75  112 21000.0000    0.00000   100%   340 1786s
 18145 15774    0.00000   65  121 21000.0000    0.00000   100%   335 1800s

Cutting planes:
  Cover: 2
  Implied bound: 10
  Projected implied bound: 10
  Clique: 7
  MIR: 4
  StrongCG: 1
  Flow cover: 21
  GUB cover: 10
  RLT: 1
  Relax-and-lift: 27

Explored 18578 nodes (6190255 simplex iterations) in 1800.00 seconds (2222.29 work units)
Thread count was 8 (of 8 available processors)

Solution count 10: 21000 23000 24000 ... 35000

Time limit reached
Best objective 2.100000000000e+04, best bound 0.000000000000e+00, gap 100.0000%
