
Gurobi 13.0.1 (linux64) logging started Fri Apr 24 05:23:22 2026

Set parameter LogFile to value "experiments/20260422_213746/logs/Inst_24_Hard_Phantom_46__station_copies.log"
Set parameter LogToConsole to value 0
Set parameter TimeLimit to value 1800
Gurobi Optimizer version 13.0.1 build v13.0.1rc0 (linux64 - "Ubuntu 24.04.4 LTS")

CPU model: Intel(R) Core(TM) i5-8250U CPU @ 1.60GHz, instruction set [SSE2|AVX|AVX2]
Thread count: 4 physical cores, 8 logical processors, using up to 8 threads

Non-default parameters:
TimeLimit  1800
LogToConsole  0

Optimize a model with 1002570 rows, 1000098 columns and 4108536 nonzeros (Min)
Model fingerprint: 0x41fb61a6
Model has 610 linear objective coefficients
Variable types: 666724 continuous, 333374 integer (333374 binary)
Coefficient statistics:
  Matrix range     [1e+00, 3e+04]
  Objective range  [1e+03, 1e+03]
  Bounds range     [1e+00, 3e+04]
  RHS range        [1e+00, 2e+03]

Presolve removed 638388 rows and 306452 columns (presolve time = 5s)...
Presolve removed 638388 rows and 306452 columns
Presolve time: 8.39s
Presolved: 364182 rows, 693646 columns, 2776600 nonzeros
Variable types: 360272 continuous, 333374 integer (333374 binary)
Deterministic concurrent LP optimizer: primal simplex, dual simplex, and barrier
Showing barrier log only...

Root barrier log...

Ordering time: 0.05s

Barrier statistics:
 AA' NZ     : 6.291e+04
 Factor NZ  : 8.628e+04 (roughly 8 MB of memory)
 Factor Ops : 4.056e+06 (less than 1 second per iteration)
 Threads    : 1

                  Objective                Residual
Iter       Primal          Dual         Primal    Dual     Compl     Time
   0   6.45688511e+07 -1.47577954e+10  6.54e+03 1.65e+01  2.88e+06    13s
   1   2.09435489e+07 -4.73269068e+09  1.82e+03 3.76e+02  6.83e+05    13s
   2   4.49259462e+06 -1.40786592e+09  3.60e+02 1.11e-11  1.41e+05    13s
   3   7.37369914e+05 -1.42902713e+08  2.50e+01 1.09e-11  1.26e+04    13s
   4   5.44531433e+05 -3.36476696e+07  5.42e+00 1.64e-11  2.52e+03    13s
   5   4.26150451e+05 -2.10606563e+07  2.80e+00 1.09e-11  1.30e+03    13s
   6   3.02812084e+05 -1.18629436e+07  1.72e+00 4.37e-11  6.61e+02    13s
   7   1.07668297e+05 -5.48130211e+06  2.31e-01 1.26e-10  2.22e+02    13s
   8   8.53511047e+04 -2.95929739e+06  1.54e-01 6.37e-11  1.18e+02    13s
   9   4.66602106e+04 -8.05240802e+05  3.85e-02 1.64e-11  3.19e+01    13s
  10   2.75697036e+04 -3.31373727e+05  8.32e-03 5.91e-12  1.33e+01    13s
  11   2.03446406e+04 -1.06782261e+05  1.53e-03 1.82e-12  4.71e+00    13s
  12   1.60423102e+04 -1.93504018e+04  4.58e-04 9.09e-13  1.31e+00    13s
  13   1.49468052e+04 -8.34731565e+03  3.77e-04 9.09e-13  8.62e-01    13s
  14   1.23607244e+04 -4.94663332e+03  2.36e-04 6.12e-13  6.40e-01    13s
  15   1.04999437e+04 -3.19983884e+03  1.78e-04 9.09e-13  5.07e-01    13s
  16   8.84537246e+03 -7.33377428e+02  1.31e-04 6.48e-13  3.54e-01    13s
  17   7.22015663e+03  6.02732833e+02  8.89e-05 8.00e-13  2.45e-01    13s
  18   6.64179446e+03  1.12575518e+03  7.64e-05 9.09e-13  2.04e-01    13s
  19   5.97193230e+03  1.84063666e+03  6.15e-05 7.76e-13  1.53e-01    13s
  20   4.77086276e+03  2.05613412e+03  3.86e-05 4.55e-13  1.00e-01    13s
  21   4.61790806e+03  2.23443443e+03  3.55e-05 9.41e-13  8.82e-02    13s
  22   3.63954767e+03  2.36145855e+03  1.69e-05 9.09e-13  4.73e-02    13s
  23   3.34613013e+03  2.53052696e+03  1.18e-05 9.09e-13  3.02e-02    14s
  24   2.95616186e+03  2.58819322e+03  5.03e-06 9.91e-13  1.36e-02    14s
  25   2.84166783e+03  2.60398073e+03  3.22e-06 9.09e-13  8.79e-03    14s
  26   2.72726681e+03  2.62087289e+03  1.42e-06 9.96e-13  3.94e-03    14s
  27   2.66435102e+03  2.62757966e+03  4.56e-07 9.09e-13  1.36e-03    14s
  28   2.63346213e+03  2.63147454e+03  1.47e-08 5.30e-13  7.35e-05    14s
  29   2.63225139e+03  2.63220721e+03  9.68e-11 1.90e-12  1.63e-06    14s
  30   2.63223044e+03  2.63222856e+03  6.11e-10 1.99e-12  6.95e-08    14s
  31   2.63222878e+03  2.63222867e+03  2.99e-10 2.33e-12  4.00e-09    14s
  32   2.63222870e+03  2.63222870e+03  1.31e-09 3.69e-12  4.00e-12    14s

Barrier solved model in 32 iterations and 13.57 seconds (11.63 work units)
Optimal objective 2.63222870e+03


Root crossover log...

    7865 DPushes remaining with DInf 0.0000000e+00                14s
       0 DPushes remaining with DInf 0.0000000e+00                14s

      87 PPushes remaining with PInf 0.0000000e+00                14s
       0 PPushes remaining with PInf 0.0000000e+00                14s

  Push phase complete: Pinf 0.0000000e+00, Dinf 2.7916223e-02     14s


Root simplex log...

Iteration    Objective       Primal Inf.    Dual Inf.      Time
    4727    2.6322287e+03   0.000000e+00   2.791622e-02     14s
    4729    2.6322287e+03   0.000000e+00   0.000000e+00     14s
Crossover time: 0.02 seconds (0.01 work units)
Concurrent spin time: 0.00s

Solved with barrier

Use crossover to convert LP symmetric solution to basic solution...

Root crossover log...

     441 DPushes remaining with DInf 0.0000000e+00                16s
     121 DPushes remaining with DInf 0.0000000e+00                21s
       0 DPushes remaining with DInf 0.0000000e+00                23s

    1558 PPushes remaining with PInf 0.0000000e+00                23s
       0 PPushes remaining with PInf 0.0000000e+00                23s

  Push phase complete: Pinf 0.0000000e+00, Dinf 4.1153007e-11     23s


Root simplex log...

Iteration    Objective       Primal Inf.    Dual Inf.      Time
    6830    2.6322287e+03   0.000000e+00   0.000000e+00     24s
Crossover time: 9.80 seconds (6.04 work units)

Root relaxation: objective 2.632229e+03, 6830 iterations, 11.95 seconds (7.52 work units)

    Nodes    |    Current Node    |     Objective Bounds      |     Work
 Expl Unexpl |  Obj  Depth IntInf | Incumbent    BestBd   Gap | It/Node Time

     0     0 2632.22870    0 1414          - 2632.22870      -     -   48s
     0     0 3138.74821    0 1256          - 3138.74821      -     - 1526s
H    0     0                    58800.000000 3138.96467  94.7%     - 1800s

Cutting planes:
  Gomory: 1
  Cover: 10
  Implied bound: 84
  MIR: 11
  Flow cover: 30
  Zero half: 7

Explored 1 nodes (85827 simplex iterations) in 1800.10 seconds (1913.91 work units)
Thread count was 8 (of 8 available processors)

Solution count 1: 58800 

Time limit reached
Best objective 5.880000000000e+04, best bound 3.200000000000e+03, gap 94.5578%
