
Gurobi 13.0.1 (linux64) logging started Thu Apr 23 04:52:14 2026

Set parameter LogFile to value "experiments/20260422_213746/logs/Inst_07_Medium_Inspire_16__station_copies.log"
Set parameter LogToConsole to value 0
Set parameter TimeLimit to value 1800
Gurobi Optimizer version 13.0.1 build v13.0.1rc0 (linux64 - "Ubuntu 24.04.4 LTS")

CPU model: Intel(R) Core(TM) i5-8250U CPU @ 1.60GHz, instruction set [SSE2|AVX|AVX2]
Thread count: 4 physical cores, 8 logical processors, using up to 8 threads

Non-default parameters:
TimeLimit  1800
LogToConsole  0

Optimize a model with 16912 rows, 16564 columns and 71104 nonzeros (Min)
Model fingerprint: 0x66d326b1
Model has 84 linear objective coefficients
Variable types: 11040 continuous, 5524 integer (5524 binary)
Coefficient statistics:
  Matrix range     [1e+00, 2e+04]
  Objective range  [1e+03, 2e+03]
  Bounds range     [1e+00, 2e+04]
  RHS range        [1e+00, 2e+03]

Presolve removed 9696 rows and 4320 columns
Presolve time: 0.11s
Presolved: 7216 rows, 12244 columns, 49103 nonzeros
Variable types: 6720 continuous, 5524 integer (5524 binary)
Found heuristic solution: objective 132000.00000

Root relaxation: objective 2.139060e+03, 14294 iterations, 2.64 seconds (2.75 work units)

    Nodes    |    Current Node    |     Objective Bounds      |     Work
 Expl Unexpl |  Obj  Depth IntInf | Incumbent    BestBd   Gap | It/Node Time

     0     0 2139.06037    0  147 132000.000 2139.06037  98.4%     -    2s
H    0     0                    11000.000000 2139.06037  80.6%     -    3s
H    0     0                    7000.0000000 2139.06037  69.4%     -    3s
H    0     0                    6000.0000000 2139.06037  64.3%     -    8s
     0     0 2669.37964    0  149 6000.00000 2669.37964  55.5%     -   12s
     0     0 2792.25569    0  210 6000.00000 2792.25569  53.5%     -   21s
     0     0 2822.50119    0  154 6000.00000 2822.50119  53.0%     -   22s
     0     0 2840.98109    0  156 6000.00000 2840.98109  52.7%     -   23s
     0     0 2845.10241    0  179 6000.00000 2845.10241  52.6%     -   24s
     0     0 2846.01229    0  139 6000.00000 2846.01229  52.6%     -   25s
     0     0 2846.25624    0  139 6000.00000 2846.25624  52.6%     -   25s
     0     0 2875.36064    0  134 6000.00000 2875.36064  52.1%     -   27s
     0     0 2889.55247    0  164 6000.00000 2889.55247  51.8%     -   27s
     0     0 2890.52828    0  167 6000.00000 2890.52828  51.8%     -   28s
     0     0 2890.99216    0  166 6000.00000 2890.99216  51.8%     -   28s
     0     0 2891.04497    0  161 6000.00000 2891.04497  51.8%     -   28s
     0     0 2897.26181    0  134 6000.00000 2897.26181  51.7%     -   30s
     0     0 2908.05507    0  149 6000.00000 2908.05507  51.5%     -   30s
     0     0 2909.45023    0  111 6000.00000 2909.45023  51.5%     -   31s
     0     0 2909.67283    0  121 6000.00000 2909.67283  51.5%     -   31s
     0     0 2909.69672    0  118 6000.00000 2909.69672  51.5%     -   31s
     0     0 2911.67965    0  119 6000.00000 2911.67965  51.5%     -   32s
     0     0 2913.17029    0  120 6000.00000 2913.17029  51.4%     -   33s
     0     0 2913.39733    0  123 6000.00000 2913.39733  51.4%     -   34s
     0     0 2913.44651    0  119 6000.00000 2913.44651  51.4%     -   34s
     0     0 2913.68784    0  126 6000.00000 2913.68784  51.4%     -   35s
     0     0 2913.84424    0  139 6000.00000 2913.84424  51.4%     -   36s
     0     0 2914.21159    0  140 6000.00000 2914.21159  51.4%     -   37s
     0     0 2914.41318    0  140 6000.00000 2914.41318  51.4%     -   37s
     0     0 2914.41318    0  127 6000.00000 2914.41318  51.4%     -   37s
     0     2 2920.33840    0  127 6000.00000 2920.33840  51.3%     -   45s
     3     8 2929.27820    2  124 6000.00000 2920.33840  51.3%  2853   52s
    11    16 2962.04884    4  112 6000.00000 2929.70651  51.2%  4040   55s
    23    29 3012.32356    6  168 6000.00000 2929.70651  51.2%  4472   62s
    28    33 3056.80701    6  158 6000.00000 2929.70651  51.2%  5224   65s
    43    48 3025.36215    8  132 6000.00000 2929.70651  51.2%  4999   70s
    53    65 3110.67822   10   89 6000.00000 2929.70651  51.2%  5077   76s
    86    98 3152.08985   23  119 6000.00000 2929.70651  51.2%  3598   81s
   126   144 3184.46369   35  101 6000.00000 2929.70651  51.2%  2722   85s
H  279   244                    5000.0000000 2929.70651  41.4%  1392   89s
   325   220 3698.94745    7  127 5000.00000 2953.84552  40.9%  1266   91s
   383   234     cutoff   10      5000.00000 2953.84552  40.9%  1203   97s
   456   258     cutoff   19      5000.00000 3026.41131  39.5%  1090  103s
   487   272 3125.67843    4  163 5000.00000 3026.41131  39.5%  1063  105s
   570   297 3616.84989    6   55 5000.00000 3026.41131  39.5%   977  111s
   627   347     cutoff   11      5000.00000 3026.41131  39.5%   956  117s
   702   357 3304.01966   11   76 5000.00000 3057.12033  38.9%   915  121s
   729   368 3710.60165   11   77 5000.00000 3057.12033  38.9%   922  125s
   822   408 3232.98326    5  110 5000.00000 3094.91945  38.1%   888  133s
   902   432 3732.63641    5  108 5000.00000 3106.35836  37.9%   847  136s
   965   446 3248.29167    9   88 5000.00000 3106.35836  37.9%   829  140s
  1013   454 3869.20953   12   49 5000.00000 3106.35836  37.9%   826  145s
  1075   456 3906.09322   19   94 5000.00000 3106.35836  37.9%   849  153s
  1094   457     cutoff   20      5000.00000 3120.42023  37.6%   866  157s
  1133   465     cutoff    9      5000.00000 3133.73454  37.3%   872  162s
  1170   468 3779.29718   11   72 5000.00000 3140.07655  37.2%   886  167s
  1259   504 3304.28540    8   61 5000.00000 3144.44352  37.1%   857  171s
  1326   503 3972.88015   20   47 5000.00000 3155.01066  36.9%   844  175s
  1387   508 3478.29278   26  121 5000.00000 3155.01066  36.9%   847  181s
  1417   507 3393.92941   12  124 5000.00000 3162.16469  36.8%   862  185s
  1530   537     cutoff   11      5000.00000 3168.19060  36.6%   859  193s
  1614   540 3955.94225   35   67 5000.00000 3174.94315  36.5%   847  198s
  1636   538 infeasible   18      5000.00000 3180.40668  36.4%   865  203s
  1672   540 3826.99531    9   69 5000.00000 3182.15989  36.4%   874  214s
  1720   553 3790.61548   13  122 5000.00000 3192.71415  36.1%   894  221s
  1781   555     cutoff   10      5000.00000 3201.26542  36.0%   895  227s
  1867   560 3875.88625   14   43 5000.00000 3210.09676  35.8%   888  233s
  1950   564 3901.82287    9  122 5000.00000 3218.30079  35.6%   887  240s
  2024   585 3863.17926   14   48 5000.00000 3231.39675  35.4%   890  248s
  2133   577 3537.39204   21   61 5000.00000 3256.46862  34.9%   884  257s
  2162   580 3827.79963   14   40 5000.00000 3263.80683  34.7%   907  268s
  2233   578 3909.30813   15   41 5000.00000 3283.10369  34.3%   917  275s
  2292   575 3814.80404   12   40 5000.00000 3290.00406  34.2%   925  283s
  2309   582 3837.74255   13   39 5000.00000 3290.00406  34.2%   931  292s
  2336   569 3847.08658   14   35 5000.00000 3295.63597  34.1%   930  300s
  2388   571     cutoff   16      5000.00000 3309.97054  33.8%   945  309s
  2469   572 3854.40060   10   75 5000.00000 3331.62034  33.4%   946  320s
  2556   556     cutoff   22      5000.00000 3339.51271  33.2%   954  329s
  2616   538     cutoff   16      5000.00000 3346.76696  33.1%   967  337s
  2687   522 3833.27019    8   46 5000.00000 3392.59913  32.1%   980  348s
  2775   500     cutoff   19      5000.00000 3414.95888  31.7%   995  358s
  2842   609 3903.37151   16   52 5000.00000 3497.23816  30.1%  1015  367s
  3154   809 3925.44486   22   30 5000.00000 3679.07780  26.4%   941  376s
  3787   810 3766.37814   14  127 5000.00000 3727.03207  25.5%   798  384s
  3789   811 3885.84087   39  152 5000.00000 3727.03207  25.5%   798  395s
  3790   812 3885.09175   19  199 5000.00000 3727.03207  25.5%   798  403s
  3791   813 3762.97349   11  246 5000.00000 3727.03207  25.5%   797  408s
  3792   813 3934.65047   18  129 5000.00000 3727.03207  25.5%   797  410s
  3796   816 3849.16199   12  120 5000.00000 3727.03207  25.5%   796  415s
  3799   818 3857.40102   38  129 5000.00000 3727.03207  25.5%   796  420s
  3800   819 3963.92409   18  129 5000.00000 3727.03207  25.5%   796  426s
  3802   823 3727.03207   14  120 5000.00000 3727.03207  25.5%   807  461s
  3812   841 3727.03207   17  142 5000.00000 3727.03207  25.5%   812  467s
  3825   841 3727.03207   19  103 5000.00000 3727.03207  25.5%   816  470s
  3844   855 3727.03207   21   94 5000.00000 3727.03207  25.5%   825  477s
  3860   854 3727.03207   22  124 5000.00000 3727.03207  25.5%   830  483s
  3876   857 3747.10482   23   93 5000.00000 3727.03207  25.5%   835  487s
  3885   856 3727.03207   24   77 5000.00000 3727.03207  25.5%   837  490s
  3908   852     cutoff   21      5000.00000 3727.03207  25.5%   841  497s
  3930   853 3727.03207   21  118 5000.00000 3727.03207  25.5%   846  501s
  3961   858 3727.03207   23   78 5000.00000 3727.03207  25.5%   849  505s
  4015   848 3790.72081   27   52 5000.00000 3727.03207  25.5%   843  511s
  4054   838 3947.17897   37   46 5000.00000 3727.03207  25.5%   845  520s
  4122   821 3797.78065   22   78 5000.00000 3727.03207  25.5%   848  528s
  4159   811 3867.97374   19   51 5000.00000 3727.03207  25.5%   847  530s
  4185   805 3795.06828   22   87 5000.00000 3727.03207  25.5%   848  536s
  4236   795 3727.03207   22   51 5000.00000 3727.03207  25.5%   843  540s
  4294   782 3747.41212   23   46 5000.00000 3727.03207  25.5%   844  547s
  4333   770 3727.03207   22   68 5000.00000 3727.03207  25.5%   844  551s
  4400   748 3727.03207   18   72 5000.00000 3727.03207  25.5%   846  559s
  4455   724 3727.03207   20   55 5000.00000 3727.03207  25.5%   842  569s
  4497   706     cutoff   22      5000.00000 3727.03207  25.5%   844  573s
  4534   682 3895.53082   23   68 5000.00000 3727.03207  25.5%   843  577s
  4578   679 3727.03207   19  112 5000.00000 3727.03207  25.5%   845  582s
  4646   673 3755.28041   25   35 5000.00000 3727.03207  25.5%   842  586s
  4722   666 3767.43676   26   39 5000.00000 3727.03207  25.5%   835  590s
  4850   652 3760.08095   25   86 5000.00000 3727.03207  25.5%   817  595s
  5137   580 3800.73687   29   53 5000.00000 3730.79219  25.4%   777  603s
  5257   548     cutoff   34      5000.00000 3755.11686  24.9%   764  608s
  5466   498 3868.99943   27   35 5000.00000 3767.53354  24.6%   739  611s
  5697   426 3801.99499   24   87 5000.00000 3788.41526  24.2%   712  616s
  5856   382 3994.79556   30   48 5000.00000 3792.40846  24.2%   695  622s
  6088   309 3842.13579   31   44 5000.00000 3806.76385  23.9%   671  626s
  6221   222     cutoff   31      5000.00000 3806.76385  23.9%   659  631s
  6473   151     cutoff   29      5000.00000 3837.67065  23.2%   638  635s
  6749    31     cutoff   29      5000.00000 3877.67236  22.4%   615  640s

Cutting planes:
  Gomory: 4
  Cover: 8
  Implied bound: 262
  Projected implied bound: 1
  MIR: 151
  Flow cover: 124
  Inf proof: 2
  Zero half: 1
  RLT: 16
  Relax-and-lift: 6

Explored 7078 nodes (4224298 simplex iterations) in 640.95 seconds (944.93 work units)
Thread count was 8 (of 8 available processors)

Solution count 5: 5000 6000 7000 ... 132000

Optimal solution found (tolerance 1.00e-04)
Best objective 5.000000000000e+03, best bound 5.000000000000e+03, gap 0.0000%
