
Gurobi 13.0.1 (linux64) logging started Thu Apr 23 20:50:27 2026

Set parameter LogFile to value "experiments/20260422_213746/logs/Inst_19_Hard_Inspire_35__ribeiro.log"
Set parameter LogToConsole to value 0
Set parameter TimeLimit to value 1800
Gurobi Optimizer version 13.0.1 build v13.0.1rc0 (linux64 - "Ubuntu 24.04.4 LTS")

CPU model: Intel(R) Core(TM) i5-8250U CPU @ 1.60GHz, instruction set [SSE2|AVX|AVX2]
Thread count: 4 physical cores, 8 logical processors, using up to 8 threads

Non-default parameters:
TimeLimit  1800
LogToConsole  0

Optimize a model with 6824 rows, 2133 columns and 22804 nonzeros (Min)
Model fingerprint: 0x505cd5e0
Model has 53 linear objective coefficients
Variable types: 90 continuous, 2043 integer (1989 binary)
Coefficient statistics:
  Matrix range     [1e+00, 3e+04]
  Objective range  [1e+03, 2e+03]
  Bounds range     [1e+00, 3e+04]
  RHS range        [1e+00, 6e+04]

Presolve removed 820 rows and 12 columns
Presolve time: 0.07s
Presolved: 6004 rows, 2121 columns, 21412 nonzeros
Variable types: 79 continuous, 2042 integer (1989 binary)

Root relaxation: objective 0.000000e+00, 687 iterations, 0.02 seconds (0.02 work units)

    Nodes    |    Current Node    |     Objective Bounds      |     Work
 Expl Unexpl |  Obj  Depth IntInf | Incumbent    BestBd   Gap | It/Node Time

     0     0    0.00000    0   58          -    0.00000      -     -    0s
H    0     0                    79000.000000    0.00000   100%     -    0s
     0     0    0.00000    0   98 79000.0000    0.00000   100%     -    0s
H    0     0                    73000.000000    0.00000   100%     -    0s
H    0     0                    53000.000000    0.00000   100%     -    0s
H    0     0                    51000.000000    0.00000   100%     -    0s
     0     0    0.00000    0  102 51000.0000    0.00000   100%     -    0s
     0     0    0.00000    0   87 51000.0000    0.00000   100%     -    0s
     0     0    0.00000    0   61 51000.0000    0.00000   100%     -    1s
H    0     0                    49000.000000    0.00000   100%     -    1s
H    0     0                    47000.000000    0.00000   100%     -    1s
H    0     0                    45000.000000    0.00000   100%     -    1s
     0     0    0.00000    0   99 45000.0000    0.00000   100%     -    1s
     0     0    0.00000    0  103 45000.0000    0.00000   100%     -    1s
     0     0    0.00000    0   59 45000.0000    0.00000   100%     -    2s
     0     0    0.00000    0   80 45000.0000    0.00000   100%     -    2s
     0     0    0.00000    0  101 45000.0000    0.00000   100%     -    3s
     0     0    0.00000    0   65 45000.0000    0.00000   100%     -    3s
     0     0    0.00000    0   64 45000.0000    0.00000   100%     -    4s
     0     0    0.00000    0   64 45000.0000    0.00000   100%     -    4s
H    0     0                    43000.000000    0.00000   100%     -    4s
H    0     2                    39000.000000    0.00000   100%     -    4s
     0     2    0.00000    0   64 39000.0000    0.00000   100%     -    4s
     3     8    0.00000    2  101 39000.0000    0.00000   100%   372    5s
H    4     8                    37000.000000    0.00000   100%   279    5s
H    7    12                    35000.000000    0.00000   100%   408    5s
H   12    16                    34000.000000    0.00000   100%   476    5s
H   13    16                    33000.000000    0.00000   100%   441    5s
H   36    40                    31000.000000    0.00000   100%   262    5s
H   48    50                    29000.000000    0.00000   100%   272    5s
H   65    67                    28000.000000    0.00000   100%   293    6s
   245   364    0.00000   46   66 28000.0000    0.00000   100%   275   10s
H  327   364                    26000.000000    0.00000   100%   261   10s
H  426   397                    24000.000000    0.00000   100%   279   13s
   535   559 2000.00000   74   72 24000.0000    0.00000   100%   267   15s
  1240  1005 2000.00000   78   64 24000.0000    0.00000   100%   222   21s
  1243  1007 2000.00000   39   82 24000.0000    0.00000   100%   222   25s
  1246  1009 7000.00000  115  106 24000.0000    0.00000   100%   221   30s
H 1247   959                    22000.000000    0.00000   100%   221   32s
  1249   960 2000.00000   46   76 22000.0000    0.00000   100%   221   35s
  1253   963 3000.00000  137   87 22000.0000    0.00000   100%   220   41s
  1257   965 2149.22309    8   91 22000.0000    0.00000   100%   219   45s
  1261   968 2000.00000   60   90 22000.0000    0.00000   100%   219   50s
  1264   973    0.00000   11   94 22000.0000    0.00000   100%   259   55s
  1284  1018    0.00000   16   64 22000.0000    0.00000   100%   262   62s
  1318  1051    0.00000   21   69 22000.0000    0.00000   100%   272   68s
  1362  1142  407.02777   25   67 22000.0000    0.00000   100%   275   79s
  1468  1351  490.23572   36   82 22000.0000    0.00000   100%   315   93s
  1722  1431 2000.00000   70   52 22000.0000    0.00000   100%   322  106s
  1935  1407 2000.00000   92   56 22000.0000    0.00000   100%   345  121s
H 1966  1348                    20000.000000    0.00000   100%   359  121s
  1988  1512 2000.00000  102   56 20000.0000    0.00000   100%   372  137s
  2219  1638    0.00000   25   68 20000.0000    0.00000   100%   442  151s
  2422  1769    0.00000   48   58 20000.0000    0.00000   100%   497  166s
  2631  1975    0.00000   68   74 20000.0000    0.00000   100%   486  181s
  2927  2001 1000.00000   86   88 20000.0000    0.00000   100%   485  194s
  3055  1962 1000.00000  102   73 20000.0000    0.00000   100%   479  208s
  3059  2088 1000.00000  103   72 20000.0000    0.00000   100%   479  224s
  3240  2506 1000.00000  112   70 20000.0000    0.00000   100%   467  237s
  3733  2551 2000.00000  159   53 20000.0000    0.00000   100%   447  251s
H 3807  2480                    18000.000000    0.00000   100%   446  251s
  3958  2750 3000.00000  176   58 18000.0000    0.00000   100%   441  263s
  4295  3068 5000.00000  203   76 18000.0000    0.00000   100%   427  274s
  4713  3531    0.00000  111   85 18000.0000    0.00000   100%   409  286s
  5176  3688 1188.46485  166   91 18000.0000    0.00000   100%   389  295s
  5335  3736 2000.00000  207   74 18000.0000    0.00000   100%   389  306s
  5383  3945 2892.70267  209   86 18000.0000    0.00000   100%   391  316s
  5592  4139 4000.00000  266   84 18000.0000    0.00000   100%   393  325s
  5802  4332 7000.00000  290  109 18000.0000    0.00000   100%   390  335s
  6048  4675 1000.00000   51   95 18000.0000    0.00000   100%   389  345s
  6399  4906 1000.00000  166   81 18000.0000    0.00000   100%   382  355s
  6630  5138 1000.00000  201   74 18000.0000    0.00000   100%   382  365s
  6879  5229 2000.00000  283   69 18000.0000    0.00000   100%   386  375s
  6986  5269 4000.00000  318   71 18000.0000    0.00000   100%   392  387s
  7038  5613 3000.00000  317   63 18000.0000    0.00000   100%   393  398s
  7402  5831 6000.00000  370   85 18000.0000    0.00000   100%   391  409s
  7678  5982 2000.00000   49  108 18000.0000    0.00000   100%   395  421s
  7829  6246 2000.00000   85   96 18000.0000    0.00000   100%   402  432s
  8093  6525 2000.00000  126   74 18000.0000    0.00000   100%   403  445s
  8376  6699 2107.84337  147  100 18000.0000    0.00000   100%   403  458s
  8596  7192 2000.00000   43   74 18000.0000    0.00000   100%   402  472s
  9157  7623    0.00000   60   87 18000.0000    0.00000   100%   392  486s
  9651  8349 1000.00000  145   78 18000.0000    0.00000   100%   385  501s
 10410  8923 2000.00000  290  141 18000.0000    0.00000   100%   370  523s
 11108  8949 2000.00000   97   88 18000.0000    0.00000   100%   360  534s
 11134  9334 2000.00000   98   89 18000.0000    0.00000   100%   359  547s
 11602  9782 1000.00000   34   73 18000.0000    0.00000   100%   351  557s
 12078 10158 5000.00000  187   78 18000.0000    0.00000   100%   345  568s
 12514 10456 3000.00000  103   93 18000.0000    0.00000   100%   341  578s
 12818 10740 7000.00000  192  101 18000.0000    0.00000   100%   337  590s
 13163 11133 2000.00000   52   94 18000.0000    0.00000   100%   334  600s
 13616 11606 3000.00000   91   88 18000.0000    0.00000   100%   330  611s
 14089 11892 6000.00000  234   86 18000.0000    0.00000   100%   325  623s
 14424 12152 1000.00000   43   94 18000.0000    0.00000   100%   322  633s
 14716 12449   57.70287   37   99 18000.0000    0.00000   100%   322  644s
 15045 12885 4000.00000  116   93 18000.0000    0.00000   100%   321  655s
 15635 13362    0.00000   25   99 18000.0000    0.00000   100%   317  666s
 16129 13747    0.00000  188  106 18000.0000    0.00000   100%   313  677s
 16553 13802 1000.00000  288   99 18000.0000    0.00000   100%   311  689s
 16608 13806 1000.00000  317  104 18000.0000    0.00000   100%   312  703s
 16612 13836 1000.00000  318  100 18000.0000    0.00000   100%   312  715s
 16644 14128 1000.00000  339  114 18000.0000    0.00000   100%   312  726s
 16936 14487 6000.00000  435   94 18000.0000    0.00000   100%   312  737s
 17303 14788 13000.0000  510   66 18000.0000    0.00000   100%   310  749s
 17688 15121 2073.34783   73   89 18000.0000    0.00000   100%   308  759s
 18111 15323 5000.00000  109   95 18000.0000    0.00000   100%   307  770s
 18374 15774 8000.00000  153  101 18000.0000    0.00000   100%   308  782s
 18869 16338 4000.00000  224   96 18000.0000    0.00000   100%   303  793s
 19459 16639    0.00000   30   78 18000.0000    0.00000   100%   299  803s
 19764 17039    0.00000   92   96 18000.0000    0.00000   100%   298  815s
 20185 17354    0.00000  249  115 18000.0000    0.00000   100%   295  826s
 20544 17553    0.00000  320   89 18000.0000    0.00000   100%   295  837s
 20755 18162    0.00000  337   85 18000.0000    0.00000   100%   295  918s
 21428 18523  425.54331  368   91 18000.0000    0.00000   100%   293  928s
 21857 18930 1000.00000  375   92 18000.0000    0.00000   100%   290  937s
 22296 19186 1027.47877  386   97 18000.0000    0.00000   100%   289  946s
 22554 19596 2000.00000  419  107 18000.0000    0.00000   100%   289  957s
 23026 19747 3014.64237  441  176 18000.0000    0.00000   100%   287  967s
 23177 20007 2000.00000  441   82 18000.0000    0.00000   100%   288  977s
 23510 20343 2281.83288  450  122 18000.0000    0.00000   100%   289  988s
 23870 20701 2068.45300  451  103 18000.0000    0.00000   100%   288  998s
 24228 21189 3046.95743  475   96 18000.0000    0.00000   100%   287 1009s
 24766 21489 5000.00000  480   97 18000.0000    0.00000   100%   285 1021s
 25111 21878 5000.00000  491   68 18000.0000    0.00000   100%   284 1030s
 25595 21975 8000.00000  547  108 18000.0000    0.00000   100%   283 1041s
 25710 22381 8000.00000  546   96 18000.0000    0.00000   100%   282 1052s
 26227 22761 infeasible  578      18000.0000    0.00000   100%   280 1062s
 26659 22765 4000.00000  145  103 18000.0000    0.00000   100%   279 1075s
 26663 22954 4000.00000  146   89 18000.0000    0.00000   100%   279 1088s
 26852 23320 5000.00000  185   99 18000.0000    0.00000   100%   278 1099s
 27281 23897 6000.00000  136  101 18000.0000    0.00000   100%   276 1110s
 27915 24171 2000.00000   67   96 18000.0000    0.00000   100%   273 1120s
 28304 24776   80.66565   35   98 18000.0000    0.00000   100%   272 1131s
 28935 25273 4000.00000  169  117 18000.0000    0.00000   100%   269 1140s
 29482 25700 infeasible  334      18000.0000    0.00000   100%   266 1151s
 29996 26080 2000.00000   54  103 18000.0000    0.00000   100%   264 1161s
 30418 26339   49.42309   58   92 18000.0000    0.00000   100%   263 1171s
 30721 26606 8000.00000  149  103 18000.0000    0.00000   100%   262 1181s
 31084 27238 4000.00000   91  105 18000.0000    0.00000   100%   262 1199s
 31823 27555 3000.00000   79  110 18000.0000    0.00000   100%   260 1206s
 32148 27679 3000.00000  174  123 18000.0000    0.00000   100%   260 1215s
 32272 28219 3016.97251  177  107 18000.0000    0.00000   100%   260 1225s
 32864 28549 4000.00000  354   92 18000.0000    0.00000   100%   257 1233s
 33276 28790 infeasible  459      18000.0000    0.00000   100%   257 1241s
 33549 29104    0.00000   72   74 18000.0000    0.00000   100%   257 1251s
 33891 29417 1293.93199   43  114 18000.0000    0.00000   100%   257 1260s
 34266 29865 5000.00000  170   72 18000.0000    0.00000   100%   256 1269s
 34764 30200 3000.00000  129   85 18000.0000    0.00000   100%   255 1277s
 35186 30332 5000.00000  117   86 18000.0000    0.00000   100%   255 1285s
 35348 30913 3000.00000   53   72 18000.0000    0.00000   100%   255 1295s
 35957 31320 4000.00000  164   84 18000.0000    0.00000   100%   253 1304s
 36396 31382 1000.00000  105   72 18000.0000    0.00000   100%   252 1315s
 36462 31456 2000.00000  111   73 18000.0000    0.00000   100%   252 1324s
 36568 31585 2000.00000  112   73 18000.0000    0.00000   100%   251 1334s
 36711 31730 2000.00000  113   77 18000.0000    0.00000   100%   252 1344s
 36938 32239 2000.00000  118   70 18000.0000    0.00000   100%   252 1354s
 37566 32527 2000.00000  106  107 18000.0000    0.00000   100%   250 1364s
 37902 32997 2000.00000  206   98 18000.0000    0.00000   100%   250 1374s
 38374 33436 4000.00000  329  115 18000.0000    0.00000   100%   248 1383s
 38864 33742 5000.00000  450   93 18000.0000    0.00000   100%   247 1393s
 39261 34094 infeasible  575      18000.0000    0.00000   100%   246 1402s
 39698 34468 2000.00000   55   73 18000.0000    0.00000   100%   246 1411s
 40072 34798 8000.00000  123   88 18000.0000    0.00000   100%   245 1421s
 40441 35105 3000.00000   72   84 18000.0000    0.00000   100%   244 1430s
 40795 35413 2000.00000   66   74 18000.0000    0.00000   100%   243 1439s
 41260 35642    0.00000   29   85 18000.0000    0.00000   100%   243 1448s
 41491 35848    0.00000   55  104 18000.0000    0.00000   100%   244 1464s
 41755 36509    0.00000   70  111 18000.0000    0.00000   100%   246 1484s
 42475 36774 2178.59267  109   92 18000.0000    0.00000   100%   246 1497s
 42809 37411 1000.00000  122   71 18000.0000    0.00000   100%   246 1512s
 43488 37746 3000.00000  159   79 18000.0000    0.00000   100%   245 1523s
 43885 38295 4000.00000  182   88 18000.0000    0.00000   100%   245 1535s
 44514 38698 2000.00000   75  100 18000.0000    0.00000   100%   244 1546s
 44968 38973 3167.85422  134   63 18000.0000    0.00000   100%   244 1556s
 45243 39239 4000.00000  184   76 18000.0000    0.00000   100%   244 1567s
 45525 39522 6000.00000  222   95 18000.0000    0.00000   100%   245 1578s
 45873 39917 infeasible   87      18000.0000    0.00000   100%   245 1588s
 46315 40199 6000.00000  152  126 18000.0000    0.00000   100%   245 1600s
 46671 40604 6000.00000  280  137 18000.0000    0.00000   100%   245 1611s
 47105 41011 infeasible  512      18000.0000    0.00000   100%   244 1623s
 47592 41013 5000.00000  113   98 18000.0000    0.00000   100%   243 1635s
 47598 41087 5000.00000  114   94 18000.0000    0.00000   100%   243 1647s
 47706 41372 7025.52439  146   96 18000.0000    0.00000   100%   243 1659s
 48028 41768 7000.00000  166  100 18000.0000    0.00000   100%   243 1671s
 48460 42279 1000.00000   59  104 18000.0000    0.00000   100%   241 1683s
 48981 42522 5000.00000  220  126 18000.0000    0.00000   100%   240 1695s
 49242 42945 5000.00000  221  131 18000.0000    0.00000   100%   240 1707s
 49780 43245    0.00000   44   91 18000.0000    0.00000   100%   239 1717s
 50118 43664 4000.00000   79   70 18000.0000    0.00000   100%   240 1728s
 50577 43931 5000.00000  144   94 18000.0000    0.00000   100%   240 1740s
 50886 44578 9000.00000  300  116 18000.0000    0.00000   100%   239 1752s
 51635 45160 3000.00000   89  110 18000.0000    0.00000   100%   238 1763s
 52283 45622    0.00000   22   93 18000.0000    0.00000   100%   237 1779s
 52745 45907 3000.00000   89   88 18000.0000    0.00000   100%   237 1790s
 53068 46264 4000.00000  202   80 18000.0000    0.00000   100%   237 1800s

Cutting planes:
  Learned: 2
  Cover: 6
  Implied bound: 27
  Projected implied bound: 24
  Clique: 5
  MIR: 22
  Mixing: 2
  StrongCG: 2
  Flow cover: 70
  GUB cover: 6
  Zero half: 1
  RLT: 1
  Relax-and-lift: 66

Explored 53445 nodes (12692127 simplex iterations) in 1800.00 seconds (2175.80 work units)
Thread count was 8 (of 8 available processors)

Solution count 10: 18000 20000 22000 ... 34000

Time limit reached
Best objective 1.800000000000e+04, best bound 0.000000000000e+00, gap 100.0000%
