
Gurobi 13.0.1 (linux64) logging started Thu Apr 23 06:32:57 2026

Set parameter LogFile to value "experiments/20260422_213746/logs/Inst_09_Medium_Inspire_16__ribeiro.log"
Set parameter LogToConsole to value 0
Set parameter TimeLimit to value 1800
Gurobi Optimizer version 13.0.1 build v13.0.1rc0 (linux64 - "Ubuntu 24.04.4 LTS")

CPU model: Intel(R) Core(TM) i5-8250U CPU @ 1.60GHz, instruction set [SSE2|AVX|AVX2]
Thread count: 4 physical cores, 8 logical processors, using up to 8 threads

Non-default parameters:
TimeLimit  1800
LogToConsole  0

Optimize a model with 1464 rows, 491 columns and 4787 nonzeros (Min)
Model fingerprint: 0x39fbe41e
Model has 24 linear objective coefficients
Variable types: 42 continuous, 449 integer (424 binary)
Coefficient statistics:
  Matrix range     [1e+00, 3e+04]
  Objective range  [1e+03, 2e+03]
  Bounds range     [1e+00, 2e+04]
  RHS range        [1e+00, 4e+04]

Presolve removed 195 rows and 7 columns
Presolve time: 0.12s
Presolved: 1269 rows, 484 columns, 8650 nonzeros
Variable types: 36 continuous, 448 integer (424 binary)
Found heuristic solution: objective 30000.000000
Found heuristic solution: objective 16000.000000

Root relaxation: objective 0.000000e+00, 169 iterations, 0.01 seconds (0.00 work units)

    Nodes    |    Current Node    |     Objective Bounds      |     Work
 Expl Unexpl |  Obj  Depth IntInf | Incumbent    BestBd   Gap | It/Node Time

     0     0    0.00000    0   27 16000.0000    0.00000   100%     -    0s
     0     0    0.00000    0   39 16000.0000    0.00000   100%     -    0s
     0     0    0.00000    0   39 16000.0000    0.00000   100%     -    0s
     0     0    0.00000    0   44 16000.0000    0.00000   100%     -    0s
     0     0    0.00000    0   22 16000.0000    0.00000   100%     -    0s
H    0     0                    14000.000000    0.00000   100%     -    0s
     0     0    0.00000    0   36 14000.0000    0.00000   100%     -    0s
     0     0    0.00000    0   38 14000.0000    0.00000   100%     -    0s
     0     0    0.00000    0   26 14000.0000    0.00000   100%     -    0s
H    0     0                    12000.000000    0.00000   100%     -    0s
     0     0    0.00000    0   42 12000.0000    0.00000   100%     -    0s
     0     0    0.00000    0   42 12000.0000    0.00000   100%     -    0s
     0     0    0.00000    0   27 12000.0000    0.00000   100%     -    0s
     0     0    0.00000    0   38 12000.0000    0.00000   100%     -    0s
H    0     0                    11000.000000    0.00000   100%     -    0s
     0     0    0.00000    0   39 11000.0000    0.00000   100%     -    0s
     0     0    0.00000    0   27 11000.0000    0.00000   100%     -    1s
     0     0    0.00000    0   26 11000.0000    0.00000   100%     -    1s
     0     0    0.00000    0   26 11000.0000    0.00000   100%     -    1s
     0     2    0.00000    0   24 11000.0000    0.00000   100%     -    1s
H   19    33                    9000.0000000    0.00000   100%   123    1s
H  124   147                    7000.0000000    0.00000   100%   123    1s
  1314   969 2000.00000   38   41 7000.00000    0.00000   100%  62.8    5s
  1626  1330    0.00000   33   34 7000.00000    0.00000   100%  88.6   10s
  2742  1922 5209.79317   90   18 7000.00000    0.00000   100%   120   15s
  4103  2911 1000.00000   58   28 7000.00000    0.00000   100%   126   21s
  7334  4840 1014.41508   44   42 7000.00000    0.00000   100%   110   26s
  8837  5537    0.00000   38   27 7000.00000    0.00000   100%   108   30s
 10976  7314 1000.00000   65   30 7000.00000    0.00000   100%   105   35s
 13318  8539 2000.00000   39   30 7000.00000    0.00000   100%   103   40s
 15612 10427  212.71656   52   45 7000.00000    0.00000   100%   104   46s
 18569 12759 1012.04161   48   41 7000.00000    0.00000   100%   102   50s
 21013 14427 2000.00000   76   29 7000.00000    0.00000   100%   104   55s
 24409 16911    0.00000   34   34 7000.00000    0.00000   100%   103   60s
 26344 18250 2000.00000   60   27 7000.00000    0.00000   100%   102   65s
 29574 20513  114.50459   39   51 7000.00000    0.00000   100%   100   83s
 31565 21777 4000.00000   87   22 7000.00000    0.00000   100%   100   86s
 33604 23358 3000.00000   75   32 7000.00000    0.00000   100%   100   91s
 36363 25501  127.75217   56   53 7000.00000    0.00000   100%   100   95s
 38973 26691 1000.00000   48   27 7000.00000    0.00000   100%  98.7  101s
 40987 28679    0.00000   40   39 7000.00000    0.00000   100%  98.8  106s
 43865 30262 1000.00000   57   32 7000.00000    0.00000   100%  98.6  111s
 46872 32647 6000.00000  107   16 7000.00000    0.00000   100%  97.7  115s
 48913 33980 2000.00000   49   22 7000.00000    0.00000   100%  97.4  120s
 53106 36835    0.00000   41   34 7000.00000    0.00000   100%  97.1  125s
 55559 38740 3000.00000   36   32 7000.00000    0.00000   100%  97.1  131s
 58310 40394 3000.00000   66   30 7000.00000    0.00000   100%  96.8  135s
 62051 43102 4000.00000   62   24 7000.00000    0.00000   100%  96.7  141s
 62914 43292 infeasible   96      7000.00000    0.00000   100%  96.9  146s
 63725 44171    0.00000   78   44 7000.00000    0.00000   100%  97.2  150s
 65768 45979 1000.00000   63   28 7000.00000    0.00000   100%  97.2  155s
 68270 47742 4000.00000  104   27 7000.00000    0.00000   100%  98.3  161s
 69527 48917 1031.37283   72   41 7000.00000    0.00000   100%  98.6  165s
 73480 51147 4255.71000  103   32 7000.00000    0.00000   100%   100  171s
 75810 52996  179.16358   73   44 7000.00000    0.00000   100%   100  175s
 79058 54983 infeasible  101      7000.00000    0.00000   100%   100  180s
 81650 56847 5000.00000  141   19 7000.00000    0.00000   100%   100  186s
 84082 58334   32.55985   84   64 7000.00000    0.00000   100%   100  190s
 86828 59937 1074.40004   60   37 7000.00000    0.00000   100%   101  195s
 88871 61839 3000.00000   77   22 7000.00000    0.00000   100%   101  200s
 92177 63778 5000.00000   56   24 7000.00000    0.00000   100%   101  205s
 94034 65416 4000.00000   68   33 7000.00000    0.00000   100%   101  210s
 97981 67739 4122.82484   82   34 7000.00000    0.00000   100%   101  216s
 100763 70014   15.83027   61   52 7000.00000    0.00000   100%   101  220s
 103415 71952 infeasible  122      7000.00000    0.00000   100%   101  225s
 106126 73190 3000.00000   82   34 7000.00000    0.00000   100%   101  230s
 107373 73726 3000.00000   86   30 7000.00000    0.00000   100%   101  236s
 107611 74275 3000.00000   86   31 7000.00000    0.00000   100%   101  240s
 109981 75813 1117.97305   77   36 7000.00000    0.00000   100%   101  246s
 112260 77438     cutoff   89      7000.00000    0.00000   100%   101  250s
 115225 79616 4000.00000   63   28 7000.00000    0.00000   100%   101  255s
 118376 81411 5224.27686   40   26 7000.00000    0.00000   100%   101  260s
 121288 83390 2000.00000   75   24 7000.00000    0.00000   100%   101  266s
 123457 85122 4000.00000   42   18 7000.00000    0.00000   100%   101  270s
 127203 87526 2161.51227   87   29 7000.00000    0.00000   100%   101  276s
 129797 89666 1000.00000   65   25 7000.00000    0.00000   100%   101  281s
 133054 91550 5000.00000   78   23 7000.00000    0.00000   100%   101  287s
 133481 92674 1000.00000   40   29 7000.00000    0.00000   100%   101  290s
 137961 95343 4000.00000  151   25 7000.00000    0.00000   100%   102  296s
 140646 96695 4399.18605   83   23 7000.00000    0.00000   100%   102  301s
 142772 98422 1000.00000   78   24 7000.00000    0.00000   100%   102  305s
 146241 100835 4000.00000  110   27 7000.00000    0.00000   100%   102  311s
 147657 101787 2000.00000   82   25 7000.00000    0.00000   100%   102  315s
 151646 104229 3000.00000   82   28 7000.00000    0.00000   100%   102  321s
 154772 106690 1000.00000   45   29 7000.00000    0.00000   100%   102  326s
 157092 108325 3000.00000   93   33 7000.00000    0.00000   100%   102  330s
 158028 108345 3000.00000   99   22 7000.00000    0.00000   100%   102  335s
 158187 108658 2000.00000   42   36 7000.00000    0.00000   100%   102  340s
 159204 109778 1000.00000   62   22 7000.00000    0.00000   100%   102  346s
 161499 111782 2000.00000   86   39 7000.00000    0.00000   100%   102  350s
 164954 114041 3000.00000   95   36 7000.00000    0.00000   100%   102  355s
 167210 116030 4042.32273   52   24 7000.00000    0.00000   100%   102  360s
 170009 117506 1000.00000   61   25 7000.00000    0.00000   100%   102  365s
 172971 119890 3000.00000   83   21 7000.00000    0.00000   100%   102  370s
 175393 121111 3000.00000   42   31 7000.00000    0.00000   100%   102  375s
 178660 123343 2000.00000   82   39 7000.00000    0.00000   100%   102  380s
 181260 125513  242.77595   57   49 7000.00000    0.00000   100%   102  385s
 184341 127473    0.00000   82   36 7000.00000    0.00000   100%   102  390s
 186139 128773 2000.00000   48   23 7000.00000    0.00000   100%   102  395s
 189459 131185 1000.00000   57   36 7000.00000    0.00000   100%   103  400s
 192127 133029 2000.00000   34   25 7000.00000    0.00000   100%   103  405s
 194600 134824 1000.00000   61   23 7000.00000    0.00000   100%   103  410s
 197692 136896 3796.16048   95   30 7000.00000    0.00000   100%   103  415s
 199768 138879 3000.00000   68   21 7000.00000    0.00000   100%   103  420s
 202273 140523 2000.00000   36   36 7000.00000    0.00000   100%   103  425s
 205571 142775 1000.00000   48   33 7000.00000    0.00000   100%   103  430s
 207606 145180 infeasible   69      7000.00000    0.00000   100%   103  437s
 210638 146495 2373.65439   66   39 7000.00000    0.00000   100%   103  440s
 212596 147891 1000.00000   38   31 7000.00000    0.00000   100%   103  446s
 216399 150647 1000.00000   66   38 7000.00000    0.00000   100%   103  451s
 218129 151184 3000.00000   75   25 7000.00000    0.00000   100%   103  455s
 218159 151313 3000.00000   78   28 7000.00000    0.00000   100%   103  461s
 218432 151607 3000.00000   80   24 7000.00000    0.00000   100%   103  465s
 220635 153387 5000.00000  130   29 7000.00000    0.00000   100%   103  471s
 222301 155048    0.00000   41   30 7000.00000    0.00000   100%   103  475s
 226154 157690 3000.00000   48   27 7000.00000    0.00000   100%   103  481s
 229096 159441 4000.00000  129   28 7000.00000    0.00000   100%   103  485s
 231906 161524 1000.00000   52   29 7000.00000    0.00000   100%   103  490s
 234704 163557 4000.00000   60   18 7000.00000    0.00000   100%   103  495s
 237646 165795 2000.00000   53   28 7000.00000    0.00000   100%   103  500s
 241478 168188   47.86963   59   51 7000.00000    0.00000   100%   103  505s
 244553 170379 infeasible   89      7000.00000    0.00000   100%   103  511s
 248019 172807    0.00000   30   30 7000.00000    0.00000   100%   103  516s
 251163 174376 infeasible   60      7000.00000    0.00000   100%   102  520s
 254429 176863 1000.00000   67   31 7000.00000    0.00000   100%   102  525s
 257359 178936 3000.00000   82   23 7000.00000    0.00000   100%   102  530s
 259910 180672 2002.90883   75   36 7000.00000    0.00000   100%   102  535s
 263203 182935 1048.35080   66   40 7000.00000    0.00000   100%   102  540s
 266314 185254 4000.00000   71   19 7000.00000    0.00000   100%   102  545s
 269856 187722 4000.00000   74   31 7000.00000    0.00000   100%   102  550s
 271918 188987 2000.00000   49   31 7000.00000    0.00000   100%   102  555s
 275580 191262 1062.56818   93   36 7000.00000    0.00000   100%   102  560s
 278387 193261  221.40161   39   47 7000.00000    0.00000   100%   102  565s
 280774 194148 1000.00000   69   26 7000.00000    0.00000   100%   101  570s
 280815 199653 1000.00000   70   31 7000.00000    0.00000   100%   101  583s
 289651 200570 infeasible   82      7000.00000    0.00000   100%   102  585s
 291873 202448 1033.63454   35   41 7000.00000    0.00000   100%   102  591s
 293546 203169 6000.00000   62   19 7000.00000    0.00000   100%   102  596s
 293781 203383 infeasible   63      7000.00000    0.00000   100%   102  600s
 294847 203980 infeasible   64      7000.00000    0.00000   100%   102  605s
 296718 205478 2000.00000   44   33 7000.00000    0.00000   100%   102  610s
 298957 207414 1000.00000   49   26 7000.00000    0.00000   100%   102  615s
 302330 209696 1303.16024   50   34 7000.00000    0.00000   100%   102  621s
 304256 210676 2000.00000   52   32 7000.00000    0.00000   100%   102  625s
 307137 212528    0.00000   56   34 7000.00000    0.00000   100%   102  631s
 308700 214220 1000.00000   53   38 7000.00000    0.00000   100%   102  635s
 311758 216043 3022.96541   65   36 7000.00000    0.00000   100%   102  640s
 315428 218509    0.00000   61   32 7000.00000    0.00000   100%   102  645s
 316850 219876    0.00000   55   35 7000.00000    0.00000   100%   102  650s
 320371 222474  468.49208   40   33 7000.00000    0.00000   100%   102  655s
 323276 224627 1000.00000   57   25 7000.00000    0.00000   100%   102  660s
 326216 226374 1000.00000   60   27 7000.00000    0.00000   100%   102  665s
 329478 228335   83.87085   39   55 7000.00000    0.00000   100%   102  671s
 332073 230670 2000.00000  102   27 7000.00000    0.00000   100%   102  675s
 334683 232236 5000.00000   65   36 7000.00000    0.00000   100%   102  680s
 338513 234835 2000.00000   75   30 7000.00000    0.00000   100%   102  686s
 340857 236316 1000.00000   58   35 7000.00000    0.00000   100%   102  690s
 343818 238619 4000.00000   47   26 7000.00000    0.00000   100%   102  695s
 345554 239125 infeasible  118      7000.00000    0.00000   100%   102  701s
 345589 239139 2000.00000   45   28 7000.00000    0.00000   100%   102  706s
 345852 239571 2000.00000   48   30 7000.00000    0.00000   100%   102  712s
 346787 240469 2000.00000   50   20 7000.00000    0.00000   100%   102  716s
 349547 242575 1000.00000   65   41 7000.00000    0.00000   100%   102  721s
 352153 243935 infeasible   87      7000.00000    0.00000   100%   102  725s
 354908 246333 1048.69529   75   38 7000.00000    0.00000   100%   102  730s
 358849 248657     cutoff   67      7000.00000    0.00000   100%   102  735s
 361567 250677 2000.00000   46   35 7000.00000    0.00000   100%   102  741s
 364324 252327 1000.00000   39   37 7000.00000    0.00000   100%   102  745s
 368001 254909 1039.55017   67   54 7000.00000    0.00000   100%   101  750s
 370354 256454 2000.00000   55   27 7000.00000    0.00000   100%   101  755s
 372966 258351 infeasible   70      7000.00000    0.00000   100%   102  760s
 375608 259970    0.00000   47   28 7000.00000    0.00000   100%   102  765s
 377571 261584 3172.26741   90   40 7000.00000    0.00000   100%   102  770s
 380258 263825 infeasible  111      7000.00000    0.00000   100%   102  775s
 383455 265864  162.39262   59   47 7000.00000    0.00000   100%   102  780s
 386789 268216 2000.00000   82   27 7000.00000    0.00000   100%   102  785s
 389227 269929 3000.00000   76   22 7000.00000    0.00000   100%   102  790s
 392696 272053 2000.00000   88   26 7000.00000    0.00000   100%   102  795s
 394891 273383 2000.00000   62   34 7000.00000    0.00000   100%   102  800s
 397714 275589 2000.00000  115   25 7000.00000    0.00000   100%   102  805s
 400140 277528    0.00000   52   37 7000.00000    0.00000   100%   102  810s
 402621 278796    0.00000   45   33 7000.00000    0.00000   100%   102  815s
 405973 281580 4024.05641  114   26 7000.00000    0.00000   100%   102  821s
 407099 282306 2000.00000   83   26 7000.00000    0.00000   100%   102  825s
 409457 284013 1000.00000   73   22 7000.00000    0.00000   100%   102  830s
 411836 285441 infeasible  122      7000.00000    0.00000   100%   102  836s
 414103 287282 1000.00000  107   28 7000.00000    0.00000   100%   102  841s
 416110 288621 5000.00000   71   17 7000.00000    0.00000   100%   102  846s
 419887 291004 3035.93594   91   46 7000.00000    0.00000   100%   102  850s
 421639 292306  169.51889   62   48 7000.00000    0.00000   100%   102  855s
 424153 294392 3000.00000  117   38 7000.00000    0.00000   100%   102  860s
 426814 296354 2000.00000   73   36 7000.00000    0.00000   100%   102  865s
 429999 297910 2000.00000  104   31 7000.00000    0.00000   100%   102  871s
 432066 299289 2026.05152   96   47 7000.00000    0.00000   100%   102  876s
 432090 299313 3000.00000   97   28 7000.00000    0.00000   100%   102  882s
 432166 299535 2000.00000   55   31 7000.00000    0.00000   100%   102  885s
 432586 300204 3000.00000   59   25 7000.00000    0.00000   100%   102  890s
 435077 302268 4000.00000  105   23 7000.00000    0.00000   100%   102  895s
 436711 303322 2000.00000   57   19 7000.00000    0.00000   100%   102  900s
 440261 305791 1000.00000   52   29 7000.00000    0.00000   100%   102  905s
 443938 308125 3000.00000   79   26 7000.00000    0.00000   100%   102  912s
 444365 309272 3000.00000   49   24 7000.00000    0.00000   100%   102  915s
 448132 310915 1000.00000   80   34 7000.00000    0.00000   100%   102  920s
 450193 312973 infeasible   59      7000.00000    0.00000   100%   102  926s
 453760 315447 1518.69348   61   31 7000.00000    0.00000   100%   102  931s
 455908 316832 6000.00000   80   23 7000.00000    0.00000   100%   102  936s
 458800 318960    0.00000   36   29 7000.00000    0.00000   100%   102  941s
 461141 320481 2000.00000   79   31 7000.00000    0.00000   100%   102  945s
 464914 323214 infeasible   82      7000.00000    0.00000   100%   102  951s
 467711 325244  176.92590   50   48 7000.00000    0.00000   100%   102  955s
 470976 327069 1000.00000   69   28 7000.00000    0.00000   100%   102  961s
 473593 329334 1000.00000   61   35 7000.00000    0.00000   100%   102  966s
 476362 331118 4000.00000   54   23 7000.00000    0.00000   100%   102  970s
 479320 333100 1000.00000   90   34 7000.00000    0.00000   100%   102  975s
 482355 335020 1000.00000   47   33 7000.00000    0.00000   100%   102  981s
 485658 337457 2482.19532   45   35 7000.00000    0.00000   100%   102  986s
 488072 339199 6000.00000   73   18 7000.00000    0.00000   100%   102  990s
 490901 341222 2000.00000   45   26 7000.00000    0.00000   100%   102  995s
 493523 342987  469.63311   36   36 7000.00000    0.00000   100%   102 1000s
 496195 345120 5000.00000   98   24 7000.00000    0.00000   100%   102 1005s
 498490 346843 1000.00000   56   20 7000.00000    0.00000   100%   102 1010s
 501949 349263 1000.00000   67   25 7000.00000    0.00000   100%   102 1015s
 503463 350771 4000.00000   91   24 7000.00000    0.00000   100%   102 1020s
 507788 352607 5070.99531   90   23 7000.00000    0.00000   100%   102 1025s
 509414 354333  142.90378   51   52 7000.00000    0.00000   100%   102 1030s
 513148 357032 3000.00000  100   28 7000.00000    0.00000   100%   102 1035s
 516207 359032 4000.00000  108   30 7000.00000    0.00000   100%   102 1040s
 519678 361327 1093.08675   53   35 7000.00000    0.00000   100%   102 1045s
 521425 362829 2178.84475   70   43 7000.00000    0.00000   100%   102 1050s
 524427 364706  167.83857   55   48 7000.00000    0.00000   100%   102 1055s
 528154 367463 2000.00000   41   27 7000.00000    0.00000   100%   102 1061s
 529122 367484 1000.00000   46   20 7000.00000    0.00000   100%   102 1065s
 529146 367507 1000.00000   49   25 7000.00000    0.00000   100%   102 1070s
 529531 368261 infeasible   53      7000.00000    0.00000   100%   102 1076s
 530481 368785 3000.00000   55   19 7000.00000    0.00000   100%   102 1080s
 533756 370704 4000.00000   67   24 7000.00000    0.00000   100%   102 1085s
 535110 372153 5000.00000   94   19 7000.00000    0.00000   100%   102 1090s
 537914 374013 1053.89746   70   35 7000.00000    0.00000   100%   102 1095s
 540930 376108 1000.00000   52   29 7000.00000    0.00000   100%   102 1100s
 543464 377525 2000.00000   54   30 7000.00000    0.00000   100%   102 1105s
 546552 380030 1000.00000   73   38 7000.00000    0.00000   100%   102 1110s
 549491 381706 3000.00000   51   28 7000.00000    0.00000   100%   102 1115s
 552959 383980 5000.00000   59   21 7000.00000    0.00000   100%   102 1121s
 555324 385634 4000.00000  114   31 7000.00000    0.00000   100%   102 1125s
 557949 387524 3000.00000   82   24 7000.00000    0.00000   100%   102 1130s
 562571 390116 3000.00000   67   23 7000.00000    0.00000   100%   102 1136s
 562975 391482  549.05203   46   49 7000.00000    0.00000   100%   102 1140s
 567731 393502   44.97883   41   49 7000.00000    0.00000   100%   102 1145s
 571043 395984   98.72498   41   52 7000.00000    0.00000   100%   102 1151s
 573320 397469 1000.00000   48   32 7000.00000    0.00000   100%   102 1156s
 575979 399124 infeasible   67      7000.00000    0.00000   100%   102 1160s
 578847 401001 5000.00000  105   21 7000.00000    0.00000   100%   102 1165s
 581990 403094 5000.00000  116   26 7000.00000    0.00000   100%   102 1171s
 584089 404795 1000.00000   72   43 7000.00000    0.00000   100%   102 1175s
 587902 406820 1067.57355   74   50 7000.00000    0.00000   100%   102 1181s
 589838 408450 1000.00000   47   32 7000.00000    0.00000   100%   102 1185s
 592661 410848 1000.00000   37   25 7000.00000    0.00000   100%   102 1191s
 595745 412690  192.77212   53   47 7000.00000    0.00000   100%   102 1195s
 598871 414780 2000.00000   64   34 7000.00000    0.00000   100%   102 1201s
 601822 416653 2000.00000   53   37 7000.00000    0.00000   100%   102 1205s
 604515 418594 5027.64334   44   35 7000.00000    0.00000   100%   102 1210s
 606660 420251 infeasible  132      7000.00000    0.00000   100%   102 1215s
 611104 423381 3000.00000   75   29 7000.00000    0.00000   100%   102 1220s
 613716 425216 4047.67775   76   35 7000.00000    0.00000   100%   102 1226s
 616122 426699 infeasible   88      7000.00000    0.00000   100%   102 1230s
 619559 429245 3000.00000  130   38 7000.00000    0.00000   100%   102 1235s
 621790 430786 3000.00000   82   33 7000.00000    0.00000   100%   102 1240s
 625176 432972 5000.00000  103   23 7000.00000    0.00000   100%   102 1246s
 626707 433634   43.24532   74   48 7000.00000    0.00000   100%   102 1251s
 626723 433647 1000.00000   76   27 7000.00000    0.00000   100%   102 1255s
 626871 433906 1000.00000   79   27 7000.00000    0.00000   100%   102 1262s
 627544 434572 2000.00000   88   29 7000.00000    0.00000   100%   102 1265s
 629068 435348 1000.00000   90   36 7000.00000    0.00000   100%   102 1270s
 631774 437521 2000.00000   44   32 7000.00000    0.00000   100%   102 1275s
 634509 439459   32.92435   65   63 7000.00000    0.00000   100%   102 1281s
 637214 441409 infeasible   93      7000.00000    0.00000   100%   102 1285s
 639779 443178 2000.00000   90   28 7000.00000    0.00000   100%   102 1290s
 642132 444622 2000.00000   91   25 7000.00000    0.00000   100%   102 1295s
 646001 446778 4106.41774   91   34 7000.00000    0.00000   100%   102 1301s
 648180 448455   17.99502   49   44 7000.00000    0.00000   100%   102 1305s
 650829 450475 6000.00000   93   19 7000.00000    0.00000   100%   102 1310s
 653601 452255 5000.00000   81   26 7000.00000    0.00000   100%   102 1316s
 656723 454460 1000.00000   71   30 7000.00000    0.00000   100%   102 1320s
 658700 455868 1000.00000   55   32 7000.00000    0.00000   100%   102 1325s
 661642 457387 1000.00000   61   29 7000.00000    0.00000   100%   102 1330s
 665285 459864 1000.00000   42   28 7000.00000    0.00000   100%   102 1336s
 666306 461010 2000.00000   60   29 7000.00000    0.00000   100%   102 1340s
 669755 463370 2034.14250   92   57 7000.00000    0.00000   100%   102 1345s
 672882 465536 4214.64430   75   25 7000.00000    0.00000   100%   102 1350s
 676079 467843 3000.00000   74   25 7000.00000    0.00000   100%   102 1356s
 678673 469105 infeasible   86      7000.00000    0.00000   100%   102 1360s
 681420 471530   29.34739   40   49 7000.00000    0.00000   100%   102 1366s
 684398 473370 1000.00000   69   31 7000.00000    0.00000   100%   102 1370s
 687310 475504 5000.00000  102   26 7000.00000    0.00000   100%   102 1375s
 689092 476614 4000.00000   60   20 7000.00000    0.00000   100%   102 1380s
 692643 479141 3000.00000   64   32 7000.00000    0.00000   100%   102 1385s
 695741 480972 6000.00000  112   26 7000.00000    0.00000   100%   102 1390s
 698417 483255 3145.77495   94   40 7000.00000    0.00000   100%   102 1396s
 701228 484878 infeasible  126      7000.00000    0.00000   100%   102 1400s
 704664 487138 3019.29777   66   33 7000.00000    0.00000   100%   102 1406s
 707044 488738    0.00000   41   37 7000.00000    0.00000   100%   102 1410s
 710170 490951 2000.00000   39   26 7000.00000    0.00000   100%   102 1415s
 712104 492578 2000.00000   90   29 7000.00000    0.00000   100%   102 1421s
 715119 494420 4000.00000   60   24 7000.00000    0.00000   100%   102 1425s
 717745 496452 3000.00000   47   39 7000.00000    0.00000   100%   102 1431s
 721421 498894 2000.00000   91   28 7000.00000    0.00000   100%   102 1435s
 724607 500869 1000.00000   63   29 7000.00000    0.00000   100%   102 1440s
 725107 500885 2000.00000   58   22 7000.00000    0.00000   100%   102 1445s
 725203 500992 1000.00000   62   32 7000.00000    0.00000   100%   102 1451s
 725510 502605 3000.00000  100   27 7000.00000    0.00000   100%   102 1460s
 729930 504393 5000.00000   68   15 7000.00000    0.00000   100%   102 1466s
 731628 506068  104.72703   64   55 7000.00000    0.00000   100%   102 1470s
 734470 507918 infeasible   50      7000.00000    0.00000   100%   102 1475s
 737981 510217 2000.00000   83   25 7000.00000    0.00000   100%   102 1480s
 741223 512201 4000.00000  127   28 7000.00000    0.00000   100%   102 1486s
 743488 513427 1000.00000   63   29 7000.00000    0.00000   100%   102 1490s
 746316 515641 3000.00000   97   31 7000.00000    0.00000   100%   102 1495s
 749516 517840 2012.05847   72   51 7000.00000    0.00000   100%   102 1500s
 752890 519541 1000.00000   62   40 7000.00000    0.00000   100%   102 1506s
 754764 521433    0.00000   45   31 7000.00000    0.00000   100%   102 1510s
 758108 523492 2000.00000   74   21 7000.00000    0.00000   100%   102 1515s
 760748 525261 2163.20314  100   29 7000.00000    0.00000   100%   102 1520s
 763931 527564 2000.00000   95   32 7000.00000    0.00000   100%   102 1526s
 765984 528752    0.00000   65   39 7000.00000    0.00000   100%   102 1531s
 769793 531303 4000.00000   93   25 7000.00000    0.00000   100%   102 1536s
 772071 532956   24.98905   66   49 7000.00000    0.00000   100%   102 1541s
 774437 534627 3000.00000  111   30 7000.00000    0.00000   100%   102 1545s
 777998 536993  104.36945   55   55 7000.00000    0.00000   100%   102 1551s
 780379 538486 4000.00000   52   20 7000.00000    0.00000   100%   102 1556s
 783777 540490 2000.00000   76   31 7000.00000    0.00000   100%   102 1560s
 786214 542385 2000.00000   75   21 7000.00000    0.00000   100%   102 1565s
 789671 544797    0.00000   51   32 7000.00000    0.00000   100%   102 1571s
 791743 546307  222.33347   59   41 7000.00000    0.00000   100%   102 1576s
 794563 547947 1065.88233   62   51 7000.00000    0.00000   100%   102 1580s
 796776 549633 4035.18809  100   34 7000.00000    0.00000   100%   102 1585s
 800363 552179 1000.00000   60   33 7000.00000    0.00000   100%   102 1591s
 803203 553891 2000.00000   58   29 7000.00000    0.00000   100%   102 1596s
 805387 555528 1042.22319  104   50 7000.00000    0.00000   100%   102 1600s
 807750 557165 4000.00000  147   28 7000.00000    0.00000   100%   102 1605s
 810534 559011 1000.00000   62   30 7000.00000    0.00000   100%   102 1610s
 812881 560927 1000.00000   44   36 7000.00000    0.00000   100%   102 1615s
 816705 563202 2000.00000   57   24 7000.00000    0.00000   100%   102 1620s
 817962 563839 3001.04730   29   38 7000.00000    0.00000   100%   102 1626s
 817978 563855 3002.04668   30   41 7000.00000    0.00000   100%   102 1630s
 818202 564109 3000.00000   67   26 7000.00000    0.00000   100%   102 1636s
 818895 565558 3000.00000   64   24 7000.00000    0.00000   100%   102 1640s
 823404 568393 1000.00000   67   34 7000.00000    0.00000   100%   102 1645s
 825479 569782 2333.62688   68   24 7000.00000    0.00000   100%   102 1651s
 828778 571838   77.12282   49   48 7000.00000    0.00000   100%   102 1655s
 831824 573901 2000.00000   55   28 7000.00000    0.00000   100%   102 1660s
 835619 576269  222.09184   60   40 7000.00000    0.00000   100%   102 1665s
 838613 578170  297.81169   43   36 7000.00000    0.00000   100%   102 1671s
 841247 579686 3000.00000   50   25 7000.00000    0.00000   100%   102 1675s
 844290 582059 3000.00000   50   22 7000.00000    0.00000   100%   102 1680s
 847926 584521 4000.00000   88   31 7000.00000    0.00000   100%   102 1685s
 850362 586111  184.83053   61   41 7000.00000    0.00000   100%   102 1690s
 854769 588966 4000.00000   72   16 7000.00000    0.00000   100%   102 1696s
 856635 590382 2000.00000   60   23 7000.00000    0.00000   100%   102 1700s
 860066 592430 1000.00000   57   47 7000.00000    0.00000   100%   102 1706s
 862185 594407 2019.14980   87   50 7000.00000    0.00000   100%   102 1710s
 864717 595543 2000.00000  102   28 7000.00000    0.00000   100%   102 1715s
 867382 597937 3000.00000   75   33 7000.00000    0.00000   100%   102 1721s
 870159 599514 3000.00000   78   36 7000.00000    0.00000   100%   102 1726s
 872614 601683  167.67330   58   47 7000.00000    0.00000   100%   102 1730s
 875028 603773 1000.00000   35   34 7000.00000    0.00000   100%   102 1735s
 878199 605504 infeasible   66      7000.00000    0.00000   100%   102 1740s
 881844 608114 1203.14895   71   47 7000.00000    0.00000   100%   102 1745s
 884566 610346 infeasible  100      7000.00000    0.00000   100%   102 1750s
 887161 611559 5000.00000   44   15 7000.00000    0.00000   100%   102 1755s
 890285 614168 5000.00000  108   18 7000.00000    0.00000   100%   102 1760s
 892797 615953 infeasible   57      7000.00000    0.00000   100%   102 1765s
 895303 617650 2000.00000   52   37 7000.00000    0.00000   100%   102 1770s
 898867 619415 4000.00000   61   24 7000.00000    0.00000   100%   102 1776s
 901403 621934 2000.00000   81   26 7000.00000    0.00000   100%   102 1780s
 903954 623618    4.51070   47   59 7000.00000    0.00000   100%   102 1785s
 907326 625359 1074.25579   68   52 7000.00000    0.00000   100%   102 1791s
 907492 625542 2000.00000   70   34 7000.00000    0.00000   100%   102 1795s
 907854 625728 2000.00000   73   32 7000.00000    0.00000   100%   102 1800s

Cutting planes:
  Learned: 2
  Cover: 1
  Implied bound: 13
  Projected implied bound: 8
  MIR: 10
  Mixing: 2
  Flow cover: 35
  GUB cover: 3
  RLT: 1
  Relax-and-lift: 6

Explored 907864 nodes (92456889 simplex iterations) in 1800.01 seconds (1117.39 work units)
Thread count was 8 (of 8 available processors)

Solution count 7: 7000 9000 11000 ... 30000

Time limit reached
Best objective 7.000000000000e+03, best bound 0.000000000000e+00, gap 100.0000%
