
Gurobi 13.0.1 (linux64) logging started Thu Apr 23 07:02:58 2026

Set parameter LogFile to value "experiments/20260422_213746/logs/Inst_09_Medium_Inspire_16__drone_index.log"
Set parameter LogToConsole to value 0
Set parameter TimeLimit to value 1800
Gurobi Optimizer version 13.0.1 build v13.0.1rc0 (linux64 - "Ubuntu 24.04.4 LTS")

CPU model: Intel(R) Core(TM) i5-8250U CPU @ 1.60GHz, instruction set [SSE2|AVX|AVX2]
Thread count: 4 physical cores, 8 logical processors, using up to 8 threads

Non-default parameters:
TimeLimit  1800
LogToConsole  0
LazyConstraints  1

Optimize a model with 14340 rows, 13716 columns and 65060 nonzeros (Min)
Model fingerprint: 0xd879f3b8
Model has 20 linear objective coefficients
Variable types: 6720 continuous, 6996 integer (6996 binary)
Coefficient statistics:
  Matrix range     [1e+00, 2e+04]
  Objective range  [1e+03, 2e+03]
  Bounds range     [1e+00, 1e+00]
  RHS range        [1e+00, 1e+00]

Presolve removed 3200 rows and 1600 columns
Presolve time: 0.19s
Presolved: 11140 rows, 12116 columns, 56868 nonzeros
Variable types: 5120 continuous, 6996 integer (6996 binary)
Found heuristic solution: objective 32000.000000

Root simplex log...

Iteration    Objective       Primal Inf.    Dual Inf.      Time
   22784    1.8422339e+03   1.301762e+05   0.000000e+00      5s
   29339    1.9948884e+03   0.000000e+00   0.000000e+00      8s

Root relaxation: objective 1.994888e+03, 29339 iterations, 7.91 seconds (7.09 work units)

    Nodes    |    Current Node    |     Objective Bounds      |     Work
 Expl Unexpl |  Obj  Depth IntInf | Incumbent    BestBd   Gap | It/Node Time

     0     0 1994.88837    0  128 32000.0000 1994.88837  93.8%     -    8s
H    0     0                    11000.000000 1994.88837  81.9%     -    8s
     0     0 1994.88837    0  128 11000.0000 1994.88837  81.9%     -   10s
H    0     0                    10000.000000 1994.88837  80.1%     -   11s
H    0     0                    9000.0000000 1994.88837  77.8%     -   11s
H    0     0                    7000.0000000 1994.88837  71.5%     -   11s
     0     0 1994.88837    0   42 7000.00000 1994.88837  71.5%     -   11s
     0     0 2103.48350    0  291 7000.00000 2103.48350  70.0%     -   16s
     0     0 2360.38110    0  381 7000.00000 2360.38110  66.3%     -   25s
     0     0 2484.05910    0  449 7000.00000 2484.05910  64.5%     -   33s
     0     0 2530.37136    0  345 7000.00000 2530.37136  63.9%     -   38s
     0     0 2574.36444    0  498 7000.00000 2574.36444  63.2%     -   45s
     0     0 2589.26175    0  559 7000.00000 2589.26175  63.0%     -   51s
     0     0 2591.04906    0  512 7000.00000 2591.04906  63.0%     -   53s
     0     0 2592.29716    0  500 7000.00000 2592.29716  63.0%     -   57s
     0     0 2592.35344    0  523 7000.00000 2592.35344  63.0%     -   58s
     0     0 2592.38352    0  509 7000.00000 2592.38352  63.0%     -   59s
     0     0 2685.38966    0  483 7000.00000 2685.38966  61.6%     -   70s
     0     0 2685.91885    0  386 7000.00000 2685.91885  61.6%     -   72s
     0     0 2685.91885    0  371 7000.00000 2685.91885  61.6%     -   72s
     0     0 2687.74312    0  610 7000.00000 2687.74312  61.6%     -   78s
     0     0 2687.80857    0  501 7000.00000 2687.80857  61.6%     -   81s
     0     0 2687.85661    0  515 7000.00000 2687.85661  61.6%     -   86s
     0     0 2690.12777    0  515 7000.00000 2690.12777  61.6%     -   87s
     0     0 2690.12777    0  181 7000.00000 2690.12777  61.6%     -   89s
     0     2 2691.23419    0  149 7000.00000 2691.23419  61.6%     -  107s
     1     4 2691.23419    1  385 7000.00000 2691.23419  61.6%  1573  112s
     3     8 2691.23419    2  343 7000.00000 2691.23419  61.6%  1320  122s
    11    17 2760.02248    4  343 7000.00000 2691.23419  61.6%  4269  131s
    16    24 2762.46907    5  495 7000.00000 2691.23419  61.6%  6337  137s
    25    25 2813.67263    6  252 7000.00000 2691.23419  61.6%  6236  153s
    28    32     cutoff    7      7000.00000 2691.23419  61.6%  7095  157s
    39    47 3492.25514    8  238 7000.00000 2691.23419  61.6%  6164  170s
    54    52 3563.57127    7  228 7000.00000 2691.23419  61.6%  4780  178s
    59    60 3563.57127    8  230 7000.00000 2691.23419  61.6%  4418  181s
    79    88 3563.57127   10  243 7000.00000 2691.23419  61.6%  3409  185s
   150   161 3563.57127   15  200 7000.00000 2691.23419  61.6%  1898  190s
   258   291 3573.46110   20  233 7000.00000 2691.23419  61.6%  1170  195s
   398   430 3576.83428   23  122 7000.00000 2691.23419  61.6%   795  209s
   451   491 3648.67677   36  105 7000.00000 2691.23419  61.6%   721  210s
   514   526 3671.01648   39   95 7000.00000 2691.23419  61.6%   651  222s
   563   554 3743.26458   48   90 7000.00000 2691.23419  61.6%   653  230s
   630   620 4196.46951   68   60 7000.00000 2691.23419  61.6%   636  243s
   673   633 4209.66748   69   60 7000.00000 2691.23419  61.6%   646  255s
   753   709 4375.74886   85   51 7000.00000 2691.23419  61.6%   608  260s
   877   810 3318.30644    8   63 7000.00000 2691.23419  61.6%   557  272s
   923   817 3497.18958   12  103 7000.00000 2691.23419  61.6%   575  285s
   930   821 3586.11685   13   66 7000.00000 2691.23419  61.6%   617  298s
   934   829 3586.11685   14   50 7000.00000 2691.23419  61.6%   655  311s
   965   889 3677.47299   16   46 7000.00000 2691.23419  61.6%   658  317s
  1006   899 3763.47257   17   47 7000.00000 2691.23419  61.6%   645  320s
  1101  1029 5000.00000   23   35 7000.00000 2691.23419  61.6%   613  331s
  1181  1030 3640.44666   33  181 7000.00000 2691.23419  61.6%   599  365s
  1183  1031 5581.34699   67   46 7000.00000 2691.23419  61.6%   598  378s
  1184  1032 3342.34837   15  178 7000.00000 2691.23419  61.6%   597  390s
  1185  1033 3586.23398   13  271 7000.00000 2691.23419  61.6%   597  405s
  1186  1033 5446.87467  119  198 7000.00000 2691.23419  61.6%   596  411s
  1187  1034 4236.50465   96  247 7000.00000 2691.23419  61.6%   596  415s
  1189  1035 5000.00000   40  295 7000.00000 2691.23419  61.6%   595  436s
  1190  1036 2691.23419    4  183 7000.00000 2691.23419  61.6%   594  455s
  1191  1037 4257.73477  146  330 7000.00000 2691.23419  61.6%   594  462s
  1192  1037 4360.83337   84  270 7000.00000 2691.23419  61.6%   593  476s
  1193  1038 3499.55418   20  511 7000.00000 2691.23419  61.6%   593  495s
  1194  1039 5000.00000  203  564 7000.00000 2691.23419  61.6%   592  524s
  1195  1039 3643.43274   98  513 7000.00000 2691.23419  61.6%   592  536s
  1196  1040 3764.20773   20  217 7000.00000 2691.23419  61.6%   591  553s
  1197  1041 4783.25682   84  324 7000.00000 2691.23419  61.6%   591  562s
  1198  1041 5000.00000  199  323 7000.00000 2691.23419  61.6%   590  579s
  1199  1042 3586.00765   36  473 7000.00000 2691.23419  61.6%   590  582s
  1200  1043 3780.24298   67  529 7000.00000 2691.23419  61.6%   589  595s
  1202  1044 3649.69599   35  384 7000.00000 2691.23419  61.6%   588  605s
  1204  1045 4497.78755  148  324 7000.00000 2693.24652  61.5%   587  615s
  1207  1047 3493.13205    7  619 7000.00000 2693.37872  61.5%   586  620s
  1217  1054 3526.13497   47  685 7000.00000 2694.64152  61.5%   581  665s
  1222  1057 5000.00000  141  611 7000.00000 2696.09543  61.5%   579  670s
  1225  1059 3605.96994   45  672 7000.00000 2696.48203  61.5%   577  678s
  1228  1061 4170.41344   62  785 7000.00000 2696.95004  61.5%   576  680s
  1230  1063 5000.00000  187  735 7000.00000 2697.41944  61.5%   575  690s
  1233  1065 5000.00000    8  825 7000.00000 2698.01027  61.5%   573  696s
  1238  1068 3759.27485   64  805 7000.00000 2698.53032  61.4%   571  701s
  1240  1069 4497.78755  148  817 7000.00000 2698.84877  61.4%   570  716s
  1243  1071 4148.85775   94  895 7000.00000 2698.85831  61.4%   569  726s
  1244  1072 5000.00000   50  483 7000.00000 2717.31047  61.2%   568  741s
  1246  1073 5000.00000  128  644 7000.00000 2718.16338  61.2%   567  745s
  1249  1075 5000.00000   87  822 7000.00000 2718.27034  61.2%   566  758s
  1250  1076 3500.01513   22  638 7000.00000 2720.36647  61.1%   566  767s
  1251  1077 5000.00000  218  721 7000.00000 2720.99386  61.1%   565  772s
  1253  1078 5000.00000   51  716 7000.00000 2721.04774  61.1%   564  775s
  1255  1079 3236.02720   18  575 7000.00000 2729.58410  61.0%   563  791s
  1256  1080 5000.00000   32  565 7000.00000 2732.83770  61.0%   563  795s
  1261  1083 4551.39284   87  554 7000.00000 2735.30898  60.9%   561  832s
  1264  1085 3773.39179   65  713 7000.00000 2735.89909  60.9%   559  835s
  1267  1087 5000.00000   88  813 7000.00000 2736.07865  60.9%   558  840s
  1273  1091 3740.15739  119  880 7000.00000 2736.79003  60.9%   555  845s
  1276  1093 5000.00000   52  973 7000.00000 2737.45403  60.9%   554  850s
  1279  1095 3492.25514   10  799 7000.00000 2738.19458  60.9%   553  855s
  1285  1099 3586.23398   13  872 7000.00000 2739.45791  60.9%   550  861s
  1289  1102 5000.00000   40  933 7000.00000 2739.97667  60.9%   548 1065s
  1293  1105 3499.55418   20  964 7000.00000 2740.60486  60.8%   547 1070s
  1297  1107 4783.25682   84  901 7000.00000 2741.02878  60.8%   545 1075s
  1301  1110 5000.00000   68  941 7000.00000 2741.31635  60.8%   543 1080s
  1306  1113 4231.86387  109  923 7000.00000 2741.66100  60.8%   541 1085s
  1312  1117 5000.00000   39  949 7000.00000 2742.11465  60.8%   539 1090s
  1317  1121 3526.13497   47  933 7000.00000 2742.82100  60.8%   537 1095s
  1323  1125 5000.00000   83  957 7000.00000 2743.41651  60.8%   534 1100s
  1330  1129 5000.00000  187  946 7000.00000 2743.90820  60.8%   532 1106s
  1334  1132 3362.21323    6  998 7000.00000 2744.14286  60.8%   530 1110s
  1342  1137 3492.60463   16  961 7000.00000 2744.39752  60.8%   527 1115s
  1347  1141 5000.00000   20 1044 7000.00000 2744.59739  60.8%   525 1120s
  1351  1143 5000.00000  218 1021 7000.00000 2744.74747  60.8%   523 1126s
  1359  1150 3535.95864   59   91 7000.00000 2744.85972  60.8%   809 1137s
  1360  1151 5000.00000   69  417 7000.00000 2744.85972  60.8%   808 1149s
  1361  1152 4551.39284   87  426 7000.00000 2744.85972  60.8%   808 1154s
  1362  1152 5000.00000   30  393 7000.00000 2744.85972  60.8%   807 1160s
  1364  1154 3773.39179   65  611 7000.00000 2744.85972  60.8%   806 1168s
  1365  1154 2994.88837    5  682 7000.00000 2744.85972  60.8%   805 1172s
  1366  1155 3539.37379   22  811 7000.00000 2744.85972  60.8%   805 1175s
  1369  1157 3492.25514    9  925 7000.00000 2744.85972  60.8%   803 1181s
  1372  1159 5000.00000   20  897 7000.00000 2744.85972  60.8%   801 1186s
  1374  1160 5000.00000  188  941 7000.00000 2744.85972  60.8%   800 1238s
  1375  1161 5000.00000   47 1004 7000.00000 2744.91706  60.8%   800 1275s
  1377  1162 4293.08759   77 1033 7000.00000 2745.09154  60.8%   798 1302s
  1380  1164 5000.00000   24 1010 7000.00000 2745.33414  60.8%   797 1305s
  1384  1167 3342.34837   15 1026 7000.00000 2745.49331  60.8%   794 1310s
  1387  1169 4236.50465   96 1014 7000.00000 2745.56797  60.8%   793 1317s
  1389  1170 5000.00000   40 1017 7000.00000 2745.62744  60.8%   792 1327s
  1391  1172 4257.73477  146 1013 7000.00000 2745.66829  60.8%   790 1332s
  1393  1173 3499.55418   20 1033 7000.00000 2745.73395  60.8%   789 1336s
  1396  1175 3764.20773   20 1036 7000.00000 2745.77065  60.8%   788 1340s
  1399  1177 3586.00765   36 1043 7000.00000 2745.77482  60.8%   786 1350s
  1400  1178 3780.24298   67 1043 7000.00000 2745.77518  60.8%   785 1362s
  1401  1181 2745.98581   26  963 7000.00000 2745.78150  60.8%   851 1368s
  1403  1185 2746.18372   27  957 7000.00000 2746.00272  60.8%   852 1375s
  1411  1190 2747.47602   29  786 7000.00000 2746.22457  60.8%   864 1384s
  1415  1193 2750.32869   30  742 7000.00000 2746.22457  60.8%   867 1402s
  1419  1195 2772.13719   31  354 7000.00000 2746.22457  60.8%   873 1411s
  1423  1203 2751.39308   31  817 7000.00000 2746.22457  60.8%   882 1427s
  1432  1212 2950.29689   33  241 7000.00000 2746.22457  60.8%   886 1440s
  1444  1220 3442.18763   33  120 7000.00000 2746.22457  60.8%   914 1445s
  1467  1234 3194.99062   34  135 7000.00000 2746.22457  60.8%   929 1455s
  1478  1244 2957.04395   35  214 7000.00000 2746.22457  60.8%   933 1460s
  1491  1253 2957.04911   36  215 7000.00000 2746.22457  60.8%   942 1466s
  1505  1257 2958.36946   37  223 7000.00000 2746.22457  60.8%   954 1472s
  1521  1265 2959.91851   38  218 7000.00000 2746.22457  60.8%   962 1476s
  1552  1270 3655.73866   40  149 7000.00000 2746.22457  60.8%   975 1485s
  1570  1265     cutoff   40      7000.00000 2746.22457  60.8%   978 1492s
  1577  1268 5000.00000   41   89 7000.00000 2746.71062  60.8%   982 1495s
  1609  1281 5000.00000   42   53 7000.00000 2746.71062  60.8%   983 1502s
  1626  1285 3658.77091   43  162 7000.00000 2746.71062  60.8%   981 1506s
  1644  1283 5000.00000   43   65 7000.00000 2746.71062  60.8%   981 1515s
  1666  1315 5000.00000   44   71 7000.00000 2749.73303  60.7%   995 1523s
  1697  1334 3660.66498   45  170 7000.00000 2749.73303  60.7%   991 1526s
  1734  1334 5000.00000   47   77 7000.00000 2749.73303  60.7%   987 1540s
  1764  1328 5000.00000   50   80 7000.00000 2749.73303  60.7%   983 1547s
  1780  1335     cutoff   50      7000.00000 2751.39397  60.7%   990 1552s
H 1792  1218                    5000.0000000 2751.39397  45.0%   991 1552s
  1796  1213     cutoff   51      5000.00000 2751.39397  45.0%   992 1561s
  1831  1186     cutoff   47      5000.00000 2752.69606  44.9%   993 1576s
  1842  1193 3482.61465   31  173 5000.00000 2752.69606  44.9%  1016 1584s
  1853  1215 3584.64169   35   71 5000.00000 2752.69606  44.9%  1030 1593s
  1897  1206 2801.46337   31  227 5000.00000 2752.69606  44.9%  1028 1603s
  1953  1155 3545.30760   36  264 5000.00000 2752.69606  44.9%  1015 1611s
  1990  1134     cutoff   31      5000.00000 2755.90865  44.9%  1018 1619s
  2000  1145 2954.24578   34  283 5000.00000 2756.20608  44.9%  1026 1627s
  2017  1123 3650.50495   35  226 5000.00000 2756.20608  44.9%  1026 1644s
  2051  1123 3650.53760   36  214 5000.00000 2756.20608  44.9%  1020 1650s
  2082  1108 3668.82765   39  124 5000.00000 2756.20608  44.9%  1018 1667s
  2129  1106     cutoff   34      5000.00000 2828.53475  43.4%  1029 1675s
  2178  1079 3511.09976   36  248 5000.00000 2828.53475  43.4%  1020 1686s
  2260  1065 3519.80740   39  170 5000.00000 2828.53475  43.4%  1013 1703s
  2328  1052 3520.67994   45  109 5000.00000 3099.76697  38.0%  1015 1712s
  2419  1055 3462.43118   40  159 5000.00000 3441.14644  31.2%  1003 1723s
  2555  1032     cutoff   47      5000.00000 3443.66994  31.1%   973 1732s
  2666  1006     cutoff   34      5000.00000 3464.67005  30.7%   956 1747s
  2760   975     cutoff   42      5000.00000 3469.35984  30.6%   947 1758s
  2845   957 3539.40032   41  183 5000.00000 3474.79728  30.5%   945 1770s
  2951   933 3520.06877   42  267 5000.00000 3489.89558  30.2%   937 1783s
  3088   862     cutoff   40      5000.00000 3494.78409  30.1%   918 1794s
  3205   796 3529.28417   46  156 5000.00000 3502.37945  30.0%   912 1800s

Cutting planes:
  Cover: 147
  Implied bound: 30
  Projected implied bound: 4
  Clique: 36
  MIR: 55
  Flow cover: 310
  GUB cover: 32
  Zero half: 10
  RLT: 12
  Relax-and-lift: 11
  BQP: 26
  Lazy constraints: 216

Explored 3258 nodes (3109942 simplex iterations) in 1800.01 seconds (1807.84 work units)
Thread count was 8 (of 8 available processors)

Solution count 6: 5000 7000 9000 ... 32000

Time limit reached
Best objective 5.000000000000e+03, best bound 4.000000000000e+03, gap 20.0000%

User-callback calls 311547, time in user-callback 3.01 sec
