
Gurobi 13.0.1 (linux64) logging started Thu Apr 23 05:02:55 2026

Set parameter LogFile to value "experiments/20260422_213746/logs/Inst_08_Medium_Phantom_16__ribeiro.log"
Set parameter LogToConsole to value 0
Set parameter TimeLimit to value 1800
Gurobi Optimizer version 13.0.1 build v13.0.1rc0 (linux64 - "Ubuntu 24.04.4 LTS")

CPU model: Intel(R) Core(TM) i5-8250U CPU @ 1.60GHz, instruction set [SSE2|AVX|AVX2]
Thread count: 4 physical cores, 8 logical processors, using up to 8 threads

Non-default parameters:
TimeLimit  1800
LogToConsole  0

Optimize a model with 1464 rows, 491 columns and 4787 nonzeros (Min)
Model fingerprint: 0x27a8073c
Model has 24 linear objective coefficients
Variable types: 42 continuous, 449 integer (424 binary)
Coefficient statistics:
  Matrix range     [1e+00, 3e+04]
  Objective range  [1e+03, 1e+03]
  Bounds range     [1e+00, 2e+04]
  RHS range        [1e+00, 4e+04]

Presolve removed 195 rows and 7 columns
Presolve time: 0.05s
Presolved: 1269 rows, 484 columns, 8612 nonzeros
Variable types: 36 continuous, 448 integer (424 binary)
Found heuristic solution: objective 19600.000000
Found heuristic solution: objective 18600.000000

Root relaxation: objective 0.000000e+00, 210 iterations, 0.00 seconds (0.00 work units)

    Nodes    |    Current Node    |     Objective Bounds      |     Work
 Expl Unexpl |  Obj  Depth IntInf | Incumbent    BestBd   Gap | It/Node Time

     0     0    0.00000    0   33 18600.0000    0.00000   100%     -    0s
H    0     0                    16600.000000    0.00000   100%     -    0s
H    0     0                    15400.000000    0.00000   100%     -    0s
H    0     0                    14200.000000    0.00000   100%     -    0s
     0     0    0.00000    0   50 14200.0000    0.00000   100%     -    0s
     0     0    0.00000    0   45 14200.0000    0.00000   100%     -    0s
H    0     0                    13000.000000    0.00000   100%     -    0s
     0     0    0.00000    0   45 13000.0000    0.00000   100%     -    0s
     0     0    0.00000    0   35 13000.0000    0.00000   100%     -    0s
H    0     0                    12800.000000    0.00000   100%     -    0s
     0     0    0.00000    0   33 12800.0000    0.00000   100%     -    0s
     0     0    0.00000    0   46 12800.0000    0.00000   100%     -    0s
     0     0    0.00000    0   40 12800.0000    0.00000   100%     -    0s
H    0     0                    11800.000000    0.00000   100%     -    0s
     0     0    0.00000    0   48 11800.0000    0.00000   100%     -    0s
H    0     0                    11600.000000    0.00000   100%     -    0s
H    0     0                    10400.000000    0.00000   100%     -    0s
H    0     0                    9200.0000000    0.00000   100%     -    0s
     0     0    0.00000    0   39 9200.00000    0.00000   100%     -    0s
     0     0    0.00000    0   35 9200.00000    0.00000   100%     -    0s
     0     0    0.00000    0   35 9200.00000    0.00000   100%     -    0s
     0     0    0.00000    0   29 9200.00000    0.00000   100%     -    0s
     0     2    0.00000    0   29 9200.00000    0.00000   100%     -    0s
H    7    12                    8000.0000000    0.00000   100%   118    0s
H  165   144                    6800.0000000    0.00000   100%  87.6    1s
  1298   926 1000.00000   32   50 6800.00000    0.00000   100%  61.9    5s
H 1497  1020                    5600.0000000    0.00000   100%  93.1    9s
  1590  1080   98.51941   28   58 5600.00000    0.00000   100%   100   10s
  2058  1538    0.00000   47   44 5600.00000    0.00000   100%   136   16s
  4231  2495 2000.00000   51   32 5600.00000    0.00000   100%   131   20s
  5654  3545 1000.00000   29   34 5600.00000    0.00000   100%   133   25s
  6984  4411 infeasible   85      5600.00000    0.00000   100%   134   30s
  9012  6027 1000.00000   25   39 5600.00000    0.00000   100%   128   35s
 11370  7586 1000.00000   45   33 5600.00000    0.00000   100%   124   40s
 13572  9583 2560.53553   67   33 5600.00000    0.00000   100%   126   46s
 14816 12036 2000.00000   62   38 5600.00000    0.00000   100%   126   54s
 17520 12574 2000.00000   65   28 5600.00000    0.00000   100%   124   55s
 19436 13850 2000.00000   52   37 5600.00000    0.00000   100%   122   60s
 21780 15689 2000.00000   50   39 5600.00000    0.00000   100%   122   65s
 23751 16671 2000.00000   65   26 5600.00000    0.00000   100%   122   71s
 23856 17192 1000.00000   29   38 5600.00000    0.00000   100%   122   75s
 27198 19696 2000.00000   35   26 5600.00000    0.00000   100%   120   81s
 29576 21623 2000.00000   47   23 5600.00000    0.00000   100%   120   96s
 31308 22848 2000.00000   24   34 5600.00000    0.00000   100%   122  101s
 33067 23849 2000.00000   48   33 5600.00000    0.00000   100%   122  106s
 35567 26168 3000.00000   52   36 5600.00000    0.00000   100%   123  111s
 36975 27183 3000.00000   72   34 5600.00000    0.00000   100%   122  115s
 39789 29053 2000.00000   63   30 5600.00000    0.00000   100%   123  121s
 41988 30693 1000.00000   83   26 5600.00000    0.00000   100%   123  126s
 44103 32458   84.23790   63   67 5600.00000    0.00000   100%   123  131s
 45918 33717 2000.00000   52   34 5600.00000    0.00000   100%   124  136s
 47470 34488    0.00000   34   40 5600.00000    0.00000   100%   125  140s
 48186 35049 5400.00000   90   17 5600.00000    0.00000   100%   124  147s
 49477 36659 1000.00000   55   28 5600.00000    0.00000   100%   125  150s
 51568 37996 1033.40463   60   67 5600.00000    0.00000   100%   125  155s
 53906 39619 3020.25291  115   35 5600.00000    0.00000   100%   126  162s
 55632 41323 2000.00000  138   42 5600.00000    0.00000   100%   126  166s
 57311 42250 1058.09748   53   50 5600.00000    0.00000   100%   127  170s
 58745 43935 4000.00000  112   34 5600.00000    0.00000   100%   128  175s
 61721 45743 infeasible   40      5600.00000    0.00000   100%   127  181s
 63275 46978 1000.00000   37   34 5600.00000    0.00000   100%   128  185s
 65361 48553 1000.00000   59   38 5600.00000    0.00000   100%   128  191s
 66795 49766 1000.00000   43   33 5600.00000    0.00000   100%   128  195s
 69329 51302 1000.00000   42   32 5600.00000    0.00000   100%   128  200s
 71730 53329 4331.86478  148   33 5600.00000    0.00000   100%   129  207s
 73306 54048 3200.00000   90   30 5600.00000    0.00000   100%   128  212s
 73314 59874 2009.81737   88   46 5600.00000    0.00000   100%   129  234s
 81314 60502 2000.00000   42   34 5600.00000    0.00000   100%   128  236s
 82933 61764 3500.00000   74   31 5600.00000    0.00000   100%   129  241s
 85548 63671 2000.00000  113   39 5600.00000    0.00000   100%   128  247s
 87491 65036 2000.00000   58   32 5600.00000    0.00000   100%   128  252s
 89183 66063 2000.00000   40   30 5600.00000    0.00000   100%   128  256s
 90787 67553 3200.00000   87   35 5600.00000    0.00000   100%   128  260s
 94366 69847 2000.00000   58   34 5600.00000    0.00000   100%   128  266s
 95743 71336 3000.00000   59   33 5600.00000    0.00000   100%   127  270s
 98356 72645 1000.00000   90   39 5600.00000    0.00000   100%   127  275s
 100319 74543 2000.00000   57   32 5600.00000    0.00000   100%   127  280s
 101580 75410 2000.00000   38   38 5600.00000    0.00000   100%   128  285s
 103876 76513 5200.00000  134   26 5600.00000    0.00000   100%   128  291s
 103912 76861 infeasible  135      5600.00000    0.00000   100%   128  295s
 105536 78577 2000.00000   66   27 5600.00000    0.00000   100%   128  300s
 107344 79854 1000.00000   44   32 5600.00000    0.00000   100%   128  305s
 109275 81367 2000.00000   65   30 5600.00000    0.00000   100%   128  310s
 112046 82960 3000.00000  107   32 5600.00000    0.00000   100%   129  316s
 113444 84434 1000.00000   69   23 5600.00000    0.00000   100%   129  321s
 115708 85926    0.00000   36   44 5600.00000    0.00000   100%   129  325s
 117698 87326 infeasible   50      5600.00000    0.00000   100%   129  331s
 119692 88834 1000.00000   60   40 5600.00000    0.00000   100%   129  335s
 121967 90163  242.17677   27   50 5600.00000    0.00000   100%   129  340s
 124065 92137 1000.00000   40   31 5600.00000    0.00000   100%   129  346s
 126107 93636    0.00000   26   45 5600.00000    0.00000   100%   129  351s
 128653 95729 1000.00000   89   35 5600.00000    0.00000   100%   129  356s
 130485 96752 1000.00000   59   40 5600.00000    0.00000   100%   129  361s
 132960 98781 1000.00000   30   36 5600.00000    0.00000   100%   129  366s
 134913 99657 3000.00000   96   30 5600.00000    0.00000   100%   129  372s
 135020 99865 3000.00000   98   25 5600.00000    0.00000   100%   129  377s
 135544 100924 2000.00000   64   34 5600.00000    0.00000   100%   129  382s
 137897 102510    0.00000   67   43 5600.00000    0.00000   100%   128  387s
 138934 103488   10.23330   35   81 5600.00000    0.00000   100%   129  390s
 141921 105436    0.00000   39   44 5600.00000    0.00000   100%   129  397s
 143523 106681 1000.00000   75   42 5600.00000    0.00000   100%   129  400s
 145970 108539 1000.00000   48   33 5600.00000    0.00000   100%   129  406s
 147863 109837 3000.00000  101   34 5600.00000    0.00000   100%   129  411s
 149954 111054 1000.00000   30   35 5600.00000    0.00000   100%   129  415s
 152349 113029 infeasible   88      5600.00000    0.00000   100%   129  421s
 154238 114483  280.21463   66   51 5600.00000    0.00000   100%   129  425s
 156454 116379 1000.00000   66   34 5600.00000    0.00000   100%   129  430s
 158756 118038 1000.00000   69   34 5600.00000    0.00000   100%   129  435s
 160513 119477 2000.00000   82   29 5600.00000    0.00000   100%   129  441s
 162489 120925 5200.00000  125   36 5600.00000    0.00000   100%   129  446s
 164223 121890 infeasible  142      5600.00000    0.00000   100%   129  450s
 166481 123507    0.00000   50   45 5600.00000    0.00000   100%   129  455s
 167883 124781 3087.54223   75   54 5600.00000    0.00000   100%   129  460s
 170242 126861 4000.00000  120   38 5600.00000    0.00000   100%   129  465s
 172275 128089 3000.00000   73   31 5600.00000    0.00000   100%   129  470s
 175015 130290 1000.00000   68   26 5600.00000    0.00000   100%   129  476s
 177308 132033 infeasible  136      5600.00000    0.00000   100%   129  481s
 178647 132376 4200.00000   69   20 5600.00000    0.00000   100%   129  486s
 179103 133023 4200.00000   70   23 5600.00000    0.00000   100%   129  491s
 180715 134595 2000.00000   75   29 5600.00000    0.00000   100%   129  497s
 182656 135977 3000.00000  136   39 5600.00000    0.00000   100%   129  501s
 184541 136936 3000.00000   97   34 5600.00000    0.00000   100%   130  506s
 187303 139404 3000.00000   73   34 5600.00000    0.00000   100%   130  512s
 189139 140755    0.00000   53   48 5600.00000    0.00000   100%   130  515s
 190324 141809 2000.00000  100   35 5600.00000    0.00000   100%   130  520s
 193441 144039 3000.00000   98   37 5600.00000    0.00000   100%   130  525s
 195327 145465 4000.00000  117   29 5600.00000    0.00000   100%   130  531s
 197105 146919 2000.00000  118   36 5600.00000    0.00000   100%   130  535s
 199344 148521 1000.00000   57   32 5600.00000    0.00000   100%   130  541s
 201487 150250 5200.00000   85   15 5600.00000    0.00000   100%   130  546s
 203644 151507 infeasible  103      5600.00000    0.00000   100%   129  550s
 205444 152924 1099.92320  109   69 5600.00000    0.00000   100%   130  556s
 208011 154750 3200.00000   64   23 5600.00000    0.00000   100%   130  561s
 210033 156267 1000.00000   26   29 5600.00000    0.00000   100%   129  565s
 212698 157589 3000.00000   94   41 5600.00000    0.00000   100%   129  570s
 212821 157747 3000.00000   96   37 5600.00000    0.00000   100%   129  575s
 213051 158129 3000.00000   99   40 5600.00000    0.00000   100%   129  581s
 214543 159626 2000.18778  115   63 5600.00000    0.00000   100%   130  586s
 216553 160751 3000.00000   67   34 5600.00000    0.00000   100%   129  591s
 217666 161702 2000.00000   55   30 5600.00000    0.00000   100%   129  595s
 219393 163248 2000.00000  126   29 5600.00000    0.00000   100%   130  601s
 221042 164677    0.00000   37   43 5600.00000    0.00000   100%   130  605s
 223919 166540 2000.00000   68   38 5600.00000    0.00000   100%   130  610s
 225684 168124 4000.00000  107   29 5600.00000    0.00000   100%   130  616s
 227699 169603 3000.00000   74   34 5600.00000    0.00000   100%   130  621s
 229120 170934 2000.00000   75   38 5600.00000    0.00000   100%   130  625s
 232204 172732 1000.00000   53   33 5600.00000    0.00000   100%   130  630s
 234413 174521 1000.00000   37   44 5600.00000    0.00000   100%   130  636s
 235827 175752 2000.00000   86   35 5600.00000    0.00000   100%   130  640s
 238463 177433 5200.00000  115   30 5600.00000    0.00000   100%   130  645s
 240986 179638 1000.00000   45   45 5600.00000    0.00000   100%   130  650s
 243190 181371 infeasible   97      5600.00000    0.00000   100%   130  656s
 244939 182432 1000.00000   57   40 5600.00000    0.00000   100%   130  660s
 246943 183810 4200.00000   75   24 5600.00000    0.00000   100%   130  666s
 249004 185831 1000.00000   30   41 5600.00000    0.00000   100%   130  671s
 251493 187597 2000.00000   40   38 5600.00000    0.00000   100%   130  677s
 253158 188682 2000.00000   29   26 5600.00000    0.00000   100%   130  681s
 254047 188803 4000.00000  160   37 5600.00000    0.00000   100%   130  686s
 254063 188947 4000.00000  162   32 5600.00000    0.00000   100%   130  691s
 254751 189904 1000.00000   65   41 5600.00000    0.00000   100%   130  696s
 256393 191325 4323.75909  137   30 5600.00000    0.00000   100%   130  701s
 258348 192609 2000.00000   80   39 5600.00000    0.00000   100%   131  706s
 260210 193771    0.00000   65   43 5600.00000    0.00000   100%   131  710s
 261850 195327 2000.00000  113   29 5600.00000    0.00000   100%   131  715s
 264341 197013 1000.00000   59   33 5600.00000    0.00000   100%   131  721s
 266136 198424 infeasible   97      5600.00000    0.00000   100%   131  725s
 268672 200344 1000.00000   80   33 5600.00000    0.00000   100%   131  731s
 270506 201372 1000.00000   46   29 5600.00000    0.00000   100%   131  735s
 272445 202893 1000.00000   46   31 5600.00000    0.00000   100%   131  740s
 274979 204911 1000.00000   71   43 5600.00000    0.00000   100%   131  745s
 277063 206347 3000.00000   54   27 5600.00000    0.00000   100%   131  750s
 279717 208224 3000.00000  112   29 5600.00000    0.00000   100%   131  757s
 281136 209751 infeasible   69      5600.00000    0.00000   100%   131  761s
 283873 211078 2000.00000   66   37 5600.00000    0.00000   100%   131  765s
 285627 212541 1313.28068   73   46 5600.00000    0.00000   100%   131  771s
 287692 213886 1251.67091   99   40 5600.00000    0.00000   100%   131  776s
 290257 216069 1000.00000   42   36 5600.00000    0.00000   100%   131  781s
 291661 217050 3000.00000   80   34 5600.00000    0.00000   100%   131  786s
 293515 218232 3000.00000   89   36 5600.00000    0.00000   100%   131  790s
 295465 220145 1000.00000   62   30 5600.00000    0.00000   100%   131  796s
 297785 221605 infeasible   91      5600.00000    0.00000   100%   131  801s
 299584 222345 1000.00000   33   32 5600.00000    0.00000   100%   131  805s
 299613 222519 1000.00000   36   32 5600.00000    0.00000   100%   131  812s
H299871 217288                    4600.0000000    0.00000   100%   131  813s
 300065 217791 1000.00000   38   33 4600.00000    0.00000   100%   131  815s
 301498 219080 infeasible   47      4600.00000    0.00000   100%   131  820s
 303979 220719 1000.00000   50   32 4600.00000    0.00000   100%   131  826s
 305590 221785 2000.00000  105   36 4600.00000    0.00000   100%   131  831s
 307142 223187 1000.00000   63   25 4600.00000    0.00000   100%   131  835s
 309779 224896    0.00000   60   44 4600.00000    0.00000   100%   131  841s
 311329 226273 2000.00000   60   35 4600.00000    0.00000   100%   131  845s
 313354 227861 4000.00000   94   24 4600.00000    0.00000   100%   131  851s
 316122 229369 2000.00000   55   31 4600.00000    0.00000   100%   131  855s
 317269 230680 1000.00000   77   46 4600.00000    0.00000   100%   131  860s
 319575 232250 infeasible   72      4600.00000    0.00000   100%   131  866s
 321997 234108 1000.00000   63   31 4600.00000    0.00000   100%   131  871s
 323893 235057 3000.00000  135   40 4600.00000    0.00000   100%   131  876s
 325169 236388 1000.00000   71   29 4600.00000    0.00000   100%   131  880s
 327565 238172 infeasible  104      4600.00000    0.00000   100%   131  885s
 329913 239866 2000.00000   79   34 4600.00000    0.00000   100%   131  890s
 332406 241517 2000.00000   50   30 4600.00000    0.00000   100%   131  896s
 334211 242707 2003.03250   64   63 4600.00000    0.00000   100%   131  900s
 336459 243841    0.00000   44   42 4600.00000    0.00000   100%   131  905s
 338262 245508 1000.00000   89   44 4600.00000    0.00000   100%   131  911s
 340960 247051 1000.00000   66   50 4600.00000    0.00000   100%   131  917s
 341971 248242 1000.00000   47   38 4600.00000    0.00000   100%   131  922s
 343540 249438 1000.00000   37   34 4600.00000    0.00000   100%   131  925s
 346391 250965 1000.00000   53   33 4600.00000    0.00000   100%   131  932s
 347646 252543 3000.00000   76   31 4600.00000    0.00000   100%   131  935s
 350240 253687 2000.00000   58   37 4600.00000    0.00000   100%   131  941s
 350256 253710 2000.00000   60   30 4600.00000    0.00000   100%   131  945s
 350391 253880 2000.00000   62   28 4600.00000    0.00000   100%   131  950s
 351316 254985 2000.00000   85   37 4600.00000    0.00000   100%   131  956s
 352837 256312 2000.00000   63   34 4600.00000    0.00000   100%   131  961s
 355017 257909 1000.00000   65   43 4600.00000    0.00000   100%   131  967s
 356413 259121 2000.00000   69   38 4600.00000    0.00000   100%   131  970s
 359117 260451 2000.00000   61   29 4600.00000    0.00000   100%   131  975s
 361109 262664 3000.00000  137   29 4600.00000    0.00000   100%   131  981s
 363011 263893 2000.00000   83   37 4600.00000    0.00000   100%   131  985s
 365075 265271 3400.00000   65   28 4600.00000    0.00000   100%   131  990s
 367822 266894 1000.00000   47   41 4600.00000    0.00000   100%   131  997s
 369270 268051 3249.24060   60   29 4600.00000    0.00000   100%   131 1001s
 371390 269795 4000.00000  115   30 4600.00000    0.00000   100%   131 1006s
 373091 270852 1000.00000   46   26 4600.00000    0.00000   100%   132 1011s
 374480 272017 1000.00000   54   38 4600.00000    0.00000   100%   132 1015s
 376771 273907    0.00000   54   45 4600.00000    0.00000   100%   132 1021s
 378832 275319    0.00000   63   42 4600.00000    0.00000   100%   132 1026s
 381005 276629 2000.00000   90   41 4600.00000    0.00000   100%   132 1031s
 382193 278006 3000.00000   61   31 4600.00000    0.00000   100%   132 1035s
 384226 279605 3000.00000   70   38 4600.00000    0.00000   100%   132 1040s
 386670 281531 1500.00000   38   39 4600.00000    0.00000   100%   132 1047s
 388722 282829 3000.00000  100   24 4600.00000    0.00000   100%   132 1050s
 390454 283409   22.63468   26   70 4600.00000    0.00000   100%   132 1055s
 392492 285393 2000.00000   66   39 4600.00000    0.00000   100%   132 1060s
 394120 286611 2000.00000   78   33 4600.00000    0.00000   100%   132 1065s
 396431 288427 1000.00000   78   43 4600.00000    0.00000   100%   132 1070s
 398867 290038 2000.00000  106   32 4600.00000    0.00000   100%   132 1077s
 400788 291010 1000.00000   30   32 4600.00000    0.00000   100%   132 1081s
 402525 292471   46.23795   43   69 4600.00000    0.00000   100%   132 1085s
 404071 293598 2000.00000   98   21 4600.00000    0.00000   100%   132 1090s
 406928 295188 2000.00000   60   36 4600.00000    0.00000   100%   132 1095s
 409344 296585 2208.03428   20   43 4600.00000    0.00000   100%   132 1101s
 409360 296599 infeasible   21      4600.00000    0.00000   100%   132 1106s
 409553 296919 2000.00000   22   32 4600.00000    0.00000   100%   132 1110s
 409991 297398 2000.00000   24   27 4600.00000    0.00000   100%   132 1115s
 410928 298418 1000.00000   50   27 4600.00000    0.00000   100%   132 1120s
 412564 299578 2080.79042   56   55 4600.00000    0.00000   100%   132 1125s
 415187 301588 1000.00000   42   37 4600.00000    0.00000   100%   132 1131s
 417763 303122 2000.00000   51   31 4600.00000    0.00000   100%   132 1137s
 419502 304643 infeasible  105      4600.00000    0.00000   100%   132 1141s
 421521 305640 3000.00000   91   29 4600.00000    0.00000   100%   132 1145s
 424513 307611 2000.00000  107   40 4600.00000    0.00000   100%   132 1151s
 425744 308667    0.00000   74   42 4600.00000    0.00000   100%   132 1155s
 428030 310194 3000.00000  128   34 4600.00000    0.00000   100%   132 1161s
 429326 311694 2200.00000   93   28 4600.00000    0.00000   100%   132 1166s
 432184 312847    0.00000   28   44 4600.00000    0.00000   100%   132 1171s
 434200 314376 1000.00000   23   41 4600.00000    0.00000   100%   132 1175s
 435990 315702 1000.00000   36   38 4600.00000    0.00000   100%   132 1180s
 437873 317199 2000.00000   68   36 4600.00000    0.00000   100%   132 1185s
 440062 318673 infeasible  174      4600.00000    0.00000   100%   132 1190s
 442439 320422 1000.00000   64   27 4600.00000    0.00000   100%   132 1196s
 443983 321650 2000.00000   57   34 4600.00000    0.00000   100%   132 1200s
 446644 322852 2000.00000   89   42 4600.00000    0.00000   100%   132 1206s
 447787 324181 1000.00000   45   36 4600.00000    0.00000   100%   132 1210s
 450273 325969 1000.00000   44   32 4600.00000    0.00000   100%   132 1215s
 452430 327667 2000.00000   76   36 4600.00000    0.00000   100%   132 1220s
 455404 329610 1028.53074   76   53 4600.00000    0.00000   100%   132 1226s
 456999 330894 3000.00000  108   39 4600.00000    0.00000   100%   132 1230s
 458969 331795 1000.00000   55   35 4600.00000    0.00000   100%   132 1235s
 459270 333606 3200.00000   93   27 4600.00000    0.00000   100%   132 1240s
 463878 335633 1000.00000   51   38 4600.00000    0.00000   100%   132 1246s
 465928 337134    0.00000   24   49 4600.00000    0.00000   100%   132 1250s
 468258 339010 1000.00000   35   44 4600.00000    0.00000   100%   132 1256s
 470523 340565 1000.00000   35   34 4600.00000    0.00000   100%   132 1261s
 472536 341902 2000.00000   33   45 4600.00000    0.00000   100%   132 1266s
 474031 343420 2000.00000   59   28 4600.00000    0.00000   100%   132 1270s
 476433 345042    0.00000   41   41 4600.00000    0.00000   100%   132 1275s
 477382 345049 3000.00000  113   28 4600.00000    0.00000   100%   132 1280s
 477403 345062 3000.00000  115   28 4600.00000    0.00000   100%   132 1285s
 477577 345398 3023.17780  140   69 4600.00000    0.00000   100%   132 1290s
 478125 346347 3000.00000   73   35 4600.00000    0.00000   100%   132 1296s
 480215 347414 1000.00000   40   36 4600.00000    0.00000   100%   132 1301s
 482911 349720 2000.00000   66   40 4600.00000    0.00000   100%   132 1306s
 484067 350704 1000.00000   38   41 4600.00000    0.00000   100%   132 1311s
 486136 352260 infeasible   45      4600.00000    0.00000   100%   132 1315s
 488240 353782 2000.00000   43   31 4600.00000    0.00000   100%   132 1320s
 490225 354997 1000.00000   65   25 4600.00000    0.00000   100%   132 1325s
 492776 357072    0.00000   59   39 4600.00000    0.00000   100%   132 1331s
 494075 358061 2000.00000   90   34 4600.00000    0.00000   100%   132 1336s
 495880 359292 1000.00000   55   33 4600.00000    0.00000   100%   132 1340s
 497506 360524 2000.00000  103   27 4600.00000    0.00000   100%   132 1346s
 499243 361932    0.00000   45   41 4600.00000    0.00000   100%   132 1350s
 502387 364108 1014.85794   58   48 4600.00000    0.00000   100%   132 1355s
 503671 365077 3000.00000  122   30 4600.00000    0.00000   100%   132 1360s
 506259 366837 2000.00000   83   30 4600.00000    0.00000   100%   132 1366s
 508332 368471 1000.00000   80   33 4600.00000    0.00000   100%   132 1371s
 510085 369581 infeasible   61      4600.00000    0.00000   100%   132 1375s
 512311 371130  171.30878   49   56 4600.00000    0.00000   100%   132 1380s
 515375 373228 1000.00000   38   42 4600.00000    0.00000   100%   132 1386s
 517024 374236 infeasible   82      4600.00000    0.00000   100%   132 1391s
 518798 375154 1000.00000   76   42 4600.00000    0.00000   100%   132 1395s
 520732 376994 1000.00000   40   28 4600.00000    0.00000   100%   132 1400s
 522519 378155 1000.00000   87   43 4600.00000    4.34629   100%   132 1405s
 524994 379883 infeasible   71      4600.00000   10.60730   100%   132 1411s
 528002 381164 1000.00000   70   34 4600.00000   21.88281   100%   132 1416s
 529529 382460 1000.00000   39   41 4600.00000   26.82361  99.4%   132 1420s
 532156 383768 1000.00000   51   35 4600.00000   32.49856  99.3%   131 1425s
 534952 385351 2864.92679   74   30 4600.00000   36.18165  99.2%   131 1430s
 537131 386706 2000.00000   52   40 4600.00000   39.59798  99.1%   131 1435s
 539416 388300 infeasible   82      4600.00000   42.57096  99.1%   131 1440s
 541614 389775 1000.00000   79   26 4600.00000   44.75671  99.0%   131 1445s
 544380 391487   48.67411   26   59 4600.00000   46.79672  99.0%   131 1450s
 547287 392769 1000.00000   41   39 4600.00000   48.78698  98.9%   131 1456s
 549705 394930 2000.00000  116   40 4600.00000   50.35352  98.9%   131 1461s
 552321 396380 3200.00000   91   25 4600.00000   52.58843  98.9%   130 1466s
 554722 398136 2200.00000   50   34 4600.00000   54.16240  98.8%   130 1470s
 558171 400412 infeasible   70      4600.00000   56.76660  98.8%   130 1476s
 560719 402099 1000.00000   32   35 4600.00000   58.92814  98.7%   130 1481s
 563295 403882 2200.00000   40   34 4600.00000   60.92536  98.7%   130 1485s
 565981 405662 1000.00000   65   39 4600.00000   63.25595  98.6%   130 1490s
 568551 407338 1148.64400   84   68 4600.00000   65.25071  98.6%   130 1495s
 571804 409548 1000.00000   39   38 4600.00000   68.01909  98.5%   130 1500s
 575269 411656 1000.00000   30   31 4600.00000   70.75315  98.5%   130 1506s
 578435 413719 2000.00000   70   36 4600.00000   72.37951  98.4%   129 1512s
 580351 414801 1000.00000   77   46 4600.00000   74.95172  98.4%   129 1515s
 582937 416457 2000.00000   89   34 4600.00000   77.07544  98.3%   129 1520s
 586143 418587 1000.00000   88   36 4600.00000   79.77120  98.3%   129 1525s
 589497 420766 2200.00000   55   38 4600.00000   83.23363  98.2%   129 1531s
 592160 422372 infeasible   53      4600.00000   86.60595  98.1%   129 1536s
 595006 424328 1000.00000   80   39 4600.00000   89.46937  98.1%   129 1540s
 598260 426209 1000.00000   63   37 4600.00000   91.89096  98.0%   129 1546s
 601286 428225 1000.00000   49   30 4600.00000   94.32455  97.9%   128 1550s
 603896 429953 infeasible   26      4600.00000   96.74243  97.9%   128 1555s
 607250 432378 3200.00000  109   24 4600.00000   99.27056  97.8%   128 1560s
 610059 434274 1000.00000   79   38 4600.00000  101.48018  97.8%   128 1565s
 612481 435991 1000.00000   45   41 4600.00000  104.37723  97.7%   128 1570s
 616693 438686 2000.00000   74   25 4600.00000  108.32106  97.6%   128 1575s
 619092 440233  331.96764   69   60 4600.00000  111.77024  97.6%   128 1580s
 622241 442551 3200.00000   81   38 4600.00000  115.85875  97.5%   128 1585s
 625114 444491 2000.00000   79   23 4600.00000  118.30048  97.4%   127 1590s
 628398 446487 2000.00000   48   30 4600.00000  122.27033  97.3%   127 1595s
 631741 448743 1000.00000   46   30 4600.00000  125.02408  97.3%   127 1600s
 634416 450636 2200.00000   74   25 4600.00000  128.22225  97.2%   127 1605s
 636917 452418 4200.00000  115   23 4600.00000  130.32220  97.2%   127 1610s
 639867 454439 2000.00000   90   28 4600.00000  133.98929  97.1%   127 1615s
 643162 456574 1000.00000   39   27 4600.00000  137.31508  97.0%   127 1620s
 646420 458792 3200.00000   60   28 4600.00000  141.11419  96.9%   127 1625s
 649767 460923 2200.00000   57   34 4600.00000  142.85714  96.9%   126 1631s
 651925 462544 1250.00000  101   45 4600.00000  144.60076  96.9%   126 1635s
 655693 465077 1000.00000   52   29 4600.00000  150.14941  96.7%   126 1641s
 659157 467280 1000.00000   68   35 4600.00000  153.95321  96.7%   126 1645s
 662434 469083 2001.31928  118   60 4600.00000  157.21778  96.6%   126 1650s
 664909 470701 2000.00000   74   40 4600.00000  160.98932  96.5%   126 1655s
 667965 473167 1000.00000   59   38 4600.00000  163.85565  96.4%   126 1660s
 671544 475305 1000.00000   84   45 4600.00000  166.92625  96.4%   125 1665s
 674684 477604 2000.00000   99   24 4600.00000  169.17338  96.3%   125 1670s
 677899 479876 3200.00000  125   35 4600.00000  170.83033  96.3%   125 1675s
 680826 481971 2000.00000   73   31 4600.00000  171.31300  96.3%   125 1680s
 683704 483782 1000.00000   86   30 4600.00000  174.65322  96.2%   125 1685s
 687134 486022 1000.00000   75   37 4600.00000  177.87047  96.1%   125 1690s
 690291 488151 1000.00000   75   27 4600.00000  180.98282  96.1%   125 1695s
 693410 490122 infeasible  127      4600.00000  185.68587  96.0%   125 1700s
 696462 492183 3000.00000   70   24 4600.00000  189.49258  95.9%   124 1705s
 699377 494124 2200.00000   63   29 4600.00000  193.15129  95.8%   124 1710s
 702194 496051 2000.00000   82   36 4600.00000  196.24365  95.7%   124 1715s
 705590 498287 3400.00000   75   33 4600.00000  199.59918  95.7%   124 1720s
 708940 500389 1000.00000   58   26 4600.00000  202.54397  95.6%   124 1725s
 712029 502782 3208.40738   63   30 4600.00000  205.30858  95.5%   124 1730s
 714991 504479 2000.00000   83   31 4600.00000  208.06384  95.5%   124 1735s
 718960 507034 3000.00000   96   43 4600.00000  211.27838  95.4%   123 1740s
 722211 509038 2000.00000   80   27 4600.00000  215.25540  95.3%   123 1745s
 726120 511625 2000.00000   81   43 4600.00000  218.87871  95.2%   123 1751s
 728881 513506 1002.37200   55   50 4600.00000  222.01905  95.2%   123 1755s
 732150 515643 2000.00000   36   34 4600.00000  226.50429  95.1%   123 1761s
 734825 517253 1023.13989   68   51 4600.00000  229.39841  95.0%   123 1765s
 738176 519454 2143.27772  105   48 4600.00000  233.36084  94.9%   123 1771s
 741260 521412 1000.00000   46   38 4600.00000  236.33569  94.9%   123 1775s
 744253 523530 2064.20163   77   39 4600.00000  240.32217  94.8%   123 1780s
 747270 525546 1000.00000   53   33 4600.00000  242.88227  94.7%   122 1785s
 751504 528265 infeasible   56      4600.00000  247.80429  94.6%   122 1791s
 753726 529840 3200.00000   54   30 4600.00000  250.00000  94.6%   122 1795s
 756972 532228 1000.00000   54   44 4600.00000  253.70307  94.5%   122 1800s

Cutting planes:
  Learned: 9
  Gomory: 6
  Cover: 8
  Implied bound: 39
  Projected implied bound: 12
  Clique: 3
  MIR: 19
  Mixing: 1
  StrongCG: 1
  Flow cover: 75
  GUB cover: 13
  Inf proof: 21
  Zero half: 1
  Relax-and-lift: 25

Explored 758152 nodes (92484832 simplex iterations) in 1800.01 seconds (1146.10 work units)
Thread count was 8 (of 8 available processors)

Solution count 10: 4600 5600 6800 ... 13000

Time limit reached
Best objective 4.600000000000e+03, best bound 4.000000000000e+02, gap 91.3043%
