
Gurobi 13.0.1 (linux64) logging started Thu Apr 23 17:19:59 2026

Set parameter LogFile to value "experiments/20260422_213746/logs/Inst_16_Hard_Phantom_35__station_copies.log"
Set parameter LogToConsole to value 0
Set parameter TimeLimit to value 1800
Gurobi Optimizer version 13.0.1 build v13.0.1rc0 (linux64 - "Ubuntu 24.04.4 LTS")

CPU model: Intel(R) Core(TM) i5-8250U CPU @ 1.60GHz, instruction set [SSE2|AVX|AVX2]
Thread count: 4 physical cores, 8 logical processors, using up to 8 threads

Non-default parameters:
TimeLimit  1800
LogToConsole  0

Optimize a model with 337890 rows, 336429 columns and 1393595 nonzeros (Min)
Model fingerprint: 0x95883627
Model has 359 linear objective coefficients
Variable types: 224280 continuous, 112149 integer (112149 binary)
Coefficient statistics:
  Matrix range     [1e+00, 3e+04]
  Objective range  [1e+03, 1e+03]
  Bounds range     [1e+00, 3e+04]
  RHS range        [1e+00, 2e+03]

Presolve removed 211575 rows and 100240 columns
Presolve time: 2.31s
Presolved: 126315 rows, 236189 columns, 945732 nonzeros
Variable types: 124040 continuous, 112149 integer (112149 binary)
Deterministic concurrent LP optimizer: primal simplex, dual simplex, and barrier
Showing barrier log only...

Root barrier log...

Ordering time: 0.03s

Barrier statistics:
 AA' NZ     : 3.616e+04
 Factor NZ  : 4.967e+04 (roughly 5 MB of memory)
 Factor Ops : 1.844e+06 (less than 1 second per iteration)
 Threads    : 1

                  Objective                Residual
Iter       Primal          Dual         Primal    Dual     Compl     Time
   0   6.24482794e+07 -1.43861072e+10  6.18e+03 8.45e+00  4.78e+06     4s
   1   2.57802642e+07 -4.17232060e+09  2.29e+03 2.23e+01  1.34e+06     4s
   2   3.13048787e+06 -1.61442386e+09  2.54e+02 5.91e-12  2.06e+05     4s
   3   6.71123520e+05 -1.55039659e+08  3.25e+01 5.46e-12  2.56e+04     4s
   4   4.01859801e+05 -4.17010325e+07  6.73e+00 2.18e-11  5.25e+03     4s
   5   3.58486722e+05 -2.52831311e+07  4.31e+00 7.61e-12  2.87e+03     4s
   6   2.81924189e+05 -1.59395467e+07  2.63e+00 1.46e-11  1.58e+03     4s
   7   1.27469842e+05 -3.70837618e+06  5.76e-01 5.68e-10  2.79e+02     4s
   8   8.21230511e+04 -1.57168368e+06  1.99e-01 2.38e-10  1.11e+02     4s
   9   5.21152280e+04 -9.86060830e+05  8.11e-02 1.49e-10  6.78e+01     4s
  10   4.39512096e+04 -7.46766682e+05  6.09e-02 1.11e-10  5.14e+01     4s
  11   2.67384709e+04 -2.09139785e+05  2.04e-02 2.82e-11  1.52e+01     4s
  12   1.47052300e+04 -3.62323040e+04  2.15e-03 4.55e-12  3.27e+00     4s
  13   1.12471052e+04 -1.01150893e+04  4.04e-04 1.82e-12  1.37e+00     4s
  14   9.84702269e+03 -4.80001724e+03  2.40e-04 9.09e-13  9.39e-01     4s
  15   8.23678911e+03 -1.90651954e+03  1.36e-04 9.09e-13  6.50e-01     4s
  16   6.43523891e+03 -3.01742451e+02  6.88e-05 4.55e-13  4.32e-01     4s
  17   5.18876950e+03  8.19744075e+02  4.24e-05 9.09e-13  2.80e-01     4s
  18   4.28971769e+03  1.44084303e+03  2.65e-05 9.09e-13  1.83e-01     4s
  19   3.84533938e+03  1.82312113e+03  1.99e-05 4.55e-13  1.30e-01     4s
  20   3.32009065e+03  1.99449956e+03  1.23e-05 4.55e-13  8.50e-02     4s
  21   2.88547805e+03  2.20545341e+03  6.15e-06 4.55e-13  4.36e-02     4s
  22   2.65431418e+03  2.32033540e+03  3.11e-06 9.09e-13  2.14e-02     4s
  23   2.59546161e+03  2.34794207e+03  2.42e-06 1.82e-12  1.59e-02     4s
  24   2.49209636e+03  2.35831206e+03  1.20e-06 9.09e-13  8.57e-03     4s
  25   2.42647550e+03  2.37109759e+03  4.78e-07 4.55e-13  3.55e-03     4s
  26   2.41226688e+03  2.37789269e+03  3.24e-07 9.09e-13  2.20e-03     4s
  27   2.38906830e+03  2.37962087e+03  7.78e-08 1.97e-13  6.05e-04     4s
  28   2.38133674e+03  2.38111422e+03  8.67e-10 9.09e-13  1.43e-05     4s
  29   2.38118103e+03  2.38117849e+03  2.73e-10 1.82e-12  1.63e-07     4s
  30   2.38117911e+03  2.38117910e+03  1.35e-10 5.97e-13  2.90e-10     4s

Barrier solved model in 30 iterations and 3.87 seconds (3.67 work units)
Optimal objective 2.38117911e+03

Crossover time: 0.01 seconds (0.01 work units)
Concurrent spin time: 0.00s

Solved with barrier

Use crossover to convert LP symmetric solution to basic solution...
Crossover time: 0.68 seconds (0.46 work units)

Root relaxation: objective 2.381179e+03, 3093 iterations, 1.41 seconds (1.00 work units)

    Nodes    |    Current Node    |     Objective Bounds      |     Work
 Expl Unexpl |  Obj  Depth IntInf | Incumbent    BestBd   Gap | It/Node Time

     0     0 2381.17910    0  779          - 2381.17910      -     -    8s
H    0     0                    54600.000000 2381.17910  95.6%     -   31s
     0     0 2797.89443    0  820 54600.0000 2797.89443  94.9%     -  483s
H    0     0                    53400.000000 2797.91546  94.8%     -  583s
H    0     0                    12000.000000 2797.91546  76.7%     -  592s
H    0     0                    9800.0000000 2797.91546  71.4%     -  778s
H    0     0                    8800.0000000 2797.91546  68.2%     -  951s
     0     0 2823.16040    0  917 8800.00000 2823.16040  67.9%     - 1282s
     0     0 2824.34286    0  901 8800.00000 2824.34286  67.9%     - 1411s
     0     0 2825.43763    0  896 8800.00000 2825.43763  67.9%     - 1546s
     0     0 2825.44713    0  896 8800.00000 2825.44713  67.9%     - 1569s
     0     0          -    0      8800.00000 2825.44713  67.9%     - 1800s

Cutting planes:
  Cover: 27
  Implied bound: 442
  MIR: 31
  Flow cover: 40
  Zero half: 2

Explored 1 nodes (240120 simplex iterations) in 1800.04 seconds (2275.48 work units)
Thread count was 8 (of 8 available processors)

Solution count 5: 8800 9800 12000 ... 54600

Time limit reached
Best objective 8.800000000000e+03, best bound 3.000000000000e+03, gap 65.9091%
