
Gurobi 13.0.1 (linux64) logging started Thu Apr 23 15:49:47 2026

Set parameter LogFile to value "experiments/20260422_213746/logs/Inst_15_Medium_Inspire_23__station_copies.log"
Set parameter LogToConsole to value 0
Set parameter TimeLimit to value 1800
Gurobi Optimizer version 13.0.1 build v13.0.1rc0 (linux64 - "Ubuntu 24.04.4 LTS")

CPU model: Intel(R) Core(TM) i5-8250U CPU @ 1.60GHz, instruction set [SSE2|AVX|AVX2]
Thread count: 4 physical cores, 8 logical processors, using up to 8 threads

Non-default parameters:
TimeLimit  1800
LogToConsole  0

Optimize a model with 69828 rows, 69144 columns and 290858 nonzeros (Min)
Model fingerprint: 0x06224377
Model has 167 linear objective coefficients
Variable types: 46092 continuous, 23052 integer (23052 binary)
Coefficient statistics:
  Matrix range     [1e+00, 3e+04]
  Objective range  [1e+03, 2e+03]
  Bounds range     [1e+00, 3e+04]
  RHS range        [1e+00, 2e+03]

Presolve removed 42228 rows and 19504 columns
Presolve time: 0.97s
Presolved: 27600 rows, 49640 columns, 198885 nonzeros
Variable types: 26588 continuous, 23052 integer (23052 binary)
Found heuristic solution: objective 282000.00000
Deterministic concurrent LP optimizer: primal and dual simplex
Showing primal log only...

Concurrent spin time: 0.00s

Solved with primal simplex

Use crossover to convert LP symmetric solution to basic solution...
Crossover time: 0.16 seconds (0.09 work units)

Root relaxation: objective 2.715334e+03, 6371 iterations, 0.53 seconds (0.27 work units)

    Nodes    |    Current Node    |     Objective Bounds      |     Work
 Expl Unexpl |  Obj  Depth IntInf | Incumbent    BestBd   Gap | It/Node Time

     0     0 2715.33419    0  269 282000.000 2715.33419  99.0%     -    3s
H    0     0                    258000.00000 2715.33419  98.9%     -    7s
H    0     0                    224000.00000 2715.33419  98.8%     -    7s
H    0     0                    208000.00000 2715.33419  98.7%     -   10s
H    0     0                    144000.00000 3230.26080  97.8%     -   46s
H    0     0                    142000.00000 3230.26080  97.7%     -   46s
H    0     0                    135000.00000 3230.26080  97.6%     -   46s
H    0     0                    99000.000000 3230.26080  96.7%     -   46s
H    0     0                    11000.000000 3230.26080  70.6%     -   46s
     0     0 3230.26080    0  301 11000.0000 3230.26080  70.6%     -   49s
H    0     0                    7000.0000000 3233.66721  53.8%     -   51s
     0     0 3305.74317    0  294 7000.00000 3305.74317  52.8%     -   81s
     0     0 3305.74317    0  293 7000.00000 3305.74317  52.8%     -   81s
     0     0 3590.45578    0  324 7000.00000 3590.45578  48.7%     -  122s
     0     0 3634.14734    0  328 7000.00000 3634.14734  48.1%     -  157s
     0     0 3635.44792    0  395 7000.00000 3635.44792  48.1%     -  161s
     0     0 3635.68317    0  327 7000.00000 3635.68317  48.1%     -  161s
     0     0 3635.68731    0  327 7000.00000 3635.68731  48.1%     -  161s
     0     0 3689.83101    0  339 7000.00000 3689.83101  47.3%     -  177s
     0     0 3699.51427    0  351 7000.00000 3699.51427  47.1%     -  189s
     0     0 3700.73188    0  347 7000.00000 3700.73188  47.1%     -  198s
     0     0 3701.09882    0  345 7000.00000 3701.09882  47.1%     -  199s
     0     0 3701.31460    0  339 7000.00000 3701.31460  47.1%     -  202s
     0     0 3701.31678    0  339 7000.00000 3701.31678  47.1%     -  202s
     0     0 3711.18197    0  371 7000.00000 3711.18197  47.0%     -  216s
     0     0 3715.58782    0  361 7000.00000 3715.58782  46.9%     -  221s
     0     0 3715.73790    0  363 7000.00000 3715.73790  46.9%     -  222s
     0     0 3717.82490    0  366 7000.00000 3717.82490  46.9%     -  230s
     0     0 3718.13806    0  364 7000.00000 3718.13806  46.9%     -  254s
     0     0 3718.22729    0  366 7000.00000 3718.22729  46.9%     -  255s
     0     0 3723.35168    0  352 7000.00000 3723.35168  46.8%     -  260s
     0     0 3724.14979    0  368 7000.00000 3724.14979  46.8%     -  304s
     0     0 3724.47505    0  369 7000.00000 3724.47505  46.8%     -  305s
     0     0 3724.59983    0  371 7000.00000 3724.59983  46.8%     -  306s
     0     0 3741.98174    0  323 7000.00000 3741.98174  46.5%     -  319s
     0     0 3744.32580    0  329 7000.00000 3744.32580  46.5%     -  366s
     0     0 3744.53339    0  325 7000.00000 3744.53339  46.5%     -  371s
     0     0 3744.83221    0  321 7000.00000 3744.83221  46.5%     -  374s
     0     0 3744.83984    0  319 7000.00000 3744.83984  46.5%     -  379s
     0     0 3751.76676    0  321 7000.00000 3751.76676  46.4%     -  387s
     0     0 3755.26244    0  296 7000.00000 3755.26244  46.4%     -  389s
     0     0 3755.87498    0  304 7000.00000 3755.87498  46.3%     -  389s
     0     0 3756.19677    0  289 7000.00000 3756.19677  46.3%     -  390s
     0     0 3756.24239    0  294 7000.00000 3756.24239  46.3%     -  391s
     0     0 3758.55946    0  310 7000.00000 3758.55946  46.3%     -  400s
     0     0 3759.26072    0  310 7000.00000 3759.26072  46.3%     -  406s
     0     0 3759.66704    0  301 7000.00000 3759.66704  46.3%     -  411s
     0     0 3759.75764    0  302 7000.00000 3759.75764  46.3%     -  412s
     0     0 3762.67516    0  320 7000.00000 3762.67516  46.2%     -  426s
     0     0 3764.11513    0  300 7000.00000 3764.11513  46.2%     -  430s
     0     0 3764.54772    0  320 7000.00000 3764.54772  46.2%     -  431s
     0     0 3764.55897    0  311 7000.00000 3764.55897  46.2%     -  432s
     0     0 3765.82981    0  358 7000.00000 3765.82981  46.2%     -  439s
     0     0 3766.20271    0  350 7000.00000 3766.20271  46.2%     -  441s
     0     0 3766.25731    0  340 7000.00000 3766.25731  46.2%     -  441s
     0     0 3768.22555    0  313 7000.00000 3768.22555  46.2%     -  448s
     0     0 3768.97479    0  315 7000.00000 3768.97479  46.2%     -  453s
     0     0 3769.11205    0  320 7000.00000 3769.11205  46.2%     -  455s
     0     0 3771.36462    0  291 7000.00000 3771.36462  46.1%     -  473s
     0     0 3772.06987    0  322 7000.00000 3772.06987  46.1%     -  539s
     0     0 3772.23726    0  314 7000.00000 3772.23726  46.1%     -  541s
     0     0 3773.48532    0  303 7000.00000 3773.48532  46.1%     -  548s
     0     0 3775.08643    0  295 7000.00000 3775.08643  46.1%     -  554s
     0     0 3775.48680    0  305 7000.00000 3775.48680  46.1%     -  562s
     0     0 3775.81894    0  311 7000.00000 3775.81894  46.1%     -  564s
     0     0 3775.92391    0  317 7000.00000 3775.92391  46.1%     -  569s
     0     0 3779.74642    0  330 7000.00000 3779.74642  46.0%     -  585s
     0     0 3780.34673    0  331 7000.00000 3780.34673  46.0%     -  642s
     0     0 3780.76322    0  337 7000.00000 3780.76322  46.0%     -  643s
     0     0 3780.82485    0  336 7000.00000 3780.82485  46.0%     -  643s
     0     0 3783.58652    0  325 7000.00000 3783.58652  45.9%     -  657s
     0     0 3784.01962    0  328 7000.00000 3784.01962  45.9%     -  662s
     0     0 3784.21030    0  342 7000.00000 3784.21030  45.9%     -  666s
     0     0 3786.17704    0  322 7000.00000 3786.17704  45.9%     -  681s
     0     0 3786.57135    0  349 7000.00000 3786.57135  45.9%     -  700s
     0     0 3786.94057    0  344 7000.00000 3786.94057  45.9%     -  706s
     0     0 3787.09649    0  340 7000.00000 3787.09649  45.9%     -  707s
     0     0 3787.82389    0  333 7000.00000 3787.82389  45.9%     -  725s
     0     0 3787.82389    0  333 7000.00000 3787.82389  45.9%     -  726s
     0     0 3787.82389    0  322 7000.00000 3787.82389  45.9%     -  726s
     0     2 3847.23118    0  317 7000.00000 3847.23118  45.0%     -  748s
     1     4 3847.23118    1  335 7000.00000 3847.23118  45.0%  4630  757s
     3     7 3847.23118    2  334 7000.00000 3847.23118  45.0%  4737  782s
     6     8 3931.36382    3  282 7000.00000 3847.23118  45.0%  6013  808s
     7    11 3954.79634    4  216 7000.00000 3847.23118  45.0%  5667  824s
    10    21 3962.50066    5  218 7000.00000 3847.23118  45.0%  4211  850s
    20    32 3991.73008    9  183 7000.00000 3847.23118  45.0%  7486  868s
    31    39 4059.34015   13  172 7000.00000 3847.23118  45.0% 10217  886s
    38    47 4150.48042   14  152 7000.00000 3847.23118  45.0%  9016  905s
    46    57 4060.71748   18  154 7000.00000 3847.23118  45.0%  8018  918s
    56    64 4079.70094   21  147 7000.00000 3847.23118  45.0% 10557  932s
    63    70 4100.54810   23  149 7000.00000 3847.23118  45.0%  9835  952s
    69    77 4122.74341   23  156 7000.00000 3847.23118  45.0%  9293  969s
    76    86 4115.58630   25  216 7000.00000 3847.23118  45.0% 10592  979s
    85    93 4148.45386   29  132 7000.00000 3847.23118  45.0%  9689  995s
    92    97 4236.51922   33  206 7000.00000 3847.23118  45.0%  9100 1004s
    96   106 4246.81261   34  208 7000.00000 3847.23118  45.0%  8838 1014s
   105   110 4308.07421   35  204 7000.00000 3847.23118  45.0%  8192 1026s
   109   113 4362.37905   35  211 7000.00000 3847.23118  45.0%  7982 1054s
   112   117 4348.20785   36  203 7000.00000 3847.23118  45.0%  7808 1069s
   116   120 4375.30964   36  204 7000.00000 3847.23118  45.0%  7596 1087s
   119   123 4366.00860   37  141 7000.00000 3847.23118  45.0%  7489 1105s
   122   127 4369.17350   38  208 7000.00000 3847.23118  45.0%  7321 1124s
   126   130 4370.32211   39  144 7000.00000 3847.23118  45.0%  7200 1141s
   129   134 4374.42637   40  216 7000.00000 3847.23118  45.0%  7055 1158s
   133   138 4385.44651   41  140 7000.00000 3847.23118  45.0%  6967 1173s
   137   142 4415.68130   41  204 7000.00000 3847.23118  45.0%  6852 1195s
   141   146 4389.76265   42  143 7000.00000 3847.23118  45.0%  6762 1221s
   145   149 4394.82685   43  134 7000.00000 3847.23118  45.0%  6696 1242s
   148   153 4415.99434   44  144 7000.00000 3847.23118  45.0%  6573 1265s
   152   157 4404.60537   44  147 7000.00000 3847.23118  45.0%  6419 1287s
   156   160 4442.95853   45  217 7000.00000 3847.23118  45.0%  6326 1309s
   159   164 4469.48119   45  185 7000.00000 3847.23118  45.0%  6237 1324s
   163   168 4449.26021   46  219 7000.00000 3847.23118  45.0%  6121 1348s
   167   172 4456.24059   47  217 7000.00000 3847.23118  45.0%  6015 1366s
   171   176 4480.38826   48  217 7000.00000 3847.23118  45.0%  5935 1381s
   175   180 4476.72504   48  218 7000.00000 3847.23118  45.0%  5856 1398s
   179   183 4483.45109   49  217 7000.00000 3847.23118  45.0%  5761 1425s
   182   187 4483.49643   50  217 7000.00000 3847.23118  45.0%  5738 1448s
   186   192 4483.90271   51  212 7000.00000 3847.23118  45.0%  5722 1469s
   191   196 4485.01659   52  202 7000.00000 3847.23118  45.0%  5636 1487s
   195   201 4498.39996   53  180 7000.00000 3847.23118  45.0%  5575 1509s
   200   208 4506.59187   55  149 7000.00000 3847.23118  45.0%  5551 1534s
   207   212 4537.83391   59  116 7000.00000 3847.23118  45.0%  5493 1559s
   211   216 4543.95490   60  108 7000.00000 3847.23118  45.0%  5500 1590s
   215   222 4546.83803   61  109 7000.00000 3847.23118  45.0%  5456 1618s
   221   227 4548.60559   62  111 7000.00000 3847.23118  45.0%  5403 1650s
   226   231 4561.70187   63  118 7000.00000 3847.23118  45.0%  5446 1683s
   230   241 4606.03073   64  115 7000.00000 3847.23118  45.0%  5433 1716s
   240   259 4884.81778   64   76 7000.00000 3847.23118  45.0%  5380 1749s
   258   278 4645.17552   72  157 7000.00000 3847.23118  45.0%  5165 1777s
   279   300 4771.54962   84   63 7000.00000 3847.23118  45.0%  4915 1800s

Cutting planes:
  Cover: 1
  Implied bound: 805
  Clique: 3
  MIR: 283
  Flow cover: 328
  Mod-K: 1
  Network: 1
  RLT: 17
  Relax-and-lift: 3
  BQP: 2

Explored 301 nodes (1549479 simplex iterations) in 1800.02 seconds (1870.49 work units)
Thread count was 8 (of 8 available processors)

Solution count 10: 7000 11000 99000 ... 282000

Time limit reached
Best objective 7.000000000000e+03, best bound 4.000000000000e+03, gap 42.8571%
