
Gurobi 13.0.1 (linux64) logging started Thu Apr 23 16:19:48 2026

Set parameter LogFile to value "experiments/20260422_213746/logs/Inst_16_Hard_Phantom_35__ribeiro.log"
Set parameter LogToConsole to value 0
Set parameter TimeLimit to value 1800
Gurobi Optimizer version 13.0.1 build v13.0.1rc0 (linux64 - "Ubuntu 24.04.4 LTS")

CPU model: Intel(R) Core(TM) i5-8250U CPU @ 1.60GHz, instruction set [SSE2|AVX|AVX2]
Thread count: 4 physical cores, 8 logical processors, using up to 8 threads

Non-default parameters:
TimeLimit  1800
LogToConsole  0

Optimize a model with 6824 rows, 2133 columns and 22804 nonzeros (Min)
Model fingerprint: 0xb18e15b5
Model has 53 linear objective coefficients
Variable types: 90 continuous, 2043 integer (1989 binary)
Coefficient statistics:
  Matrix range     [1e+00, 3e+04]
  Objective range  [1e+03, 1e+03]
  Bounds range     [1e+00, 3e+04]
  RHS range        [1e+00, 6e+04]

Presolve removed 820 rows and 12 columns
Presolve time: 0.15s
Presolved: 6004 rows, 2121 columns, 21412 nonzeros
Variable types: 79 continuous, 2042 integer (1989 binary)

Root relaxation: objective 0.000000e+00, 696 iterations, 0.04 seconds (0.02 work units)

    Nodes    |    Current Node    |     Objective Bounds      |     Work
 Expl Unexpl |  Obj  Depth IntInf | Incumbent    BestBd   Gap | It/Node Time

     0     0    0.00000    0   59          -    0.00000      -     -    0s
     0     0    0.00000    0   98          -    0.00000      -     -    0s
     0     0    0.00000    0  102          -    0.00000      -     -    0s
     0     0    0.00000    0  107          -    0.00000      -     -    1s
     0     0    0.00000    0   64          -    0.00000      -     -    1s
     0     0    0.00000    0   76          -    0.00000      -     -    1s
H    0     0                    41400.000000    0.00000   100%     -    1s
     0     0    0.00000    0  104 41400.0000    0.00000   100%     -    1s
     0     0    0.00000    0   59 41400.0000    0.00000   100%     -    2s
H    0     0                    33200.000000    0.00000   100%     -    2s
     0     0    0.00000    0   78 33200.0000    0.00000   100%     -    2s
     0     0    0.00000    0   65 33200.0000    0.00000   100%     -    2s
     0     0    0.00000    0  103 33200.0000    0.00000   100%     -    2s
     0     0    0.00000    0   99 33200.0000    0.00000   100%     -    2s
     0     0    0.00000    0   96 33200.0000    0.00000   100%     -    2s
     0     0    0.00000    0   73 33200.0000    0.00000   100%     -    3s
H    0     0                    29600.000000    0.00000   100%     -    3s
H    0     0                    27400.000000    0.00000   100%     -    3s
H    0     0                    26200.000000    0.00000   100%     -    3s
H    0     0                    23800.000000    0.00000   100%     -    3s
     0     0    0.00000    0  115 23800.0000    0.00000   100%     -    3s
     0     0    0.00000    0  105 23800.0000    0.00000   100%     -    4s
     0     0    0.00000    0   69 23800.0000    0.00000   100%     -    4s
     0     0    0.00000    0   68 23800.0000    0.00000   100%     -    4s
     0     0    0.00000    0   63 23800.0000    0.00000   100%     -    5s
H    0     0                    22600.000000    0.00000   100%     -    5s
     0     2    0.00000    0   56 22600.0000    0.00000   100%     -    5s
H   12    15                    20400.000000    0.00000   100%   623    5s
H   27    28                    19200.000000    0.00000   100%   392    6s
H   31    33                    19000.000000    0.00000   100%   370    6s
H   50    50                    17800.000000    0.00000   100%   286    7s
H   75    75                    16600.000000    0.00000   100%   250    7s
    98    99    0.00000   15   74 16600.0000    0.00000   100%   247   10s
H  102   103                    14400.000000    0.00000   100%   244   11s
   431   452 2000.00000   43   90 14400.0000    0.00000   100%   259   15s
  1133   963 3000.00000   68   63 14400.0000    0.00000   100%   225   21s
  1136   965 2200.00000   44   99 14400.0000    0.00000   100%   224   26s
H 1136   916                    13400.000000    0.00000   100%   224   26s
  1139   918 2243.03546  110  117 13400.0000    0.00000   100%   224   31s
  1141   919 2000.00000   78  123 13400.0000    0.00000   100%   224   35s
  1144   921 2000.00000   37  100 13400.0000    0.00000   100%   223   41s
H 1144   875                    12400.000000    0.00000   100%   223   41s
  1146   877 2000.00000   30   95 12400.0000    0.00000   100%   223   45s
  1150   879 2000.00000   33  104 12400.0000    0.00000   100%   222   51s
  1152   881 1000.00000   38  102 12400.0000    0.00000   100%   221   57s
  1155   883 2000.00000   67   85 12400.0000    0.00000   100%   221   60s
  1167   897    0.00000   18   80 12400.0000    0.00000   100%   285   65s
  1178   914    0.00000   19   79 12400.0000    0.00000   100%   287   70s
H 1198   874                    11400.000000    0.00000   100%   297   73s
  1205   935    0.00000   20  100 11400.0000    0.00000   100%   299   77s
  1268  1005   43.23963   27   96 11400.0000    0.00000   100%   316   81s
  1365  1028    0.00000   31   78 11400.0000    0.00000   100%   329   86s
  1439  1007    0.00000   36   74 11400.0000    0.00000   100%   367   92s
  1443  1027    0.00000   37   84 11400.0000    0.00000   100%   376   99s
  1464  1069    0.00000   37   81 11400.0000    0.00000   100%   404  106s
  1513  1191  111.81006   43  118 11400.0000    0.00000   100%   423  114s
  1660  1304 1129.38213   55   84 11400.0000    0.00000   100%   457  122s
  1832  1417 2000.00000   66   55 11400.0000    0.00000   100%   449  130s
  2071  1389 3000.00000  101   47 11400.0000    0.00000   100%   440  138s
  2145  1424    0.00000   26   64 11400.0000    0.00000   100%   468  144s
  2208  1473  182.39459   36   72 11400.0000    0.00000   100%   493  155s
  2296  1640 2000.00000   57   56 11400.0000    0.00000   100%   512  165s
  2505  1704 2000.00000   92   47 11400.0000    0.00000   100%   516  175s
  2652  1823 infeasible  108      11400.0000    0.00000   100%   524  187s
  2921  1868    3.14278   42  103 11400.0000    0.00000   100%   522  200s
  3076  1964 2200.00000   73   55 11400.0000    0.00000   100%   526  213s
  3237  2196 1000.00000   71   49 11400.0000    0.00000   100%   524  227s
  3559  2087 2200.00000   72   55 11400.0000    0.00000   100%   500  239s
  3567  2221 2200.00000   72   65 11400.0000    0.00000   100%   499  252s
  3757  2661  202.13485   32   87 11400.0000    0.00000   100%   499  263s
  4239  2944 3000.00000  187   59 11400.0000    0.00000   100%   474  274s
H 4381  2944                    11200.000000    0.00000   100%   472  274s
  4532  3114 5149.99391  245   69 11200.0000    0.00000   100%   468  287s
  4789  3234    0.00000   40   63 11200.0000    0.00000   100%   471  298s
  4909  3338 1000.00000   58  109 11200.0000    0.00000   100%   485  309s
  5013  3603    0.00000   59   75 11200.0000    0.00000   100%   497  319s
  5282  3938 1000.00000   63   78 11200.0000    0.00000   100%   494  330s
  5656  4211 4000.00000  156   50 11200.0000    0.00000   100%   484  339s
  5959  4360 1000.00000   77   64 11200.0000    0.00000   100%   480  349s
  6129  4839 5200.00000  155   60 11200.0000    0.00000   100%   481  361s
  6670  5049 6200.00000  258   68 11200.0000    0.00000   100%   465  370s
  6892  5402  126.21199   49   98 11200.0000    0.00000   100%   465  381s
  7288  5840 3000.00000   94   57 11200.0000    0.00000   100%   456  391s
  7809  6171 1000.00000   64   53 11200.0000    0.00000   100%   444  400s
  8197  6541 3278.47280  128   60 11200.0000    0.00000   100%   435  411s
  8668  6787 6000.00000  124   67 11200.0000    0.00000   100%   429  423s
  8952  6834 7000.00000  196   67 11200.0000    0.00000   100%   424  434s
  8999  6966 7000.00000  197   66 11200.0000    0.00000   100%   424  447s
  9158  7494 1000.00000   61   84 11200.0000    0.00000   100%   427  459s
  9722  8032 5000.00000  223   62 11200.0000    0.00000   100%   415  472s
 10324  8660    0.00000   53   69 11200.0000    0.00000   100%   408  492s
 11056  8979 1000.00000   73   61 11200.0000    0.00000   100%   402  501s
 11409  9211 2200.00000   97   49 11200.0000    0.00000   100%   400  511s
 11698  9344 3543.22431  124   63 11200.0000    0.00000   100%   401  521s
 11887  9639    8.82873   48   90 11200.0000    0.00000   100%   405  532s
H11999  9628                    10200.000000    0.00000   100%   405  532s
 12185 10158 2000.00000  124   49 10200.0000    0.00000   100%   404  544s
 12752 10725   27.50155   49   82 10200.0000    0.00000   100%   400  555s
 13392 10988 2000.00000   80   44 10200.0000    0.00000   100%   394  565s
 13695 11308 5000.00000  207   56 10200.0000    0.00000   100%   391  576s
 14096 11593   43.62188   60   93 10200.0000    0.00000   100%   388  586s
 14481 11931 1000.00000   59   75 10200.0000    0.00000   100%   388  597s
 14845 12197 2099.32026  105   67 10200.0000    0.00000   100%   389  606s
 15139 12498 3000.00000  158   47 10200.0000    0.00000   100%   392  617s
 15489 12930 3195.77059  182   65 10200.0000    0.00000   100%   392  630s
 15988 12934 1000.00000   75   68 10200.0000    0.00000   100%   391  640s
 15992 12982 1000.00000   76   72 10200.0000    0.00000   100%   391  652s
 16040 13250 1000.00000   78   73 10200.0000    0.00000   100%   390  664s
 16364 13691 1136.33390   65   59 10200.0000    0.00000   100%   389  677s
 16837 14335 4000.00000  144   53 10200.0000    0.00000   100%   385  688s
 17570 14696 1000.00000   40   73 10200.0000    0.00000   100%   378  698s
 17990 14912 4200.00000   86   64 10200.0000    0.00000   100%   376  709s
 18275 15335 5200.00000  154   48 10200.0000    0.00000   100%   375  720s
 18787 15564 3000.00000  108   57 10200.0000    0.00000   100%   374  730s
 19028 15851 infeasible  173      10200.0000    0.00000   100%   376  740s
 19344 16274 1000.00000   51   76 10200.0000    0.00000   100%   377  751s
 19808 16487 5039.35740  136   72 10200.0000    0.00000   100%   375  762s
 20072 16872 2000.00000   92   45 10200.0000    0.00000   100%   376  772s
 20557 17434 1000.00000   32   70 10200.0000    0.00000   100%   375  876s
 21261 17537    0.00000   43   79 10200.0000    0.00000   100%   372  885s
 21364 17662 1000.00000   52  102 10200.0000    0.00000   100%   375  896s
 21489 17932 1000.00000   54   95 10200.0000    0.00000   100%   378  908s
 21759 18379 2000.00000   91   50 10200.0000    0.00000   100%   378  921s
 22206 18837 3000.00000  254   58 10200.0000    0.00000   100%   376  933s
 22672 19219 5200.00000  323   50 10200.0000    0.00000   100%   376  945s
 23156 19635 1000.00000   43   90 10200.0000    0.00000   100%   377  957s
 23602 20054 4461.88873  172   64 10200.0000    0.00000   100%   377  970s
 24064 20554 3200.00000   54   84 10200.0000    0.00000   100%   376  982s
 24649 21281    0.00000   43   93 10200.0000    0.00000   100%   373  993s
 25409 21290 8800.00000  261   23 10200.0000    0.00000   100%   368 1004s
 25424 21634 8800.00000  263   34 10200.0000    0.00000   100%   368 1015s
 25843 22116 2000.00000   75   68 10200.0000    0.00000   100%   367 1026s
 26384 22429 5200.00000  256   76 10200.0000    0.00000   100%   365 1036s
 26844 22725 6400.00000  390   81 10200.0000    0.00000   100%   362 1046s
 27220 22989 2000.00000   43   82 10200.0000    0.00000   100%   362 1056s
 27510 23417 6000.00000  131   67 10200.0000    0.00000   100%   362 1065s
 27976 23763     cutoff  281      10200.0000    0.00000   100%   361 1075s
 28385 23767 5200.00000  134   48 10200.0000    0.00000   100%   359 1086s
 28389 23787 5200.00000  135   44 10200.0000    0.00000   100%   359 1097s
 28412 23866 5200.00000  136   47 10200.0000    0.00000   100%   360 1108s
 28561 24072  315.20661   27  117 10200.0000    0.00000   100%   360 1119s
 28835 24338    0.00000   46   84 10200.0000    0.00000   100%   360 1130s
 29145 24512    3.74381   41  115 10200.0000    0.00000   100%   360 1140s
 29341 24739 3000.00000   88   76 10200.0000    0.00000   100%   360 1151s
 29574 25034 infeasible  111      10200.0000    0.00000   100%   361 1162s
 29887 25406 4000.00000  142   77 10200.0000    0.00000   100%   361 1173s
 30295 25850 4000.00000  177   74 10200.0000    0.00000   100%   362 1183s
 30809 26223 7200.00000  202   89 10200.0000    0.00000   100%   361 1204s
 31330 27014 1000.00000   48   69 10200.0000    0.00000   100%   361 1217s
 32155 27324 2000.00000  133   52 10200.0000    0.00000   100%   356 1225s
 32494 27790 3000.00000  209   56 10200.0000    0.00000   100%   356 1232s
 33002 28083 4000.00000  224   71 10200.0000    0.00000   100%   354 1240s
 33372 28307 4066.17853  291   90 10200.0000    0.00000   100%   352 1248s
 33649 28583 1138.29751   57  107 10200.0000    0.00000   100%   353 1259s
 33980 28899  109.48569   46  118 10200.0000    0.00000   100%   353 1267s
 34325 29402 2200.00000  132   56 10200.0000    0.00000   100%   352 1277s
 34885 29624 1000.00000   95   68 10200.0000    0.00000   100%   349 1285s
 35139 30029 3000.00000  168   50 10200.0000    0.00000   100%   349 1293s
 35549 30397 7400.00000  282   63 10200.0000    0.00000   100%   347 1301s
 35988 30656 3000.00000  126   55 10200.0000    0.00000   100%   346 1309s
 36295 30948 6000.00000  200   60 10200.0000    0.00000   100%   346 1319s
 36669 31119 4000.00000  198   80 10200.0000    0.00000   100%   346 1328s
 36888 31333 infeasible  273      10200.0000    0.00000   100%   346 1337s
 37131 31481 7000.00000   91   48 10200.0000    0.00000   100%   347 1347s
 37401 31971 infeasible  114      10200.0000    0.00000   100%   347 1357s
 37929 32329 5000.00000  130   59 10200.0000    0.00000   100%   345 1366s
 38340 32650 1000.00000   43   85 10200.0000    0.00000   100%   345 1375s
 38707 32770 6200.00000  171   53 10200.0000    0.00000   100%   344 1383s
 38839 33030 6200.00000  206   56 10200.0000    0.00000   100%   345 1393s
 39157 33190    0.00000   39   89 10200.0000    0.00000   100%   346 1401s
 39339 33488 3000.00000   80   54 10200.0000    0.00000   100%   346 1411s
 39723 34181 infeasible  194      10200.0000    0.00000   100%   346 1421s
 40471 34574 5000.00000  227   80 10200.0000    0.00000   100%   343 1430s
 40898 34955 1000.00000   68   71 10200.0000    0.00000   100%   342 1439s
 41329 35394 7200.00000  188   65 10200.0000    0.00000   100%   341 1455s
 41861 35601 1000.00000  112   82 10200.0000    0.00000   100%   341 1463s
 42072 35815 1000.00000  139   70 10200.0000    0.00000   100%   342 1476s
 42294 36048 2000.00000  214   75 10200.0000    0.00000   100%   344 1495s
 42549 36555 3000.00000  233   70 10200.0000    0.00000   100%   346 1511s
 43156 37114 5700.00000  319   63 10200.0000    0.00000   100%   346 1523s
 43798 37555 7000.00000  373   63 10200.0000    0.00000   100%   346 1536s
 44296 38089 2000.00000   67   46 10200.0000    0.00000   100%   344 1548s
 44916 38437 2000.00000   74   55 10200.0000    0.00000   100%   343 1560s
 45412 38441 2000.00000  119   60 10200.0000    0.00000   100%   342 1571s
 45416 38449 2000.00000  120   62 10200.0000    0.00000   100%   342 1583s
 45424 38490 2000.00000  120   57 10200.0000    0.00000   100%   343 1596s
 45465 38603 2000.00000  121   72 10200.0000    0.00000   100%   344 1608s
 45578 38738 3000.00000  151   71 10200.0000    0.00000   100%   346 1623s
 45744 38962 8574.12329  185   52 10200.0000    0.00000   100%   348 1637s
 45995 39089 6200.00000  186   60 10200.0000    0.00000   100%   349 1652s
 46188 39261   78.09197   54  126 10200.0000    0.00000   100%   351 1667s
 46399 39575 1478.47939   58   73 10200.0000    0.00000   100%   353 1681s
 46784 39997 1000.00000   46  105 10200.0000    0.00000   100%   355 1696s
 47310 40702 3000.00000  104   70 10200.0000    0.00000   100%   354 1710s
 48040 41084 6000.00000  254   77 10200.0000    0.00000   100%   353 1728s
 48567 41481 2000.00000   59   79 10200.0000    0.00000   100%   353 1740s
 48988 41826 1000.00000   75   82 10200.0000    0.00000   100%   353 1752s
 49410 42379 5000.00000  115   57 10200.0000    0.00000   100%   353 1764s
 50081 42766 infeasible  124      10200.0000    0.00000   100%   351 1776s
 50578 43276    0.00000   40   84 10200.0000    0.00000   100%   351 1787s
 51138 43561 5000.00000  173   62 10200.0000    0.00000   100%   350 1799s
 51482 43567    0.00000   29   80 10200.0000    0.00000   100%   349 1800s

Cutting planes:
  Cover: 13
  Implied bound: 34
  Projected implied bound: 19
  Clique: 3
  MIR: 88
  StrongCG: 4
  Flow cover: 169
  GUB cover: 22
  Inf proof: 1
  Zero half: 5
  RLT: 2
  Relax-and-lift: 127

Explored 51488 nodes (18019968 simplex iterations) in 1800.00 seconds (2092.92 work units)
Thread count was 8 (of 8 available processors)

Solution count 10: 10200 11200 11400 ... 19200

Time limit reached
Best objective 1.020000000000e+04, best bound 0.000000000000e+00, gap 100.0000%
