
Gurobi 13.0.1 (linux64) logging started Thu Apr 23 00:00:24 2026

Set parameter LogFile to value "experiments/20260422_213746/logs/Inst_04_Easy_Inspire__drone_index.log"
Set parameter LogToConsole to value 0
Set parameter TimeLimit to value 1800
Gurobi Optimizer version 13.0.1 build v13.0.1rc0 (linux64 - "Ubuntu 24.04.4 LTS")

CPU model: Intel(R) Core(TM) i5-8250U CPU @ 1.60GHz, instruction set [SSE2|AVX|AVX2]
Thread count: 4 physical cores, 8 logical processors, using up to 8 threads

Non-default parameters:
TimeLimit  1800
LogToConsole  0
LazyConstraints  1

Optimize a model with 6279 rows, 5919 columns and 27963 nonzeros (Min)
Model fingerprint: 0xafb9213f
Model has 15 linear objective coefficients
Variable types: 2880 continuous, 3039 integer (3039 binary)
Coefficient statistics:
  Matrix range     [1e+00, 2e+04]
  Objective range  [1e+03, 2e+03]
  Bounds range     [1e+00, 1e+00]
  RHS range        [1e+00, 1e+00]

Presolve removed 1440 rows and 720 columns
Presolve time: 0.08s
Presolved: 4839 rows, 5199 columns, 24447 nonzeros
Variable types: 2160 continuous, 3039 integer (3039 binary)

Root relaxation: objective 2.592115e+03, 10164 iterations, 0.96 seconds (1.16 work units)

    Nodes    |    Current Node    |     Objective Bounds      |     Work
 Expl Unexpl |  Obj  Depth IntInf | Incumbent    BestBd   Gap | It/Node Time

     0     0 2592.11515    0   79          - 2592.11515      -     -    1s
H    0     0                    10000.000000 2592.11515  74.1%     -    1s
H    0     0                    8000.0000000 2592.11515  67.6%     -    1s
     0     0 2592.11515    0   91 8000.00000 2592.11515  67.6%     -    2s
     0     0 2950.11120    0  132 8000.00000 2950.11120  63.1%     -    4s
     0     0 3181.00813    0  170 8000.00000 3181.00813  60.2%     -    5s
     0     0 3196.04260    0  235 8000.00000 3196.04260  60.0%     -    6s
     0     0 3204.68245    0  218 8000.00000 3204.68245  59.9%     -    7s
     0     0 3213.51903    0  242 8000.00000 3213.51903  59.8%     -    8s
     0     0 3218.91240    0  259 8000.00000 3218.91240  59.8%     -    8s
     0     0 3221.50853    0  245 8000.00000 3221.50853  59.7%     -    8s
     0     0 3221.89375    0  232 8000.00000 3221.89375  59.7%     -    8s
     0     0 3221.92312    0  232 8000.00000 3221.92312  59.7%     -    8s
     0     0 3232.96696    0  235 8000.00000 3232.96696  59.6%     -    9s
     0     0 3232.96696    0  217 8000.00000 3232.96696  59.6%     -    9s
     0     0 3232.96696    0  252 8000.00000 3232.96696  59.6%     -   11s
     0     0 3232.96696    0  257 8000.00000 3232.96696  59.6%     -   12s
     0     0 3232.96696    0  334 8000.00000 3232.96696  59.6%     -   13s
     0     0 3232.96696    0  176 8000.00000 3232.96696  59.6%     -   14s
     0     0 3235.85511    0  198 8000.00000 3235.85511  59.6%     -   14s
     0     0 3235.85511    0  277 8000.00000 3235.85511  59.6%     -   15s
     0     0 3235.85511    0  186 8000.00000 3235.85511  59.6%     -   15s
     0     0 3235.85511    0  186 8000.00000 3235.85511  59.6%     -   15s
     0     0 3235.85511    0  129 8000.00000 3235.85511  59.6%     -   16s
     0     2 3236.70979    0   99 8000.00000 3236.70979  59.5%     -   17s
     3     8 3236.70979    2  172 8000.00000 3236.70979  59.5%   270   20s
    19    24 3847.52815    5  130 8000.00000 3236.70979  59.5%  2954   25s
    48    54 4094.14384   10  209 8000.00000 3236.70979  59.5%  2098   30s
H   85    87                    7000.0000000 3236.70979  53.8%  1403   33s
   104   114 4127.28603   17   88 7000.00000 3236.70979  53.8%  1205   35s
   324   324 5548.48923   56  112 7000.00000 3236.70979  53.8%   568   40s
   426   415 4063.17449    8  168 7000.00000 3236.70979  53.8%   548   45s
   553   512 4501.63559   19   69 7000.00000 3236.70979  53.8%   518   51s
   690   595 infeasible    7      7000.00000 3416.44283  51.2%   504   56s
   823   742 5000.00000   14   38 7000.00000 3417.31442  51.2%   492   61s
  1130   961 4865.41412   10  125 7000.00000 3872.30271  44.7%   440   66s
  1247   962 4075.93921    9  129 7000.00000 3883.79841  44.5%   422   71s
  1250   964 5000.00000   64  142 7000.00000 3883.79841  44.5%   421   76s
  1253   966 5000.00000   47  168 7000.00000 3883.79841  44.5%   420   80s
  1256   968 5000.00000   30  255 7000.00000 3883.79841  44.5%   419   85s
  1259   970 3890.39545   10  233 7000.00000 3883.79841  44.5%   418   91s
  1262   972 3885.41980    8  270 7000.00000 3883.79841  44.5%   417   97s
  1264   976 3883.79841   16  277 7000.00000 3883.79841  44.5%   458  101s
  1270   982 3883.79841   18  201 7000.00000 3883.79841  44.5%   466  105s
  1292   998 3883.79841   22  205 7000.00000 3883.79841  44.5%   488  110s
  1341  1024 5000.00000   28   27 7000.00000 3883.79841  44.5%   512  115s
  1433  1036 5000.00000   41   38 7000.00000 3883.79841  44.5%   508  121s
  1498  1054 5000.00000   22   73 7000.00000 3883.79841  44.5%   509  125s
  1596  1062 4067.05533   19   99 7000.00000 3883.79841  44.5%   516  130s
  1636  1089 5000.00000   31   51 7000.00000 3883.79841  44.5%   532  135s
H 1716  1045                    6000.0000000 3883.79841  35.3%   524  138s
  1745  1046     cutoff   26      6000.00000 3883.79841  35.3%   522  140s
  1906  1086 5000.00000   30   60 6000.00000 3883.79841  35.3%   511  145s
  1998  1076 4134.45570   25   91 6000.00000 3883.79841  35.3%   503  151s
  2137  1116 5000.00000   44   42 6000.00000 3883.79841  35.3%   503  155s
  2275  1150 5000.00000   30   72 6000.00000 3883.79841  35.3%   498  160s
  2531  1160 5000.00000   38   58 6000.00000 3883.79841  35.3%   483  166s
  2750  1196 4068.85233   23   83 6000.00000 3883.79841  35.3%   467  170s
  3168  1272 infeasible   31      6000.00000 3967.95637  33.9%   434  176s
  3563  1370 5000.00000   27   57 6000.00000 3981.05138  33.6%   407  180s
  4045  1429 5000.00000   29   58 6000.00000 3995.26363  33.4%   381  185s
  4315  1619 5000.00000   28   67 6000.00000 4003.71100  33.3%   371  191s
  4804  1834 5000.00000   31   31 6000.00000 4032.86630  32.8%   357  195s
  5323  2118 5000.00000   33   47 6000.00000 4070.60614  32.2%   344  200s
  5897  2284 5000.00000   22   66 6000.00000 4098.51731  31.7%   332  206s
  5945  2331 5000.00000   34   46 6000.00000 4126.40046  31.2%   331  212s
  6063  2389 5000.00000   27   53 6000.00000 4132.80190  31.1%   330  215s
  6608  2769 infeasible   51      6000.00000 4149.77884  30.8%   323  221s
  7021  3003 5000.00000   34   50 6000.00000 4194.96185  30.1%   318  225s
  7911  3484 5000.00000   42   48 6000.00000 4224.65280  29.6%   308  231s
  8369  3729 5000.00000   33   55 6000.00000 4243.47332  29.3%   304  235s
  9307  4130 infeasible   37      6000.00000 4316.82755  28.1%   294  243s
  9767  4401 infeasible   39      6000.00000 4376.14907  27.1%   293  246s
 10321  4570 5000.00000   38   58 6000.00000 4576.26094  23.7%   289  252s
 10826  4852 infeasible   40      6000.00000 4619.82225  23.0%   284  256s
 11843  4883     cutoff   42      6000.00000 5000.00000  16.7%   276  262s
 13342  4870     cutoff   49      6000.00000 5000.00000  16.7%   258  267s
 15130  4894     cutoff   50      6000.00000 5000.00000  16.7%   245  274s
 15475  4877 5000.00000   39   47 6000.00000 5000.00000  16.7%   243  279s
 16629  4896 5000.00000   46   26 6000.00000 5000.00000  16.7%   240  281s
 17867  4866 5000.00000   48   46 6000.00000 5000.00000  16.7%   233  285s
 19119  4885 5000.00000   37   49 6000.00000 5000.00000  16.7%   229  290s
 19505  4898 5000.00000   42   31 6000.00000 5000.00000  16.7%   229  295s
 21652  4857 5000.00000   46   32 6000.00000 5000.00000  16.7%   221  301s
 22865  4845 5000.00000   39   32 6000.00000 5000.00000  16.7%   218  308s
 23527  4835 infeasible   36      6000.00000 5000.00000  16.7%   219  310s
 24792  4837 5000.00000   42   57 6000.00000 5000.00000  16.7%   218  317s
 25302  4836 5000.00000   40   58 6000.00000 5000.00000  16.7%   220  320s
 26257  4846 5000.00000   40   41 6000.00000 5000.00000  16.7%   223  326s
 27407  4799 infeasible   52      6000.00000 5000.00000  16.7%   225  331s
 28114  4803 infeasible   50      6000.00000 5000.00000  16.7%   225  336s
 29046  4851 5000.00000   44   44 6000.00000 5000.00000  16.7%   222  341s
 30553  4826 5000.00000   38   43 6000.00000 5000.00000  16.7%   217  345s
 31702  4871 5000.00000   50   14 6000.00000 5000.00000  16.7%   213  351s
 33696  4881 5000.00000   50   38 6000.00000 5000.00000  16.7%   206  356s
 34958  4994     cutoff   36      6000.00000 5000.00000  16.7%   204  362s
 35937  5025 5000.00000   55   26 6000.00000 5000.00000  16.7%   202  365s
 38297  4931 infeasible   45      6000.00000 5000.00000  16.7%   196  370s
 39432  4891 infeasible   51      6000.00000 5000.00000  16.7%   194  375s
 41366  4845 5000.00000   40    5 6000.00000 5000.00000  16.7%   191  381s
 42505  4849     cutoff   37      6000.00000 5000.00000  16.7%   190  386s
 43032  4963 5000.00000   48   43 6000.00000 5000.00000  16.7%   190  391s
 43721  5034 5000.00000   52   42 6000.00000 5000.00000  16.7%   190  395s
 44379  5057     cutoff   46      6000.00000 5000.00000  16.7%   190  400s
 45467  4993 5000.00000   49   35 6000.00000 5000.00000  16.7%   190  408s
 46232  4969 5000.00000   46   35 6000.00000 5000.00000  16.7%   190  413s
 46674  4949 5000.00000   42   23 6000.00000 5000.00000  16.7%   190  415s
 47564  4880     cutoff   46      6000.00000 5000.00000  16.7%   190  422s
 48476  4839     cutoff   65      6000.00000 5000.00000  16.7%   190  427s
 48997  4898 5000.00000   45   26 6000.00000 5000.00000  16.7%   189  430s
 50614  5011 infeasible   60      6000.00000 5000.00000  16.7%   186  436s
 51999  5183 5000.00000   33   43 6000.00000 5000.00000  16.7%   184  441s
 53650  5346 5000.00000   43   27 6000.00000 5000.00000  16.7%   182  447s
 55022  5375 infeasible   53      6000.00000 5000.00000  16.7%   179  450s
 56741  5398 5000.00000   37   20 6000.00000 5000.00000  16.7%   177  455s
 58994  5589 5000.00000   45   35 6000.00000 5000.00000  16.7%   175  463s
 60072  5639 5000.00000   51   33 6000.00000 5000.00000  16.7%   174  465s
 62735  5711     cutoff   41      6000.00000 5000.00000  16.7%   170  472s
 64900  5928 infeasible   41      6000.00000 5000.00000  16.7%   168  478s
 65990  6050 infeasible   57      6000.00000 5000.00000  16.7%   166  480s
 68082  6081 5000.00000   40   55 6000.00000 5000.00000  16.7%   164  487s
 69468  6114     cutoff   41      6000.00000 5000.00000  16.7%   163  490s
 71384  6230 5000.00000   55   25 6000.00000 5000.00000  16.7%   161  496s
 72295  6203 5000.00000   45   32 6000.00000 5000.00000  16.7%   160  500s
 74107  6181 5000.00000   50   28 6000.00000 5000.00000  16.7%   158  507s
 74867  6247 5000.00000   55   27 6000.00000 5000.00000  16.7%   158  511s
 76481  6316 5000.00000   41   31 6000.00000 5000.00000  16.7%   156  516s
 77955  6371     cutoff   46      6000.00000 5000.00000  16.7%   155  520s
 79374  6392 5000.00000   42   23 6000.00000 5000.00000  16.7%   155  525s
 81545  6525 infeasible   53      6000.00000 5000.00000  16.7%   153  530s
 83661  6569 5000.00000   62   26 6000.00000 5000.00000  16.7%   152  536s
 84917  6614 5000.00000   40   32 6000.00000 5000.00000  16.7%   151  540s
 87401  6690 5000.00000   54   32 6000.00000 5000.00000  16.7%   150  547s
 89137  6681     cutoff   56      6000.00000 5000.00000  16.7%   149  550s
 90298  6829 5000.00000   44   32 6000.00000 5000.00000  16.7%   148  556s
 91406  7000 5000.00000   40   36 6000.00000 5000.00000  16.7%   148  561s
 92728  7104 5000.00000   55    9 6000.00000 5000.00000  16.7%   147  567s
 94160  7300 infeasible   54      6000.00000 5000.00000  16.7%   147  572s
 95701  7429 5000.00000   47   20 6000.00000 5000.00000  16.7%   146  577s
 96493  7459     cutoff   51      6000.00000 5000.00000  16.7%   145  580s
 98336  7521 5000.00000   43   28 6000.00000 5000.00000  16.7%   144  585s
 100972  7562 5000.00000   49   26 6000.00000 5000.00000  16.7%   142  590s
 102052  7673     cutoff   41      6000.00000 5000.00000  16.7%   142  595s
 104632  7608     cutoff   42      6000.00000 5000.00000  16.7%   141  600s
 106329  7585 5000.00000   55   31 6000.00000 5000.00000  16.7%   140  605s
 108526  7613 5000.00000   46   28 6000.00000 5000.00000  16.7%   139  611s
 109685  7595 5000.00000   42   38 6000.00000 5000.00000  16.7%   139  615s
 110534  7632 infeasible   45      6000.00000 5000.00000  16.7%   139  620s
 112390  7653 5000.00000   50   26 6000.00000 5000.00000  16.7%   139  626s
 113841  7642 5000.00000   42   46 6000.00000 5000.00000  16.7%   139  630s
 115062  7704 5000.00000   36   46 6000.00000 5000.00000  16.7%   139  636s
 116436  7760 infeasible   49      6000.00000 5000.00000  16.7%   139  641s
 117340  7732 5000.00000   36   31 6000.00000 5000.00000  16.7%   139  645s
 118373  7762 5000.00000   28   37 6000.00000 5000.00000  16.7%   140  651s
 119774  7731     cutoff   48      6000.00000 5000.00000  16.7%   140  656s
 121455  7783 5000.00000   43   43 6000.00000 5000.00000  16.7%   139  661s
 123269  7761     cutoff   52      6000.00000 5000.00000  16.7%   139  666s
 124409  7812 5000.00000   43   38 6000.00000 5000.00000  16.7%   139  671s
 126326  7773 5000.00000   45   50 6000.00000 5000.00000  16.7%   139  675s
 127562  7754     cutoff   56      6000.00000 5000.00000  16.7%   139  681s
 128422  7748 5000.00000   38   25 6000.00000 5000.00000  16.7%   139  686s
 130359  7772     cutoff   50      6000.00000 5000.00000  16.7%   139  691s
 131645  7780 infeasible   45      6000.00000 5000.00000  16.7%   139  695s
 132551  7815     cutoff   43      6000.00000 5000.00000  16.7%   140  700s
 134370  7816 infeasible   47      6000.00000 5000.00000  16.7%   139  705s
 136195  7841     cutoff   58      6000.00000 5000.00000  16.7%   139  711s
 137263  7817 5000.00000   42   23 6000.00000 5000.00000  16.7%   139  715s
 139306  7823 5000.00000   43   47 6000.00000 5000.00000  16.7%   139  721s
 140245  7847 5000.00000   63   38 6000.00000 5000.00000  16.7%   139  725s
 141895  7859 5000.00000   50    3 6000.00000 5000.00000  16.7%   139  731s
 143032  7945 5000.00000   36   51 6000.00000 5000.00000  16.7%   139  735s
 144736  7963 5000.00000   42   30 6000.00000 5000.00000  16.7%   139  741s
 145515  8004 5000.00000   48   44 6000.00000 5000.00000  16.7%   139  745s
 146721  7941     cutoff   41      6000.00000 5000.00000  16.7%   139  750s
 147863  7997 5000.00000   45   22 6000.00000 5000.00000  16.7%   139  755s
 149875  7969 5000.00000   42   38 6000.00000 5000.00000  16.7%   139  761s
 151243  7969 5000.00000   42   32 6000.00000 5000.00000  16.7%   139  766s
 153268  7973 infeasible   49      6000.00000 5000.00000  16.7%   138  770s
 155174  7972     cutoff   36      6000.00000 5000.00000  16.7%   138  775s
 156551  7919     cutoff   51      6000.00000 5000.00000  16.7%   138  780s
 158265  7852 infeasible   51      6000.00000 5000.00000  16.7%   138  786s
 159359  7953 5000.00000   36   54 6000.00000 5000.00000  16.7%   138  791s
 160683  7947     cutoff   41      6000.00000 5000.00000  16.7%   138  796s
 161891  7945 5000.00000   44   12 6000.00000 5000.00000  16.7%   138  800s
 163471  8018 5000.00000   54   22 6000.00000 5000.00000  16.7%   138  805s
 165477  8064 5000.00000   46   39 6000.00000 5000.00000  16.7%   138  810s
 166709  8016 5000.00000   45   40 6000.00000 5000.00000  16.7%   138  815s
 168423  8036 infeasible   41      6000.00000 5000.00000  16.7%   138  821s
 169774  8023     cutoff   51      6000.00000 5000.00000  16.7%   138  825s
 170659  8021 infeasible   51      6000.00000 5000.00000  16.7%   138  830s
 172469  8018 5000.00000   48   35 6000.00000 5000.00000  16.7%   138  836s
 174001  8076 5000.00000   46   34 6000.00000 5000.00000  16.7%   138  840s
 175641  8004 infeasible   60      6000.00000 5000.00000  16.7%   138  846s
 177132  7952     cutoff   52      6000.00000 5000.00000  16.7%   138  850s
 178372  7948     cutoff   55      6000.00000 5000.00000  16.7%   138  855s
 180054  7933 5000.00000   38   43 6000.00000 5000.00000  16.7%   138  860s
 181246  7998 5000.00000   58   43 6000.00000 5000.00000  16.7%   138  866s
 182146  8019 5000.00000   48   38 6000.00000 5000.00000  16.7%   138  870s
 183879  8035 infeasible   69      6000.00000 5000.00000  16.7%   138  875s
 185546  7977 5000.00000   54   44 6000.00000 5000.00000  16.7%   138  881s
 186361  8019 infeasible   41      6000.00000 5000.00000  16.7%   138  885s
 187639  8046 5000.00000   44    4 6000.00000 5000.00000  16.7%   138  890s
 189085  7992 5000.00000   34   52 6000.00000 5000.00000  16.7%   137  895s
 190245  7979     cutoff   63      6000.00000 5000.00000  16.7%   137  901s
 191095  7954 5000.00000   26   45 6000.00000 5000.00000  16.7%   137  905s
 192915  7945     cutoff   58      6000.00000 5000.00000  16.7%   138  912s
 194133  7957 5000.00000   33   48 6000.00000 5000.00000  16.7%   138  915s
 195539  7941 5000.00000   50   40 6000.00000 5000.00000  16.7%   137  921s
 196861  8008 infeasible   40      6000.00000 5000.00000  16.7%   138  925s
 198254  7943 5000.00000   41   59 6000.00000 5000.00000  16.7%   138  930s
 199878  7901 5000.00000   50   28 6000.00000 5000.00000  16.7%   138  936s
 201679  7973 5000.00000   50   35 6000.00000 5000.00000  16.7%   137  941s
 202551  8105     cutoff   47      6000.00000 5000.00000  16.7%   138  946s
 204067  8108 5000.00000   48   42 6000.00000 5000.00000  16.7%   137  950s
 205782  8030 infeasible   40      6000.00000 5000.00000  16.7%   137  955s
 207696  7971     cutoff   51      6000.00000 5000.00000  16.7%   137  961s
 209192  8079 5000.00000   44   53 6000.00000 5000.00000  16.7%   137  966s
 210545  8100 infeasible   50      6000.00000 5000.00000  16.7%   138  970s
 211894  8109 5000.00000   44   19 6000.00000 5000.00000  16.7%   138  976s
 213400  8092 infeasible   42      6000.00000 5000.00000  16.7%   138  980s
 214942  8064 infeasible   51      6000.00000 5000.00000  16.7%   137  985s
 216516  8008 5000.00000   39   24 6000.00000 5000.00000  16.7%   138  991s
 217541  8035 5000.00000   59   40 6000.00000 5000.00000  16.7%   138  996s
 218721  8004 5000.00000   46   26 6000.00000 5000.00000  16.7%   138 1001s
 220082  8017 5000.00000   42   26 6000.00000 5000.00000  16.7%   138 1006s
 221463  8032 infeasible   43      6000.00000 5000.00000  16.7%   138 1010s
 222863  8072 infeasible   39      6000.00000 5000.00000  16.7%   138 1015s
 224231  8040 infeasible   44      6000.00000 5000.00000  16.7%   138 1020s
 225427  8107 5000.00000   62   30 6000.00000 5000.00000  16.7%   139 1025s
 227663  8077     cutoff   39      6000.00000 5000.00000  16.7%   138 1030s
 230130  8065 infeasible   42      6000.00000 5000.00000  16.7%   137 1035s
 232369  8104 infeasible   35      6000.00000 5000.00000  16.7%   137 1041s
 234647  8080 infeasible   45      6000.00000 5000.00000  16.7%   137 1045s
 236518  8026 infeasible   46      6000.00000 5000.00000  16.7%   136 1050s
 237550  8075     cutoff   62      6000.00000 5000.00000  16.7%   137 1055s
 239324  8069     cutoff   51      6000.00000 5000.00000  16.7%   137 1060s
 240572  8051 infeasible   49      6000.00000 5000.00000  16.7%   137 1065s
 241995  8085 5000.00000   33   51 6000.00000 5000.00000  16.7%   137 1070s
 243121  8047 5000.00000   47   37 6000.00000 5000.00000  16.7%   137 1075s
 244401  8077 infeasible   61      6000.00000 5000.00000  16.7%   137 1080s
 245907  8035     cutoff   47      6000.00000 5000.00000  16.7%   137 1085s
 247315  8082 5000.00000   37   29 6000.00000 5000.00000  16.7%   137 1090s
 248305  8078 infeasible   57      6000.00000 5000.00000  16.7%   137 1095s
 250075  8172 5000.00000   79    9 6000.00000 5000.00000  16.7%   137 1101s
 251864  8151 5000.00000   64   21 6000.00000 5000.00000  16.7%   137 1106s
 253617  8060 5000.00000   43   52 6000.00000 5000.00000  16.7%   137 1110s
 254465  8063 5000.00000   41   28 6000.00000 5000.00000  16.7%   137 1115s
 255515  8058 5000.00000   48   36 6000.00000 5000.00000  16.7%   137 1120s
 256983  8069 5000.00000   28   36 6000.00000 5000.00000  16.7%   137 1126s
 257902  8024 5000.00000   36   53 6000.00000 5000.00000  16.7%   137 1131s
 259070  8015 5000.00000   43   49 6000.00000 5000.00000  16.7%   137 1137s
 260372  8046 5000.00000   57   32 6000.00000 5000.00000  16.7%   138 1141s
 261835  8051     cutoff   43      6000.00000 5000.00000  16.7%   137 1146s
 263923  8057 infeasible   37      6000.00000 5000.00000  16.7%   137 1151s
 265083  8085     cutoff   42      6000.00000 5000.00000  16.7%   137 1155s
 266913  8074 infeasible   39      6000.00000 5000.00000  16.7%   137 1160s
 268558  8047     cutoff   41      6000.00000 5000.00000  16.7%   137 1165s
 269939  8017 infeasible   47      6000.00000 5000.00000  16.7%   137 1170s
 271272  8028     cutoff   41      6000.00000 5000.00000  16.7%   137 1176s
 272562  7981 5000.00000   43   34 6000.00000 5000.00000  16.7%   137 1180s
 274491  7997 5000.00000   32   54 6000.00000 5000.00000  16.7%   137 1185s
 275821  7976 5000.00000   57   41 6000.00000 5000.00000  16.7%   137 1190s
 277654  8054 5000.00000   48   25 6000.00000 5000.00000  16.7%   137 1195s
 278872  8067     cutoff   32      6000.00000 5000.00000  16.7%   137 1200s
 280449  8053     cutoff   48      6000.00000 5000.00000  16.7%   137 1206s
 281262  8008     cutoff   54      6000.00000 5000.00000  16.7%   137 1210s
 282366  7961 5000.00000   64   40 6000.00000 5000.00000  16.7%   137 1215s
 283629  7909 infeasible   48      6000.00000 5000.00000  16.7%   138 1220s
 285085  7893 5000.00000   44   39 6000.00000 5000.00000  16.7%   138 1225s
 286957  7969 5000.00000   38   39 6000.00000 5000.00000  16.7%   138 1231s
 288495  8030 infeasible   45      6000.00000 5000.00000  16.7%   138 1236s
 289824  8033 infeasible   67      6000.00000 5000.00000  16.7%   138 1240s
 291099  8096 infeasible   49      6000.00000 5000.00000  16.7%   138 1245s
 292667  8120 infeasible   63      6000.00000 5000.00000  16.7%   138 1250s
 294381  8071 5000.00000   42   41 6000.00000 5000.00000  16.7%   138 1256s
 295677  8071 5000.00000   48   23 6000.00000 5000.00000  16.7%   138 1260s
 296806  8041 5000.00000   42   31 6000.00000 5000.00000  16.7%   138 1265s
 298193  8058 5000.00000   39   51 6000.00000 5000.00000  16.7%   138 1270s
 299517  8083 infeasible   47      6000.00000 5000.00000  16.7%   138 1275s
 301604  8102 5000.00000   50   37 6000.00000 5000.00000  16.7%   138 1281s
 303084  8077 infeasible   46      6000.00000 5000.00000  16.7%   138 1285s
 304137  8091 5000.00000   47   34 6000.00000 5000.00000  16.7%   139 1290s
 306110  8090     cutoff   48      6000.00000 5000.00000  16.7%   139 1295s
 307380  7979     cutoff   45      6000.00000 5000.00000  16.7%   139 1300s
 308907  7980 infeasible   40      6000.00000 5000.00000  16.7%   139 1305s
 310783  8024 5000.00000   55   35 6000.00000 5000.00000  16.7%   138 1310s
 312461  8026 5000.00000   47   37 6000.00000 5000.00000  16.7%   138 1316s
 314525  8030 infeasible   32      6000.00000 5000.00000  16.7%   138 1321s
 316245  8014     cutoff   36      6000.00000 5000.00000  16.7%   138 1325s
 317869  7991 5000.00000   47   27 6000.00000 5000.00000  16.7%   138 1331s
 319804  7999 5000.00000   42   40 6000.00000 5000.00000  16.7%   138 1336s
 320767  7996 5000.00000   45   29 6000.00000 5000.00000  16.7%   138 1340s
 322864  8023 infeasible   50      6000.00000 5000.00000  16.7%   138 1345s
 324226  7986     cutoff   42      6000.00000 5000.00000  16.7%   138 1350s
 326020  7947     cutoff   56      6000.00000 5000.00000  16.7%   137 1355s
 327849  8020 5000.00000   42   41 6000.00000 5000.00000  16.7%   137 1361s
 329921  7971 5000.00000   43   18 6000.00000 5000.00000  16.7%   137 1365s
 331485  7952 5000.00000   40   42 6000.00000 5000.00000  16.7%   137 1370s
 332852  8012 5000.00000   54   35 6000.00000 5000.00000  16.7%   137 1375s
 334885  8002 infeasible   54      6000.00000 5000.00000  16.7%   137 1381s
 336305  8012 5000.00000   37   14 6000.00000 5000.00000  16.7%   137 1386s
 338112  7981 5000.00000   31   47 6000.00000 5000.00000  16.7%   137 1391s
 339721  7984 infeasible   48      6000.00000 5000.00000  16.7%   137 1396s
 341337  8013 infeasible   27      6000.00000 5000.00000  16.7%   137 1401s
 342903  8037     cutoff   46      6000.00000 5000.00000  16.7%   137 1405s
 344353  8062 5000.00000   53   23 6000.00000 5000.00000  16.7%   137 1410s
 346573  8010     cutoff   46      6000.00000 5000.00000  16.7%   136 1415s
 348609  7997 5000.00000   52   41 6000.00000 5000.00000  16.7%   136 1420s
 349832  8082 5000.00000   46   28 6000.00000 5000.00000  16.7%   136 1425s
 351797  8002 5000.00000   48   50 6000.00000 5000.00000  16.7%   136 1431s
 353188  7962 5000.00000   38   32 6000.00000 5000.00000  16.7%   136 1436s
 354835  7966 5000.00000   42   34 6000.00000 5000.00000  16.7%   136 1441s
 356616  7988 5000.00000   46   35 6000.00000 5000.00000  16.7%   136 1446s
 357908  7997 5000.00000   40   51 6000.00000 5000.00000  16.7%   136 1451s
 359716  7987 5000.00000   64   30 6000.00000 5000.00000  16.7%   136 1456s
 361781  7986 5000.00000   58   27 6000.00000 5000.00000  16.7%   136 1460s
 363346  7978 infeasible   40      6000.00000 5000.00000  16.7%   136 1465s
 365545  8018 infeasible   61      6000.00000 5000.00000  16.7%   136 1471s
 367316  8017 infeasible   41      6000.00000 5000.00000  16.7%   136 1475s
 369084  7988     cutoff   43      6000.00000 5000.00000  16.7%   136 1480s
 370707  7938     cutoff   40      6000.00000 5000.00000  16.7%   136 1485s
 372782  8026 5000.00000   42   26 6000.00000 5000.00000  16.7%   136 1491s
 373925  8007     cutoff   53      6000.00000 5000.00000  16.7%   136 1496s
 375527  8080     cutoff   58      6000.00000 5000.00000  16.7%   136 1501s
 376335  8046 infeasible   49      6000.00000 5000.00000  16.7%   136 1505s
 377969  8077 5000.00000   47   26 6000.00000 5000.00000  16.7%   136 1510s
 379725  8063 5000.00000   47   26 6000.00000 5000.00000  16.7%   136 1516s
 381198  8062 5000.00000   35   47 6000.00000 5000.00000  16.7%   136 1521s
 382843  8023 5000.00000   38   35 6000.00000 5000.00000  16.7%   136 1526s
 383607  8097 5000.00000   38   54 6000.00000 5000.00000  16.7%   136 1530s
 385431  8027 5000.00000   43   40 6000.00000 5000.00000  16.7%   136 1535s
 387156  8024     cutoff   49      6000.00000 5000.00000  16.7%   136 1541s
 388071  8067 5000.00000   47   40 6000.00000 5000.00000  16.7%   136 1545s
 389776  8067 infeasible   39      6000.00000 5000.00000  16.7%   136 1551s
 390948  8082 5000.00000   54   30 6000.00000 5000.00000  16.7%   136 1555s
 392013  8005 infeasible   47      6000.00000 5000.00000  16.7%   136 1560s
 393981  8011     cutoff   48      6000.00000 5000.00000  16.7%   136 1565s
 395137  8071 5000.00000   44   28 6000.00000 5000.00000  16.7%   136 1570s
 396124  8059 infeasible   56      6000.00000 5000.00000  16.7%   136 1575s
 398061  8023 5000.00000   43   36 6000.00000 5000.00000  16.7%   136 1581s
 399071  8056 infeasible   49      6000.00000 5000.00000  16.7%   136 1585s
 400071  8128 5000.00000   58   37 6000.00000 5000.00000  16.7%   136 1590s
 401656  8142 5000.00000   47   39 6000.00000 5000.00000  16.7%   136 1596s
 402926  8128 infeasible   66      6000.00000 5000.00000  16.7%   136 1601s
 404650  8226 5000.00000   40   50 6000.00000 5000.00000  16.7%   136 1606s
 406114  8221 infeasible   52      6000.00000 5000.00000  16.7%   136 1610s
 407486  8205 infeasible   38      6000.00000 5000.00000  16.7%   136 1615s
 409150  8268 5000.00000   43   25 6000.00000 5000.00000  16.7%   136 1621s
 410085  8224 5000.00000   48   41 6000.00000 5000.00000  16.7%   136 1625s
 411775  8290 5000.00000   47   44 6000.00000 5000.00000  16.7%   136 1630s
 413498  8324 5000.00000   45   46 6000.00000 5000.00000  16.7%   136 1635s
 415234  8251 5000.00000   51   31 6000.00000 5000.00000  16.7%   136 1641s
 416505  8305 infeasible   38      6000.00000 5000.00000  16.7%   136 1646s
 417829  8239 5000.00000   42   28 6000.00000 5000.00000  16.7%   137 1650s
 418532  8285 5000.00000   40   43 6000.00000 5000.00000  16.7%   137 1655s
 419983  8252     cutoff   55      6000.00000 5000.00000  16.7%   137 1660s
 421582  8180 5000.00000   34   31 6000.00000 5000.00000  16.7%   137 1665s
 423660  8208 5000.00000   48   22 6000.00000 5000.00000  16.7%   136 1671s
 424560  8203 5000.00000   40   33 6000.00000 5000.00000  16.7%   137 1675s
 426154  8126     cutoff   46      6000.00000 5000.00000  16.7%   136 1681s
 427256  8108     cutoff   35      6000.00000 5000.00000  16.7%   137 1685s
 428180  8113 infeasible   51      6000.00000 5000.00000  16.7%   137 1691s
 429367  8085 5000.00000   56   19 6000.00000 5000.00000  16.7%   137 1695s
 430607  8009 infeasible   49      6000.00000 5000.00000  16.7%   137 1701s
 431547  8035 5000.00000   50   41 6000.00000 5000.00000  16.7%   137 1706s
 432185  8053 5000.00000   61   35 6000.00000 5000.00000  16.7%   137 1710s
 433446  8078 5000.00000   59   37 6000.00000 5000.00000  16.7%   137 1715s
 435197  8100     cutoff   54      6000.00000 5000.00000  16.7%   137 1721s
 436169  8165 5000.00000   42   31 6000.00000 5000.00000  16.7%   137 1725s
 437816  8176 5000.00000   61   31 6000.00000 5000.00000  16.7%   137 1731s
 438368  8233 5000.00000   36   50 6000.00000 5000.00000  16.7%   137 1735s
 440136  8187 5000.00000   58    9 6000.00000 5000.00000  16.7%   137 1741s
 441572  8178 infeasible   38      6000.00000 5000.00000  16.7%   137 1747s
 442350  8167     cutoff   55      6000.00000 5000.00000  16.7%   137 1751s
 443459  8121 5000.00000   36   34 6000.00000 5000.00000  16.7%   137 1755s
 444177  8117 5000.00000   30   40 6000.00000 5000.00000  16.7%   137 1760s
 445534  8191 5000.00000   46   30 6000.00000 5000.00000  16.7%   137 1765s
 446825  8344 infeasible   59      6000.00000 5000.00000  16.7%   137 1771s
 448049  8395 5000.00000   51   42 6000.00000 5000.00000  16.7%   137 1776s
 448843  8385 5000.00000   39   37 6000.00000 5000.00000  16.7%   137 1780s
 450115  8337 infeasible   48      6000.00000 5000.00000  16.7%   137 1786s
 451169  8305     cutoff   55      6000.00000 5000.00000  16.7%   137 1791s
 452123  8276 5000.00000   58   44 6000.00000 5000.00000  16.7%   137 1795s
 453441  8347 infeasible   45      6000.00000 5000.00000  16.7%   137 1800s

Cutting planes:
  Cover: 10
  Implied bound: 16
  Projected implied bound: 1
  Clique: 4
  MIR: 21
  StrongCG: 1
  Flow cover: 52
  GUB cover: 1
  Inf proof: 1
  Zero half: 3
  RLT: 2
  Relax-and-lift: 3
  Lazy constraints: 341

Explored 453798 nodes (62208127 simplex iterations) in 1800.15 seconds (2014.73 work units)
Thread count was 8 (of 8 available processors)

Solution count 4: 6000 7000 8000 10000 

Time limit reached
Best objective 6.000000000000e+03, best bound 5.000000000000e+03, gap 16.6667%

User-callback calls 1084860, time in user-callback 3.39 sec
