
Gurobi 13.0.1 (linux64) logging started Thu Apr 23 04:00:28 2026

Set parameter LogFile to value "experiments/20260422_213746/logs/Inst_07_Medium_Inspire_16__ribeiro.log"
Set parameter LogToConsole to value 0
Set parameter TimeLimit to value 1800
Gurobi Optimizer version 13.0.1 build v13.0.1rc0 (linux64 - "Ubuntu 24.04.4 LTS")

CPU model: Intel(R) Core(TM) i5-8250U CPU @ 1.60GHz, instruction set [SSE2|AVX|AVX2]
Thread count: 4 physical cores, 8 logical processors, using up to 8 threads

Non-default parameters:
TimeLimit  1800
LogToConsole  0

Optimize a model with 1464 rows, 491 columns and 4787 nonzeros (Min)
Model fingerprint: 0xbe93a6f3
Model has 24 linear objective coefficients
Variable types: 42 continuous, 449 integer (424 binary)
Coefficient statistics:
  Matrix range     [1e+00, 3e+04]
  Objective range  [1e+03, 2e+03]
  Bounds range     [1e+00, 2e+04]
  RHS range        [1e+00, 4e+04]

Presolve removed 195 rows and 7 columns
Presolve time: 0.05s
Presolved: 1269 rows, 484 columns, 8600 nonzeros
Variable types: 36 continuous, 448 integer (424 binary)
Found heuristic solution: objective 28000.000000
Found heuristic solution: objective 16000.000000

Root relaxation: objective 0.000000e+00, 186 iterations, 0.00 seconds (0.00 work units)

    Nodes    |    Current Node    |     Objective Bounds      |     Work
 Expl Unexpl |  Obj  Depth IntInf | Incumbent    BestBd   Gap | It/Node Time

     0     0    0.00000    0   27 16000.0000    0.00000   100%     -    0s
     0     0    0.00000    0   39 16000.0000    0.00000   100%     -    0s
H    0     0                    14000.000000    0.00000   100%     -    0s
     0     0    0.00000    0   49 14000.0000    0.00000   100%     -    0s
     0     0    0.00000    0   39 14000.0000    0.00000   100%     -    0s
     0     0    0.00000    0   22 14000.0000    0.00000   100%     -    0s
H    0     0                    13000.000000    0.00000   100%     -    0s
     0     0    0.00000    0   23 13000.0000    0.00000   100%     -    0s
     0     0    0.00000    0   34 13000.0000    0.00000   100%     -    0s
     0     0    0.00000    0   18 13000.0000    0.00000   100%     -    0s
H    0     0                    11000.000000    0.00000   100%     -    0s
     0     0    0.00000    0   32 11000.0000    0.00000   100%     -    0s
     0     0    0.00000    0   41 11000.0000    0.00000   100%     -    0s
     0     0    0.00000    0   30 11000.0000    0.00000   100%     -    0s
     0     0    0.00000    0   33 11000.0000    0.00000   100%     -    0s
     0     0    0.00000    0   44 11000.0000    0.00000   100%     -    0s
     0     0    0.00000    0   34 11000.0000    0.00000   100%     -    0s
     0     0    0.00000    0   43 11000.0000    0.00000   100%     -    0s
     0     0    0.00000    0   51 11000.0000    0.00000   100%     -    0s
     0     0    0.00000    0   32 11000.0000    0.00000   100%     -    0s
     0     0    0.00000    0   32 11000.0000    0.00000   100%     -    0s
     0     0    0.00000    0   27 11000.0000    0.00000   100%     -    1s
H    0     2                    10000.000000    0.00000   100%     -    1s
     0     2    0.00000    0   27 10000.0000    0.00000   100%     -    1s
H  105   132                    8000.0000000    0.00000   100%   124    2s
  1400   972    0.00000   12   36 8000.00000    0.00000   100%  63.9    5s
H 1570  1039                    7000.0000000    0.00000   100%  76.8    7s
H 1597  1032                    6000.0000000    0.00000   100%  79.0    7s
  1674  1177    0.00000   28   24 6000.00000    0.00000   100%  86.2   10s
  3848  1935 2072.97284   82   40 6000.00000    0.00000   100%   115   15s
  5410  3048    0.00000   37   31 6000.00000    0.00000   100%   111   20s
  6950  4160 3000.00000   94   25 6000.00000    0.00000   100%   114   25s
  9578  5550 2000.00000   51   32 6000.00000    0.00000   100%   114   30s
 10879  6619  117.63765   75   51 6000.00000    0.00000   100%   116   35s
 13649  8759 1000.00000   49   32 6000.00000    0.00000   100%   117   40s
 14714 10959 2000.00000   57   27 6000.00000    0.00000   100%   117   50s
 19259 12854 1000.00000   33   19 6000.00000    0.00000   100%   118   55s
 21924 14695 1000.00000   38   23 6000.00000    0.00000   100%   118   61s
 23859 15941 4000.00000   64   25 6000.00000    0.00000   100%   118   65s
 26404 17683 3000.00000   81   25 6000.00000    0.00000   100%   118   70s
 29063 19262 3000.00000  101   28 6000.00000    0.00000   100%   118   75s
 29533 19301 1000.00000   50   23 6000.00000    0.00000   100%   118   86s
 29604 24692   24.00664   51   43 6000.00000    0.00000   100%   119  102s
 38399 25394 5000.00000   63   21 6000.00000    0.00000   100%   117  105s
 39379 26616    0.00000   32   34 6000.00000    0.00000   100%   116  110s
 42199 28359 2009.85935   96   55 6000.00000    0.00000   100%   117  115s
 45984 30739 2000.00000   47   24 6000.00000    0.00000   100%   117  120s
 48217 32238 2000.00000   52   30 6000.00000    0.00000   100%   116  125s
 49627 32739 1000.00000   57   26 6000.00000    0.00000   100%   116  131s
 50513 33835 2000.00000   66   26 6000.00000    0.00000   100%   116  135s
 53596 35808 1000.00000   35   20 6000.00000    0.00000   100%   116  140s
 56333 37698 1003.93611   53   36 6000.00000    0.00000   100%   116  145s
 59076 39717 1000.00000   43   26 6000.00000    0.00000   100%   116  151s
 61543 40920 3000.00000   44   23 6000.00000    0.00000   100%   116  156s
 64531 43068 1000.00000   47   17 6000.00000    0.00000   100%   116  160s
 66782 44338 2000.00000   56   25 6000.00000    0.00000   100%   116  165s
 70203 46681 1000.00000   77   29 6000.00000    0.00000   100%   116  170s
 72358 48218 1000.00000   44   31 6000.00000    0.00000   100%   116  175s
 74383 52964 4000.00000   43   25 6000.00000    0.00000   100%   116  189s
 81650 54134 2000.00000   47   32 6000.00000    0.00000   100%   115  190s
 83703 55542 2000.00000   71   31 6000.00000    0.00000   100%   115  195s
 84972 55865 4145.79882   78   26 6000.00000    0.00000   100%   115  200s
 86350 57143 1000.00000   49   27 6000.00000    0.00000   100%   115  205s
 88233 58336 1000.00000   36   21 6000.00000    0.00000   100%   115  211s
 91645 60700 2000.00000   64   27 6000.00000    0.00000   100%   115  215s
 94156 62395 3000.00000   58   24 6000.00000    0.00000   100%   115  220s
 96446 63846 3024.35849   66   38 6000.00000    0.00000   100%   115  225s
 99612 66178 infeasible   65      6000.00000    0.00000   100%   115  230s
 103019 68329    0.00000   45   31 6000.00000    0.00000   100%   115  235s
 105984 70436 2000.00000   64   21 6000.00000    0.00000   100%   115  241s
 108361 71983 3000.00000   73   32 6000.00000    0.00000   100%   115  246s
 111127 73658 4000.00000   56   19 6000.00000    0.00000   100%   115  250s
 114346 75247 3000.00000   68   22 6000.00000    0.00000   100%   114  255s
 115181 75827 3000.00000   48   31 6000.00000    0.00000   100%   114  260s
 115704 76570 3000.00000   51   24 6000.00000    0.00000   100%   114  265s
 117332 77695 1000.00000   47   28 6000.00000    0.00000   100%   115  271s
 120277 79521 1000.00000   34   18 6000.00000    0.00000   100%   115  275s
 123647 81246 2000.00000   87   24 6000.00000    0.00000   100%   115  281s
 124894 82501  232.31245   57   38 6000.00000    0.00000   100%   115  285s
 127441 84208 1000.00000   60   39 6000.00000    0.00000   100%   115  290s
 130775 86283 3000.00000   68   22 6000.00000    0.00000   100%   115  295s
 132916 87641 2000.00000   70   20 6000.00000    0.00000   100%   115  300s
 136546 89699 2059.71968   83   32 6000.00000    0.00000   100%   115  305s
 139166 91718 1000.00000   47   31 6000.00000    0.00000   100%   115  311s
 141057 93104 3000.00000   76   26 6000.00000    0.00000   100%   115  315s
 143808 94640    0.00000   36   30 6000.00000    0.00000   100%   115  320s
 146843 97116 2311.72498   47   27 6000.00000    0.00000   100%   115  325s
 149624 99119 4000.00000   88   22 6000.00000    0.00000   100%   115  331s
 152307 100937 2000.00000   47   30 6000.00000    0.00000   100%   115  336s
 155113 102747     cutoff   86      6000.00000    0.00000   100%   115  340s
 157421 104264 3000.00000   64   26 6000.00000    0.00000   100%   115  345s
 159830 105351    6.41112   44   45 6000.00000    0.00000   100%   115  350s
 162673 107640 2132.40312   59   30 6000.00000    0.00000   100%   115  355s
 166115 109385   44.58174   44   49 6000.00000    0.00000   100%   115  360s
 168657 111241 3000.00000   56   31 6000.00000    0.00000   100%   115  366s
 169208 111265    0.00000   34   30 6000.00000    0.00000   100%   115  372s
 169501 111698    0.00000   37   29 6000.00000    0.00000   100%   115  376s
 170364 112366 1000.00000   29   24 6000.00000    0.00000   100%   115  380s
 172551 114341   56.90288   43   41 6000.00000    0.00000   100%   115  386s
 175587 115882 3000.00000   98   34 6000.00000    0.00000   100%   115  391s
 177010 117256 4000.00000   60   19 6000.00000    0.00000   100%   115  395s
 180517 119435 infeasible   83      6000.00000    0.00000   100%   115  400s
 183307 120862 1000.00000   45   28 6000.00000    0.00000   100%   115  405s
 184454 121997 1000.00000   34   26 6000.00000    0.00000   100%   115  410s
 187437 124125 2000.00000   93   25 6000.00000    0.00000   100%   115  415s
 189826 125669 3000.00000   93   23 6000.00000    0.00000   100%   115  421s
 192354 127127 1237.10866   37   28 6000.00000    0.00000   100%   115  425s
 195455 129391 3015.59733   89   33 6000.00000    0.00000   100%   115  431s
 196993 130513 infeasible   72      6000.00000    0.00000   100%   115  435s
 200604 132811 3000.00000   70   25 6000.00000    0.00000   100%   115  441s
 203358 134325 infeasible  103      6000.00000    0.00000   100%   115  445s
 206494 136521 3000.00000   97   24 6000.00000    0.00000   100%   115  450s
 208420 137930 4000.00000   46   19 6000.00000    0.00000   100%   115  456s
 210221 139445 1000.00000   46   42 6000.00000    0.00000   100%   115  460s
 214367 141521 infeasible   60      6000.00000    0.00000   100%   115  465s
 217505 143535 2000.00000   60   27 6000.00000    0.00000   100%   115  471s
 220044 144779 3118.97760   68   29 6000.00000    0.00000   100%   115  476s
 222927 146901 1000.00000   72   21 6000.00000    0.00000   100%   115  481s
 225347 148458 1075.57356   57   49 6000.00000    0.00000   100%   115  485s
 228003 149987 1000.00000   85   31 6000.00000    0.00000   100%   115  490s
 228919 151349 3004.03856  110   39 6000.00000    0.00000   100%   115  495s
 232321 153964 1000.00000   46   25 6000.00000    0.00000   100%   116  500s
 235328 155866  105.31947   54   47 6000.00000    0.00000   100%   115  505s
 238411 158053 4000.00000   72   26 6000.00000    0.00000   100%   116  511s
 240326 159358 3000.00000   70   33 6000.00000    0.00000   100%   116  515s
 241679 159558 2000.00000   63   24 6000.00000    0.00000   100%   116  520s
 241699 159614 2000.00000   65   25 6000.00000    0.00000   100%   116  525s
 242340 160664 3000.00000   68   27 6000.00000    0.00000   100%   116  531s
 244764 162644    0.00000   53   32 6000.00000    0.00000   100%   116  536s
 247129 164162 5000.00000   76   33 6000.00000    0.00000   100%   116  540s
 249661 165983 3000.00000   84   29 6000.00000    0.00000   100%   116  546s
 251789 167293 1000.00000   45   37 6000.00000    0.00000   100%   116  550s
 254405 169044 2000.00000   73   23 6000.00000    0.00000   100%   116  556s
 257261 171265 3000.00000   94   24 6000.00000    0.00000   100%   116  560s
 260917 172915    0.00000   66   30 6000.00000    0.00000   100%   116  566s
 263613 175521 1087.05783   52   27 6000.00000    0.00000   100%   116  571s
 266474 177336    0.00000   54   33 6000.00000    0.00000   100%   116  575s
 268258 178472 2000.00000   74   23 6000.00000    0.00000   100%   116  580s
 270956 180464 5000.00000   94   24 6000.00000    0.00000   100%   116  585s
 274013 182333 infeasible   88      6000.00000    0.00000   100%   116  590s
 276843 184220 1075.42640   47   38 6000.00000    0.00000   100%   116  595s
 279676 185595 2000.00000   83   27 6000.00000    0.00000   100%   116  600s
 282443 187890 3000.00000   73   26 6000.00000    0.00000   100%   116  605s
 285770 190025 1333.33333   48   33 6000.00000    0.00000   100%   116  610s
 287918 191764 4000.00000   65   15 6000.00000    0.00000   100%   116  615s
 291622 194060 3000.00000   39   20 6000.00000    0.00000   100%   115  621s
 293317 195134  203.82381   29   38 6000.00000    0.00000   100%   116  625s
 296456 197521 3441.01089   76   36 6000.00000    0.00000   100%   116  631s
 299113 198514 3000.00000  134   28 6000.00000    0.00000   100%   116  635s
 300304 199678 1000.00000   44   28 6000.00000    0.00000   100%   116  640s
 304490 202492    0.00000   63   36 6000.00000    0.00000   100%   115  645s
 307861 204617 infeasible   71      6000.00000    0.00000   100%   115  650s
 310371 206255 3000.00000   59   25 6000.00000    0.00000   100%   115  655s
 313919 208259 infeasible   70      6000.00000    0.00000   100%   115  660s
 316610 210317 1000.00000   50   25 6000.00000    0.00000   100%   115  665s
 318130 210996   94.99757   51   43 6000.00000    0.00000   100%   115  670s
 319102 211700 1000.00000   72   26 6000.00000    0.00000   100%   115  677s
 319981 212495 1000.00000   50   30 6000.00000    0.00000   100%   115  681s
 321673 213845 1000.00000   46   25 6000.00000    0.00000   100%   115  685s
 323884 215345 2000.00000   41   29 6000.00000    0.00000   100%   115  690s
 327721 217721 3000.00000  104   21 6000.00000    0.00000   100%   115  696s
 330403 219498 4000.00000   62   21 6000.00000    0.00000   100%   115  701s
 333109 221094 infeasible   81      6000.00000    0.00000   100%   115  705s
 335583 222698 2000.00000   89   23 6000.00000    0.00000   100%   115  710s
 336730 223537 1000.00000   61   22 6000.00000    0.00000   100%   115  715s
 340168 225903 infeasible   68      6000.00000    0.00000   100%   115  721s
 342925 227648 2000.00000   54   28 6000.00000    0.00000   100%   115  726s
 345161 229446 2081.66578   68   28 6000.00000    0.00000   100%   115  730s
 348049 231335 1000.00000   43   30 6000.00000    0.00000   100%   115  735s
 351209 233159 5000.00000   57   23 6000.00000    0.00000   100%   115  740s
 353940 234922 3255.60231   57   16 6000.00000    0.00000   100%   115  746s
 357210 236950    0.00000   43   27 6000.00000    0.00000   100%   115  750s
 360765 239052 2000.00000   83   22 6000.00000    0.00000   100%   115  756s
 362345 240619 infeasible  103      6000.00000    0.00000   100%   115  760s
 365621 242873 5000.00000   87   20 6000.00000    0.00000   100%   115  765s
 367557 244185 4000.00000   77   18 6000.00000    0.00000   100%   115  770s
 369492 244720 4000.00000   80   24 6000.00000    0.00000   100%   115  776s
 369525 244738 1000.00000   39   23 6000.00000    0.00000   100%   115  780s
 369670 244923   17.88797   46   44 6000.00000    0.00000   100%   115  785s
 370509 245860 3000.00000   67   29 6000.00000    0.00000   100%   115  791s
 372989 247755 1000.00000   60   26 6000.00000    0.00000   100%   115  795s
 375703 248932 1243.50540   48   27 6000.00000    0.00000   100%   115  801s
 377566 250852 infeasible   99      6000.00000    0.00000   100%   115  806s
 381545 252974    7.45717   38   51 6000.00000    0.00000   100%   115  811s
 383989 254098 4001.66188   73   38 6000.00000    0.00000   100%   115  815s
 386981 256464 1000.00000   55   25 6000.00000    0.00000   100%   115  820s
 390147 258457 2000.00000   62   28 6000.00000    0.00000   100%   115  825s
 393218 260579 1000.00000   65   25 6000.00000    0.00000   100%   114  831s
 395696 262096 5000.00000   88   20 6000.00000    0.00000   100%   114  835s
 399489 264301 3297.86009   58   27 6000.00000    0.00000   100%   114  842s
 399832 265932 2000.00000   60   24 6000.00000    0.00000   100%   114  845s
 404836 267866 1079.53636   57   34 6000.00000    0.00000   100%   114  851s
 406886 269636 3000.00000   88   29 6000.00000    0.00000   100%   114  855s
 409764 271256 1000.00000   50   29 6000.00000    0.00000   100%   114  860s
 412643 273555 2000.00000   44   19 6000.00000    0.00000   100%   114  865s
 415046 274918 2000.00000   54   29 6000.00000    0.00000   100%   114  870s
 418376 276649 1000.00000   61   22 6000.00000    0.00000   100%   114  875s
 421681 278460 3000.00000   54   22 6000.00000    0.00000   100%   114  880s
 424374 280590 1000.00000   61   29 6000.00000    0.00000   100%   114  885s
 427190 282157 infeasible   62      6000.00000    0.00000   100%   114  890s
 429119 284071 3000.00000   81   28 6000.00000    0.00000   100%   114  895s
 433367 286161 1000.00000   47   32 6000.00000    0.00000   100%   114  901s
 435745 288093 2000.00000  101   28 6000.00000    0.00000   100%   114  905s
 438478 289545 3000.00000   81   21 6000.00000    0.00000   100%   114  911s
 441455 291787 2000.00000   87   26 6000.00000    0.00000   100%   114  915s
 443807 293652 1000.00000   61   33 6000.00000    0.00000   100%   114  920s
 447544 295933 2000.00000   77   29 6000.00000    0.00000   100%   114  925s
 450159 297578 1000.00000   78   29 6000.00000    0.00000   100%   114  930s
 453373 299410 4000.00000   76   25 6000.00000    0.00000   100%   114  936s
 455820 301611 1000.00000   55   22 6000.00000    0.00000   100%   114  940s
 458162 303183 1000.00000   40   29 6000.00000    0.00000   100%   114  945s
 461914 305502 3000.00000   87   23 6000.00000    0.00000   100%   114  951s
 462886 306867 5000.00000   77   17 6000.00000    0.00000   100%   114  955s
 465507 308761 infeasible  103      6000.00000    0.00000   100%   114  960s
 469891 311139 2000.00000   76   25 6000.00000    0.00000   100%   114  966s
 469918 311156 2000.00000   79   22 6000.00000    0.00000   100%   114  971s
 469931 311164 2000.00000   80   23 6000.00000    0.00000   100%   114  975s
 470324 311609 3000.00000   47   15 6000.00000    0.00000   100%   114  980s
 471080 312646 3000.00000   51   27 6000.00000    0.00000   100%   114  985s
 473462 314346 1000.00000   94   24 6000.00000    0.00000   100%   114  990s
 475932 316119 3006.13171   90   31 6000.00000    0.00000   100%   114  995s
 477750 317206 1000.00000   36   20 6000.00000    0.00000   100%   114 1000s
 480281 318985 2000.28644   84   36 6000.00000    0.00000   100%   114 1005s
 484047 321702  383.14181   44   31 6000.00000    0.00000   100%   114 1010s
 486936 323188 2000.00000   57   25 6000.00000    0.00000   100%   113 1015s
 490371 325578 2000.00000   80   19 6000.00000    0.00000   100%   113 1020s
 493588 327844 5000.00000   83   12 6000.00000    0.00000   100%   113 1026s
 495839 329450 3025.69123   79   44 6000.00000    0.00000   100%   113 1030s
 499299 331891 2000.00000   38   26 6000.00000    0.00000   100%   113 1035s
 501183 332832 2000.00000   48   23 6000.00000    0.00000   100%   113 1040s
 504523 335246 2000.00000   52   25 6000.00000    0.00000   100%   113 1045s
 507462 337288 1125.81116   63   37 6000.00000    0.00000   100%   113 1050s
 509658 338791 1000.00000   45   27 6000.00000    0.00000   100%   113 1055s
 513090 341205 1005.33689   60   38 6000.00000    0.00000   100%   113 1060s
 515371 342855 infeasible   93      6000.00000    0.00000   100%   113 1065s
 517937 344690 infeasible   81      6000.00000    0.00000   100%   113 1070s
 522035 347495 infeasible   70      6000.00000    0.00000   100%   113 1075s
 524194 348564 1000.00000   65   26 6000.00000    0.00000   100%   113 1080s
 525730 349713  305.50950   47   37 6000.00000    0.00000   100%   113 1085s
 529400 352432 5000.00000   75   14 6000.00000    0.00000   100%   113 1090s
 532979 354316 infeasible   68      6000.00000    0.00000   100%   113 1096s
 533261 356275 2054.35227   63   36 6000.00000    0.00000   100%   113 1100s
 539193 358810 3677.75443   86   23 6000.00000    0.00000   100%   113 1106s
 541644 360530 2000.00000   57   17 6000.00000    0.00000   100%   113 1110s
 545350 362761 1000.00000   49   19 6000.00000    0.00000   100%   113 1116s
 546689 363641 4000.00000   95   17 6000.00000    0.00000   100%   113 1120s
 550242 366020 3000.00000   61   27 6000.00000    0.00000   100%   113 1125s
 553302 368045 1000.00000   52   24 6000.00000    0.00000   100%   113 1130s
 556248 369929 3000.00000   65   40 6000.00000    0.00000   100%   113 1136s
 558791 371670 infeasible   87      6000.00000    0.00000   100%   113 1140s
 561154 373315 3000.00000   64   12 6000.00000    0.00000   100%   113 1145s
 564554 375800 3000.00000   77   19 6000.00000    0.00000   100%   113 1151s
 567465 377156 1000.00000   44   23 6000.00000    0.00000   100%   113 1155s
 569893 379458 infeasible   78      6000.00000    0.00000   100%   113 1160s
 572897 381135 1127.13121   44   38 6000.00000    0.00000   100%   113 1165s
 574709 381983 3000.00000   77   19 6000.00000    0.00000   100%   113 1170s
 574950 382068 2000.00000   81   28 6000.00000    0.00000   100%   113 1175s
 575128 382159 2000.00000   84   18 6000.00000    0.00000   100%   113 1180s
 575860 383006 3000.00000   96   26 6000.00000    0.00000   100%   113 1185s
 578319 384912 2000.00000   99   29 6000.00000    0.00000   100%   113 1190s
 579965 386136 1000.00000   44   21 6000.00000    0.00000   100%   113 1195s
 583185 387894 2000.00000   54   20 6000.00000    0.00000   100%   113 1200s
 587414 390010 4004.36162   70   45 6000.00000    0.00000   100%   113 1206s
 589232 391597 3234.90337  113   31 6000.00000    0.00000   100%   113 1210s
 592632 394076 4000.00000  111   24 6000.00000    0.00000   100%   113 1215s
 595041 395638 3000.00000   73   17 6000.00000    0.00000   100%   113 1220s
 598759 397640 infeasible  106      6000.00000    0.00000   100%   113 1226s
 600816 398981 3000.00000   77   30 6000.00000    0.00000   100%   113 1230s
 605119 401191 2000.00000   70   20 6000.00000    0.00000   100%   113 1236s
 606385 402490 3000.00000   47   20 6000.00000    0.00000   100%   113 1240s
 609633 404400 2000.00000   59   25 6000.00000    0.00000   100%   112 1245s
 612961 406918 2000.00000   83   32 6000.00000    0.00000   100%   112 1251s
 616368 408702 2752.27818   73   19 6000.00000    0.00000   100%   112 1255s
 619010 410960 3000.00000   66   22 6000.00000    0.00000   100%   112 1260s
 621540 412667 1000.00000   41   23 6000.00000    0.00000   100%   112 1265s
 625101 414978 3000.00000   47   18 6000.00000    0.00000   100%   112 1271s
 626877 416367 4034.41186  101   22 6000.00000    0.00000   100%   112 1276s
 629666 418291 1000.00000   64   27 6000.00000    0.00000   100%   112 1280s
 632390 419994 1022.94495   69   36 6000.00000    0.00000   100%   112 1285s
 635841 422290 5000.00000   56   16 6000.00000    0.00000   100%   112 1291s
 638992 424377  210.20772   57   34 6000.00000    0.00000   100%   112 1295s
 639843 424950 1000.00000   65   32 6000.00000    0.00000   100%   112 1300s
 642575 426829 1018.99771   61   36 6000.00000    0.00000   100%   112 1305s
 645743 428688 1000.00000   39   21 6000.00000    0.00000   100%   112 1311s
 648209 430019 3000.00000   62   27 6000.00000    0.00000   100%   112 1315s
 650073 431678   79.27726   50   49 6000.00000    0.00000   100%   112 1320s
 653820 433821 3000.00000  110   27 6000.00000    0.00000   100%   112 1325s
 654869 434142 1000.00000   43   23 6000.00000    0.00000   100%   112 1330s
 654889 434154 1000.00000   45   24 6000.00000    0.00000   100%   112 1335s
 654925 434247 1000.00000   48   25 6000.00000    0.00000   100%   112 1342s
 655963 434973 1000.00000   51   23 6000.00000    0.00000   100%   112 1347s
 657184 436447 2000.00000   67   22 6000.00000    0.00000   100%   112 1350s
 660301 438209    0.00000   68   28 6000.00000    0.00000   100%   112 1355s
 662306 439653 2000.00000   46   30 6000.00000    0.00000   100%   112 1360s
 665286 441424 3023.86207  118   50 6000.00000    0.00000   100%   112 1365s
 668838 443066 1000.00000   63   33 6000.00000    0.00000   100%   112 1370s
 671363 445355 1000.00000   55   37 6000.00000    0.00000   100%   112 1376s
 674134 447007  147.22204   60   45 6000.00000    0.00000   100%   112 1380s
 677603 448717 4000.00000   95   17 6000.00000    0.00000   100%   112 1385s
 680012 450881 4000.00000  101   17 6000.00000    0.00000   100%   112 1390s
 683359 453145 3000.00000   71   27 6000.00000    0.00000   100%   112 1395s
 685109 454139 1105.27521   53   36 6000.00000    0.00000   100%   112 1400s
 688724 456473   20.66338   43   46 6000.00000    0.00000   100%   112 1406s
 692102 458232 3052.34845   97   47 6000.00000    0.00000   100%   112 1410s
 693264 459550 4000.00000  105   22 6000.00000    0.00000   100%   112 1415s
 697706 462468 infeasible   67      6000.00000    0.00000   100%   112 1421s
 700168 464049 1000.00000   51   32 6000.00000    0.00000   100%   112 1425s
 703908 466497 3000.00000   89   25 6000.00000    0.00000   100%   112 1430s
 705863 467837 1000.00000   58   25 6000.00000    0.00000   100%   112 1435s
 709785 470378    0.00000   31   32 6000.00000    0.00000   100%   112 1440s
 712334 471927 2000.00000   49   32 6000.00000    0.00000   100%   112 1445s
 715445 473917 1000.00000   68   25 6000.00000    0.00000   100%   112 1450s
 718391 475971 2000.00000   49   35 6000.00000    0.00000   100%   112 1455s
 722199 478232 3000.00000   68   19 6000.00000    0.00000   100%   112 1460s
 724536 479384 4000.00000   82   17 6000.00000    0.00000   100%   112 1465s
 726860 481652 3000.00000  102   31 6000.00000    0.00000   100%   112 1470s
 730307 483853 1000.00000   58   27 6000.00000    0.00000   100%   112 1475s
 733092 485668   93.69811   57   43 6000.00000    0.00000   100%   112 1481s
 736093 487306 4000.00000   53   24 6000.00000    0.00000   100%   112 1485s
 737839 488902 infeasible   94      6000.00000    0.00000   100%   112 1490s
 740814 490957 3000.00000   63   26 6000.00000    0.00000   100%   112 1495s
 743288 492162 2000.00000   86   33 6000.00000    0.00000   100%   112 1500s
 745008 493800 1000.00000   73   28 6000.00000    0.00000   100%   112 1505s
 748312 496127 1033.28096   85   32 6000.00000    0.00000   100%   112 1510s
 751279 498349 2000.00000   54   27 6000.00000    0.00000   100%   112 1516s
 753452 498983 3000.00000   60   18 6000.00000    0.00000   100%   112 1522s
 753472 498997 3000.00000   62   19 6000.00000    0.00000   100%   112 1526s
 753488 499080 3000.00000   64   31 6000.00000    0.00000   100%   112 1530s
 754086 499861 3000.00000   67   31 6000.00000    0.00000   100%   112 1535s
 755266 500939 3000.00000   70   30 6000.00000    0.00000   100%   112 1541s
 757991 502702 3000.00000   98   26 6000.00000    0.00000   100%   112 1545s
 761098 504834 4260.64209   80   28 6000.00000    0.00000   100%   112 1550s
 764328 506970 2000.00000   88   27 6000.00000    0.00000   100%   112 1556s
 767045 508359 5000.00000   88   27 6000.00000    0.00000   100%   112 1560s
 768929 510073 infeasible  102      6000.00000    0.00000   100%   112 1565s
 772195 512153 2000.00000   63   37 6000.00000    0.00000   100%   112 1570s
 774509 513670 2000.00000   88   30 6000.00000    0.00000   100%   112 1575s
 777853 515757 5000.00000   76   20 6000.00000    0.00000   100%   112 1580s
 781313 518006 4000.00000   92   28 6000.00000    0.00000   100%   112 1586s
 784180 520027 1000.00000   48   30 6000.00000    0.00000   100%   112 1590s
 787075 521843 2000.00000   62   30 6000.00000    0.00000   100%   112 1595s
 789496 523523 1000.00000   59   26 6000.00000    0.00000   100%   112 1600s
 792814 525658 infeasible   69      6000.00000    0.00000   100%   112 1606s
 795716 527366   48.48989   58   52 6000.00000    0.00000   100%   112 1610s
 798844 529616 4000.00000  127   21 6000.00000    0.00000   100%   112 1616s
 802493 531908 3052.46679   96   39 6000.00000    0.00000   100%   112 1620s
 804264 533096    0.00000   54   27 6000.00000    0.00000   100%   112 1625s
 806837 534795 2000.00000   86   26 6000.00000    0.00000   100%   112 1631s
 809626 536547 2098.75632   49   50 6000.00000    0.00000   100%   112 1635s
 811722 537708 2000.00000   51   22 6000.00000    0.00000   100%   112 1640s
 815114 540280 5000.00000   71   25 6000.00000    0.00000   100%   112 1645s
 818195 542058 2000.00000   79   29 6000.00000    0.00000   100%   112 1650s
 821245 543926    0.00000   69   31 6000.00000    0.00000   100%   112 1655s
 823439 545280 3305.08590  132   34 6000.00000    0.00000   100%   112 1660s
 827469 547695 1000.00000   77   24 6000.00000    0.00000   100%   112 1666s
 829310 549390 1013.07980   50   42 6000.00000    0.00000   100%   112 1670s
 831931 551070 1000.00000   64   27 6000.00000    0.00000   100%   112 1675s
 834640 552998 1000.00000   49   31 6000.00000    0.00000   100%   112 1680s
 837734 554947 1000.00000   85   29 6000.00000    0.00000   100%   112 1685s
 841176 556859 3000.00000  109   26 6000.00000    0.00000   100%   112 1690s
 843289 558673 2986.34457   88   21 6000.00000    0.00000   100%   112 1695s
 846589 560787 3000.00000   57   22 6000.00000    0.00000   100%   112 1700s
 849683 562872 5000.00000   86   23 6000.00000    0.00000   100%   112 1706s
 852798 564675 3000.00000   75   24 6000.00000    0.00000   100%   111 1710s
 854574 565692 1345.17941   78   28 6000.00000    0.00000   100%   111 1715s
 855984 566535 1000.00000   58   22 6000.00000    0.00000   100%   111 1720s
 857222 567379 2000.00000   46   30 6000.00000    0.00000   100%   111 1726s
 859375 568963 1000.00000   93   30 6000.00000    0.00000   100%   111 1731s
 861773 570682 3013.94075   82   35 6000.00000    0.00000   100%   111 1735s
 865234 572659 2000.00000   51   28 6000.00000    0.00000   100%   111 1740s
 867774 574355 1000.00000   77   36 6000.00000    0.00000   100%   111 1745s
 870500 575810 2000.00000   75   24 6000.00000    0.00000   100%   111 1750s
 873310 577706 4000.00000   66   18 6000.00000    0.00000   100%   111 1755s
 877176 579930 3018.42891   64   28 6000.00000    0.00000   100%   111 1760s
 880164 581956 4000.00000   48   29 6000.00000    0.00000   100%   111 1765s
 883251 583961 1000.00000   73   32 6000.00000    0.00000   100%   111 1770s
 885185 585227 4000.00000   75   17 6000.00000    0.00000   100%   111 1775s
 888366 587734 3000.00000  111   27 6000.00000    0.00000   100%   111 1780s
 891890 589891 infeasible  110      6000.00000    0.00000   100%   111 1785s
 893682 591240 2000.00000   59   28 6000.00000    0.00000   100%   111 1790s
 897309 593625 3000.00000   83   28 6000.00000    0.00000   100%   111 1796s
 899828 594708 1086.20013   49   29 6000.00000    0.00000   100%   111 1800s

Cutting planes:
  Learned: 2
  Implied bound: 1
  Projected implied bound: 2
  MIR: 1
  Flow cover: 2
  Relax-and-lift: 2

Explored 899856 nodes (100040168 simplex iterations) in 1800.00 seconds (1125.39 work units)
Thread count was 8 (of 8 available processors)

Solution count 9: 6000 7000 8000 ... 28000

Time limit reached
Best objective 6.000000000000e+03, best bound 0.000000000000e+00, gap 100.0000%
