
Gurobi 13.0.1 (linux64) logging started Thu Apr 23 12:11:48 2026

Set parameter LogFile to value "experiments/20260422_213746/logs/Inst_13_Medium_Inspire_23__ribeiro.log"
Set parameter LogToConsole to value 0
Set parameter TimeLimit to value 1800
Gurobi Optimizer version 13.0.1 build v13.0.1rc0 (linux64 - "Ubuntu 24.04.4 LTS")

CPU model: Intel(R) Core(TM) i5-8250U CPU @ 1.60GHz, instruction set [SSE2|AVX|AVX2]
Thread count: 4 physical cores, 8 logical processors, using up to 8 threads

Non-default parameters:
TimeLimit  1800
LogToConsole  0

Optimize a model with 3020 rows, 972 columns and 9985 nonzeros (Min)
Model fingerprint: 0x18dec214
Model has 35 linear objective coefficients
Variable types: 60 continuous, 912 integer (876 binary)
Coefficient statistics:
  Matrix range     [1e+00, 3e+04]
  Objective range  [1e+03, 2e+03]
  Bounds range     [1e+00, 3e+04]
  RHS range        [1e+00, 5e+04]

Presolve removed 386 rows and 9 columns
Presolve time: 0.06s
Presolved: 2634 rows, 963 columns, 18640 nonzeros
Variable types: 52 continuous, 911 integer (876 binary)
Found heuristic solution: objective 52000.000000
Found heuristic solution: objective 51000.000000

Root relaxation: objective 0.000000e+00, 481 iterations, 0.01 seconds (0.01 work units)

    Nodes    |    Current Node    |     Objective Bounds      |     Work
 Expl Unexpl |  Obj  Depth IntInf | Incumbent    BestBd   Gap | It/Node Time

     0     0    0.00000    0   36 51000.0000    0.00000   100%     -    0s
H    0     0                    48000.000000    0.00000   100%     -    0s
H    0     0                    36000.000000    0.00000   100%     -    0s
H    0     0                    34000.000000    0.00000   100%     -    0s
     0     0    0.00000    0   64 34000.0000    0.00000   100%     -    0s
H    0     0                    28000.000000    0.00000   100%     -    0s
H    0     0                    24000.000000    0.00000   100%     -    0s
     0     0    0.00000    0   63 24000.0000    0.00000   100%     -    0s
H    0     0                    22000.000000    0.00000   100%     -    0s
     0     0    0.00000    0   56 22000.0000    0.00000   100%     -    0s
     0     0    0.00000    0   37 22000.0000    0.00000   100%     -    0s
H    0     0                    18000.000000    0.00000   100%     -    0s
H    0     0                    17000.000000    0.00000   100%     -    0s
H    0     0                    16000.000000    0.00000   100%     -    0s
H    0     0                    15000.000000    0.00000   100%     -    0s
     0     0    0.00000    0   53 15000.0000    0.00000   100%     -    0s
     0     0    0.00000    0   67 15000.0000    0.00000   100%     -    0s
     0     0    0.00000    0   45 15000.0000    0.00000   100%     -    0s
H    0     0                    13000.000000    0.00000   100%     -    0s
     0     0    0.00000    0   54 13000.0000    0.00000   100%     -    0s
     0     0    0.00000    0   67 13000.0000    0.00000   100%     -    0s
     0     0    0.00000    0   42 13000.0000    0.00000   100%     -    1s
H    0     0                    12000.000000    0.00000   100%     -    1s
     0     0    0.00000    0   53 12000.0000    0.00000   100%     -    1s
     0     0    0.00000    0   57 12000.0000    0.00000   100%     -    1s
     0     0    0.00000    0   36 12000.0000    0.00000   100%     -    1s
     0     0    0.00000    0   36 12000.0000    0.00000   100%     -    1s
     0     0    0.00000    0   32 12000.0000    0.00000   100%     -    1s
     0     2    0.00000    0   32 12000.0000    0.00000   100%     -    2s
    87   234    0.00000   11   59 12000.0000    0.00000   100%   228    6s
  1309  1066 2000.00000   64   59 12000.0000    0.00000   100%   125   10s
H 1313  1015                    10000.000000    0.00000   100%   124   11s
  1323  1021 3313.92353  100   69 10000.0000    0.00000   100%   123   15s
H 1388  1025                    9000.0000000    0.00000   100%   136   17s
  1433  1089    0.00000   23   57 9000.00000    0.00000   100%   142   21s
  1576  1363 1000.00000   37   63 9000.00000    0.00000   100%   170   29s
  1802  1793 1102.85487   57   42 9000.00000    0.00000   100%   175   36s
  2352  2130    0.00000   62   37 9000.00000    0.00000   100%   195   41s
  2992  2328    0.00000  110   40 9000.00000    0.00000   100%   235   47s
  3425  2291   96.45264  122   74 9000.00000    0.00000   100%   251   54s
H 3427  2213                    7000.0000000    0.00000   100%   251   54s
  3559  2828  140.07585  124   67 7000.00000    0.00000   100%   253   59s
  4350  3181 4037.36088  195   52 7000.00000    0.00000   100%   262   65s
  4991  3616    0.00000   34   43 7000.00000    0.00000   100%   263   70s
  5862  4520    0.00000  116   44 7000.00000    0.00000   100%   280   78s
  6480  4824 infeasible  150      7000.00000    0.00000   100%   279   83s
  6955  5375 1000.00000   84   34 7000.00000    0.00000   100%   277   86s
  7678  5880 1000.00000   71   37 7000.00000    0.00000   100%   275   90s
  8354  6316 3000.00000   86   38 7000.00000    0.00000   100%   269   95s
  9526  6908 3000.00000  131   32 7000.00000    0.00000   100%   269  102s
  9657  7177 4000.00000  143   27 7000.00000    0.00000   100%   269  107s
 10519  8126 1000.00000   54   40 7000.00000    0.00000   100%   270  113s
 11226  8344     cutoff   75      7000.00000    0.00000   100%   269  118s
 11553  8789    0.00000   69   45 7000.00000    0.00000   100%   269  121s
 13016 10151 3000.00000   92   33 7000.00000    0.00000   100%   261  129s
 13889 10323 4000.00000  157   45 7000.00000    0.00000   100%   255  132s
 14072 10826 5000.00000  170   33 7000.00000    0.00000   100%   255  136s
 14831 11383 2000.00000   94   26 7000.00000    0.00000   100%   253  141s
 15551 11892 1535.00030   77   44 7000.00000    0.00000   100%   255  146s
 16515 12213 1000.00000   66   35 7000.00000    0.00000   100%   253  155s
 16603 12497 2000.00000   80   34 7000.00000    0.00000   100%   254  160s
 17617 13816    0.00000   49   39 7000.00000    0.00000   100%   253  170s
 18686 14637 4000.00000  136   33 7000.00000    0.00000   100%   253  176s
 19832 15001 2015.58655   87   52 7000.00000    0.00000   100%   250  180s
 20343 15862 infeasible   91      7000.00000    0.00000   100%   249  186s
 21524 16506    0.00000   31   49 7000.00000    0.00000   100%   247  191s
 22404 17187 1000.00000   67   49 7000.00000    0.00000   100%   248  195s
 23171 17437 6000.00000  169   25 7000.00000    0.00000   100%   249  200s
 23475 18131    0.00000   94   45 7000.00000    0.00000   100%   251  205s
 24389 18794 1000.00000  148   46 7000.00000    0.00000   100%   251  211s
 25228 19462   71.74549  109   65 7000.00000    0.00000   100%   253  216s
 26111 20041 1000.00000  138   36 7000.00000    0.00000   100%   255  221s
 26826 20909 infeasible   98      7000.00000    0.00000   100%   254  226s
 27966 21501    0.00000   59   42 7000.00000    0.00000   100%   252  230s
 28680 21509 1127.61110  111   60 7000.00000    0.00000   100%   254  235s
 28688 21517 1257.48712  112   51 7000.00000    0.00000   100%   255  242s
 28696 21818 infeasible  113      7000.00000    0.00000   100%   255  248s
 29057 22355 4873.91212  139   39 7000.00000    0.00000   100%   256  252s
 29780 23086 3000.00000  141   31 7000.00000    0.00000   100%   255  282s
 30853 23720 3000.00000   69   31 7000.00000    0.00000   100%   254  288s
 31597 24351 infeasible  134      7000.00000    0.00000   100%   255  292s
 32395 25008 1138.32301  110   66 7000.00000    0.00000   100%   256  298s
 33229 25368 4000.00000  142   44 7000.00000    0.00000   100%   257  302s
 33773 26185 4000.00000  145   39 7000.00000    0.00000   100%   257  308s
 34803 26623 2000.00000   68   37 7000.00000    0.00000   100%   256  313s
 35469 27365 1000.00000   56   36 7000.00000    0.00000   100%   256  318s
 36383 27820 5062.53515  117   42 7000.00000    0.00000   100%   256  323s
 37025 28456   29.46683   73   86 7000.00000    0.00000   100%   255  328s
 37914 29020    0.00000   53   48 7000.00000    0.00000   100%   255  334s
 38581 29720    0.00000   90   57 7000.00000    0.00000   100%   256  339s
 39507 30434   15.58692   69   65 7000.00000    0.00000   100%   256  345s
 40495 31082 1000.00000   98   35 7000.00000    0.00000   100%   255  350s
 41311 31747 1000.00000   73   51 7000.00000    0.00000   100%   254  355s
 42133 32364 3000.00000  135   51 7000.00000    0.00000   100%   255  360s
 42940 33028 2000.00000   93   39 7000.00000    0.00000   100%   255  366s
 43762 33417 3018.39963   89   72 7000.00000    0.00000   100%   255  371s
 44246 34242 2000.00000  103   47 7000.00000    0.00000   100%   255  378s
 45339 34915 6000.00000  190   29 7000.00000    0.00000   100%   255  382s
 46211 35544 1258.24859   91   52 7000.00000    0.00000   100%   255  386s
 47097 36208 2000.00000   58   48 7000.00000    0.00000   100%   254  391s
 47964 36503 2022.19576   74   57 7000.00000    0.00000   100%   254  396s
 48375 37202 infeasible  102      7000.00000    0.00000   100%   254  400s
 49389 37740 1000.00000   95   39 7000.00000    0.00000   100%   253  405s
 51005 38829 2000.00000   43   51 7000.00000    0.00000   100%   253  412s
 51601 39502 1000.00000   93   42 7000.00000    0.00000   100%   253  417s
 52365 39509 2000.00000  169   31 7000.00000    0.00000   100%   254  424s
 52373 39515 2000.00000  170   35 7000.00000    0.00000   100%   254  429s
 52397 39710 2000.00000  171   37 7000.00000    0.00000   100%   254  434s
 52619 39941 2000.00000  170   27 7000.00000    0.00000   100%   254  440s
 52878 40322 2000.00000  171   32 7000.00000    0.00000   100%   254  446s
 53359 40760 2000.00000  171   33 7000.00000    0.00000   100%   254  450s
 53878 41332 2000.00000  172   28 7000.00000    0.00000   100%   254  456s
 54594 42040 1000.00000   63   45 7000.00000    0.00000   100%   254  461s
 55521 42521 5000.00000  133   38 7000.00000    0.00000   100%   255  466s
 56117 43345 1000.00000   84   47 7000.00000    0.00000   100%   255  472s
 57168 43961 2000.00000   87   31 7000.00000    0.00000   100%   255  477s
 57930 44714 1000.00000   79   40 7000.00000    0.00000   100%   256  482s
 58954 45190 3000.00000  166   39 7000.00000    0.00000   100%   255  489s
 59573 46199    0.00000   74   50 7000.00000    0.00000   100%   256  497s
 60883 46712 2000.00000   98   52 7000.00000    0.00000   100%   256  504s
 61573 47577 5052.72453   86   59 7000.00000    0.00000   100%   256  510s
 62744 48421 2000.00000  139   51 7000.00000    0.00000   100%   256  515s
 63754 48937 5000.00000  118   31 7000.00000    0.00000   100%   256  520s
 64425 49341    0.00000  106   57 7000.00000    0.00000   100%   257  525s
 64924 49977    0.00000   77   52 7000.00000    0.00000   100%   257  531s
 65694 50680 2000.00000  108   32 7000.00000    0.00000   100%   258  537s
 66518 51163 3000.00000   93   37 7000.00000    0.00000   100%   259  542s
 67117 51991 1000.00000   94   31 7000.00000    0.00000   100%   259  548s
 68335 52763 3000.00000  104   53 7000.00000    0.00000   100%   258  552s
 69346 53266 4000.00000  116   36 7000.00000    0.00000   100%   258  557s
 70049 53731   23.39432   98   65 7000.00000    0.00000   100%   258  563s
 70584 54450 3000.00000   78   36 7000.00000    0.00000   100%   259  569s
 71469 54954 3000.00000  112   46 7000.00000    0.00000   100%   259  573s
 72053 55859 4000.00000  154   39 7000.00000    0.00000   100%   259  579s
 73102 56581 1085.55760  155   54 7000.00000    0.00000   100%   259  584s
 74015 57536 2000.00000  110   44 7000.00000    0.00000   100%   260  591s
 75620 58222 4033.61237   88   39 7000.00000    0.00000   100%   259  598s
 76415 58934 2049.75683   97   58 7000.00000    0.00000   100%   258  602s
 77271 59632 3000.00000  184   42 7000.00000    0.00000   100%   258  607s
 78188 59816 infeasible   92      7000.00000    0.00000   100%   257  610s
 79316 61120 infeasible  146      7000.00000    0.00000   100%   256  619s
 80161 61521 1000.00000   46   34 7000.00000    0.00000   100%   256  622s
 80663 61922 3000.00000   67   26 7000.00000    0.00000   100%   257  626s
 81134 62114 4000.00000   87   31 7000.00000    0.00000   100%   257  630s
 81988 63105 1000.00000   71   48 7000.00000    0.00000   100%   258  638s
 82648 63692 4000.00000  110   43 7000.00000    0.00000   100%   258  642s
 83387 64399 3000.00000  190   38 7000.00000    0.00000   100%   258  647s
 84238 64964 3000.00000  119   42 7000.00000    0.00000   100%   258  652s
 84985 65181 1000.00000   69   31 7000.00000    0.00000   100%   259  656s
 85266 65823 1000.00000   95   41 7000.00000    0.00000   100%   258  661s
 86092 66485 1000.00000   73   36 7000.00000    0.00000   100%   259  666s
 86901 67251 infeasible  176      7000.00000    0.00000   100%   259  671s
 87817 67988 3000.00000  131   30 7000.00000    0.00000   100%   259  675s
 88738 68328 2000.00000  104   33 7000.00000    0.00000   100%   259  682s
 89157 68545 infeasible  123      7000.00000    0.00000   100%   259  694s
 89441 70288 infeasible  124      7000.00000    0.00000   100%   259  711s
 91732 71379 2014.33233  118   49 7000.00000    0.00000   100%   258  718s
 93199 71493 1000.00000   75   48 7000.00000    0.00000   100%   258  724s
 93341 72206 1000.00000   85   46 7000.00000    0.00000   100%   258  731s
 94269 72737 infeasible  148      7000.00000    0.00000   100%   258  737s
 94902 73439 1000.00000   99   47 7000.00000    0.00000   100%   260  743s
 95738 73781    0.00000  104   46 7000.00000    0.00000   100%   261  749s
 96209 74537 1000.00000  132   32 7000.00000    0.00000   100%   261  756s
 97257 75177    0.00000  133   44 7000.00000    0.00000   100%   262  764s
 98093 76219 infeasible  121      7000.00000    0.00000   100%   261  769s
 99496 77182 3000.00000  173   43 7000.00000    0.00000   100%   261  775s
 100629 77603  461.00472   39   54 7000.00000    0.00000   100%   261  782s
 101155 78352 5000.00000  129   34 7000.00000    0.00000   100%   261  787s
 102235 79239 3051.53215  188   57 7000.00000    0.00000   100%   261  793s
 103312 79843 1000.00000   84   50 7000.00000    0.00000   100%   260  800s
 104030 80709 2000.00000  132   39 7000.00000    0.00000   100%   261  806s
 105259 81102 1000.00000   40   29 7000.00000    0.00000   100%   261  812s
 105709 82030 2000.00000   83   53 7000.00000    0.00000   100%   261  817s
 106809 82710 1000.00000   40   42 7000.00000    0.00000   100%   261  823s
 107874 83152 infeasible  142      7000.00000    0.00000   100%   260  827s
 108389 83706 3000.00000   92   52 7000.00000    0.00000   100%   260  833s
 109129 84386    0.00000   70   41 7000.00000    0.00000   100%   260  837s
 110037 85054 1000.00000   75   38 7000.00000    0.00000   100%   260  842s
 111005 85892 3000.00000  136   39 7000.00000    0.00000   100%   260  847s
 112044 86540 4000.00000  196   36 7000.00000    0.00000   100%   260  852s
 112917 86731 1112.24839  107   62 7000.00000    0.00000   100%   260  858s
 113229 87347    0.00000   71   47 7000.00000    0.00000   100%   260  862s
 114020 88115 1000.00000   67   44 7000.00000    0.00000   100%   260  867s
 115015 88776   33.75288  100   70 7000.00000    0.00000   100%   260  872s
 115753 89556 4000.00000  209   40 7000.00000    0.00000   100%   260  876s
 116739 89741 2000.00000  121   49 7000.00000    0.00000   100%   259  882s
 116943 90452 2000.00000  122   49 7000.00000    0.00000   100%   259  887s
 117919 91373 3000.00000  168   27 7000.00000    0.00000   100%   259  894s
 119270 91845 1261.01398   86   54 7000.00000    0.00000   100%   258  897s
 119878 92426 1000.00000  146   45 7000.00000    0.00000   100%   259  902s
 120638 92950    0.00000   73   63 7000.00000    0.00000   100%   258  905s
 122174 93908    0.00000  102   46 7000.00000    0.00000   100%   258  912s
 122684 93912 2000.00000  127   58 7000.00000    0.00000   100%   258  918s
 122695 93915 2000.00000  128   45 7000.00000    0.00000   100%   258  925s
 122708 93968 2000.00000  129   46 7000.00000    0.00000   100%   258  930s
 123104 94456 2063.85253  104   61 7000.00000    0.00000   100%   258  938s
 123455 94928    0.00000   79   54 7000.00000    0.00000   100%   258  942s
 124040 95396 6000.00000  173   42 7000.00000    0.00000   100%   257  948s
 124639 96200  148.55331  108   65 7000.00000    0.00000   100%   257  954s
 125712 96354 4000.00000  135   35 7000.00000    0.00000   100%   257  958s
 125882 97000 4000.00000  136   29 7000.00000    0.00000   100%   257  963s
 126670 97649 1000.00000   69   40 7000.00000    0.00000   100%   257  969s
 127459 98356 1000.00000  123   47 7000.00000    0.00000   100%   258  974s
 128356 99045 3000.00000  172   34 7000.00000    0.00000   100%   258  979s
 129225 99718 5000.00000  174   42 7000.00000    0.00000   100%   258  983s
 130137 100132 1000.00000  143   34 7000.00000    0.00000   100%   258  989s
 130663 100967 2000.00000  152   30 7000.00000    0.00000   100%   258  994s
 131794 101614 1000.00000   82   40 7000.00000    0.00000   100%   257  999s
 132612 102238    0.00000   43   47 7000.00000    0.00000   100%   257 1006s
 133318 102710 1000.00000   94   44 7000.00000    0.00000   100%   258 1012s
 134073 103531 1000.00000  151   46 7000.00000    0.00000   100%   258 1019s
 135079 104447 2000.00000  198   28 7000.00000    0.00000   100%   258 1025s
 136181 105118 3000.00000   91   30 7000.00000    0.00000   100%   259 1031s
 137113 105618 2000.00000   70   42 7000.00000    0.00000   100%   259 1036s
 137764 106340 1000.00000  116   42 7000.00000    0.00000   100%   259 1041s
 138740 107085    0.00000   81   58 7000.00000    0.00000   100%   259 1047s
 139645 107496 3000.00000  153   32 7000.00000    0.00000   100%   259 1052s
 140128 108191 3000.00000  154   36 7000.00000    0.00000   100%   259 1058s
 141119 108961 2000.00000   72   34 7000.00000    0.00000   100%   259 1064s
 141993 109569 3000.00000  110   36 7000.00000    0.00000   100%   259 1069s
 142906 110168 2000.00000  123   34 7000.00000    0.00000   100%   259 1074s
 143864 110477 3000.00000  101   35 7000.00000    0.00000   100%   259 1080s
 144298 111264 1000.00000   76   36 7000.00000    0.00000   100%   259 1086s
 145260 111963 5000.00000  144   41 7000.00000    0.00000   100%   259 1091s
 146100 112220 1000.00000   93   35 7000.00000    0.00000   100%   260 1096s
 146389 112966 1000.00000  111   40 7000.00000    0.00000   100%   260 1102s
 147291 113920 4000.00000  161   38 7000.00000    0.00000   100%   260 1109s
 148541 114474 1000.00000   65   47 7000.00000    0.00000   100%   260 1113s
 149191 115091 2002.67886  103   72 7000.00000    0.00000   100%   260 1117s
 150037 115359    0.00000   32   42 7000.00000    0.00000   100%   259 1121s
 150342 115988    0.00000   45   53 7000.00000    0.00000   100%   259 1126s
 151183 116658 infeasible   93      7000.00000    0.00000   100%   259 1130s
 152992 117944 2000.00000  116   36 7000.00000    0.00000   100%   259 1138s
 153690 118212 infeasible  193      7000.00000    0.00000   100%   259 1142s
 154039 118840 1000.00000   58   47 7000.00000    0.00000   100%   259 1146s
 154855 119405 infeasible  103      7000.00000    0.00000   100%   259 1150s
 155630 120008 1000.00000  101   42 7000.00000    0.00000   100%   259 1155s
 156343 120495 1000.00000   87   42 7000.00000    0.00000   100%   259 1160s
 157442 121577 1000.00000   61   57 7000.00000    0.00000   100%   259 1169s
 158243 122295 6000.00000  131   35 7000.00000    0.00000   100%   259 1174s
 159075 122779 1000.00000  120   43 7000.00000    0.00000   100%   259 1179s
 159591 123579 3000.00000   71   50 7000.00000    0.00000   100%   259 1184s
 160617 124335 2000.00000  165   34 7000.00000    0.00000   100%   259 1188s
 161642 124987 infeasible  115      7000.00000    0.00000   100%   258 1193s
 162477 125322 3000.00000   80   47 7000.00000    0.00000   100%   258 1200s
 162958 126302 4115.59379  141   47 7000.00000    0.00000   100%   258 1210s
 164346 127161 2124.55381  102   47 7000.00000    0.00000   100%   258 1216s
 165478 127169 1000.00000  130   38 7000.00000    0.00000   100%   259 1223s
 165486 127177 1000.00000  131   36 7000.00000    0.00000   100%   259 1230s
 165494 127236 1000.00000  132   37 7000.00000    0.00000   100%   259 1237s
 165559 127554 1000.00000  133   38 7000.00000    0.00000   100%   259 1243s
 165974 128345 2058.87830  165   56 7000.00000    0.00000   100%   259 1249s
 166915 128922 3000.00000   91   31 7000.00000    0.00000   100%   259 1255s
 167668 129638    0.00000   33   49 7000.00000    0.00000   100%   259 1262s
 168515 130470 1000.00000   75   33 7000.00000    0.00000   100%   259 1267s
 169455 131058 2000.00000  100   46 7000.00000    0.00000   100%   259 1275s
 170269 131951 1000.00000   67   37 7000.00000    0.00000   100%   259 1280s
 171348 132723    0.00000   62   44 7000.00000    0.00000   100%   259 1286s
 172390 133427 3000.00000  160   42 7000.00000    0.00000   100%   259 1292s
 173372 133887 4000.00000   94   42 7000.00000    0.00000   100%   259 1297s
 174012 134851 4000.00000  130   38 7000.00000    0.00000   100%   259 1303s
 175283 135745 5000.00000  113   32 7000.00000    0.00000   100%   258 1309s
 176408 136449 3046.00419  167   40 7000.00000    0.00000   100%   258 1314s
 177244 136913 4022.16803  155   55 7000.00000    0.00000   100%   258 1321s
 177884 138133    0.00000   67   47 7000.00000    0.00000   100%   258 1329s
 179485 138699 2000.00000   94   39 7000.00000    0.00000   100%   258 1333s
 180232 139293 2000.00000   83   39 7000.00000    0.00000   100%   258 1338s
 180999 140068 2011.49425  125   54 7000.00000    0.00000   100%   258 1342s
 181933 140271 3000.00000  169   49 7000.00000    0.00000   100%   258 1347s
 182183 140893 3000.00000  170   47 7000.00000    0.00000   100%   258 1352s
 182947 141481 1000.00000  152   37 7000.00000    0.00000   100%   258 1356s
 183641 142294 1000.00000  182   44 7000.00000    0.00000   100%   258 1360s
 184683 142935 3215.76912  218   64 7000.00000    0.00000   100%   258 1365s
 185524 143161    0.00000   91   58 7000.00000    0.00000   100%   258 1370s
 185783 143645 2000.00000  117   39 7000.00000    0.00000   100%   258 1375s
 186342 144351 5000.00000  182   34 7000.00000    0.00000   100%   258 1381s
 187303 145078 4000.00000  145   32 7000.00000    0.00000   100%   258 1385s
 188329 145693 3000.00000   86   32 7000.00000    0.00000   100%   258 1390s
 189629 146708 2000.00000   96   53 7000.00000    0.00000   100%   258 1400s
 190637 147263 2000.00000   96   41 7000.00000    0.00000   100%   258 1405s
 192526 148959 1000.00000   56   38 7000.00000    0.00000   100%   257 1415s
 193666 149259 1000.00000   65   43 7000.00000    0.00000   100%   257 1420s
 194088 149991 1000.00000   74   45 7000.00000    0.00000   100%   257 1426s
 195979 151344 1000.00000  104   46 7000.00000    0.00000   100%   257 1434s
 196753 151812 2000.00000   90   33 7000.00000    0.00000   100%   257 1438s
 197323 152531 infeasible  164      7000.00000    0.00000   100%   257 1442s
 198296 152906  175.11430  117   65 7000.00000    0.00000   100%   256 1447s
 198795 153416 1000.00000   50   40 7000.00000    0.00000   100%   256 1452s
 199475 154088    0.00000   39   51 7000.00000    0.00000   100%   257 1456s
 200376 154769 1000.00000   64   36 7000.00000    0.00000   100%   257 1461s
 201261 155084 4000.00000   98   42 7000.00000    0.00000   100%   256 1465s
 201667 155767 infeasible  130      7000.00000    0.00000   100%   256 1470s
 202581 156390 6000.00000   85   50 7000.00000    0.00000   100%   256 1475s
 204426 157525 2000.00000  100   41 7000.00000    0.00000   100%   256 1485s
 205753 158827  178.04551   67   66 7000.00000    0.00000   100%   256 1494s
 206686 159385 2000.00000  120   38 7000.00000    0.00000   100%   256 1498s
 207378 159918 2000.00000   45   42 7000.00000    0.00000   100%   256 1505s
 208164 160993 2000.00000   89   41 7000.00000    0.00000   100%   256 1510s
 209563 161342 2000.00000   91   39 7000.00000    0.00000   100%   256 1515s
 210054 161349 3000.00000   68   40 7000.00000    0.00000   100%   256 1520s
 210063 161356 3000.00000   67   37 7000.00000    0.00000   100%   256 1525s
 210071 161361 3000.00000   69   34 7000.00000    0.00000   100%   256 1533s
 210082 161496 3000.00000   70   44 7000.00000    0.00000   100%   256 1537s
 210276 161763 3000.00000   70   34 7000.00000    0.00000   100%   256 1544s
 210698 162035 3000.00000   71   36 7000.00000    0.00000   100%   256 1549s
 211116 162625 3000.00000   78   37 7000.00000    0.00000   100%   255 1556s
 211874 163230 4004.82744  166   61 7000.00000    0.00000   100%   256 1561s
 212659 163749 1000.00000   24   53 7000.00000    0.00000   100%   256 1569s
 213482 164289    0.00000   34   53 7000.00000    0.00000   100%   256 1574s
 214206 164973 1000.00000   71   42 7000.00000    0.00000   100%   256 1581s
 214990 165577 3000.00000  100   49 7000.00000    0.00000   100%   256 1587s
 215791 165852 1000.00000   67   48 7000.00000    0.00000   100%   256 1593s
 216066 166633 1000.00000  113   53 7000.00000    0.00000   100%   256 1599s
 217003 167296 1000.00000   73   40 7000.00000    0.00000   100%   257 1605s
 217829 167433    0.00000   39   63 7000.00000    0.00000   100%   257 1611s
 218023 168376 1000.00000   58   50 7000.00000    0.00000   100%   257 1618s
 219146 169153 infeasible  200      7000.00000    0.00000   100%   257 1625s
 220144 169679 4000.00000  178   46 7000.00000    0.00000   100%   257 1630s
 220892 170602 1000.00000   58   52 7000.00000    0.00000   100%   257 1637s
 222112 171523 2000.00000  163   46 7000.00000    0.00000   100%   257 1643s
 223311 171857 4000.00000   78   30 7000.00000    0.00000   100%   257 1648s
 223777 172429 1000.00000   77   49 7000.00000    0.00000   100%   257 1652s
 224423 172678 3000.00000  125   29 7000.00000    0.00000   100%   257 1657s
 224730 173339 5056.74993  136   63 7000.00000    0.00000   100%   257 1662s
 225632 174325 2000.00000   67   38 7000.00000    0.00000   100%   257 1668s
 226874 174986 2000.00000   60   37 7000.00000    0.00000   100%   257 1673s
 227782 175632 1000.00000  115   44 7000.00000    0.00000   100%   257 1677s
 228642 176243    0.00000  103   47 7000.00000    0.00000   100%   257 1682s
 229396 176685 1000.00000  104   67 7000.00000    0.00000   100%   257 1686s
 229882 177014 1000.00000   82   40 7000.00000    0.00000   100%   257 1691s
 230249 177643 1000.00000   72   36 7000.00000    0.00000   100%   257 1697s
 231050 178355 3000.00000   68   33 7000.00000    0.00000   100%   257 1701s
 232054 178930 3000.00000  115   45 7000.00000    0.00000   100%   257 1706s
 232947 179290 1000.00000   55   44 7000.00000    0.00000   100%   257 1710s
 233429 180064 3000.00000  122   35 7000.00000    0.00000   100%   257 1715s
 234464 180782 2000.00000   91   35 7000.00000    0.00000   100%   257 1720s
 235363 181508 3000.00000  193   52 7000.00000    0.00000   100%   257 1725s
 236428 182370 3000.00000  103   40 7000.00000    0.00000   100%   257 1734s
 237340 183190 3000.00000   93   42 7000.00000    0.00000   100%   257 1741s
 238316 183804 4000.00000  143   44 7000.00000    0.00000   100%   257 1745s
 239908 185222 2000.00000   91   33 7000.00000    0.00000   100%   257 1755s
 240797 185803 2003.92643  119   69 7000.00000    0.00000   100%   257 1760s
 241910 187037    0.00000   29   55 7000.00000    0.00000   100%   257 1769s
 243091 187751 1000.00000  117   35 7000.00000    0.00000   100%   257 1774s
 244154 188390 2000.00000  132   32 7000.00000    0.00000   100%   257 1778s
 245020 188932 2000.00000  135   44 7000.00000    0.00000   100%   257 1782s
 245740 189570 2000.00000  166   44 7000.00000    0.00000   100%   256 1788s
 246600 189688 3000.00000   84   29 7000.00000    0.00000   100%   256 1792s
 246718 190422 3278.52484   99   37 7000.00000    0.00000   100%   256 1797s
 247716 191059 4000.00000  163   43 7000.00000    0.00000   100%   256 1800s

Cutting planes:
  Learned: 1
  Cover: 1
  Implied bound: 26
  Projected implied bound: 20
  Clique: 1
  MIR: 11
  Mixing: 2
  Flow cover: 123
  GUB cover: 2
  Inf proof: 1
  Zero half: 3
  RLT: 5
  Relax-and-lift: 68

Explored 248511 nodes (63622263 simplex iterations) in 1800.01 seconds (1213.18 work units)
Thread count was 8 (of 8 available processors)

Solution count 10: 7000 9000 10000 ... 22000

Time limit reached
Best objective 7.000000000000e+03, best bound 0.000000000000e+00, gap 100.0000%
