
Gurobi 13.0.1 (linux64) logging started Wed Apr 22 23:21:03 2026

Set parameter LogFile to value "experiments/20260422_213746/logs/Inst_03_Easy_Phantom__drone_index.log"
Set parameter LogToConsole to value 0
Set parameter TimeLimit to value 1800
Gurobi Optimizer version 13.0.1 build v13.0.1rc0 (linux64 - "Ubuntu 24.04.4 LTS")

CPU model: Intel(R) Core(TM) i5-8250U CPU @ 1.60GHz, instruction set [SSE2|AVX|AVX2]
Thread count: 4 physical cores, 8 logical processors, using up to 8 threads

Non-default parameters:
TimeLimit  1800
LogToConsole  0
LazyConstraints  1

Optimize a model with 6279 rows, 5919 columns and 27963 nonzeros (Min)
Model fingerprint: 0x84c6277c
Model has 15 linear objective coefficients
Variable types: 2880 continuous, 3039 integer (3039 binary)
Coefficient statistics:
  Matrix range     [1e+00, 2e+04]
  Objective range  [1e+03, 1e+03]
  Bounds range     [1e+00, 1e+00]
  RHS range        [1e+00, 1e+00]

Presolve removed 1440 rows and 720 columns
Presolve time: 0.18s
Presolved: 4839 rows, 5199 columns, 24375 nonzeros
Variable types: 2160 continuous, 3039 integer (3039 binary)

Root relaxation: objective 1.341114e+03, 12330 iterations, 1.46 seconds (1.47 work units)

    Nodes    |    Current Node    |     Objective Bounds      |     Work
 Expl Unexpl |  Obj  Depth IntInf | Incumbent    BestBd   Gap | It/Node Time

     0     0 1341.11418    0   85          - 1341.11418      -     -    1s
H    0     0                    5800.0000000 1341.11418  76.9%     -    1s
     0     0 1341.11418    0   73 5800.00000 1341.11418  76.9%     -    4s
     0     0 1421.30852    0  190 5800.00000 1421.30852  75.5%     -    5s
     0     0 1566.02195    0  216 5800.00000 1566.02195  73.0%     -    8s
     0     0 1666.67684    0  245 5800.00000 1666.67684  71.3%     -   10s
     0     0 1718.17601    0  305 5800.00000 1718.17601  70.4%     -   11s
     0     0 1731.46900    0  234 5800.00000 1731.46900  70.1%     -   12s
     0     0 1746.71569    0  209 5800.00000 1746.71569  69.9%     -   13s
     0     0 1747.96759    0  387 5800.00000 1747.96759  69.9%     -   14s
     0     0 1751.67375    0  273 5800.00000 1751.67375  69.8%     -   15s
     0     0 1752.61743    0  219 5800.00000 1752.61743  69.8%     -   16s
     0     0 1752.62549    0  256 5800.00000 1752.62549  69.8%     -   16s
     0     0 1759.06135    0  307 5800.00000 1759.06135  69.7%     -   17s
     0     0 1759.81975    0  329 5800.00000 1759.81975  69.7%     -   18s
     0     0 1760.15699    0  231 5800.00000 1760.15699  69.7%     -   18s
     0     0 1760.19242    0  212 5800.00000 1760.19242  69.7%     -   18s
     0     0 1760.19988    0  306 5800.00000 1760.19988  69.7%     -   19s
     0     0 1760.19988    0  306 5800.00000 1760.19988  69.7%     -   20s
     0     0 1760.19988    0  297 5800.00000 1760.19988  69.7%     -   20s
     0     0 1760.19988    0  326 5800.00000 1760.19988  69.7%     -   21s
     0     0 1760.19988    0  326 5800.00000 1760.19988  69.7%     -   22s
     0     0 1760.19988    0  116 5800.00000 1760.19988  69.7%     -   22s
     0     2 1760.21789    0  128 5800.00000 1760.21789  69.7%     -   24s
     1     4 1783.61061    1  260 5800.00000 1764.92566  69.6%  3602   29s
     7    12 1878.80737    3  226 5800.00000 1783.85208  69.2%  4553   31s
    18    32 4113.90163    5  148 5800.00000 1881.99082  67.6%  4651   36s
H   26    32                    4600.0000000 1881.99082  59.1%  4379   36s
    70    72 4167.41714   14  122 4600.00000 1881.99082  59.1%  3527   40s
H   87    82                    4400.0000000 1881.99082  57.2%  3100   42s
   200   191 2652.77850   11   82 4400.00000 2074.87195  52.8%  1526   45s
   432   406 2832.24670   42   63 4400.00000 2074.87195  52.8%   807   50s
   642   569 2419.81463    9  106 4400.00000 2337.93426  46.9%   630   55s
  1219   947 3400.00000   23  116 4400.00000 2341.38783  46.8%   405   67s
  1221   948 2901.84614   61  115 4400.00000 2341.38783  46.8%   404   70s
  1224   950 3010.24225   56  211 4400.00000 2341.38783  46.8%   403   76s
  1226   952 3400.00000   26  332 4400.00000 2341.38783  46.8%   402   80s
  1230   954 3005.81259   86  166 4400.00000 2341.38783  46.8%   401   86s
  1233   956 2771.63701   33  280 4400.00000 2341.38783  46.8%   400   90s
  1235   958 2839.94484   39  129 4400.00000 2341.38783  46.8%   399   97s
  1237   962 2341.38783   10  293 4400.00000 2341.38783  46.8%   453  101s
  1239   965 2341.38783   11  357 4400.00000 2341.38783  46.8%   454  107s
  1247   972 2341.38783   13  297 4400.00000 2341.38783  46.8%   476  110s
  1258   982 2474.98052   15   86 4400.00000 2341.38783  46.8%   503  116s
  1286  1003 2341.38783   16  131 4400.00000 2341.38783  46.8%   528  120s
  1307  1020 2341.38783   17   85 4400.00000 2341.38783  46.8%   541  125s
  1408  1080 2474.07072   27   83 4400.00000 2341.38783  46.8%   546  130s
  1516  1108 3400.00000   44   21 4400.00000 2341.38783  46.8%   529  135s
  1571  1115 2410.41094   18  120 4400.00000 2341.38783  46.8%   547  140s
  1648  1182 2411.22953   27   82 4400.00000 2341.38783  46.8%   552  146s
  1685  1190 3400.00000   31   29 4400.00000 2341.38783  46.8%   555  150s
  1806  1210 3400.00000   25   48 4400.00000 2341.38783  46.8%   552  155s
  1875  1239 2488.76815   13   98 4400.00000 2341.38783  46.8%   548  160s
  2059  1302 3400.00000   18   55 4400.00000 2341.38783  46.8%   525  165s
  2282  1402 infeasible   23      4400.00000 2341.38783  46.8%   492  170s
  2500  1401 3400.00000   45   39 4400.00000 2341.38783  46.8%   459  176s
  2628  1511 3400.00000   47   36 4400.00000 2341.38783  46.8%   443  180s
  3240  1736 3400.00000   25   32 4400.00000 2358.07874  46.4%   384  186s
  3695  1933 3400.00000   27   53 4400.00000 2389.12245  45.7%   352  190s
  4399  2266 2465.14563   19   70 4400.00000 2411.62048  45.2%   319  197s
  4982  2691 3400.00000   33   16 4400.00000 2412.93578  45.2%   300  200s
  6089  3345 3400.00000   37   26 4400.00000 2465.68013  44.0%   268  208s
  6420  3405 3400.00000   35   19 4400.00000 2491.00259  43.4%   263  210s
  6869  3578 3256.85461   14  125 4400.00000 2570.92520  41.6%   257  219s
  6957  3581 3400.00000   32    6 4400.00000 2571.18368  41.6%   256  222s
  6961  3584 3400.00000   33   26 4400.00000 2571.18368  41.6%   256  225s
  6969  3587 3400.00000   35   29 4400.00000 2571.18368  41.6%   255  232s
  6976  3589 3400.00000   36   16 4400.00000 2571.57044  41.6%   255  237s
  6982  3593 3400.00000   37   18 4400.00000 2571.57044  41.6%   255  240s
  6986  3597 3400.00000   38   15 4400.00000 2571.57044  41.6%   255  245s
  7229  3818     cutoff   21      4400.00000 2590.84619  41.1%   251  250s
  7649  4149 3400.00000   27   30 4400.00000 2599.54199  40.9%   247  256s
  8183  4546 3400.00000   29   40 4400.00000 2605.93492  40.8%   242  263s
  8577  4910 3400.00000   33   42 4400.00000 2633.30984  40.2%   237  267s
  9135  5085 3400.00000   21   37 4400.00000 2649.02153  39.8%   231  270s
  9825  5580 3400.00000   23   39 4400.00000 2673.99954  39.2%   227  277s
 10406  6098 3400.00000   32   30 4400.00000 2692.63645  38.8%   222  285s
 11343  6795 2816.59768   24   56 4400.00000 2731.08689  37.9%   214  291s
 12684  7249 3400.00000   43   18 4400.00000 2831.44788  35.6%   203  296s
 13792  7275 3446.94115   31   64 4400.00000 3271.91433  25.6%   197  303s
H13896   234                    3400.0000000 3272.19879  3.76%   196  303s

Cutting planes:
  Gomory: 1
  Cover: 67
  Implied bound: 34
  Projected implied bound: 6
  Clique: 35
  MIR: 19
  Flow cover: 84
  GUB cover: 11
  Inf proof: 2
  RLT: 6
  Relax-and-lift: 1
  BQP: 6
  Lazy constraints: 140

Explored 14090 nodes (2808025 simplex iterations) in 303.99 seconds (329.82 work units)
Thread count was 8 (of 8 available processors)

Solution count 4: 3400 4400 4600 5800 

Optimal solution found (tolerance 1.00e-04)
Best objective 3.400000000000e+03, best bound 3.400000000000e+03, gap 0.0000%

User-callback calls 77127, time in user-callback 0.58 sec
