
Gurobi 13.0.1 (linux64) logging started Wed Apr 22 22:51:02 2026

Set parameter LogFile to value "experiments/20260422_213746/logs/Inst_03_Easy_Phantom__ribeiro.log"
Set parameter LogToConsole to value 0
Set parameter TimeLimit to value 1800
Gurobi Optimizer version 13.0.1 build v13.0.1rc0 (linux64 - "Ubuntu 24.04.4 LTS")

CPU model: Intel(R) Core(TM) i5-8250U CPU @ 1.60GHz, instruction set [SSE2|AVX|AVX2]
Thread count: 4 physical cores, 8 logical processors, using up to 8 threads

Non-default parameters:
TimeLimit  1800
LogToConsole  0

Optimize a model with 844 rows, 294 columns and 2721 nonzeros (Min)
Model fingerprint: 0xd724bb8d
Model has 18 linear objective coefficients
Variable types: 32 continuous, 262 integer (243 binary)
Coefficient statistics:
  Matrix range     [1e+00, 3e+04]
  Objective range  [1e+03, 1e+03]
  Bounds range     [1e+00, 2e+04]
  RHS range        [1e+00, 4e+04]

Presolve removed 120 rows and 6 columns
Presolve time: 0.03s
Presolved: 724 rows, 288 columns, 4649 nonzeros
Variable types: 27 continuous, 261 integer (243 binary)
Found heuristic solution: objective 16200.000000
Found heuristic solution: objective 9400.0000000

Root relaxation: objective 0.000000e+00, 121 iterations, 0.00 seconds (0.00 work units)

    Nodes    |    Current Node    |     Objective Bounds      |     Work
 Expl Unexpl |  Obj  Depth IntInf | Incumbent    BestBd   Gap | It/Node Time

     0     0    0.00000    0   29 9400.00000    0.00000   100%     -    0s
H    0     0                    8400.0000000    0.00000   100%     -    0s
     0     0    0.00000    0   26 8400.00000    0.00000   100%     -    0s
     0     0    0.00000    0   26 8400.00000    0.00000   100%     -    0s
     0     0    0.00000    0   38 8400.00000    0.00000   100%     -    0s
     0     0    0.00000    0   19 8400.00000    0.00000   100%     -    0s
H    0     0                    6600.0000000    0.00000   100%     -    0s
     0     0    0.00000    0   19 6600.00000    0.00000   100%     -    0s
     0     0    0.00000    0   37 6600.00000    0.00000   100%     -    0s
     0     0    0.00000    0   27 6600.00000    0.00000   100%     -    0s
     0     0    0.00000    0   36 6600.00000    0.00000   100%     -    0s
     0     0    0.00000    0   41 6600.00000    0.00000   100%     -    0s
     0     0    0.00000    0   17 6600.00000    0.00000   100%     -    0s
     0     0    0.00000    0   30 6600.00000    0.00000   100%     -    0s
     0     0    0.00000    0   36 6600.00000    0.00000   100%     -    0s
     0     0    0.00000    0   26 6600.00000    0.00000   100%     -    0s
H    0     0                    5800.0000000    0.00000   100%     -    0s
     0     0    0.00000    0   37 5800.00000    0.00000   100%     -    0s
     0     0    0.00000    0   36 5800.00000    0.00000   100%     -    0s
     0     0    0.00000    0   21 5800.00000    0.00000   100%     -    0s
     0     0    0.00000    0   21 5800.00000    0.00000   100%     -    0s
     0     0    0.00000    0   21 5800.00000    0.00000   100%     -    0s
     0     2    0.00000    0   21 5800.00000    0.00000   100%     -    0s
H  118    95                    5600.0000000    0.00000   100%  60.3    0s
H  138   137                    4600.0000000    0.00000   100%  63.9    0s
H 1388   818                    3400.0000000    0.00000   100%  47.7    3s
  1856  1044 2200.00000   31   37 3400.00000    0.00000   100%  68.7    5s
  4320  1951  208.36316   50   51 3400.00000    0.00000   100%  87.6   10s
 10384  4906 infeasible   57      3400.00000 1000.00000  70.6%  83.3   15s
 14682  7384 1000.00000   34   26 3400.00000 1000.00000  70.6%  79.9   21s
 20783  9000 3000.00000   40   27 3400.00000 1000.00000  70.6%  77.4   25s
 26254 10903 2075.79041   58   33 3400.00000 1000.00000  70.6%  76.1   30s
 29750 12164 1105.21923   55   45 3400.00000 1000.00000  70.6%  75.5   39s
 31611 12644 2000.00000   65   39 3400.00000 1000.00000  70.6%  75.2   40s
 37982 15133 2107.83299   54   32 3400.00000 1000.00000  70.6%  74.6   45s
 43598 17213 2200.00000   52   30 3400.00000 1000.00000  70.6%  74.6   50s
 50975 19804 2000.00000   55   27 3400.00000 1000.00000  70.6%  74.0   55s
 56669 21884 1000.00000   31   29 3400.00000 1000.00000  70.6%  73.8   60s
 62455 23951 2333.45255   38   28 3400.00000 1000.00000  70.6%  73.7   65s
 69896 26754 2000.00000   42   27 3400.00000 1000.00000  70.6%  73.4   70s
 75316 28577 3000.00000   55   28 3400.00000 1000.00000  70.6%  72.8   75s
 81349 30725 1000.00000   32   26 3400.00000 1000.00000  70.6%  72.8   80s
 88611 33263 2000.00000   37   27 3400.00000 1000.00000  70.6%  72.5   85s
 93136 34619 2000.00000   34   35 3400.00000 1000.00000  70.6%  72.5   90s
 98457 36764 3200.00000   24   22 3400.00000 1000.00000  70.6%  72.2   95s
 103902 38476 2382.30361   46   34 3400.00000 1000.00000  70.6%  72.2  100s
 112065 41275 infeasible   40      3400.00000 1000.00000  70.6%  72.1  105s
 116838 42710 2121.07752   49   36 3400.00000 1000.00000  70.6%  72.0  110s
 121993 44566 2000.00000   41   26 3400.00000 1000.00000  70.6%  71.9  115s
 129521 47179 2000.00000   55   23 3400.00000 1000.00000  70.6%  71.7  120s
 137730 49792 2000.00000   54   21 3400.00000 1000.00000  70.6%  71.5  125s
 143089 51522 2000.00000   44   27 3400.00000 1000.00000  70.6%  71.6  130s
 148046 53371 2000.00000   77   28 3400.00000 1000.00000  70.6%  71.7  135s
 153851 55436 2053.04251   58   31 3400.00000 1000.00000  70.6%  71.7  140s
 162213 58035 2000.00000   54   18 3400.00000 1000.00000  70.6%  71.7  145s
 167943 60143 3200.00000   39   18 3400.00000 1000.00000  70.6%  71.7  150s
 175569 62649 infeasible   40      3400.00000 1000.00000  70.6%  71.5  155s
 181101 64676 3200.00000   38   21 3400.00000 1000.00000  70.6%  71.4  160s
 188631 67197 2008.89902   43   41 3400.00000 1000.00000  70.6%  71.3  165s
 195235 69577 2281.39974   54   37 3400.00000 1000.00000  70.6%  71.3  170s
 201713 71620 2200.00000   49   26 3400.00000 1000.00000  70.6%  71.3  175s
 208822 73898 infeasible   45      3400.00000 1000.00000  70.6%  71.4  180s
 214038 75730 3000.00000   41   36 3400.00000 1000.00000  70.6%  71.5  185s
 221726 78622 infeasible   58      3400.00000 1000.00000  70.6%  71.6  190s
 228227 80854 1000.00000   47   28 3400.00000 1000.00000  70.6%  71.7  195s
 234680 83052 infeasible   59      3400.00000 1000.00000  70.6%  71.6  200s
 241405 85448 infeasible   51      3400.00000 1000.00000  70.6%  71.7  205s
 247204 87425 3000.00000   84   23 3400.00000 1000.00000  70.6%  71.6  210s
 254610 89725     cutoff   53      3400.00000 1000.00000  70.6%  71.5  215s
 261017 91794 infeasible   49      3400.00000 1000.00000  70.6%  71.6  220s
 266552 93857 2124.01610   39   35 3400.00000 1000.00000  70.6%  71.6  225s
 273950 96730 1064.12877   28   37 3400.00000 1000.00000  70.6%  71.9  230s
 278444 98403 infeasible   37      3400.00000 1000.00000  70.6%  72.1  235s
 286833 101254 1213.91681   54   44 3400.00000 1000.00000  70.6%  71.8  240s
 293317 103618 2343.66671   48   31 3400.00000 1000.00000  70.6%  71.8  245s
 300359 105904 3200.00000   70   34 3400.00000 1000.00000  70.6%  71.8  250s
 305586 107560 2000.00000   85   32 3400.00000 1000.00000  70.6%  71.8  255s
 310931 109329 2200.00000   74   17 3400.00000 1000.00000  70.6%  71.9  260s
 318304 111935 infeasible   55      3400.00000 1000.00000  70.6%  71.9  265s
 324640 113998 infeasible   29      3400.00000 1000.00000  70.6%  71.8  270s
 333249 116989 2000.00000   62   29 3400.00000 1000.00000  70.6%  71.7  275s
 338313 118795 2000.00000   53   34 3400.00000 1000.00000  70.6%  71.7  280s
 345981 121511 3020.80250   78   30 3400.00000 1000.00000  70.6%  71.8  285s
 351657 123519 2000.00000   92   40 3400.00000 1000.00000  70.6%  71.9  290s
 359139 126489 infeasible   41      3400.00000 1000.00000  70.6%  71.9  295s
 365349 128662 2000.00000   27   34 3400.00000 1000.00000  70.6%  71.7  300s
 368672 129874 3000.00000   86   25 3400.00000 1000.00000  70.6%  71.6  305s
 377018 132895 2000.00000   52   22 3400.00000 1000.00000  70.6%  71.5  310s
 382192 134904 2054.58902   48   33 3400.00000 1000.00000  70.6%  71.6  315s
 386532 136281 2000.00000   47   27 3400.00000 1000.00000  70.6%  71.6  320s
 392307 138697 1000.00000   40   29 3400.00000 1000.00000  70.6%  71.6  325s
 397565 140569 2200.00000   40   21 3400.00000 1000.00000  70.6%  71.6  330s
 403216 142553 2000.00000   43   24 3400.00000 1000.00000  70.6%  71.6  335s
 410463 145092 2012.63262   35   38 3400.00000 1000.00000  70.6%  71.6  340s
 415599 146671 3200.00000   70   20 3400.00000 1000.00000  70.6%  71.5  345s
 421202 148688 2000.00000   36   34 3400.00000 1000.00000  70.6%  71.4  350s
 427057 151121 2000.00000   70   26 3400.00000 1000.00000  70.6%  71.4  355s
 433749 153551 2000.00000   55   28 3400.00000 1000.00000  70.6%  71.4  360s
 439730 155895 1000.00000   45   23 3400.00000 1000.00000  70.6%  71.4  365s
 447076 158691 2000.00000   56   29 3400.00000 1000.00000  70.6%  71.2  370s
 452844 160647 2027.75492   51   37 3400.00000 1000.00000  70.6%  71.2  375s
 457786 162527 infeasible   28      3400.00000 1000.00000  70.6%  71.3  380s
 463569 164928 2000.00000   53   29 3400.00000 1000.00000  70.6%  71.4  385s
 468740 166917 2017.74728   56   43 3400.00000 1000.00000  70.6%  71.4  390s
 474661 169185 infeasible   47      3400.00000 1000.00000  70.6%  71.5  395s
 480192 171270 2030.32492   56   46 3400.00000 1000.00000  70.6%  71.6  400s
 485074 172860 1000.00000   54   25 3400.00000 1000.00000  70.6%  71.6  405s
 490732 174814 2010.38195   50   42 3400.00000 1000.00000  70.6%  71.7  410s
 496190 176694 infeasible   55      3400.00000 1000.00000  70.6%  71.7  415s
 502825 179047 infeasible   76      3400.00000 1000.00000  70.6%  71.7  420s
 508567 180917 3000.00000   70   27 3400.00000 1000.00000  70.6%  71.8  425s
 513783 182812     cutoff   66      3400.00000 1000.00000  70.6%  71.8  430s
 521527 185217 infeasible   54      3400.00000 1000.00000  70.6%  71.7  435s
 527140 187412 2000.00000   45   20 3400.00000 1000.00000  70.6%  71.7  440s
 533537 189854 2230.71323   55   33 3400.00000 1000.00000  70.6%  71.7  445s
 538064 191609 2239.38865   70   29 3400.00000 1000.00000  70.6%  71.7  450s
 543910 193952 2000.00000   53   37 3400.00000 1000.00000  70.6%  71.8  455s
 549534 196005 3000.00000   59   21 3400.00000 1000.00000  70.6%  71.8  460s
 555641 198370 2000.00000   49   22 3400.00000 1000.00000  70.6%  71.7  465s
 562585 201402 3200.00000   64   22 3400.00000 1000.00000  70.6%  71.7  470s
 567257 203241 2000.00000   55   28 3400.00000 1000.00000  70.6%  71.8  475s
 572527 205359 2133.42217   59   31 3400.00000 1000.00000  70.6%  71.7  480s
 578965 207833 infeasible   65      3400.00000 1000.00000  70.6%  71.7  485s
 585128 209848 3200.00000   28   17 3400.00000 1000.00000  70.6%  71.6  490s
 592496 212466 2000.00000   72   25 3400.00000 1000.00000  70.6%  71.6  495s
 598221 214637 2090.50768   72   30 3400.00000 1000.00000  70.6%  71.5  500s
 604120 216927 2000.00000   51   26 3400.00000 1000.00000  70.6%  71.5  505s
 612371 219918 2200.00000   39   25 3400.00000 1000.00000  70.6%  71.4  510s
 617398 221533 3000.00000   59   38 3400.00000 1002.80291  70.5%  71.3  515s
 624725 223572 1101.84009   41   31 3400.00000 1035.49242  69.5%  71.2  520s
 630677 225097 infeasible   46      3400.00000 1055.55779  69.0%  71.1  525s
 636704 226721 2091.09345   50   33 3400.00000 1072.47983  68.5%  71.0  530s
 644153 228903 2000.00000   53   28 3400.00000 1084.15342  68.1%  70.8  535s
 650200 230723 infeasible   85      3400.00000 1092.63466  67.9%  70.7  540s
 656887 232568 infeasible   50      3400.00000 1102.46747  67.6%  70.5  545s
 665128 234585 2000.00000   57   20 3400.00000 1118.06281  67.1%  70.3  550s
 671754 236115 2000.00000   36   30 3400.00000 1133.16742  66.7%  70.2  555s
 677876 237825 2000.00000   68   33 3400.00000 1145.10074  66.3%  70.1  560s
 687165 239721 1332.90764   55   33 3400.00000 1164.11221  65.8%  69.9  565s
 693571 241033 3200.00000   77   22 3400.00000 1180.64797  65.3%  69.7  570s
 701759 242556 2231.13449   42   37 3400.00000 1200.00000  64.7%  69.6  575s
 703544 242922     cutoff   77      3400.00000 1200.00000  64.7%  69.6  580s
 708796 243861 infeasible   45      3400.00000 1214.47981  64.3%  69.6  585s
 716680 245476 2000.00000   73   29 3400.00000 1242.84269  63.4%  69.4  590s
 723519 246945 3200.00000   64   28 3400.00000 1266.35262  62.8%  69.3  595s
 729686 248123 infeasible   70      3400.00000 1289.78181  62.1%  69.2  600s
 738017 249870 2200.00000   72   18 3400.00000 1321.83178  61.1%  69.0  605s
 745609 251236 3200.00000   30   21 3400.00000 1351.17230  60.3%  68.9  610s
 752011 252330 3200.00000   57   29 3400.00000 1383.72669  59.3%  68.8  615s
 760329 253496 infeasible   59      3400.00000 1467.94052  56.8%  68.7  620s
 766357 254768 2000.00000   58   28 3400.00000 1500.00000  55.9%  68.6  625s
 774989 256581 2000.00000   53   27 3400.00000 1578.40063  53.6%  68.5  630s
 781740 257409 2200.00000   30   25 3400.00000 1632.77709  52.0%  68.3  635s
 789409 258227 infeasible   47      3400.00000 1765.78661  48.1%  68.3  640s
 795916 260244 infeasible   64      3400.00000 2000.00000  41.2%  68.2  645s
 803927 263810 2000.00000   41   30 3400.00000 2000.00000  41.2%  68.2  650s
 809618 266158 infeasible   63      3400.00000 2000.00000  41.2%  68.2  655s
 814560 268094 infeasible   58      3400.00000 2000.00000  41.2%  68.2  660s
 820338 270755 3000.00000   61   22 3400.00000 2000.00000  41.2%  68.2  665s
 827989 273710 2000.00000   62   25 3400.00000 2000.00000  41.2%  68.2  670s
 834756 275570 3200.00000   56   18 3400.00000 2000.00000  41.2%  68.1  675s
 841862 276624 infeasible   60      3400.00000 2000.00000  41.2%  68.0  680s
 851015 277871 2000.00000   36   20 3400.00000 2000.00000  41.2%  67.9  685s
 856591 278694 2158.81726   55   27 3400.00000 2000.00000  41.2%  67.8  690s
 863435 279615 infeasible   72      3400.00000 2000.00000  41.2%  67.7  695s
 872666 280745     cutoff   55      3400.00000 2000.00000  41.2%  67.6  700s
 879118 281483 infeasible   86      3400.00000 2000.00000  41.2%  67.5  705s
 886613 282390 2000.00000   73   31 3400.00000 2000.00000  41.2%  67.4  710s
 895745 283573 2125.15023   47   34 3400.00000 2000.00000  41.2%  67.3  715s
 901118 284364 3000.00000   55   33 3400.00000 2000.00000  41.2%  67.2  720s
 908537 285199 2000.00000   79   20 3400.00000 2000.00000  41.2%  67.2  725s
 916675 286257 infeasible   45      3400.00000 2000.00000  41.2%  67.1  730s
 924197 287092 3000.00000   68   28 3400.00000 2000.00000  41.2%  67.0  735s
 931843 287837 2000.00000   51   29 3400.00000 2000.00000  41.2%  66.9  740s
 940065 288557 2000.00000   51   18 3400.00000 2000.00000  41.2%  66.8  745s
 948451 289267     cutoff   60      3400.00000 2000.00000  41.2%  66.7  750s
 955828 289743 2000.00000   66   23 3400.00000 2000.00000  41.2%  66.6  755s
 962567 290420 infeasible   60      3400.00000 2000.00000  41.2%  66.5  760s
 969804 291183 3000.00000   75   27 3400.00000 2000.00000  41.2%  66.5  765s
 978869 292287 3000.00000   73   33 3400.00000 2000.00000  41.2%  66.4  770s
 985567 293098     cutoff   55      3400.00000 2000.00000  41.2%  66.3  775s
 992288 294017 2000.00000   59   22 3400.00000 2000.00000  41.2%  66.3  780s
 1001395 295207 2000.00000   40   24 3400.00000 2000.00000  41.2%  66.2  785s
 1007287 295893 2000.00000   23   25 3400.00000 2000.00000  41.2%  66.1  790s
 1013708 296468     cutoff   45      3400.00000 2000.00000  41.2%  66.1  795s
 1022520 297348 2434.03586   59   35 3400.00000 2000.00000  41.2%  66.0  800s
 1029246 298005 3000.00000   72   29 3400.00000 2000.00000  41.2%  66.0  805s
 1035617 298800 infeasible   41      3400.00000 2000.00000  41.2%  65.9  810s
 1044806 299879 infeasible   68      3400.00000 2000.00000  41.2%  65.9  815s
 1051219 300519 2000.00000   38   17 3400.00000 2000.00000  41.2%  65.8  820s
 1059483 301140 infeasible   41      3400.00000 2000.00000  41.2%  65.7  825s
 1066558 301482 infeasible   55      3400.00000 2000.00000  41.2%  65.6  830s
 1074054 301936 infeasible   71      3400.00000 2000.00000  41.2%  65.6  835s
 1082255 302838 3114.75713   72   37 3400.00000 2000.00000  41.2%  65.5  840s
 1088417 303555 infeasible   78      3400.00000 2000.00000  41.2%  65.5  845s
 1096011 304354     cutoff   76      3400.00000 2000.00000  41.2%  65.4  850s
 1104391 305255 2000.00000   65   23 3400.00000 2000.00000  41.2%  65.4  855s
 1110480 305819 3086.16735   42   27 3400.00000 2000.00000  41.2%  65.3  860s
 1119617 306613 3000.00000   34   27 3400.00000 2000.00000  41.2%  65.2  865s
 1129662 307297 3200.00000   35   24 3400.00000 2000.00000  41.2%  65.1  870s
 1135287 307815 infeasible   74      3400.00000 2000.00000  41.2%  65.1  875s
 1143690 308855 2019.97968   53   30 3400.00000 2000.00000  41.2%  65.0  880s
 1151395 309650 2000.00000   33   24 3400.00000 2000.00000  41.2%  65.0  885s
 1158011 310443 3200.00000   75   21 3400.00000 2000.00000  41.2%  64.9  890s
 1164350 311392 2000.00000   53   23 3400.00000 2000.00000  41.2%  64.9  895s
 1172625 312419 infeasible   67      3400.00000 2000.00000  41.2%  64.9  900s
 1179263 313093 2000.00000   77   25 3400.00000 2000.00000  41.2%  64.8  905s
 1187750 314060 infeasible   76      3400.00000 2000.00000  41.2%  64.8  910s
 1195031 314786 3200.00000   76   26 3400.00000 2000.00000  41.2%  64.8  915s
 1200799 315302 infeasible   61      3400.00000 2000.00000  41.2%  64.7  920s
 1207105 315986 2254.76545   72   28 3400.00000 2000.00000  41.2%  64.7  925s
 1215582 316571 infeasible   55      3400.00000 2000.00000  41.2%  64.7  930s
 1223402 316945 infeasible   50      3400.00000 2000.00000  41.2%  64.6  935s
 1230753 317155 infeasible   80      3400.00000 2000.00000  41.2%  64.5  940s
 1237973 317492 2000.00000   29   19 3400.00000 2000.00000  41.2%  64.5  945s
 1245348 317893 2000.00000   49   19 3400.00000 2000.00000  41.2%  64.4  950s
 1254409 318602 2270.27611   39   35 3400.00000 2000.00000  41.2%  64.4  955s
 1260892 319255 2264.34119   57   30 3400.00000 2000.00000  41.2%  64.4  960s
 1267381 319851 infeasible   61      3400.00000 2000.00000  41.2%  64.3  965s
 1275608 320822 3200.00000   54   18 3400.00000 2000.00000  41.2%  64.3  970s
 1280850 321316 3200.00000   72   34 3400.00000 2000.00000  41.2%  64.3  975s
 1287968 321986 2010.23401   38   36 3400.00000 2000.00000  41.2%  64.3  980s
 1294964 322555 2000.00000   62   22 3400.00000 2000.00000  41.2%  64.2  985s
 1298936 322969 3200.00000   55   19 3400.00000 2000.00000  41.2%  64.2  990s
 1305510 323524 infeasible   92      3400.00000 2000.00000  41.2%  64.2  995s
 1314525 324256 3200.00000   50   24 3400.00000 2000.00000  41.2%  64.1 1000s
 1321203 324759 3200.00000   55   15 3400.00000 2000.00000  41.2%  64.1 1005s
 1328478 325274 2614.18969   64   23 3400.00000 2000.00000  41.2%  64.0 1010s
 1336202 326089 2000.00000   49   29 3400.00000 2000.00000  41.2%  64.0 1015s
 1343414 326696 2173.98282   62   28 3400.00000 2000.00000  41.2%  63.9 1020s
 1351217 327515 2000.00000   58   22 3400.00000 2000.00000  41.2%  63.9 1025s
 1359224 328197 2146.77472   73   41 3400.00000 2000.00000  41.2%  63.9 1030s
 1365691 329089 2184.35526   42   32 3400.00000 2000.00000  41.2%  63.8 1035s
 1372268 329681 infeasible   31      3400.00000 2000.00000  41.2%  63.8 1040s
 1379007 330397 infeasible   51      3400.00000 2000.00000  41.2%  63.8 1045s
 1386952 331154 2081.80460   68   41 3400.00000 2000.00000  41.2%  63.8 1050s
 1393972 331695 2000.00000   43   25 3400.00000 2000.00000  41.2%  63.7 1055s
 1402146 332349 infeasible   70      3400.00000 2000.00000  41.2%  63.7 1060s
 1406976 332837 2000.00000   47   28 3400.00000 2000.00000  41.2%  63.7 1065s
 1413693 333534 2128.01919   47   28 3400.00000 2000.00000  41.2%  63.7 1070s
 1420503 334043 infeasible   75      3400.00000 2000.00000  41.2%  63.7 1075s
 1428816 334310     cutoff   67      3400.00000 2000.00000  41.2%  63.6 1080s
 1434462 334511     cutoff   52      3400.00000 2000.00000  41.2%  63.6 1085s
 1443022 335037 2000.00000   54   22 3400.00000 2000.00000  41.2%  63.6 1090s
 1450761 335635 3000.00000   58   26 3400.00000 2000.00000  41.2%  63.5 1095s
 1457362 335875 2248.66188   51   26 3400.00000 2000.00000  41.2%  63.5 1100s
 1466560 336294 infeasible   55      3400.00000 2000.00000  41.2%  63.5 1105s
 1475621 336593 2814.38449   57   27 3400.00000 2000.00000  41.2%  63.4 1110s
 1482573 336730 infeasible   56      3400.00000 2000.00000  41.2%  63.4 1115s
 1489413 336949 2000.00000   69   21 3400.00000 2000.00000  41.2%  63.4 1120s
 1495974 337270 3000.00000   32   26 3400.00000 2000.00000  41.2%  63.3 1125s
 1505245 337769 infeasible   62      3400.00000 2000.00000  41.2%  63.3 1130s
 1511688 338241 2000.00000   38   24 3400.00000 2000.00000  41.2%  63.3 1135s
 1518993 338957 infeasible   66      3400.00000 2000.00000  41.2%  63.3 1140s
 1525790 339573 3000.00000   84   22 3400.00000 2000.00000  41.2%  63.2 1145s
 1531607 340271 2000.00000   54   28 3400.00000 2000.00000  41.2%  63.2 1150s
 1538354 341027 infeasible   73      3400.00000 2000.00000  41.2%  63.2 1155s
 1547596 341750 infeasible   74      3400.00000 2000.00000  41.2%  63.2 1160s
 1554276 342387 2000.00000   99   30 3400.00000 2000.00000  41.2%  63.2 1165s
 1563279 343090 2199.12346   46   26 3400.00000 2000.00000  41.2%  63.1 1170s
 1569712 343622 infeasible   54      3400.00000 2000.00000  41.2%  63.1 1175s
 1576250 344118 2000.00000   69   28 3400.00000 2000.00000  41.2%  63.1 1180s
 1582688 344616 infeasible   51      3400.00000 2000.00000  41.2%  63.1 1185s
 1591543 345368 infeasible   69      3400.00000 2000.00000  41.2%  63.0 1190s
 1598267 345895 infeasible   48      3400.00000 2000.00000  41.2%  63.0 1195s
 1606734 346620     cutoff   53      3400.00000 2000.00000  41.2%  63.0 1200s
 1613464 347181 infeasible   58      3400.00000 2000.00000  41.2%  62.9 1205s
 1620361 347649 3000.00000   35   24 3400.00000 2000.00000  41.2%  62.9 1210s
 1629015 348391 2214.02949   52   30 3400.00000 2000.00000  41.2%  62.9 1215s
 1634930 348964     cutoff   48      3400.00000 2000.00000  41.2%  62.9 1220s
 1641800 349607 2058.20213   35   34 3400.00000 2000.00000  41.2%  62.9 1225s
 1650059 350375 infeasible   56      3400.00000 2000.00000  41.2%  62.8 1230s
 1657677 351249 2000.00000   48   25 3400.00000 2000.00000  41.2%  62.8 1235s
 1663196 351595 2000.00000   35   23 3400.00000 2000.00000  41.2%  62.8 1240s
 1671694 352570 2000.00000   61   24 3400.00000 2000.00000  41.2%  62.8 1245s
 1677699 353210 2702.56895   52   24 3400.00000 2000.00000  41.2%  62.7 1250s
 1684541 353714 infeasible   68      3400.00000 2000.00000  41.2%  62.7 1255s
 1693629 354528     cutoff   39      3400.00000 2000.00000  41.2%  62.7 1260s
 1700200 355051 3200.00000   66   25 3400.00000 2000.00000  41.2%  62.7 1265s
 1706658 355613 infeasible   66      3400.00000 2000.00000  41.2%  62.7 1270s
 1715003 355760 2000.00000   66   29 3400.00000 2000.00000  41.2%  62.7 1275s
 1721626 356083 infeasible   49      3400.00000 2000.00000  41.2%  62.7 1280s
 1730837 356300 infeasible   56      3400.00000 2000.00000  41.2%  62.7 1285s
 1736754 356496 infeasible   64      3400.00000 2000.00000  41.2%  62.6 1290s
 1744189 356842     cutoff   45      3400.00000 2000.00000  41.2%  62.6 1295s
 1751584 356977 2000.00000   58   26 3400.00000 2000.00000  41.2%  62.6 1300s
 1759000 357293 infeasible   54      3400.00000 2000.00000  41.2%  62.6 1305s
 1765555 357514     cutoff   46      3400.00000 2000.00000  41.2%  62.6 1310s
 1774806 357837 3023.09660   57   35 3400.00000 2000.00000  41.2%  62.5 1315s
 1780765 358283 2000.00000   36   19 3400.00000 2000.00000  41.2%  62.5 1320s
 1789760 358787 2131.34731   78   32 3400.00000 2000.00000  41.2%  62.5 1325s
 1796250 359122 2061.96649   48   35 3400.00000 2000.00000  41.2%  62.5 1330s
 1802887 359305 2000.00000   42   24 3400.00000 2000.00000  41.2%  62.5 1335s
 1805248 359346 3000.00000   34   21 3400.00000 2000.00000  41.2%  62.5 1340s
 1810893 359528 2254.05184   46   33 3400.00000 2000.00000  41.2%  62.5 1345s
 1816826 359722 infeasible   38      3400.00000 2000.00000  41.2%  62.4 1350s
 1823416 359876 3200.00000   66   29 3400.00000 2000.00000  41.2%  62.4 1355s
 1832161 360027 infeasible   40      3400.00000 2000.00000  41.2%  62.4 1360s
 1837957 360347 2007.48257   62   35 3400.00000 2000.00000  41.2%  62.4 1365s
 1846323 360680 3055.82981   75   33 3400.00000 2000.00000  41.2%  62.3 1370s
 1853900 361078 3200.00000   70   25 3400.00000 2000.00000  41.2%  62.3 1375s
 1860664 361593 2000.00000   56   28 3400.00000 2000.00000  41.2%  62.3 1380s
 1867119 362233 2000.00000   77   24 3400.00000 2000.00000  41.2%  62.3 1385s
 1875428 362991 infeasible   98      3400.00000 2000.00000  41.2%  62.3 1390s
 1882191 363771 infeasible   55      3400.00000 2000.00000  41.2%  62.3 1395s
 1890268 364418 infeasible   49      3400.00000 2000.00000  41.2%  62.3 1400s
 1895416 364826 infeasible   54      3400.00000 2000.00000  41.2%  62.3 1405s
 1902069 365375 2031.82834   65   31 3400.00000 2000.00000  41.2%  62.3 1410s
 1907881 365804 3200.00000   47   20 3400.00000 2000.00000  41.2%  62.3 1415s
 1916122 366652 infeasible   50      3400.00000 2000.00000  41.2%  62.3 1420s
 1922747 367259 3000.00000   76   29 3400.00000 2000.00000  41.2%  62.3 1425s
 1931146 367977 infeasible   50      3400.00000 2000.00000  41.2%  62.3 1430s
 1938954 368464 infeasible   49      3400.00000 2000.00000  41.2%  62.2 1435s
 1945335 368928 infeasible   50      3400.00000 2000.00000  41.2%  62.2 1440s
 1952712 369257 2000.00000   48   21 3400.00000 2000.00000  41.2%  62.2 1445s
 1959514 369851 2036.84865   57   34 3400.00000 2000.00000  41.2%  62.2 1450s
 1968112 370308 3200.00000   38   14 3400.00000 2000.00000  41.2%  62.1 1455s
 1975404 370679 infeasible   65      3400.00000 2000.00000  41.2%  62.1 1460s
 1981473 371102 2048.45665   37   43 3400.00000 2000.00000  41.2%  62.1 1465s
 1988697 371439 infeasible   51      3400.00000 2000.00000  41.2%  62.1 1470s
 1997156 371865     cutoff   53      3400.00000 2000.00000  41.2%  62.1 1475s
 2003549 372255 2411.53343   92   24 3400.00000 2000.00000  41.2%  62.1 1480s
 2011645 372990 infeasible   66      3400.00000 2000.00000  41.2%  62.1 1485s
 2018752 373549 infeasible   91      3400.00000 2000.00000  41.2%  62.1 1490s
 2025381 374084 3000.00000   69   34 3400.00000 2000.00000  41.2%  62.1 1495s
 2032185 374670 2000.00000   52   19 3400.00000 2000.00000  41.2%  62.0 1500s
 2041470 375230 2031.92597   86   23 3400.00000 2000.00000  41.2%  62.0 1505s
 2048155 375752 2000.00000   60   27 3400.00000 2000.00000  41.2%  62.0 1510s
 2055623 376380 3000.00000   55   21 3400.00000 2000.00000  41.2%  62.0 1515s
 2063724 376792 3200.00000   55   20 3400.00000 2000.00000  41.2%  61.9 1520s
 2073009 377404 infeasible   50      3400.00000 2000.00000  41.2%  61.9 1525s
 2078472 377683 2000.00000   49   25 3400.00000 2000.00000  41.2%  61.9 1530s
 2085071 378065 infeasible   70      3400.00000 2000.00000  41.2%  61.9 1535s
 2091514 378414 infeasible   31      3400.00000 2000.00000  41.2%  61.9 1540s
 2099730 378976 2000.00000   43   32 3400.00000 2000.00000  41.2%  61.8 1545s
 2106303 379532 2015.61921   35   33 3400.00000 2000.00000  41.2%  61.8 1550s
 2114594 379985 infeasible   70      3400.00000 2000.00000  41.2%  61.8 1555s
 2121991 380538 2069.93226   72   35 3400.00000 2000.00000  41.2%  61.8 1560s
 2130205 381224     cutoff   65      3400.00000 2000.00000  41.2%  61.8 1565s
 2137637 381861 2000.00000   55   27 3400.00000 2000.00000  41.2%  61.8 1570s
 2144149 382260 3000.00000   62   38 3400.00000 2000.00000  41.2%  61.8 1575s
 2150830 382646 infeasible   44      3400.00000 2000.00000  41.2%  61.7 1580s
 2159395 383167 2001.43254   49   34 3400.00000 2000.00000  41.2%  61.7 1585s
 2166285 383671 3000.00000   52   30 3400.00000 2000.00000  41.2%  61.7 1590s
 2173130 384123 2018.92025   61   36 3400.00000 2000.00000  41.2%  61.7 1595s
 2182101 384651 2023.39805   68   43 3400.00000 2000.00000  41.2%  61.7 1600s
 2187835 385025 3000.00000   49   19 3400.00000 2000.00000  41.2%  61.7 1605s
 2194339 385567 2106.74203   30   31 3400.00000 2000.00000  41.2%  61.7 1610s
 2202834 386218 infeasible   57      3400.00000 2000.00000  41.2%  61.7 1615s
 2209236 386992 2000.00000   65   26 3400.00000 2000.00000  41.2%  61.6 1620s
 2215612 387727 3000.00000   60   31 3400.00000 2000.00000  41.2%  61.6 1625s
 2223639 388320 2049.67426   44   39 3400.00000 2000.00000  41.2%  61.7 1630s
 2230263 388586     cutoff   43      3400.00000 2000.00000  41.2%  61.7 1635s
 2236282 389019 infeasible   47      3400.00000 2000.00000  41.2%  61.7 1640s
 2244051 389704 infeasible   54      3400.00000 2000.00000  41.2%  61.7 1645s
 2249707 389975     cutoff   48      3400.00000 2000.00000  41.2%  61.7 1650s
 2256445 390497 infeasible   63      3400.00000 2000.00000  41.2%  61.7 1655s
 2264700 391311 3200.00000   45   22 3400.00000 2000.00000  41.2%  61.7 1660s
 2271266 391790 infeasible   49      3400.00000 2000.00000  41.2%  61.7 1665s
 2276386 392176 2000.00000   46   28 3400.00000 2000.00000  41.2%  61.7 1670s
 2285377 392533 infeasible   46      3400.00000 2000.00000  41.2%  61.7 1675s
 2292987 392798 infeasible   59      3400.00000 2000.00000  41.2%  61.6 1680s
 2299804 392871 2000.00000   60   27 3400.00000 2000.00000  41.2%  61.6 1685s
 2307196 393057 3000.00000   51   27 3400.00000 2000.00000  41.2%  61.6 1690s
 2313594 393074 3000.00000   79   25 3400.00000 2000.00000  41.2%  61.6 1695s
 2319942 393290 2000.00000   72   25 3400.00000 2000.00000  41.2%  61.6 1700s
 2328894 393402 2016.88527   41   33 3400.00000 2000.00000  41.2%  61.6 1705s
 2334434 393664 infeasible   57      3400.00000 2000.00000  41.2%  61.6 1710s
 2343613 393946 2000.00000   72   21 3400.00000 2000.00000  41.2%  61.6 1715s
 2350126 394053 2000.00000   69   32 3400.00000 2000.00000  41.2%  61.6 1720s
 2355939 394155     cutoff   75      3400.00000 2000.00000  41.2%  61.6 1725s
 2363227 394439 infeasible   36      3400.00000 2000.00000  41.2%  61.6 1730s
 2369679 394622 2000.00000   63   25 3400.00000 2000.00000  41.2%  61.6 1735s
 2376836 394773 3000.00000   56   20 3400.00000 2000.00000  41.2%  61.5 1740s
 2385698 395223 infeasible   97      3400.00000 2000.00000  41.2%  61.5 1745s
 2391619 395471 3200.00000   69   28 3400.00000 2000.00000  41.2%  61.5 1750s
 2399446 395501 2000.00000   62   30 3400.00000 2000.00000  41.2%  61.5 1755s
 2406014 395857 infeasible   64      3400.00000 2000.00000  41.2%  61.5 1760s
 2412790 396037 infeasible   68      3400.00000 2000.00000  41.2%  61.5 1765s
 2421082 396236 infeasible   64      3400.00000 2000.00000  41.2%  61.5 1770s
 2427797 396475 2000.00000   48   23 3400.00000 2000.00000  41.2%  61.5 1775s
 2434112 396804 infeasible   49      3400.00000 2000.00000  41.2%  61.5 1780s
 2442525 397205 infeasible   61      3400.00000 2000.00000  41.2%  61.5 1785s
 2447960 397648 infeasible   59      3400.00000 2000.00000  41.2%  61.5 1790s
 2454174 397768 infeasible   52      3400.00000 2000.00000  41.2%  61.5 1795s
 2462494 397903 infeasible   46      3400.00000 2000.00000  41.2%  61.5 1800s

Cutting planes:
  Learned: 7
  Cover: 4
  Implied bound: 6
  Projected implied bound: 11
  Dual implied bound: 2
  Clique: 2
  MIR: 14
  Flow cover: 50
  GUB cover: 6
  Inf proof: 62
  Zero half: 1
  RLT: 1
  Relax-and-lift: 16

Explored 2462927 nodes (151495639 simplex iterations) in 1800.01 seconds (1054.12 work units)
Thread count was 8 (of 8 available processors)

Solution count 8: 3400 4600 5600 ... 16200

Time limit reached
Best objective 3.400000000000e+03, best bound 2.000000000000e+03, gap 41.1765%
