
Gurobi 13.0.1 (linux64) logging started Fri Apr 24 04:22:52 2026

Set parameter LogFile to value "experiments/20260422_213746/logs/Inst_24_Hard_Phantom_46__ribeiro.log"
Set parameter LogToConsole to value 0
Set parameter TimeLimit to value 1800
Gurobi Optimizer version 13.0.1 build v13.0.1rc0 (linux64 - "Ubuntu 24.04.4 LTS")

CPU model: Intel(R) Core(TM) i5-8250U CPU @ 1.60GHz, instruction set [SSE2|AVX|AVX2]
Thread count: 4 physical cores, 8 logical processors, using up to 8 threads

Non-default parameters:
TimeLimit  1800
LogToConsole  0

Optimize a model with 11778 rows, 3623 columns and 39513 nonzeros (Min)
Model fingerprint: 0x2fc9d8cf
Model has 70 linear objective coefficients
Variable types: 118 continuous, 3505 integer (3434 binary)
Coefficient statistics:
  Matrix range     [1e+00, 3e+04]
  Objective range  [1e+03, 1e+03]
  Bounds range     [1e+00, 3e+04]
  RHS range        [1e+00, 7e+04]

Presolve removed 1429 rows and 34 columns
Presolve time: 0.14s
Presolved: 10349 rows, 3589 columns, 37023 nonzeros
Variable types: 104 continuous, 3485 integer (3415 binary)

Root relaxation: objective 0.000000e+00, 1022 iterations, 0.04 seconds (0.04 work units)

    Nodes    |    Current Node    |     Objective Bounds      |     Work
 Expl Unexpl |  Obj  Depth IntInf | Incumbent    BestBd   Gap | It/Node Time

     0     0    0.00000    0   83          -    0.00000      -     -    0s
     0     0    0.00000    0  133          -    0.00000      -     -    1s
     0     0    0.00000    0  137          -    0.00000      -     -    1s
     0     0    0.00000    0  136          -    0.00000      -     -    2s
     0     0    0.00000    0  111          -    0.00000      -     -    2s
     0     0    0.00000    0   85          -    0.00000      -     -    3s
     0     0    0.00000    0  120          -    0.00000      -     -    4s
     0     0    0.00000    0  108          -    0.00000      -     -    4s
     0     0    0.00000    0  148          -    0.00000      -     -    4s
     0     0    0.00000    0  141          -    0.00000      -     -    5s
     0     0    0.00000    0   92          -    0.00000      -     -    6s
     0     0    0.00000    0  125          -    0.00000      -     -    6s
     0     0    0.00000    0  136          -    0.00000      -     -    6s
     0     0    0.00000    0  141          -    0.00000      -     -    6s
     0     0    0.00000    0  134          -    0.00000      -     -    6s
H    0     0                    36000.000000    0.00000   100%     -    7s
     0     0    0.00000    0  166 36000.0000    0.00000   100%     -    7s
     0     0    0.00000    0  103 36000.0000    0.00000   100%     -    8s
H    0     0                    35000.000000    0.00000   100%     -    8s
H    0     0                    33800.000000    0.00000   100%     -    8s
H    0     0                    31600.000000    0.00000   100%     -    8s
H    0     0                    30600.000000    0.00000   100%     -    8s
     0     0    0.00000    0  136 30600.0000    0.00000   100%     -    9s
     0     0    0.00000    0  131 30600.0000    0.00000   100%     -    9s
     0     0    0.00000    0  147 30600.0000    0.00000   100%     -    9s
     0     0    0.00000    0   96 30600.0000    0.00000   100%     -   11s
     0     0    0.00000    0  120 30600.0000    0.00000   100%     -   12s
     0     0    0.00000    0   92 30600.0000    0.00000   100%     -   13s
H    0     0                    27200.000000    0.00000   100%     -   13s
H    0     0                    26000.000000    0.00000   100%     -   13s
H    0     0                    25800.000000    0.00000   100%     -   13s
H    0     0                    24600.000000    0.00000   100%     -   13s
H    0     0                    23600.000000    0.00000   100%     -   14s
H    0     0                    22400.000000    0.00000   100%     -   14s
     0     2    0.00000    0   85 22400.0000    0.00000   100%     -   15s
H   13    16                    21200.000000    0.00000   100%   993   16s
H   17    21                    20200.000000    0.00000   100%   785   16s
H   36    37                    19000.000000    0.00000   100%   672   18s
    50    53    0.00000   13  114 19000.0000    0.00000   100%   629   20s
H   71    67                    17800.000000    0.00000   100%   636   22s
    84    83 1000.00000   20  139 17800.0000    0.00000   100%   603   25s
   129   150    0.00000   22   99 17800.0000    0.00000   100%   511   30s
   218   218    0.00000   26  118 17800.0000    0.00000   100%   402   36s
H  235   262                    16800.000000    0.00000   100%   389   37s
   457   503    0.00000   42  117 16800.0000    0.00000   100%   337   40s
   587   521    0.00000   57  106 16800.0000    0.00000   100%   307   45s
   597   581    0.00000   59  114 16800.0000    0.00000   100%   306   50s
   785   763    0.00000   76  104 16800.0000    0.00000   100%   289   56s
   954   926   19.26180   85  125 16800.0000    0.00000   100%   286   62s
  1105  1147 1000.00000   98  113 16800.0000    0.00000   100%   287   65s
  1592  1363 5200.00000  127   92 16800.0000    0.00000   100%   279   73s
H 1593  1295                    15600.000000    0.00000   100%   279   76s
  1596  1297 3400.00000   98  136 15600.0000    0.00000   100%   278   81s
  1597  1297 3200.00000  166  140 15600.0000    0.00000   100%   278   89s
  1598  1298 3200.00000  101  149 15600.0000    0.00000   100%   278   91s
  1599  1299 7666.28133  201  127 15600.0000    0.00000   100%   278   99s
  1600  1299 3200.00000   55  155 15600.0000    0.00000   100%   278  100s
  1601  1300 6200.00000  179  137 15600.0000    0.00000   100%   277  105s
  1603  1301 1000.00000  104  141 15600.0000    0.00000   100%   277  113s
  1604  1302 1000.00000   21  152 15600.0000    0.00000   100%   277  115s
  1606  1303 3400.00000  144  137 15600.0000    0.00000   100%   277  120s
  1608  1305 1000.00000   53  148 15600.0000    0.00000   100%   276  125s
  1610  1306 2339.76452   12  148 15600.0000    0.00000   100%   276  130s
  1611  1307 2200.00000   22  137 15600.0000    0.00000   100%   276  137s
  1612  1307    0.00000   58  134 15600.0000    0.00000   100%   276  140s
  1614  1312    0.00000   16  130 15600.0000    0.00000   100%   329  152s
  1620  1318    0.00000   18  104 15600.0000    0.00000   100%   332  157s
  1629  1325    0.00000   20  100 15600.0000    0.00000   100%   333  162s
  1641  1338    0.00000   21   99 15600.0000    0.00000   100%   341  166s
  1658  1345    0.00000   22  101 15600.0000    0.00000   100%   349  172s
  1664  1347    0.00000   22  102 15600.0000    0.00000   100%   362  175s
  1672  1356    0.00000   23  106 15600.0000    0.00000   100%   366  184s
  1680  1370    0.00000   26   99 15600.0000    0.00000   100%   369  190s
  1696  1382    0.00000   27  106 15600.0000    0.00000   100%   394  196s
  1714  1415    0.00000   29   89 15600.0000    0.00000   100%   423  205s
  1753  1449    0.00000   31   98 15600.0000    0.00000   100%   446  212s
  1800  1458    0.00000   35   98 15600.0000    0.00000   100%   466  220s
  1824  1454    0.00000   39  108 15600.0000    0.00000   100%   500  227s
  1828  1481 1000.00000   39   97 15600.0000    0.00000   100%   503  234s
  1857  1505    0.00000   42  101 15600.0000    0.00000   100%   505  240s
  1890  1521  619.34866   45  105 15600.0000    0.00000   100%   523  251s
  1917  1537    0.00000   48  101 15600.0000    0.00000   100%   553  256s
  1942  1557 1200.00000   50   93 15600.0000    0.00000   100%   584  263s
  1971  1572  291.54704   53  114 15600.0000    0.00000   100%   605  271s
  1995  1587    0.00000   55   97 15600.0000    0.00000   100%   613  281s
  2018  1596    0.00000   57   86 15600.0000    0.00000   100%   631  289s
  2035  1611  238.81029   59  117 15600.0000    0.00000   100%   661  296s
  2056  1620    0.00000   61   81 15600.0000    0.00000   100%   684  303s
  2072  1644    0.00000   64   93 15600.0000    0.00000   100%   692  309s
  2101  1664 1000.00000   66   98 15600.0000    0.00000   100%   703  317s
  2131  1687   22.67025   67  131 15600.0000    0.00000   100%   722  324s
  2164  1705 1000.00000   68   91 15600.0000    0.00000   100%   737  330s
  2193  1700  384.01928   70  151 15600.0000    0.00000   100%   761  338s
  2197  1720 1200.00000   70   99 15600.0000    0.00000   100%   766  344s
  2219  1748  578.88181   73  132 15600.0000    0.00000   100%   795  351s
  2254  1818 1000.00000   77   75 15600.0000    0.00000   100%   814  358s
  2336  1814 2348.80283   92   89 15600.0000    0.00000   100%   824  365s
  2359  1810 2200.00000   97   68 15600.0000    0.00000   100%   828  373s
  2363  1832 4200.00000   97   62 15600.0000    0.00000   100%   828  381s
  2386  1887 2200.00000  102   85 15600.0000    0.00000   100%   833  389s
  2453  1936 2200.00000  114   73 15600.0000    0.00000   100%   841  397s
  2528  2014 4600.00000  122   73 15600.0000    0.00000   100%   858  405s
  2637  2108 4400.00000  134   73 15600.0000    0.00000   100%   859  414s
  2790  2175 5400.00000  155   56 15600.0000    0.00000   100%   844  422s
  2929  2149 8600.00000  169   51 15600.0000    0.00000   100%   833  429s
  2980  2180 7400.00000  181   48 15600.0000    0.00000   100%   833  438s
  3056  2199    0.00000   20  122 15600.0000    0.00000   100%   843  446s
  3113  2210    0.00000   23  116 15600.0000    0.00000   100%   856  454s
  3154  2237    0.00000   25   97 15600.0000    0.00000   100%   873  463s
  3206  2245  291.98090   27  133 15600.0000    0.00000   100%   892  473s
  3237  2262    0.00000   31  120 15600.0000    0.00000   100%   917  482s
  3264  2281    0.00000   34  105 15600.0000    0.00000   100%   947  491s
  3292  2306    0.00000   37  106 15600.0000    0.00000   100%   976  501s
  3327  2317 1012.13573   40  105 15600.0000    0.00000   100%  1005  512s
  3349  2332    0.00000   42  110 15600.0000    0.00000   100%  1031  522s
  3372  2355    0.00000   45  104 15600.0000    0.00000   100%  1050  532s
  3402  2349    0.00000   49  106 15600.0000    0.00000   100%  1080  544s
  3406  2351    0.00000   50   99 15600.0000    0.00000   100%  1082  556s
  3410  2354 1000.00000   50  122 15600.0000    0.00000   100%  1087  569s
H 3414  2297                    15400.000000    0.00000   100%  1091  581s
  3423  2323  242.98655   51  127 15400.0000    0.00000   100%  1102  594s
  3452  2357  418.34812   54  110 15400.0000    0.00000   100%  1128  606s
  3496  2378 1000.00000   58  122 15400.0000    0.00000   100%  1153  618s
  3532  2428    0.00000   61  115 15400.0000    0.00000   100%  1170  630s
  3594  2473    0.00000   65  105 15400.0000    0.00000   100%  1196  644s
  3659  2562 2000.00000   70  103 15400.0000    0.00000   100%  1214  658s
  3770  2579    0.00000   76   94 15400.0000    0.00000   100%  1229  673s
  3824  2688    0.00000   82   90 15400.0000    0.00000   100%  1240  688s
  3959  2783    0.00000   88  102 15400.0000    0.00000   100%  1256  705s
  4133  2881 1000.00000   93  115 15400.0000    0.00000   100%  1253  721s
  4301  2897  171.67605   98  124 15400.0000    0.00000   100%  1252  739s
  4373  3150 1000.00000  106   66 15400.0000    0.00000   100%  1252  758s
  4725  3159 5400.00000  151   66 15400.0000    0.00000   100%  1209  776s
  4892  3228    0.00000   53   94 15400.0000    0.00000   100%  1200  793s
  5017  3237 1000.00000   77   72 15400.0000    0.00000   100%  1201  813s
  5068  3271 1000.00000   78   79 15400.0000    0.00000   100%  1208  832s
  5119  3309 1000.00000   77   90 15400.0000    0.00000   100%  1219  865s
  5174  3327 1000.00000   78   91 15400.0000    0.00000   100%  1229  885s
  5212  3376 1000.00000   79   86 15400.0000    0.00000   100%  1238  908s
  5274  3505 1000.00000   80   85 15400.0000    0.00000   100%  1252  933s
  5429  3771 1000.00000   80   77 15400.0000    0.00000   100%  1246  956s
  5718  3920 5000.00000  130   73 15400.0000    0.00000   100%  1229  979s
  5887  4179 6200.00000  157   68 15400.0000    0.00000   100%  1222 1006s
  6146  4445 6200.00000  275   69 15400.0000    0.00000   100%  1218 1032s
  6445  4568 13060.6402  345   81 15400.0000    0.00000   100%  1208 1056s
  6586  4778 1200.00000   38   94 15400.0000    0.00000   100%  1225 1083s
  6796  5071 2200.00000   70   78 15400.0000    0.00000   100%  1222 1111s
  7095  5270 3200.00000  173   77 15400.0000    0.00000   100%  1217 1142s
  7302  5389 5400.00000  196   59 15400.0000    0.00000   100%  1220 1173s
  7443  5579    0.00000   26   95 15400.0000    0.00000   100%  1218 1203s
  7647  5814 2000.00000   60   98 15400.0000    0.00000   100%  1239 1235s
  7910  6181 1000.00000  139   84 15400.0000    0.00000   100%  1254 1267s
  8294  6312 1219.43325  263  141 15400.0000    0.00000   100%  1254 1299s
  8475  6907 2200.00000  302   80 15400.0000    0.00000   100%  1274 1338s
  9070  7411 4200.00000  357   84 15400.0000    0.00000   100%  1234 1375s
  9582  7927 5200.00000  458   81 15400.0000    0.00000   100%  1219 1414s
 10132  8314    0.00000   71  107 15400.0000    0.00000   100%  1198 1455s
 10548  9196   56.05349  108  153 15400.0000    0.00000   100%  1197 1512s
 11513  9200    0.00000   33  101 15400.0000    0.00000   100%  1166 1536s
 11517  9346    0.00000   34   94 15400.0000    0.00000   100%  1166 1562s
 11683  9721    0.00000   35   97 15400.0000    0.00000   100%  1160 1587s
 12077 10002   43.39534   46  151 15400.0000    0.00000   100%  1154 1617s
 12407 10540 1208.31487   51  103 15400.0000    0.00000   100%  1141 1643s
 12991 11079  196.43539   36  116 15400.0000    0.00000   100%  1120 1668s
 13605 11670 4600.00000   62   71 15400.0000    0.00000   100%  1091 1693s
 14218 12048 7800.00000  287   67 15400.0000    0.00000   100%  1061 1715s
 14636 12539 10848.6422  493   62 15400.0000    0.00000   100%  1046 1737s
 15198 13093 6400.00000  109   55 15400.0000    0.00000   100%  1028 1758s
 15753 13586 9600.00000  358   52 15400.0000    0.00000   100%  1004 1778s
 16303 13922    8.42697   36  148 15400.0000    0.00000   100%   991 1798s
 16681 13946 4400.00000  118   74 15400.0000    0.00000   100%   977 1800s

Cutting planes:
  Cover: 2
  Implied bound: 7
  Projected implied bound: 3
  Clique: 25
  MIR: 3
  Flow cover: 3
  GUB cover: 37
  RLT: 4
  Relax-and-lift: 23

Explored 16705 nodes (16379400 simplex iterations) in 1800.02 seconds (2219.93 work units)
Thread count was 8 (of 8 available processors)

Solution count 10: 15400 15600 16800 ... 24600

Time limit reached
Best objective 1.540000000000e+04, best bound 6.290669426722e-08, gap 100.0000%
