
Gurobi 13.0.1 (linux64) logging started Thu Apr 23 07:41:37 2026

Set parameter LogFile to value "experiments/20260422_213746/logs/Inst_10_Medium_Phantom_16__ribeiro.log"
Set parameter LogToConsole to value 0
Set parameter TimeLimit to value 1800
Gurobi Optimizer version 13.0.1 build v13.0.1rc0 (linux64 - "Ubuntu 24.04.4 LTS")

CPU model: Intel(R) Core(TM) i5-8250U CPU @ 1.60GHz, instruction set [SSE2|AVX|AVX2]
Thread count: 4 physical cores, 8 logical processors, using up to 8 threads

Non-default parameters:
TimeLimit  1800
LogToConsole  0

Optimize a model with 1464 rows, 491 columns and 4787 nonzeros (Min)
Model fingerprint: 0x093c0d49
Model has 24 linear objective coefficients
Variable types: 42 continuous, 449 integer (424 binary)
Coefficient statistics:
  Matrix range     [1e+00, 3e+04]
  Objective range  [1e+03, 1e+03]
  Bounds range     [1e+00, 2e+04]
  RHS range        [1e+00, 5e+04]

Presolve removed 197 rows and 7 columns
Presolve time: 0.09s
Presolved: 1267 rows, 484 columns, 8628 nonzeros
Variable types: 36 continuous, 448 integer (424 binary)
Found heuristic solution: objective 19600.000000
Found heuristic solution: objective 18400.000000
Found heuristic solution: objective 17400.000000

Root relaxation: objective 0.000000e+00, 179 iterations, 0.01 seconds (0.00 work units)

    Nodes    |    Current Node    |     Objective Bounds      |     Work
 Expl Unexpl |  Obj  Depth IntInf | Incumbent    BestBd   Gap | It/Node Time

     0     0    0.00000    0   37 17400.0000    0.00000   100%     -    0s
H    0     0                    16400.000000    0.00000   100%     -    0s
H    0     0                    15200.000000    0.00000   100%     -    0s
     0     0    0.00000    0   43 15200.0000    0.00000   100%     -    0s
H    0     0                    10200.000000    0.00000   100%     -    0s
     0     0    0.00000    0   39 10200.0000    0.00000   100%     -    0s
     0     0    0.00000    0   44 10200.0000    0.00000   100%     -    0s
     0     0    0.00000    0   44 10200.0000    0.00000   100%     -    0s
     0     0    0.00000    0   43 10200.0000    0.00000   100%     -    0s
     0     0    0.00000    0   51 10200.0000    0.00000   100%     -    0s
     0     0    0.00000    0   36 10200.0000    0.00000   100%     -    0s
     0     0    0.00000    0   49 10200.0000    0.00000   100%     -    0s
     0     0    0.00000    0   49 10200.0000    0.00000   100%     -    0s
     0     0    0.00000    0   34 10200.0000    0.00000   100%     -    0s
H    0     0                    9200.0000000    0.00000   100%     -    0s
     0     0    0.00000    0   48 9200.00000    0.00000   100%     -    0s
     0     0    0.00000    0   53 9200.00000    0.00000   100%     -    0s
     0     0    0.00000    0   42 9200.00000    0.00000   100%     -    1s
H    0     0                    8000.0000000    0.00000   100%     -    1s
     0     0    0.00000    0   41 8000.00000    0.00000   100%     -    1s
     0     0    0.00000    0   24 8000.00000    0.00000   100%     -    1s
     0     2    0.00000    0   24 8000.00000    0.00000   100%     -    1s
H   29    36                    6800.0000000    0.00000   100%  99.4    1s
  1226  1009 3200.00000   51   47 6800.00000    0.00000   100%  56.3    5s
H 1236   965                    5600.0000000    0.00000   100%  55.9    7s
  1530  1144  215.24394   26   47 5600.00000    0.00000   100%  87.7   10s
  2225  1553 3200.00000   57   25 5600.00000    0.00000   100%   101   15s
  3619  2083 2000.00000   52   33 5600.00000    0.00000   100%   109   20s
  5048  2980   61.75006   53   82 5600.00000    0.00000   100%   111   25s
  6528  4119 infeasible   42      5600.00000    0.00000   100%   110   30s
  7992  5172 2000.00000   32   42 5600.00000    0.00000   100%   111   35s
  9337  6044 infeasible   84      5600.00000    0.00000   100%   110   41s
 10860  7098 4200.00000   83   26 5600.00000    0.00000   100%   113   46s
 12443  8626  127.48181   34   69 5600.00000    0.00000   100%   113   50s
 14154  9795 3200.00000   79   38 5600.00000    0.00000   100%   114   55s
 14621 11889 3200.00000   50   26 5600.00000    0.00000   100%   114   64s
 17301 12600 3200.00000   47   34 5600.00000    0.00000   100%   115   66s
 19280 13630 3400.00000   49   23 5600.00000    0.00000   100%   113   71s
 20696 14837 4200.00000   70   34 5600.00000    0.00000   100%   114   76s
 21447 15134 2200.00000   41   42 5600.00000    0.00000   100%   114   80s
 22720 16716 2000.00000   24   40 5600.00000    5.19375   100%   114   85s
 25748 18693 3200.00000   78   35 5600.00000  120.87458  97.8%   112   91s
 27886 20179 2000.00000   41   43 5600.00000  231.22067  95.9%   111   95s
 29854 21501 3400.00000   32   33 5600.00000  304.98575  94.6%   110  109s
 31038 22127 1000.00000   34   42 5600.00000  333.72297  94.0%   110  111s
 33460 23679 1000.00000   34   42 5600.00000  458.92677  91.8%   109  116s
 35125 24701 1361.68891   31   58 5600.00000  500.00000  91.1%   109  120s
 37715 26650 2200.00000   48   28 5600.00000  723.88714  87.1%   108  125s
 40449 28578 2215.15994   47   32 5600.00000  941.70605  83.2%   107  130s
 44314 31335 2000.00000   64   46 5600.00000 1000.00000  82.1%   105  136s
 48189 33288 2200.00000   49   28 5600.00000 1000.00000  82.1%   103  140s
 51196 35031 3000.00000   65   32 5600.00000 1000.00000  82.1%   102  146s
 54310 37157 2000.00000   50   30 5600.00000 1000.00000  82.1%   101  150s
 57571 39158 2000.00000   40   34 5600.00000 1000.00000  82.1%   100  155s
 61052 41421 4000.00000   74   36 5600.00000 1000.00000  82.1%  99.1  160s
 63374 42945 3400.00000   56   23 5600.00000 1000.00000  82.1%  98.6  165s
 66481 44912 1000.79404   56   58 5600.00000 1000.00000  82.1%  97.9  170s
 69816 47017 2023.57768   54   40 5600.00000 1000.00000  82.1%  97.1  175s
 73292 49127 3024.47609   64   42 5600.00000 1000.00000  82.1%  96.2  180s
 76825 51462 1137.25004   36   34 5600.00000 1000.00000  82.1%  95.5  185s
 80182 53343 4200.00000   67   34 5600.00000 1000.00000  82.1%  94.7  190s
 83107 55369 3260.83601   72   41 5600.00000 1000.00000  82.1%  94.5  195s
 87177 57705 infeasible   80      5600.00000 1000.00000  82.1%  93.7  200s
 90689 59839 2000.00000   52   35 5600.00000 1000.00000  82.1%  93.2  205s
 93873 61945 2000.00000   55   29 5600.00000 1000.00000  82.1%  92.8  211s
 96089 63327 3755.03130   42   41 5600.00000 1000.00000  82.1%  92.7  215s
 99078 65407 1050.77065   72   46 5600.00000 1000.00000  82.1%  92.7  220s
 102323 67354 4200.00000   70   21 5600.00000 1000.00000  82.1%  92.5  225s
 104928 69108 infeasible  115      5600.00000 1000.00000  82.1%  92.3  230s
 107985 71049 2200.00000   56   30 5600.00000 1000.00000  82.1%  92.0  235s
 112001 73626 3302.05458   81   40 5600.00000 1000.00000  82.1%  91.6  240s
 114352 75139 2200.00000   41   22 5600.00000 1000.00000  82.1%  91.5  245s
 118495 78098 2000.00000   39   24 5600.00000 1000.00000  82.1%  91.1  251s
 121161 79744 infeasible  116      5600.00000 1000.00000  82.1%  90.9  255s
 124373 81727 2000.00000   55   36 5600.00000 1000.00000  82.1%  90.6  260s
 127993 84100 5400.00000   81   25 5600.00000 1000.00000  82.1%  90.6  265s
 130585 85753 4200.00000   75   34 5600.00000 1000.00000  82.1%  90.4  270s
 134980 88398 infeasible   93      5600.00000 1000.00000  82.1%  90.1  276s
 137279 89806 2000.00000   47   41 5600.00000 1000.00000  82.1%  90.0  280s
 140932 92345 2000.00000  100   27 5600.00000 1000.00000  82.1%  90.0  285s
 144339 94446 2000.00000   72   20 5600.00000 1000.00000  82.1%  89.8  291s
 146811 95832 2000.00000   56   24 5600.00000 1000.00000  82.1%  89.6  295s
 150024 97934 4200.00000   48   17 5600.00000 1000.00000  82.1%  89.7  300s
 153467 100027 1000.00000   62   38 5600.00000 1000.00000  82.1%  89.7  306s
 155859 101600 3200.00000   67   31 5600.00000 1000.00000  82.1%  89.6  310s
 159249 103711 3127.90765   92   30 5600.00000 1000.00000  82.1%  89.5  315s
 163127 105951 2278.71137   53   50 5600.00000 1000.00000  82.1%  89.1  320s
 166254 108023 4000.00000  101   24 5600.00000 1000.00000  82.1%  89.1  325s
 169460 109950 1122.18907   52   42 5600.00000 1000.00000  82.1%  89.0  331s
 172953 112010 4400.00000   77   22 5600.00000 1000.00000  82.1%  88.8  335s
 176238 114198 4688.72562   69   27 5600.00000 1000.00000  82.1%  88.6  340s
 178910 115855 4200.00000   63   25 5600.00000 1000.00000  82.1%  88.5  345s
 182797 118209 2005.96367   84   44 5600.00000 1000.00000  82.1%  88.4  350s
 185295 119864 infeasible   73      5600.00000 1000.00000  82.1%  88.3  355s
 189568 122493 3200.05711   59   41 5600.00000 1000.00000  82.1%  88.0  360s
 192745 124597 1000.00000   61   43 5600.00000 1000.00000  82.1%  88.0  365s
 196157 126792 2000.00000   78   39 5600.00000 1000.00000  82.1%  87.8  370s
 199219 128883 infeasible   72      5600.00000 1000.00000  82.1%  87.8  376s
 202958 131127 3200.00000   71   23 5600.00000 1000.00000  82.1%  87.5  380s
 206166 133120 infeasible  107      5600.00000 1000.00000  82.1%  87.4  385s
 210364 135663 4600.00000   48   22 5600.00000 1000.00000  82.1%  87.3  391s
 212695 137201 4283.22334  106   31 5600.00000 1000.00000  82.1%  87.3  395s
 216016 139417 4200.00000   58   31 5600.00000 1000.00000  82.1%  87.2  401s
 218725 140897 infeasible   58      5600.00000 1000.00000  82.1%  87.0  405s
 223084 143655 3431.36717   57   19 5600.00000 1000.00000  82.1%  86.9  410s
 226715 145952 4200.00000   85   31 5600.00000 1000.00000  82.1%  86.8  416s
 229174 147414 1047.89528   52   75 5600.00000 1000.00000  82.1%  86.8  420s
 232371 149355 3200.00000   54   33 5600.00000 1000.00000  82.1%  86.7  425s
 236398 151866 5200.00000   58   37 5600.00000 1000.00000  82.1%  86.6  430s
 239350 153724 2200.00000   51   35 5600.00000 1000.00000  82.1%  86.7  435s
 241967 155423 2200.00000   30   33 5600.00000 1000.00000  82.1%  86.7  440s
 245276 156874 4400.00000   99   20 5600.00000 1000.00000  82.1%  86.8  445s
 247768 158939 2000.00000   37   33 5600.00000 1000.00000  82.1%  86.8  451s
 250326 160524 2200.00000   37   30 5600.00000 1000.00000  82.1%  86.8  455s
 253635 162618 2200.00000   70   37 5600.00000 1000.00000  82.1%  86.9  460s
 257090 164434 1000.00000   55   32 5600.00000 1000.00000  82.1%  86.7  466s
 260529 166616 3200.00000   69   22 5600.00000 1000.00000  82.1%  86.6  470s
 264545 168982 3000.00000   52   29 5600.00000 1000.00000  82.1%  86.5  476s
 266756 170388 2000.58607   69   35 5600.00000 1000.00000  82.1%  86.5  480s
 270921 173095 1000.00000   57   38 5600.00000 1000.00000  82.1%  86.4  486s
 273352 174661 2000.00000   64   30 5600.00000 1000.00000  82.1%  86.4  490s
 276439 176606 2000.00000   64   41 5600.00000 1000.00000  82.1%  86.4  496s
 279785 178880 3000.00000   62   24 5600.00000 1000.00000  82.1%  86.4  500s
 283188 181186 4400.00000   57   24 5600.00000 1000.00000  82.1%  86.4  505s
 285986 182837 1245.04511   46   39 5600.00000 1000.00000  82.1%  86.3  510s
 289114 184763 infeasible   51      5600.00000 1000.00000  82.1%  86.4  516s
 291669 186295 3000.00000   77   27 5600.00000 1000.00000  82.1%  86.4  520s
 296033 189055 3200.00000   63   35 5600.00000 1000.00000  82.1%  86.3  526s
 299328 191037 4200.00000   58   25 5600.00000 1000.00000  82.1%  86.3  531s
 301988 192617 infeasible   56      5600.00000 1000.00000  82.1%  86.2  535s
 304982 194461 3000.00000   57   33 5600.00000 1000.00000  82.1%  86.2  540s
 308857 196995 1000.00000   37   27 5600.00000 1000.00000  82.1%  86.3  546s
 312498 199090 2000.00000   51   27 5600.00000 1000.00000  82.1%  86.1  550s
 315573 200914 2120.13428   82   44 5600.00000 1000.00000  82.1%  86.0  555s
 318561 202851 infeasible   94      5600.00000 1000.00000  82.1%  86.0  561s
 321780 204902 infeasible   57      5600.00000 1000.00000  82.1%  86.0  565s
 324965 206762 4483.42827   51   34 5600.00000 1000.00000  82.1%  85.9  570s
 328236 208883 infeasible  111      5600.00000 1000.00000  82.1%  85.9  575s
 331527 210907 5200.00000  112   29 5600.00000 1000.00000  82.1%  85.9  580s
 334048 212467 2000.00000   53   30 5600.00000 1000.00000  82.1%  85.8  585s
 338356 215093 4200.00000   82   36 5600.00000 1000.00000  82.1%  85.7  590s
 341642 217008 4200.00000   72   20 5600.00000 1000.00000  82.1%  85.6  595s
 344833 219172 4055.54277   93   53 5600.00000 1000.00000  82.1%  85.7  601s
 348413 221354 2000.00000   39   36 5600.00000 1000.00000  82.1%  85.6  605s
 351855 223553 infeasible   91      5600.00000 1000.00000  82.1%  85.6  611s
 354272 225068 infeasible  101      5600.00000 1000.00000  82.1%  85.5  615s
 357654 226972 2000.00000   58   36 5600.00000 1000.00000  82.1%  85.5  620s
 360674 228837 3000.00000   60   32 5600.00000 1000.00000  82.1%  85.5  625s
 362865 230432 2000.00000   59   22 5600.00000 1000.00000  82.1%  85.5  630s
 366833 232930 infeasible   65      5600.00000 1000.00000  82.1%  85.5  636s
 369425 234610 4200.00000   69   36 5600.00000 1000.00000  82.1%  85.5  640s
 373716 237053 4200.00000   73   14 5600.00000 1000.00000  82.1%  85.4  646s
 376165 238329 3000.00000   61   29 5600.00000 1000.00000  82.1%  85.4  650s
 379589 240480 3000.00000   88   35 5600.00000 1000.00000  82.1%  85.4  656s
 381879 242011 infeasible   75      5600.00000 1000.00000  82.1%  85.4  660s
 385344 244086 3200.00000   67   33 5600.00000 1000.00000  82.1%  85.4  665s
 388257 245740 infeasible   70      5600.00000 1000.00000  82.1%  85.5  671s
 391060 247219 2000.00000   85   28 5600.00000 1000.00000  82.1%  85.5  675s
 394483 249327 3000.00000   57   30 5600.00000 1000.00000  82.1%  85.5  680s
 397956 251423 3026.40354   72   38 5600.00000 1000.00000  82.1%  85.4  686s
 401377 253393 5400.00000   84   20 5600.00000 1000.00000  82.1%  85.3  690s
 404541 255380 3000.00000   48   34 5600.00000 1000.00000  82.1%  85.3  695s
 407802 257438 3200.00000   44   25 5600.00000 1000.00000  82.1%  85.2  700s
 410786 259335 2200.00000   47   21 5600.00000 1000.00000  82.1%  85.2  705s
 414063 261479 2000.00000   58   44 5600.00000 1000.00000  82.1%  85.2  710s
 417489 263695 2000.00000   45   26 5600.00000 1000.00000  82.1%  85.1  715s
 420048 265213 2000.00000   64   38 5600.00000 1000.00000  82.1%  85.1  720s
 422576 266618 infeasible   82      5600.00000 1000.00000  82.1%  85.0  725s
 426420 268848 3000.00000   50   38 5600.00000 1000.00000  82.1%  85.1  730s
 429335 270775 2036.14392   62   46 5600.00000 1000.00000  82.1%  85.1  735s
 431963 272402 4200.00000   67   35 5600.00000 1000.00000  82.1%  85.1  740s
 435285 274360 3000.00000   71   36 5600.00000 1000.00000  82.1%  85.1  745s
 439317 276977 2200.00000   48   25 5600.00000 1000.00000  82.1%  85.0  751s
 441736 278433 2000.00000   50   37 5600.00000 1000.00000  82.1%  85.0  755s
 444215 279889 4282.54887   84   27 5600.00000 1000.00000  82.1%  85.0  760s
 448334 282486 2000.00000   55   41 5600.00000 1000.00000  82.1%  85.0  766s
 450847 284184 1000.00000   51   34 5600.00000 1000.00000  82.1%  85.0  770s
 454713 286658 2005.69307   55   50 5600.00000 1000.00000  82.1%  85.0  776s
 457281 288150     cutoff   74      5600.00000 1000.00000  82.1%  85.0  780s
 460529 290215 5251.82885   56   30 5600.00000 1000.00000  82.1%  85.0  785s
 462735 291574 3000.00000   55   32 5600.00000 1000.00000  82.1%  85.1  790s
 465973 293660 4200.00000   59   25 5600.00000 1000.00000  82.1%  85.1  795s
 469389 295763 3000.00000   55   26 5600.00000 1000.00000  82.1%  85.1  801s
 471819 297199 4418.44772  108   38 5600.00000 1000.00000  82.1%  85.1  805s
 474155 298560 3200.00000   58   29 5600.00000 1000.00000  82.1%  85.1  810s
 477335 300555 2000.00000   55   31 5600.00000 1000.00000  82.1%  85.2  816s
 479783 302130 2000.00000   55   36 5600.00000 1000.00000  82.1%  85.3  820s
 482347 303383 3000.00000   53   32 5600.00000 1000.00000  82.1%  85.3  825s
 484822 305120 4320.40726   65   30 5600.00000 1000.00000  82.1%  85.3  830s
 488260 307306 1000.00000   38   39 5600.00000 1000.00000  82.1%  85.4  835s
 491658 309385 2000.00000   59   33 5600.00000 1000.00000  82.1%  85.4  841s
 494883 311429 4200.00000  103   43 5600.00000 1000.00000  82.1%  85.3  845s
 498422 313761 1502.16301   43   31 5600.00000 1000.00000  82.1%  85.3  850s
 501760 315611 3000.00000   53   21 5600.00000 1000.00000  82.1%  85.2  856s
 504813 317590     cutoff   94      5600.00000 1000.00000  82.1%  85.2  861s
 505920 317891 3000.00000   66   35 5600.00000 1000.00000  82.1%  85.2  865s
 507740 319318 2000.00000   44   47 5600.00000 1000.00000  82.1%  85.2  871s
 509884 320543 2000.00000   64   40 5600.00000 1000.00000  82.1%  85.2  875s
 513180 322293 2000.00000   42   25 5600.00000 1000.00000  82.1%  85.2  880s
 516113 323987 1000.00000   61   42 5600.00000 1000.00000  82.1%  85.1  885s
 520243 326504 3200.00000   56   37 5600.00000 1000.00000  82.1%  85.1  890s
 523282 328373 2000.00000   34   27 5600.00000 1000.00000  82.1%  85.1  896s
 525618 329847 2078.29179   49   41 5600.00000 1000.00000  82.1%  85.2  900s
 529376 332248 5200.00000   96   20 5600.00000 1000.00000  82.1%  85.1  906s
 532178 333851 3200.00000   55   31 5600.00000 1000.00000  82.1%  85.0  910s
 535164 335838 infeasible   69      5600.00000 1000.00000  82.1%  85.0  915s
 537642 337338 3000.00000   66   34 5600.00000 1000.00000  82.1%  85.0  920s
 541131 339417 5200.00000   94   34 5600.00000 1000.00000  82.1%  85.0  925s
 544290 341084 3200.00000   62   36 5600.00000 1000.00000  82.1%  85.0  930s
 547414 342992 2000.00000   63   29 5600.00000 1000.00000  82.1%  85.0  935s
 550909 344989 infeasible   93      5600.00000 1000.00000  82.1%  85.0  940s
 553866 346779 4600.00000   46   16 5600.00000 1000.00000  82.1%  85.0  945s
 557257 349060 2200.00000   41   31 5600.00000 1000.00000  82.1%  85.0  951s
 559896 350700 infeasible   67      5600.00000 1000.00000  82.1%  84.9  955s
 563975 353218 2000.00000   45   30 5600.00000 1000.00000  82.1%  84.9  961s
 566353 354825 3000.00000   52   23 5600.00000 1000.00000  82.1%  85.0  965s
 568944 356527 4510.48770   55   25 5600.00000 1000.00000  82.1%  84.9  970s
 572890 359061 4200.00000   93   28 5600.00000 1000.00000  82.1%  84.9  975s
 575585 360703 4379.01530   66   33 5600.00000 1000.00000  82.1%  84.9  980s
 578935 362631 infeasible   48      5600.00000 1000.00000  82.1%  84.9  985s
 582479 364775 infeasible   52      5600.00000 1000.00000  82.1%  84.9  991s
 585755 366888 2143.78840   55   38 5600.00000 1000.00000  82.1%  84.9  995s
 589208 368859     cutoff   76      5600.00000 1000.00000  82.1%  84.8 1000s
 591378 373315 3200.00000   64   29 5600.00000 1000.00000  82.1%  84.8 1014s
 596893 373850 5400.00000   89   34 5600.00000 1000.00000  82.1%  84.8 1015s
 600449 375638 3200.00000   53   30 5600.00000 1000.00000  82.1%  84.9 1020s
 603949 377867 3000.00000   83   39 5600.00000 1000.00000  82.1%  84.9 1026s
 606454 379486 2000.00000   58   33 5600.00000 1000.00000  82.1%  84.9 1031s
 610445 381576 3200.00000   62   14 5600.00000 1000.00000  82.1%  84.8 1035s
 613443 383531 3000.00000   50   42 5600.00000 1000.00000  82.1%  84.8 1040s
 616534 385462 4000.00000   73   24 5600.00000 1000.00000  82.1%  84.9 1045s
 619836 387421 2000.00000   48   39 5600.00000 1000.00000  82.1%  84.8 1050s
 622213 388869 3201.90114   56   43 5600.00000 1000.00000  82.1%  84.8 1055s
 624907 390467 4200.00000   84   34 5600.00000 1000.00000  82.1%  84.9 1060s
 629157 392984 4400.00000   70   43 5600.00000 1000.00000  82.1%  84.9 1066s
 631791 394633 5400.00000   81   20 5600.00000 1000.00000  82.1%  84.9 1070s
 634848 396308 2000.00000   47   33 5600.00000 1000.00000  82.1%  84.8 1075s
 637478 397866 2022.85466   52   52 5600.00000 1000.00000  82.1%  84.8 1080s
 640524 399756 2177.26422   57   38 5600.00000 1000.00000  82.1%  84.8 1085s
 644495 402163 3521.47014   54   31 5600.00000 1000.00000  82.1%  84.8 1091s
 647014 403562 4200.00000   94   31 5600.00000 1000.00000  82.1%  84.8 1095s
 649670 405374 4200.00000   62   24 5600.00000 1000.00000  82.1%  84.8 1100s
 653031 407301 3000.00000   82   35 5600.00000 1000.00000  82.1%  84.8 1106s
 656257 409414 1000.00000   60   35 5600.00000 1000.00000  82.1%  84.8 1110s
 659287 411142 4200.00000  107   24 5600.00000 1000.00000  82.1%  84.8 1115s
 661627 412490 2200.00000   47   34 5600.00000 1000.00000  82.1%  84.8 1120s
 665799 414879 2000.00000   67   34 5600.00000 1000.00000  82.1%  84.8 1126s
 668263 416439 3000.00000   84   33 5600.00000 1000.00000  82.1%  84.8 1130s
 671689 418579 1232.29082   59   41 5600.00000 1000.00000  82.1%  84.8 1136s
 674838 420482 2000.00000   57   32 5600.00000 1000.00000  82.1%  84.8 1140s
 677245 421762 4226.78568   52   31 5600.00000 1000.00000  82.1%  84.9 1145s
 681558 424000 3000.00000   71   43 5600.00000 1000.00000  82.1%  84.9 1151s
 683991 425463 3637.51810   41   29 5600.00000 1000.00000  82.1%  84.9 1155s
 687996 427747 3200.00000   44   19 5600.00000 1000.00000  82.1%  84.8 1160s
 690158 429099 4400.00000   82   24 5600.00000 1000.00000  82.1%  84.9 1165s
 693395 431092 3000.00000   85   35 5600.00000 1000.00000  82.1%  84.9 1171s
 696626 433008 infeasible   77      5600.00000 1000.00000  82.1%  84.9 1175s
 697935 433905 3000.00000   72   31 5600.00000 1000.00000  82.1%  84.9 1180s
 700583 435443 infeasible   57      5600.00000 1000.00000  82.1%  84.9 1185s
 704044 437325 3401.03457   52   33 5600.00000 1000.00000  82.1%  84.9 1190s
 707211 439159 2200.00000   55   17 5600.00000 1000.00000  82.1%  85.0 1196s
 709890 440618 4400.00000   57   20 5600.00000 1000.00000  82.1%  85.0 1200s
 713082 442408 2000.00000   61   36 5600.00000 1000.00000  82.1%  85.0 1205s
 716334 444368 3200.00000   96   32 5600.00000 1000.00000  82.1%  85.0 1210s
 719557 446271 infeasible   75      5600.00000 1000.00000  82.1%  85.0 1215s
 722090 447925 3000.00000   59   43 5600.00000 1000.00000  82.1%  85.0 1220s
 725513 450054 5400.00000   63   25 5600.00000 1000.00000  82.1%  85.0 1225s
 728784 451964 4400.00000   56   17 5600.00000 1000.00000  82.1%  85.0 1230s
 732780 454580 2000.00000   55   35 5600.00000 1000.00000  82.1%  85.0 1236s
 735489 456388 2000.00000   48   33 5600.00000 1000.00000  82.1%  85.0 1240s
 738800 458360 2000.00000   58   29 5600.00000 1000.00000  82.1%  84.9 1246s
 742192 460700 infeasible   75      5600.00000 1000.00000  82.1%  84.9 1250s
 745566 462588 3000.00000   51   40 5600.00000 1000.00000  82.1%  84.9 1255s
 748416 464265 3200.00000   63   22 5600.00000 1000.00000  82.1%  84.9 1260s
 752137 466635 infeasible   78      5600.00000 1000.00000  82.1%  84.9 1266s
 755388 468641 4000.00000   65   38 5600.00000 1000.00000  82.1%  84.9 1270s
 757301 469846 3000.00000   57   27 5600.00000 1000.00000  82.1%  84.9 1275s
 759865 471491 3202.77262   84   44 5600.00000 1000.00000  82.1%  84.9 1280s
*762763 447127              61    4600.0000000 1000.00000  78.3%  84.9 1284s
 763292 447456 2000.00000   55   43 4600.00000 1000.00000  78.3%  84.9 1285s
 765810 448956 3493.86186   41   31 4600.00000 1000.00000  78.3%  84.9 1291s
 768313 450386 3200.00000   36   23 4600.00000 1000.00000  78.3%  84.9 1295s
 771828 452329 4200.00000   37   30 4600.00000 1000.00000  78.3%  84.9 1300s
 775381 454458 infeasible   73      4600.00000 1000.00000  78.3%  85.0 1306s
 777818 456036 2000.00000   41   27 4600.00000 1000.00000  78.3%  85.0 1310s
 780206 457356 2041.49108   42   40 4600.00000 1000.00000  78.3%  85.0 1315s
 782692 458751 3000.00000   74   27 4600.00000 1000.00000  78.3%  85.1 1320s
 785781 460558 3000.00000   75   32 4600.00000 1000.00000  78.3%  85.1 1325s
 788742 462329 2081.74339   79   42 4600.00000 1000.00000  78.3%  85.2 1331s
 792171 464563 1000.00000   40   35 4600.00000 1000.00000  78.3%  85.2 1336s
 794718 465914 2000.00000   60   33 4600.00000 1000.00000  78.3%  85.2 1340s
 797310 467296 infeasible   54      4600.00000 1000.00000  78.3%  85.3 1345s
 800829 469367 2018.64975   49   37 4600.00000 1000.00000  78.3%  85.3 1350s
 803182 470887 3243.28492   89   39 4600.00000 1000.00000  78.3%  85.3 1355s
 806673 472474 3000.00000   68   31 4600.00000 1000.00000  78.3%  85.3 1360s
 809344 474095 1000.00000   55   40 4600.00000 1000.00000  78.3%  85.3 1366s
 812024 475884 2258.38192   55   28 4600.00000 1000.00000  78.3%  85.3 1370s
 815707 478059 infeasible   94      4600.00000 1000.00000  78.3%  85.3 1375s
 818881 479883 infeasible   50      4600.00000 1000.00000  78.3%  85.3 1380s
 823011 481987 4200.00000   65   22 4600.00000 1000.00000  78.3%  85.3 1385s
 826154 483552 3245.21827   54   28 4600.00000 1000.00000  78.3%  85.3 1390s
 830370 485967 1001.56947   64   52 4600.00000 1000.00000  78.3%  85.3 1396s
 832665 487296 1000.00000   46   31 4600.00000 1000.00000  78.3%  85.3 1400s
 836323 489383 2000.00000   75   39 4600.00000 1000.00000  78.3%  85.3 1405s
 839489 491153 3200.00000   79   34 4600.00000 1000.00000  78.3%  85.3 1411s
 842319 492544 infeasible   75      4600.00000 1000.00000  78.3%  85.4 1415s
 844198 494191 1551.77853   50   32 4600.00000 1000.00000  78.3%  85.4 1421s
 847616 496336 infeasible   87      4600.00000 1000.00000  78.3%  85.3 1425s
 851482 498612 2000.00000   76   38 4600.00000 1000.00000  78.3%  85.3 1431s
 853971 499894 1000.00000   59   32 4600.00000 1000.00000  78.3%  85.3 1435s
 857455 501830 2982.77915   53   33 4600.00000 1000.00000  78.3%  85.3 1440s
 861292 504073 2000.00000   68   44 4600.00000 1000.00000  78.3%  85.4 1446s
 863782 505574 4400.00000   63   23 4600.00000 1000.00000  78.3%  85.4 1450s
 866832 507568 3000.00000   69   30 4600.00000 1000.00000  78.3%  85.4 1456s
 869833 509457 3000.00000   62   28 4600.00000 1000.00000  78.3%  85.4 1460s
 870696 509468 2000.00000   59   27 4600.00000 1000.00000  78.3%  85.4 1465s
 871197 510088 3200.00000   39   30 4600.00000 1000.00000  78.3%  85.5 1472s
 873588 511512 4200.00000   85   44 4600.00000 1000.00000  78.3%  85.5 1475s
 875863 512916 3633.76802   65   52 4600.00000 1000.00000  78.3%  85.5 1481s
 878511 514422 3000.00000   61   38 4600.00000 1000.00000  78.3%  85.5 1486s
 880334 515326 infeasible   67      4600.00000 1000.00000  78.3%  85.5 1490s
 882765 516878 3000.00000   66   37 4600.00000 1000.00000  78.3%  85.5 1495s
 885500 518257 3200.00000   61   24 4600.00000 1000.00000  78.3%  85.6 1500s
 889616 520801 3000.00000  115   33 4600.00000 1000.00000  78.3%  85.6 1506s
 892414 522592 infeasible   56      4600.00000 1000.00000  78.3%  85.6 1511s
 895008 524249 2000.00000   54   25 4600.00000 1000.00000  78.3%  85.6 1516s
 897332 525637 2000.00000   42   36 4600.00000 1000.00000  78.3%  85.7 1520s
 900402 527493 2000.00000   48   43 4600.00000 1000.00000  78.3%  85.7 1526s
 902985 529042 infeasible   96      4600.00000 1000.00000  78.3%  85.7 1530s
 906246 530717 2000.00000   55   39 4600.00000 1000.00000  78.3%  85.7 1536s
 908732 532097 2000.00000   48   28 4600.00000 1000.00000  78.3%  85.8 1540s
 911833 533942 2200.00000   55   33 4600.00000 1000.00000  78.3%  85.8 1545s
 915243 535856 2000.00000   46   36 4600.00000 1000.00000  78.3%  85.8 1551s
 917065 536807 4400.00000   50   24 4600.00000 1000.00000  78.3%  85.8 1555s
 920273 538705 2229.67452   56   25 4600.00000 1000.00000  78.3%  85.8 1560s
 922768 539955 4400.00000   48   23 4600.00000 1000.00000  78.3%  85.8 1565s
 925790 541559 4200.00000   57   34 4600.00000 1000.00000  78.3%  85.9 1570s
 929005 543487 2159.39668   65   43 4600.00000 1000.00000  78.3%  85.9 1575s
 932216 545207 2024.33462   60   57 4600.00000 1000.00000  78.3%  85.9 1581s
 934524 546382 1364.25270   48   49 4600.00000 1000.00000  78.3%  85.9 1585s
 938106 548415 2200.00000   48   27 4600.00000 1000.00000  78.3%  86.0 1591s
 940534 549994 infeasible   65      4600.00000 1000.00000  78.3%  86.0 1595s
 943792 552022 3000.00000   54   45 4600.00000 1000.00000  78.3%  86.0 1600s
 946340 553419 2200.00000   50   29 4600.00000 1000.00000  78.3%  86.0 1605s
 949422 555018 2284.88489   53   34 4600.00000 1000.00000  78.3%  86.1 1610s
 952608 556803 1000.00000   48   34 4600.00000 1000.00000  78.3%  86.1 1615s
 955549 558790 3200.00000   49   28 4600.00000 1000.00000  78.3%  86.1 1620s
 958258 560431 3000.00000   80   29 4600.00000 1000.00000  78.3%  86.1 1625s
 961488 562080 2210.19107   52   45 4600.00000 1000.00000  78.3%  86.1 1630s
 963420 563307 3000.00000   95   40 4600.00000 1000.00000  78.3%  86.1 1635s
 966582 564935 2000.00000   52   26 4600.00000 1000.00000  78.3%  86.1 1640s
 970838 567291 2000.00000   60   29 4600.00000 1000.00000  78.3%  86.1 1646s
 973357 568693 2305.77768   43   31 4600.00000 1000.00000  78.3%  86.1 1650s
 977215 570922 infeasible   59      4600.00000 1000.00000  78.3%  86.1 1656s
 980361 572611 2000.00000   69   41 4600.00000 1000.00000  78.3%  86.1 1660s
 982769 574072 2200.00000   46   24 4600.00000 1000.00000  78.3%  86.2 1665s
 985818 575779 2200.00000   65   30 4600.00000 1000.00000  78.3%  86.2 1671s
 988977 577692 2000.00000   54   41 4600.00000 1000.00000  78.3%  86.2 1676s
 991462 579134 3400.00000   51   14 4600.00000 1000.00000  78.3%  86.3 1680s
 994568 581018 3000.00000  103   29 4600.00000 1000.00000  78.3%  86.3 1685s
 997139 582202 1000.00000   68   40 4600.00000 1000.00000  78.3%  86.3 1690s
 1000854 584437 2000.00000   77   37 4600.00000 1000.00000  78.3%  86.3 1696s
 1003398 585797 2000.00000   51   32 4600.00000 1000.00000  78.3%  86.3 1700s
 1006648 587680 2000.00000   68   27 4600.00000 1000.00000  78.3%  86.3 1705s
 1009814 589412 infeasible   96      4600.00000 1000.00000  78.3%  86.4 1711s
 1012477 590685 3200.00000   67   29 4600.00000 1000.00000  78.3%  86.3 1715s
 1015501 592238 2000.00000   63   35 4600.00000 1000.00000  78.3%  86.3 1720s
 1018481 593990 4200.00000   76   27 4600.00000 1000.00000  78.3%  86.4 1726s
 1020717 594977 4000.00000   80   42 4600.00000 1000.00000  78.3%  86.4 1730s
 1023944 596826 2000.00000   50   23 4600.00000 1000.00000  78.3%  86.4 1735s
 1026808 598462 4400.00000   64   23 4600.00000 1000.00000  78.3%  86.4 1740s
 1029333 599822 3400.00000   40   13 4600.00000 1000.00000  78.3%  86.4 1745s
 1031840 601288 4400.00000   50   23 4600.00000 1000.00000  78.3%  86.5 1750s
 1036352 603988 2000.00000   63   39 4600.00000 1000.00000  78.3%  86.4 1756s
 1038606 605322 2000.00000   70   35 4600.00000 1000.00000  78.3%  86.5 1761s
 1041165 606612 4400.00000   59   12 4600.00000 1000.00000  78.3%  86.4 1765s
 1044535 608594 2000.00000   39   34 4600.00000 1000.00000  78.3%  86.5 1770s
 1046975 609999 3417.05804   99   49 4600.00000 1000.00000  78.3%  86.5 1775s
 1050452 612197 3252.54724   89   33 4600.00000 1000.00000  78.3%  86.5 1780s
 1053760 613748 3000.00000   71   25 4600.00000 1000.00000  78.3%  86.5 1786s
 1056916 615738 infeasible   63      4600.00000 1000.00000  78.3%  86.5 1791s
 1059412 616857 infeasible   81      4600.00000 1000.00000  78.3%  86.6 1796s
 1061286 617822 2000.00000   44   31 4600.00000 1000.00000  78.3%  86.6 1800s

Cutting planes:
  Learned: 2
  Gomory: 3
  Cover: 4
  Implied bound: 12
  Projected implied bound: 12
  MIR: 8
  Mixing: 2
  StrongCG: 2
  Flow cover: 110
  GUB cover: 8
  Inf proof: 3
  Zero half: 5
  RLT: 4
  Relax-and-lift: 48

Explored 1061953 nodes (91959689 simplex iterations) in 1800.00 seconds (1194.81 work units)
Thread count was 8 (of 8 available processors)

Solution count 10: 4600 5600 6800 ... 18400

Time limit reached
Best objective 4.600000000000e+03, best bound 1.000000000000e+03, gap 78.2609%
