
Gurobi 13.0.1 (linux64) logging started Thu Apr 23 13:11:51 2026

Set parameter LogFile to value "experiments/20260422_213746/logs/Inst_13_Medium_Inspire_23__station_copies.log"
Set parameter LogToConsole to value 0
Set parameter TimeLimit to value 1800
Gurobi Optimizer version 13.0.1 build v13.0.1rc0 (linux64 - "Ubuntu 24.04.4 LTS")

CPU model: Intel(R) Core(TM) i5-8250U CPU @ 1.60GHz, instruction set [SSE2|AVX|AVX2]
Thread count: 4 physical cores, 8 logical processors, using up to 8 threads

Non-default parameters:
TimeLimit  1800
LogToConsole  0

Optimize a model with 69828 rows, 69144 columns and 290858 nonzeros (Min)
Model fingerprint: 0x83a8c78c
Model has 167 linear objective coefficients
Variable types: 46092 continuous, 23052 integer (23052 binary)
Coefficient statistics:
  Matrix range     [1e+00, 3e+04]
  Objective range  [1e+03, 2e+03]
  Bounds range     [1e+00, 3e+04]
  RHS range        [1e+00, 2e+03]

Presolve removed 42228 rows and 19504 columns
Presolve time: 1.01s
Presolved: 27600 rows, 49640 columns, 198923 nonzeros
Variable types: 26588 continuous, 23052 integer (23052 binary)
Deterministic concurrent LP optimizer: primal and dual simplex
Showing primal log only...

Concurrent spin time: 0.00s

Solved with primal simplex

Use crossover to convert LP symmetric solution to basic solution...
Crossover time: 0.07 seconds (0.06 work units)

Root relaxation: objective 2.872457e+03, 6019 iterations, 0.31 seconds (0.24 work units)

    Nodes    |    Current Node    |     Objective Bounds      |     Work
 Expl Unexpl |  Obj  Depth IntInf | Incumbent    BestBd   Gap | It/Node Time

     0     0 2872.45717    0  244          - 2872.45717      -     -    3s
H    0     0                    12000.000000 2872.45717  76.1%     -   11s
H    0     0                    8000.0000000 2872.45717  64.1%     -   12s
     0     0 3339.11489    0  303 8000.00000 3339.11489  58.3%     -   38s
     0     0 3550.25457    0  297 8000.00000 3550.25457  55.6%     -   88s
     0     0 3556.46518    0  281 8000.00000 3556.46518  55.5%     -   94s
     0     0 3574.41220    0  303 8000.00000 3574.41220  55.3%     -  102s
     0     0 3574.41220    0  299 8000.00000 3574.41220  55.3%     -  102s
     0     0 3574.41220    0  299 8000.00000 3574.41220  55.3%     -  102s
     0     0 3667.39842    0  290 8000.00000 3667.39842  54.2%     -  110s
     0     0 3708.16020    0  234 8000.00000 3708.16020  53.6%     -  115s
     0     0 3712.76228    0  232 8000.00000 3712.76228  53.6%     -  116s
     0     0 3712.84220    0  233 8000.00000 3712.84220  53.6%     -  117s
     0     0 3729.32501    0  265 8000.00000 3729.32501  53.4%     -  123s
     0     0 3732.05163    0  215 8000.00000 3732.05163  53.3%     -  129s
     0     0 3735.32496    0  250 8000.00000 3735.32496  53.3%     -  133s
     0     0 3735.32496    0  250 8000.00000 3735.32496  53.3%     -  133s
     0     0 3739.82946    0  240 8000.00000 3739.82946  53.3%     -  140s
     0     0 3741.05982    0  217 8000.00000 3741.05982  53.2%     -  142s
     0     0 3741.07635    0  218 8000.00000 3741.07635  53.2%     -  142s
     0     0 3742.09667    0  230 8000.00000 3742.09667  53.2%     -  156s
     0     0 3742.49388    0  229 8000.00000 3742.49388  53.2%     -  160s
     0     0 3742.49388    0  231 8000.00000 3742.49388  53.2%     -  162s
     0     0 3745.53017    0  221 8000.00000 3745.53017  53.2%     -  175s
H    0     0                    7000.0000000 3745.53017  46.5%     -  183s
H    0     0                    5000.0000000 3745.53017  25.1%     -  243s
     0     0 3745.91963    0  227 5000.00000 3745.91963  25.1%     -  264s
     0     0 3745.92581    0  220 5000.00000 3745.92581  25.1%     -  265s
     0     0 3749.00298    0  214 5000.00000 3749.00298  25.0%     -  270s
     0     0 3749.00298    0  206 5000.00000 3749.00298  25.0%     -  275s
     0     0 3749.00298    0  252 5000.00000 3749.00298  25.0%     -  281s
     0     0 3749.00298    0  236 5000.00000 3749.00298  25.0%     -  286s
     0     0 3749.00298    0  255 5000.00000 3749.00298  25.0%     -  292s
     0     0 3749.00298    0  288 5000.00000 3749.00298  25.0%     -  295s
     0     0 3768.42437    0  251 5000.00000 3768.42437  24.6%     -  297s
     0     0 3770.96481    0  246 5000.00000 3770.96481  24.6%     -  298s
     0     0 3771.08927    0  249 5000.00000 3771.08927  24.6%     -  299s
     0     0 3771.09509    0  241 5000.00000 3771.09509  24.6%     -  299s
     0     0 3774.57978    0  235 5000.00000 3774.57978  24.5%     -  302s
     0     0 3774.82051    0  227 5000.00000 3774.82051  24.5%     -  303s
     0     0 3779.55621    0  205 5000.00000 3779.55621  24.4%     -  306s
     0     0 3780.28038    0  213 5000.00000 3780.28038  24.4%     -  312s
     0     0 3781.10666    0  196 5000.00000 3781.10666  24.4%     -  313s
     0     0 3781.33853    0  196 5000.00000 3781.33853  24.4%     -  313s
     0     0 3783.54684    0  212 5000.00000 3783.54684  24.3%     -  317s
     0     0 3783.64425    0  208 5000.00000 3783.64425  24.3%     -  319s
     0     0 3783.70169    0  206 5000.00000 3783.70169  24.3%     -  320s
     0     0 3783.74007    0  198 5000.00000 3783.74007  24.3%     -  322s
     0     0 3785.25445    0  208 5000.00000 3785.25445  24.3%     -  324s
     0     0 3785.26068    0  208 5000.00000 3785.26068  24.3%     -  324s
     0     0 3785.26068    0  208 5000.00000 3785.26068  24.3%     -  324s
     0     0 3785.26068    0  180 5000.00000 3785.26068  24.3%     -  324s
     0     0 3785.26085    0  222 5000.00000 3785.26085  24.3%     -  344s
     0     0 3785.26085    0  333 5000.00000 3785.26085  24.3%     -  349s
     0     0 3785.26085    0  276 5000.00000 3785.26085  24.3%     -  354s
     0     0 3785.26085    0  275 5000.00000 3785.26085  24.3%     -  355s
     0     0 3785.26085    0  274 5000.00000 3785.26085  24.3%     -  357s
     0     0 3786.72268    0  225 5000.00000 3786.72268  24.3%     -  358s
     0     0 3792.58820    0  184 5000.00000 3792.58820  24.1%     -  360s
     0     0 3795.83804    0  199 5000.00000 3795.83804  24.1%     -  361s
     0     0 3795.90518    0  174 5000.00000 3795.90518  24.1%     -  362s
     0     0 3797.62318    0  179 5000.00000 3797.62318  24.0%     -  364s
     0     0 3797.76774    0  174 5000.00000 3797.76774  24.0%     -  366s
     0     0 3801.10395    0  174 5000.00000 3801.10395  24.0%     -  367s
     0     0 3801.10395    0  219 5000.00000 3801.10395  24.0%     -  370s
     0     0 3801.10395    0  259 5000.00000 3801.10395  24.0%     -  373s
     0     0 3801.10395    0  198 5000.00000 3801.10395  24.0%     -  377s
     0     0 3801.10395    0  183 5000.00000 3801.10395  24.0%     -  378s
     0     0 3801.10395    0  203 5000.00000 3801.10395  24.0%     -  379s
     0     0 3801.10395    0  203 5000.00000 3801.10395  24.0%     -  380s
     0     0 3801.46104    0  186 5000.00000 3801.46104  24.0%     -  380s
     0     0 3801.53544    0  182 5000.00000 3801.53544  24.0%     -  381s
     0     0 3808.90101    0  167 5000.00000 3808.90101  23.8%     -  383s
     0     0 3809.67597    0  164 5000.00000 3809.67597  23.8%     -  384s
     0     0 3809.78068    0  165 5000.00000 3809.78068  23.8%     -  384s
     0     0 3817.52020    0  206 5000.00000 3817.52020  23.6%     -  388s
     0     0 3818.48534    0  197 5000.00000 3818.48534  23.6%     -  394s
     0     0 3818.56941    0  211 5000.00000 3818.56941  23.6%     -  395s
     0     0 3819.39797    0  191 5000.00000 3819.39797  23.6%     -  397s
     0     0 3819.83064    0  197 5000.00000 3819.83064  23.6%     -  399s
     0     0 3819.92668    0  201 5000.00000 3819.92668  23.6%     -  399s
     0     0 3820.63987    0  199 5000.00000 3820.63987  23.6%     -  402s
     0     0 3820.70122    0  199 5000.00000 3820.70122  23.6%     -  402s
     0     0 3820.70122    0  183 5000.00000 3820.70122  23.6%     -  403s
     0     2 3820.71743    0  183 5000.00000 3820.71743  23.6%     -  403s
     3     8 3823.11000    2  150 5000.00000 3821.82709  23.6%  1357  406s
    15    21 3838.67102    5  117 5000.00000 3823.50579  23.5%  1774  410s
    31    40 3896.46714    6  120 5000.00000 3823.50579  23.5%  1794  417s
    47    54 3850.36465    8  176 5000.00000 3823.50579  23.5%  1581  420s
    67    64 3864.62800   11  154 5000.00000 3830.96605  23.4%  1459  425s
    91    61 3964.58463   13  140 5000.00000 3835.43920  23.3%  1428  430s
   109    60     cutoff   15      5000.00000 3841.82892  23.2%  1553  435s
   128    54 infeasible    8      5000.00000 3847.25703  23.1%  1549  440s
   144    51 infeasible   10      5000.00000 3865.43496  22.7%  1594  445s
   161    45     cutoff   10      5000.00000 3875.18562  22.5%  1629  450s
   180    36     cutoff    5      5000.00000 3896.76830  22.1%  1701  456s
   188    35     cutoff    8      5000.00000 3898.05208  22.0%  1836  460s
   217    11     cutoff    8      5000.00000 3935.63312  21.3%  1857  465s

Cutting planes:
  Gomory: 2
  Lift-and-project: 1
  Cover: 6
  Implied bound: 299
  Clique: 1
  MIR: 138
  StrongCG: 1
  Flow cover: 167
  GUB cover: 2
  RLT: 35
  Relax-and-lift: 1
  BQP: 13

Explored 255 nodes (658502 simplex iterations) in 469.91 seconds (395.83 work units)
Thread count was 8 (of 8 available processors)

Solution count 4: 5000 7000 8000 12000 

Optimal solution found (tolerance 1.00e-04)
Best objective 5.000000000000e+03, best bound 5.000000000000e+03, gap 0.0000%
