
Gurobi 13.0.1 (linux64) logging started Thu Apr 23 23:51:13 2026

Set parameter LogFile to value "experiments/20260422_213746/logs/Inst_21_Hard_Inspire_46__ribeiro.log"
Set parameter LogToConsole to value 0
Set parameter TimeLimit to value 1800
Gurobi Optimizer version 13.0.1 build v13.0.1rc0 (linux64 - "Ubuntu 24.04.4 LTS")

CPU model: Intel(R) Core(TM) i5-8250U CPU @ 1.60GHz, instruction set [SSE2|AVX|AVX2]
Thread count: 4 physical cores, 8 logical processors, using up to 8 threads

Non-default parameters:
TimeLimit  1800
LogToConsole  0

Optimize a model with 11778 rows, 3623 columns and 39513 nonzeros (Min)
Model fingerprint: 0xa443456b
Model has 70 linear objective coefficients
Variable types: 118 continuous, 3505 integer (3434 binary)
Coefficient statistics:
  Matrix range     [1e+00, 3e+04]
  Objective range  [1e+03, 2e+03]
  Bounds range     [1e+00, 3e+04]
  RHS range        [1e+00, 6e+04]

Presolve removed 1391 rows and 15 columns
Presolve time: 0.11s
Presolved: 10387 rows, 3608 columns, 37194 nonzeros
Variable types: 104 continuous, 3504 integer (3434 binary)

Root relaxation: objective 0.000000e+00, 971 iterations, 0.04 seconds (0.04 work units)

    Nodes    |    Current Node    |     Objective Bounds      |     Work
 Expl Unexpl |  Obj  Depth IntInf | Incumbent    BestBd   Gap | It/Node Time

     0     0    0.00000    0   75          -    0.00000      -     -    0s
     0     0    0.00000    0  130          -    0.00000      -     -    1s
     0     0    0.00000    0  118          -    0.00000      -     -    2s
     0     0    0.00000    0  124          -    0.00000      -     -    3s
     0     0    0.00000    0   73          -    0.00000      -     -    4s
     0     0    0.00000    0   99          -    0.00000      -     -    6s
     0     0    0.00000    0  141          -    0.00000      -     -    7s
     0     0    0.00000    0   76          -    0.00000      -     -    8s
     0     0    0.00000    0  103          -    0.00000      -     -    8s
     0     0    0.00000    0  128          -    0.00000      -     -    9s
     0     0    0.00000    0   75          -    0.00000      -     -   11s
     0     0    0.00000    0  128          -    0.00000      -     -   12s
     0     0    0.00000    0  153          -    0.00000      -     -   13s
     0     0    0.00000    0   92          -    0.00000      -     -   15s
     0     0    0.00000    0   92          -    0.00000      -     -   15s
     0     0    0.00000    0   87          -    0.00000      -     -   16s
     0     2    0.00000    0   84          -    0.00000      -     -   18s
    11    22    0.00000    4  111          -    0.00000      -  1031   20s
    75   152   26.68161    6  131          -    0.00000      -   549   25s
   177   164 1000.00000    8  135          -    0.00000      -   418   32s
   185   178 1000.00000   10  114          -    0.00000      -   408   35s
   325   380 2000.00000   34  110          -    0.00000      -   362   40s
   617   628 2000.00000   61   82          -    0.00000      -   328   45s
   886   724 4012.37371   92  107          -    0.00000      -   321   52s
   890   807 4012.37371   93  103          -    0.00000      -   320   56s
  1251  1013 3000.00000   65   87          -    0.00000      -   282   66s
  1253  1014 6000.00000  140   84          -    0.00000      -   282   70s
  1254  1015   63.07422   26   94          -    0.00000      -   282   76s
  1256  1016 2000.00000   41  109          -    0.00000      -   281   83s
  1257  1017 4000.00000   95  145          -    0.00000      -   281   85s
  1258  1018 4000.00000   69  112          -    0.00000      -   281   91s
  1260  1019 6000.00000  132  115          -    0.00000      -   280   98s
  1261  1020 6000.00000  135  143          -    0.00000      -   280  100s
  1262  1020 4112.51181  117  104          -    0.00000      -   280  105s
  1264  1022 5000.00000  106  122          -    0.00000      -   279  115s
  1266  1023 3000.00000   54  123          -    0.00000      -   279  124s
  1267  1024 2000.00000   62  114          -    0.00000      -   279  126s
  1268  1024 2000.00000   85  113          -    0.00000      -   279  132s
  1270  1026 1000.00000    7  117          -    0.00000      -   278  139s
  1271  1026 2000.00000   82  132          -    0.00000      -   278  142s
  1272  1027 5000.00000   96  101          -    0.00000      -   278  147s
  1273  1028 6000.00000  138  101          -    0.00000      -   278  151s
H 1273   976                    78000.000000    0.00000   100%   278  155s
H 1273   927                    71000.000000    0.00000   100%   278  156s
H 1273   880                    69000.000000    0.00000   100%   278  157s
H 1273   836                    67000.000000    0.00000   100%   278  157s
H 1273   793                    65000.000000    0.00000   100%   278  157s
H 1273   753                    63000.000000    0.00000   100%   278  157s
H 1273   715                    55000.000000    0.00000   100%   278  157s
H 1273   679                    53000.000000    0.00000   100%   278  157s
H 1273   645                    38000.000000    0.00000   100%   278  157s
H 1273   612                    34000.000000    0.00000   100%   278  157s
H 1273   581                    32000.000000    0.00000   100%   278  157s
H 1273   552                    31000.000000    0.00000   100%   278  158s
  1274   552 2015.73542  100  101 31000.0000    0.00000   100%   277  161s
  1281   562    0.00000   14   83 31000.0000    0.00000   100%   361  166s
  1289   567    0.00000   16  101 31000.0000    0.00000   100%   362  173s
H 1292   538                    30000.000000    0.00000   100%   362  173s
  1293   547    0.00000   16  107 30000.0000    0.00000   100%   362  183s
H 1294   520                    29000.000000    0.00000   100%   362  183s
H 1298   493                    28000.000000    0.00000   100%   363  183s
  1302   600    0.00000   17  112 28000.0000    0.00000   100%   366  199s
  1410   630    0.00000   32   92 28000.0000    0.00000   100%   403  217s
  1476   779    0.00000   39   89 28000.0000    0.00000   100%   398  250s
  1649  1079 1000.00000   64  109 28000.0000    0.00000   100%   474  292s
H 2015  1047                    26000.000000    0.00000   100%   470  323s
  2139  1292 8000.00000  136   58 26000.0000    0.00000   100%   467  356s
  2466  1439 1134.22995   77  113 26000.0000    0.00000   100%   455  385s
  2764  1594 2000.00000  118  107 26000.0000    0.00000   100%   446  411s
  3041  1925 2000.00000  164  101 26000.0000    0.00000   100%   433  437s
  3398  1992 infeasible  229      26000.0000    0.00000   100%   424  461s
  3487  2281    0.00000   42  110 26000.0000    0.00000   100%   421  484s
  3800  2505    0.00000   76  119 26000.0000    0.00000   100%   414  505s
  4026  2728    0.00000  100  120 26000.0000    0.00000   100%   421  527s
  4254  2976 2379.42349  127  110 26000.0000    0.00000   100%   422  550s
  4570  2979 2000.00000  160   83 26000.0000    0.00000   100%   418  572s
  4578  3268 2000.00000  161   85 26000.0000    0.00000   100%   419  594s
  4889  3376 3000.00000  184   73 26000.0000    0.00000   100%   414  615s
  5033  3380  408.33235   50  118 26000.0000    0.00000   100%   414  636s
H 5034  3380                    25000.000000    0.00000   100%   413  636s
  5037  3779 1000.00000   49  100 25000.0000    0.00000   100%   413  656s
  5466  4041 1000.00000  163   94 25000.0000    0.00000   100%   403  676s
  5728  4366 2318.18779  179  103 25000.0000    0.00000   100%   398  694s
  6107  4590 3099.16745  233  125 25000.0000    0.00000   100%   393  712s
H 6143  4590                    24000.000000    0.00000   100%   394  712s
  6361  4954 4000.00000  253   97 24000.0000    0.00000   100%   393  731s
  6742  5174 5000.00000  292   86 24000.0000    0.00000   100%   387  749s
  6974  5408 5000.00000  318   69 24000.0000    0.00000   100%   383  768s
  7296  5708 6000.00000  331   97 24000.0000    0.00000   100%   383  788s
  7660  5990    0.00000   31  102 24000.0000    0.00000   100%   377  810s
  7948  6238    0.00000   57  112 24000.0000    0.00000   100%   372  832s
  8212  6290    0.00000   76  120 24000.0000    0.00000   100%   368  857s
  8264  6810    0.00000   80  117 24000.0000    0.00000   100%   369  882s
  8810  7024 2000.00000  130   96 24000.0000    0.00000   100%   361  907s
  9028  7426 3000.00000  155   92 24000.0000    0.00000   100%   361  932s
  9452  7612 3000.00000  199  113 24000.0000    0.00000   100%   360  957s
  9658  8106 3000.00000  206  102 24000.0000    0.00000   100%   360  985s
 10245  8618 infeasible  235      24000.0000    0.00000   100%   354 1026s
 10829  9061 3000.00000  101   85 24000.0000    0.00000   100%   350 1048s
 11288  9411 8000.00000  327  121 24000.0000    0.00000   100%   344 1069s
 11719  9685    0.00000   48  129 24000.0000    0.00000   100%   341 1092s
 11995  9918 2000.00000  135  129 24000.0000    0.00000   100%   336 1114s
 12234 10125 2000.00000  136  133 24000.0000    0.00000   100%   334 1139s
 12471 10310 2000.00000  137  146 24000.0000    0.00000   100%   333 1164s
 12666 10483 2000.00000  138  149 24000.0000    0.00000   100%   331 1190s
 12879 10534 2000.00000  139  142 24000.0000    0.00000   100%   331 1221s
 12930 10800 2000.00000  140  140 24000.0000    0.00000   100%   331 1253s
 13196 11133 2000.00000  141  137 24000.0000    0.00000   100%   332 1283s
 13557 11811 2000.00000  142  136 24000.0000    0.00000   100%   330 1313s
 14319 12615 4000.00000  230  133 24000.0000    0.00000   100%   324 1342s
 15198 13227 6000.00000  122   86 24000.0000    0.00000   100%   313 1366s
 15875 13506 6000.00000  130  140 24000.0000    0.00000   100%   308 1390s
 16221 13684 10000.0000  210  129 24000.0000    0.00000   100%   307 1414s
H16224 13684                    23000.000000    0.00000   100%   307 1414s
 16428 14301 10000.0000  211  132 23000.0000    0.00000   100%   306 1436s
 17151 14536 3000.00000   69   83 23000.0000    0.00000   100%   302 1458s
 17418 14992 7015.01055   99   72 23000.0000    0.00000   100%   303 1480s
 17946 15572 6000.00000  146  136 23000.0000    0.00000   100%   301 1503s
 18528 16273 9000.00000  338  113 23000.0000    0.00000   100%   296 1524s
 19292 16599 2000.00000   57   98 23000.0000    0.00000   100%   291 1544s
 19675 16979 infeasible  195      23000.0000    0.00000   100%   289 1565s
 20181 17124 6000.00000   91  111 23000.0000    0.00000   100%   289 1585s
 20424 17839 1000.00000   67   77 23000.0000    0.00000   100%   289 1605s
 21192 18386 6000.00000  262  119 23000.0000    0.00000   100%   285 1761s
 21807 19296 2000.00000   62  107 23000.0000    0.00000   100%   282 1780s
 22743 19387 12000.0000  248  117 23000.0000    0.00000   100%   276 1792s
 22844 19405 infeasible  256      23000.0000    0.00000   100%   276 1800s

Cutting planes:
  Cover: 1
  Implied bound: 34
  Projected implied bound: 27
  Clique: 6
  MIR: 6
  StrongCG: 1
  Flow cover: 79
  GUB cover: 6
  RLT: 2
  Relax-and-lift: 85
  BQP: 1

Explored 22868 nodes (6367810 simplex iterations) in 1800.01 seconds (2097.55 work units)
Thread count was 8 (of 8 available processors)

Solution count 10: 23000 24000 25000 ... 34000

Time limit reached
Best objective 2.300000000000e+04, best bound 0.000000000000e+00, gap 100.0000%
