
Gurobi 13.0.1 (linux64) logging started Thu Apr 23 09:41:41 2026

Set parameter LogFile to value "experiments/20260422_213746/logs/Inst_11_Medium_Inspire_23__drone_index.log"
Set parameter LogToConsole to value 0
Set parameter TimeLimit to value 1800
Gurobi Optimizer version 13.0.1 build v13.0.1rc0 (linux64 - "Ubuntu 24.04.4 LTS")

CPU model: Intel(R) Core(TM) i5-8250U CPU @ 1.60GHz, instruction set [SSE2|AVX|AVX2]
Thread count: 4 physical cores, 8 logical processors, using up to 8 threads

Non-default parameters:
TimeLimit  1800
LogToConsole  0
LazyConstraints  1

Optimize a model with 41843 rows, 40578 columns and 192930 nonzeros (Min)
Model fingerprint: 0x816dd0cf
Model has 29 linear objective coefficients
Variable types: 20010 continuous, 20568 integer (20568 binary)
Coefficient statistics:
  Matrix range     [1e+00, 2e+04]
  Objective range  [1e+03, 2e+03]
  Bounds range     [1e+00, 1e+00]
  RHS range        [1e+00, 1e+00]

Presolve removed 9338 rows and 4669 columns
Presolve time: 0.58s
Presolved: 32505 rows, 35909 columns, 169493 nonzeros
Variable types: 15341 continuous, 20568 integer (20568 binary)
Found heuristic solution: objective 50000.000000
Root relaxation presolved: 32505 rows, 35909 columns, 169493 nonzeros

Deterministic concurrent LP optimizer: primal and dual simplex
Showing primal log only...

Concurrent spin time: 0.00s

Solved with primal simplex

Use crossover to convert LP symmetric solution to basic solution...
Crossover time: 0.05 seconds (0.03 work units)

Root relaxation: objective 2.668560e+03, 3520 iterations, 0.16 seconds (0.11 work units)

    Nodes    |    Current Node    |     Objective Bounds      |     Work
 Expl Unexpl |  Obj  Depth IntInf | Incumbent    BestBd   Gap | It/Node Time

     0     0 2668.56019    0  160 50000.0000 2668.56019  94.7%     -    1s
     0     0 2668.56019    0  160 50000.0000 2668.56019  94.7%     -    5s
     0     0 2668.56019    0  160 50000.0000 2668.56019  94.7%     -   10s
H    0     0                    28000.000000 2668.56019  90.5%     -   10s
     0     0 2668.56019    0  160 28000.0000 2668.56019  90.5%     -   16s
     0     0 2668.56019    0  175 28000.0000 2668.56019  90.5%     -   19s
     0     0 2897.53834    0  445 28000.0000 2897.53834  89.7%     -   72s
H    0     0                    11000.000000 2897.53834  73.7%     -   72s
     0     0 2897.53834    0  445 11000.0000 2897.53834  73.7%     -   80s
     0     0 3032.83050    0  465 11000.0000 3032.83050  72.4%     -  148s
     0     0 3091.55995    0  478 11000.0000 3091.55995  71.9%     -  174s
     0     0 3120.65905    0  437 11000.0000 3120.65905  71.6%     -  200s
     0     0 3138.47716    0  503 11000.0000 3138.47716  71.5%     -  213s
     0     0 3171.78862    0  491 11000.0000 3171.78862  71.2%     -  240s
     0     0 3176.46473    0  527 11000.0000 3176.46473  71.1%     -  261s
     0     0 3177.49541    0  535 11000.0000 3177.49541  71.1%     -  273s
     0     0 3177.49541    0  481 11000.0000 3177.49541  71.1%     -  273s
     0     0 3177.49541    0  481 11000.0000 3177.49541  71.1%     -  281s
     0     0 3177.49541    0  442 11000.0000 3177.49541  71.1%     -  285s
     0     0 3177.49541    0  604 11000.0000 3177.49541  71.1%     -  306s
     0     0 3177.49541    0  604 11000.0000 3177.49541  71.1%     -  314s
     0     0 3177.49541    0  604 11000.0000 3177.49541  71.1%     -  327s
     0     0 3177.49541    0  598 11000.0000 3177.49541  71.1%     -  333s
     0     0 3177.49541    0  622 11000.0000 3177.49541  71.1%     -  356s
     0     0 3177.49541    0  237 11000.0000 3177.49541  71.1%     -  367s
     0     0 3177.49541    0  276 11000.0000 3177.49541  71.1%     -  368s
     0     0 3177.54697    0  797 11000.0000 3177.54697  71.1%     -  382s
     0     0 3177.54697    0  571 11000.0000 3177.54697  71.1%     -  385s
     0     0 3178.24141    0  571 11000.0000 3178.24141  71.1%     -  387s
     0     0 3178.24141    0  487 11000.0000 3178.24141  71.1%     -  388s
     0     0 3180.70399    0  487 11000.0000 3180.70399  71.1%     -  399s
     0     2 3180.70399    0  473 11000.0000 3180.70399  71.1%     -  403s
     1     4 3180.70399    1  542 11000.0000 3180.70399  71.1%   526  406s
     3     8 3180.70399    2  669 11000.0000 3180.70399  71.1%  1031  450s
     7    12 3180.70399    3  647 11000.0000 3180.70399  71.1%  7924  456s
    11    13 4087.85639    4  159 11000.0000 3180.70399  71.1%  5547  482s
    12    17 5000.00000    5   91 11000.0000 3180.70399  71.1%  5486  500s
    16    20 5000.00000    6   96 11000.0000 3180.70399  71.1%  9580  520s
H   18    20                    10000.000000 3180.70399  68.2%  8595  520s
    19    24 5000.00000    7   77 10000.0000 3180.70399  68.2%  8846  544s
    23    27 5000.00000    8   79 10000.0000 3180.70399  68.2%  8802  573s
    26    31 5000.00000    9   86 10000.0000 3180.70399  68.2%  9053  590s
    30    36 5000.00000   10   84 10000.0000 3180.70399  68.2%  9317  602s
    35    37 5000.00000   12   99 10000.0000 3180.70399  68.2%  9249  626s
    38    41 5000.00000   13   91 10000.0000 3180.70399  68.2% 10878  647s
    42    56 5000.00000   14   77 10000.0000 3180.70399  68.2% 10569  659s
    57    60 5000.00000   19   94 10000.0000 3180.70399  68.2%  8247  675s
    61    63 5000.00000   15   77 10000.0000 3180.70399  68.2%  8012  696s
    64    67 5021.34925   20  109 10000.0000 3180.70399  68.2%  8119  712s
    68    71 5102.84052   21  146 10000.0000 3180.70399  68.2%  7854  725s
    72    75 5124.21418   22  167 10000.0000 3180.70399  68.2%  7477  736s
    76    85 5131.61833   23  112 10000.0000 3180.70399  68.2%  7312  748s
    86    93 5134.94631   28  115 10000.0000 3180.70399  68.2%  6734  759s
    95   109 5143.20757   32  139 10000.0000 3180.70399  68.2%  6541  767s
   111   126 5190.24102   35  144 10000.0000 3180.70399  68.2%  5744  773s
   128   136 5223.93106   41  147 10000.0000 3180.70399  68.2%  5079  787s
   138   156 5228.79351   48  206 10000.0000 3180.70399  68.2%  4898  794s
   158   174 5234.27840   55  158 10000.0000 3180.70399  68.2%  4360  802s
   176   194 5254.01527   63  197 10000.0000 3180.70399  68.2%  4026  809s
   196   213 5258.01716   71  174 10000.0000 3180.70399  68.2%  3661  821s
   215   227 5273.35341   81  155 10000.0000 3180.70399  68.2%  3440  830s
   231   251 7000.00000   90   97 10000.0000 3180.70399  68.2%  3292  842s
   255   265 7000.00000   99   73 10000.0000 3180.70399  68.2%  3077  857s
   275   289 infeasible  107      10000.0000 3180.70399  68.2%  2980  879s
   303   316 7000.00000   62   74 10000.0000 3180.70399  68.2%  2802  894s
   332   359 7000.00000   65   63 10000.0000 3180.70399  68.2%  2670  906s
   375   387 7000.00000   77   57 10000.0000 3180.70399  68.2%  2461  913s
   405   393 7000.00000   95   65 10000.0000 3180.70399  68.2%  2315  935s
   437   418 5509.24952   57  157 10000.0000 3180.70399  68.2%  2202  960s
   466   422 5594.71793   72  111 10000.0000 3180.70399  68.2%  2115  977s
   470   469 5603.69052   73  115 10000.0000 3180.70399  68.2%  2166  996s
   517   514 7000.00000   89   87 10000.0000 3180.70399  68.2%  2064 1010s
   562   518 7000.00000  115   93 10000.0000 3180.70399  68.2%  1978 1026s
   566   549 7000.00000  116   92 10000.0000 3180.70399  68.2%  1998 1041s
   597   564 7000.00000  136  100 10000.0000 3180.70399  68.2%  1958 1058s
   612   611 7000.00000  141   94 10000.0000 3180.70399  68.2%  1966 1076s
   659   661 7000.00000  167   67 10000.0000 3180.70399  68.2%  1920 1094s
   709   709 7000.00000  199   49 10000.0000 3180.70399  68.2%  1847 1123s
   769   716 5000.00000   29  105 10000.0000 3180.70399  68.2%  1794 1140s
   776   725 5000.00000   30  117 10000.0000 3180.70399  68.2%  1820 1165s
   785   729 5000.00000   31   96 10000.0000 3180.70399  68.2%  1847 1184s
   789   734 5000.00000   32  101 10000.0000 3180.70399  68.2%  1863 1200s
   794   756 5000.00000   33  116 10000.0000 3180.70399  68.2%  1883 1220s
   818   775 5000.00000   36  103 10000.0000 3180.70399  68.2%  1906 1244s
   847   786 5000.00000   41  113 10000.0000 3180.70399  68.2%  1940 1284s
   862   793 5000.00000   44  116 10000.0000 3180.70399  68.2%  1968 1328s
   869   823 5008.08945   46  131 10000.0000 3180.70399  68.2%  2019 1367s
   901   825 7000.00000   72   73 10000.0000 3180.70399  68.2%  1990 1404s
   903   877 7000.00000   70   77 10000.0000 3180.70399  68.2%  1992 1445s
   955   956 7000.00000  112   73 10000.0000 3180.70399  68.2%  1962 1479s
  1034   960 7000.00000  160   76 10000.0000 3180.70399  68.2%  1880 1508s
  1038  1101 7000.00000  161   67 10000.0000 3180.70399  68.2%  1888 1533s
  1182  1102 7000.00000  168  487 10000.0000 3180.70399  68.2%  1731 1680s
  1184  1103 5123.01189  127  194 10000.0000 3180.70399  68.2%  1728 1722s
  1185  1104 5000.00000   88  250 10000.0000 3180.70399  68.2%  1726 1750s

Cutting planes:
  Cover: 12
  Implied bound: 23
  Clique: 13
  MIR: 11
  Flow cover: 12
  RLT: 1
  BQP: 1
  Lazy constraints: 79

Explored 1185 nodes (2392914 simplex iterations) in 1800.00 seconds (1663.29 work units)
Thread count was 8 (of 8 available processors)

Solution count 4: 10000 11000 28000 50000 

Time limit reached
Best objective 1.000000000000e+04, best bound 4.000000000000e+03, gap 60.0000%

User-callback calls 406786, time in user-callback 6.54 sec
