
Gurobi 13.0.1 (linux64) logging started Fri Apr 24 03:22:24 2026

Set parameter LogFile to value "experiments/20260422_213746/logs/Inst_23_Hard_Inspire_46__drone_index.log"
Set parameter LogToConsole to value 0
Set parameter TimeLimit to value 1800
Gurobi Optimizer version 13.0.1 build v13.0.1rc0 (linux64 - "Ubuntu 24.04.4 LTS")

CPU model: Intel(R) Core(TM) i5-8250U CPU @ 1.60GHz, instruction set [SSE2|AVX|AVX2]
Thread count: 4 physical cores, 8 logical processors, using up to 8 threads

Non-default parameters:
TimeLimit  1800
LogToConsole  0
LazyConstraints  1

Optimize a model with 321920 rows, 316998 columns and 1513320 nonzeros (Min)
Model fingerprint: 0x43951a75
Model has 58 linear objective coefficients
Variable types: 157412 continuous, 159586 integer (159586 binary)
Coefficient statistics:
  Matrix range     [1e+00, 3e+04]
  Objective range  [1e+03, 2e+03]
  Bounds range     [1e+00, 1e+00]
  RHS range        [1e+00, 1e+00]

Presolve removed 69368 rows and 34684 columns (presolve time = 5s)...
Presolve removed 69368 rows and 34684 columns
Presolve time: 8.04s
Presolved: 252552 rows, 282314 columns, 1342706 nonzeros
Variable types: 122728 continuous, 159586 integer (159586 binary)
Root relaxation presolved: 252552 rows, 282314 columns, 1342706 nonzeros

Deterministic concurrent LP optimizer: primal simplex, dual simplex, and barrier
Showing barrier log only...

Root barrier log...

Ordering time: 0.03s

Barrier statistics:
 AA' NZ     : 3.720e+04
 Factor NZ  : 4.829e+04 (roughly 5 MB of memory)
 Factor Ops : 1.737e+06 (less than 1 second per iteration)
 Threads    : 2

                  Objective                Residual
Iter       Primal          Dual         Primal    Dual     Compl     Time
   0   3.20560371e+05 -9.45942616e+06  5.75e+04 3.37e+00  4.14e+04    11s
   1   8.60317924e+04 -8.39511944e+06  5.48e+03 3.98e-13  4.29e+03    11s
   2   5.27277731e+04 -4.58570689e+06  6.26e+02 1.14e-12  6.73e+02    11s
   3   2.74268102e+04 -1.05181223e+06  3.76e+01 6.82e-13  8.65e+01    11s
   4   1.84077842e+04 -3.88528930e+05  3.10e+00 2.96e-12  2.48e+01    11s
   5   1.65141258e+04 -6.28538567e+04  7.34e-01 7.01e-13  4.66e+00    11s
   6   1.36667650e+04 -2.63196765e+04  2.32e-01 1.53e-12  2.31e+00    11s
   7   9.21849376e+03 -1.26875900e+04  6.85e-02 1.26e-12  1.26e+00    11s
   8   7.58876282e+03 -4.33742931e+03  3.99e-02 1.54e-12  6.84e-01    11s
   9   5.98125060e+03 -4.66787000e+02  1.98e-02 1.99e-12  3.70e-01    11s
  10   5.19744596e+03  1.08320031e+03  1.23e-02 1.57e-12  2.36e-01    11s
  11   4.49118395e+03  1.91707064e+03  5.98e-03 6.45e-13  1.47e-01    11s
  12   4.12325344e+03  3.01853460e+03  3.33e-03 1.74e-12  6.33e-02    11s
  13   4.04032004e+03  3.16622937e+03  2.66e-03 1.02e-12  5.01e-02    11s
  14   3.80089470e+03  3.29287045e+03  6.95e-04 7.40e-13  2.90e-02    11s
  15   3.65775435e+03  3.54934782e+03  1.05e-04 7.05e-13  6.19e-03    11s
  16   3.62565077e+03  3.61956805e+03  4.92e-07 7.99e-13  3.47e-04    11s
  17   3.62410374e+03  3.62397944e+03  1.61e-08 1.12e-12  7.08e-06    11s
  18   3.62400665e+03  3.62400626e+03  1.81e-11 1.12e-12  2.23e-08    11s
  19   3.62400632e+03  3.62400632e+03  2.02e-11 1.20e-12  3.30e-14    11s

Barrier solved model in 19 iterations and 10.88 seconds (5.85 work units)
Optimal objective 3.62400632e+03


Root crossover log...

    5126 DPushes remaining with DInf 0.0000000e+00                11s
       0 DPushes remaining with DInf 0.0000000e+00                11s

      33 PPushes remaining with PInf 0.0000000e+00                11s
       0 PPushes remaining with PInf 0.0000000e+00                11s

  Push phase complete: Pinf 0.0000000e+00, Dinf 1.7059687e-12     11s


Root simplex log...

Iteration    Objective       Primal Inf.    Dual Inf.      Time
    2181    3.6240063e+03   0.000000e+00   0.000000e+00     11s
Crossover time: 0.02 seconds (0.01 work units)
Concurrent spin time: 0.00s

Solved with barrier
    2181    3.6240063e+03   0.000000e+00   0.000000e+00     11s

Use crossover to convert LP symmetric solution to basic solution...

Root crossover log...

       0 DPushes remaining with DInf 0.0000000e+00                11s

    3592 PPushes remaining with PInf 0.0000000e+00                11s
       0 PPushes remaining with PInf 0.0000000e+00                12s

  Push phase complete: Pinf 0.0000000e+00, Dinf 1.1159202e-11     12s


Root simplex log...

Iteration    Objective       Primal Inf.    Dual Inf.      Time
    6006    3.6240063e+03   0.000000e+00   0.000000e+00     12s
Crossover time: 0.69 seconds (0.60 work units)

Root relaxation: objective 3.624006e+03, 6006 iterations, 1.88 seconds (1.13 work units)

    Nodes    |    Current Node    |     Objective Bounds      |     Work
 Expl Unexpl |  Obj  Depth IntInf | Incumbent    BestBd   Gap | It/Node Time

     0     0 3624.00632    0  593          - 3624.00632      -     -   25s
     0     0 3624.00632    0  593          - 3624.00632      -     -   49s
     0     0 3624.00632    0  593          - 3624.00632      -     -   71s
     0     0 3624.00632    0  593          - 3624.00632      -     -   95s
     0     0 3624.00632    0  593          - 3624.00632      -     -  119s
     0     0 3624.00632    0  593          - 3624.00632      -     -  141s
     0     0 3624.00632    0  359          - 3624.00632      -     -  160s
     0     0          -    0               - 3624.00632      -     - 1800s

Cutting planes:
  Cover: 33
  Implied bound: 28
  Clique: 42
  MIR: 79
  StrongCG: 1
  Flow cover: 67
  GUB cover: 2
  Zero half: 1
  RLT: 4
  Relax-and-lift: 1
  BQP: 22
  Lazy constraints: 166

Explored 1 nodes (170005 simplex iterations) in 1800.01 seconds (1090.30 work units)
Thread count was 8 (of 8 available processors)

Solution count 0

Time limit reached
Best objective -, best bound 4.000000000000e+03, gap -

User-callback calls 14609, time in user-callback 0.93 sec
