
Gurobi 13.0.1 (linux64) logging started Wed Apr 22 21:37:46 2026

Set parameter LogFile to value "experiments/20260422_213746/logs/Inst_01_Easy_Phantom__ribeiro.log"
Set parameter LogToConsole to value 0
Set parameter TimeLimit to value 1800
Gurobi Optimizer version 13.0.1 build v13.0.1rc0 (linux64 - "Ubuntu 24.04.4 LTS")

CPU model: Intel(R) Core(TM) i5-8250U CPU @ 1.60GHz, instruction set [SSE2|AVX|AVX2]
Thread count: 4 physical cores, 8 logical processors, using up to 8 threads

Non-default parameters:
TimeLimit  1800
LogToConsole  0

Optimize a model with 844 rows, 294 columns and 2721 nonzeros (Min)
Model fingerprint: 0xddbd29b0
Model has 18 linear objective coefficients
Variable types: 32 continuous, 262 integer (243 binary)
Coefficient statistics:
  Matrix range     [1e+00, 3e+04]
  Objective range  [1e+03, 1e+03]
  Bounds range     [1e+00, 2e+04]
  RHS range        [1e+00, 3e+04]

Presolve removed 120 rows and 6 columns
Presolve time: 0.03s
Presolved: 724 rows, 288 columns, 4566 nonzeros
Variable types: 27 continuous, 261 integer (243 binary)
Found heuristic solution: objective 15000.000000
Found heuristic solution: objective 11600.000000

Root relaxation: objective 0.000000e+00, 126 iterations, 0.00 seconds (0.00 work units)

    Nodes    |    Current Node    |     Objective Bounds      |     Work
 Expl Unexpl |  Obj  Depth IntInf | Incumbent    BestBd   Gap | It/Node Time

     0     0    0.00000    0   20 11600.0000    0.00000   100%     -    0s
H    0     0                    10400.000000    0.00000   100%     -    0s
H    0     0                    10200.000000    0.00000   100%     -    0s
     0     0    0.00000    0   31 10200.0000    0.00000   100%     -    0s
H    0     0                    9000.0000000    0.00000   100%     -    0s
     0     0    0.00000    0   33 9000.00000    0.00000   100%     -    0s
     0     0    0.00000    0   35 9000.00000    0.00000   100%     -    0s
     0     0    0.00000    0   23 9000.00000    0.00000   100%     -    0s
     0     0    0.00000    0   27 9000.00000    0.00000   100%     -    0s
H    0     0                    8000.0000000    0.00000   100%     -    0s
     0     0    0.00000    0   36 8000.00000    0.00000   100%     -    0s
     0     0    0.00000    0   20 8000.00000    0.00000   100%     -    0s
H    0     0                    7800.0000000    0.00000   100%     -    0s
     0     0    0.00000    0   21 7800.00000    0.00000   100%     -    0s
     0     0    0.00000    0   28 7800.00000    0.00000   100%     -    0s
     0     0    0.00000    0   26 7800.00000    0.00000   100%     -    0s
H    0     0                    6800.0000000    0.00000   100%     -    0s
     0     0    0.00000    0   34 6800.00000    0.00000   100%     -    0s
     0     0    0.00000    0   37 6800.00000    0.00000   100%     -    0s
     0     0    0.00000    0   32 6800.00000    0.00000   100%     -    0s
     0     0    0.00000    0   31 6800.00000    0.00000   100%     -    0s
     0     0    0.00000    0   27 6800.00000    0.00000   100%     -    0s
     0     2    0.00000    0   27 6800.00000    0.00000   100%     -    0s
H   35    49                    5600.0000000    0.00000   100%   102    0s
H  718   485                    4400.0000000    0.00000   100%  45.8    0s
  2060  1144 1000.00000   38   25 4400.00000    0.00000   100%  61.9    5s
  8042  4045 1141.94413   33   31 4400.00000 1000.00000  77.3%  67.3   10s
 14170  6595 2000.00000   66   19 4400.00000 1000.00000  77.3%  65.3   15s
 20679  9773 2000.00000   42   23 4400.00000 1000.00000  77.3%  64.8   20s
 29248 13645 2000.00000   60   23 4400.00000 1000.00000  77.3%  65.8   32s
 35046 16114 4200.00000   45   24 4400.00000 1000.00000  77.3%  66.2   35s
 43619 19644 2200.00000   56   14 4400.00000 1000.00000  77.3%  65.7   40s
 51861 22939 1008.04967   57   32 4400.00000 1000.00000  77.3%  65.5   45s
 58344 25578 3200.00000   67   23 4400.00000 1000.00000  77.3%  65.5   50s
 66514 29090 3000.00000   37   28 4400.00000 1000.00000  77.3%  65.8   55s
 74966 32299 2000.00000   32   31 4400.00000 1000.00000  77.3%  65.5   60s
 80753 34812 2000.00000   68   26 4400.00000 1000.00000  77.3%  65.7   65s
 88984 38204 infeasible   31      4400.00000 1000.00000  77.3%  65.8   70s
 96583 41317 3000.00000   61   27 4400.00000 1000.00000  77.3%  66.0   75s
 103608 44006 1000.00000   63   31 4400.00000 1000.00000  77.3%  66.0   80s
 109397 46664 1122.94477   69   46 4400.00000 1000.00000  77.3%  66.2   85s
 117889 49938 2000.00000   64   24 4400.00000 1000.00000  77.3%  66.2   90s
 126879 53633 3200.00000   71   26 4400.00000 1000.00000  77.3%  66.2   95s
 132286 55752 2000.00000   54   21 4400.00000 1000.00000  77.3%  66.2  100s
 139646 58448 1026.67658   46   37 4400.00000 1000.00000  77.3%  66.1  105s
 148457 61786 2018.38825   59   27 4400.00000 1000.00000  77.3%  66.1  110s
 155757 64448 2000.00000   52   25 4400.00000 1000.00000  77.3%  66.0  115s
 163096 67360 infeasible   55      4400.00000 1000.00000  77.3%  66.0  120s
 171864 70773 4200.00000   36   12 4400.00000 1000.00000  77.3%  65.8  125s
 179205 73825 infeasible   63      4400.00000 1000.00000  77.3%  65.7  130s
 186473 76693 2192.89426   49   32 4400.00000 1000.00000  77.3%  65.5  135s
 194793 79607 3042.93394   84   32 4400.00000 1000.00000  77.3%  65.5  140s
 202143 82515 3266.90141   59   21 4400.00000 1000.00000  77.3%  65.5  145s
 209817 85743 2000.00000   68   31 4400.00000 1000.00000  77.3%  65.6  150s
 219570 90070 2000.00000   40   21 4400.00000 1000.00000  77.3%  65.6  155s
 225393 92684 2580.01466   60   24 4400.00000 1000.00000  77.3%  65.6  160s
 234513 96355 3053.12799   61   34 4400.00000 1000.00000  77.3%  65.6  165s
 240498 98647 1000.00000   27   21 4400.00000 1000.00000  77.3%  65.6  170s
 248027 101405 3200.00000   46   16 4400.00000 1000.00000  77.3%  65.6  175s
 256421 104980 2000.00000   45   33 4400.00000 1000.00000  77.3%  65.5  180s
 265718 108701 2000.00000   51   19 4400.00000 1000.00000  77.3%  65.5  185s
 271625 111042 1000.00000   47   25 4400.00000 1000.00000  77.3%  65.4  190s
 281130 114422 4200.00000   60   22 4400.00000 1000.00000  77.3%  65.3  195s
 286505 116733 2000.00000   59   18 4400.00000 1000.00000  77.3%  65.3  200s
 295795 120314 3200.00000   41   15 4400.00000 1000.00000  77.3%  65.2  205s
 303292 123388 infeasible   50      4400.00000 1000.00000  77.3%  65.2  210s
 311693 126666 2013.48416   58   42 4400.00000 1000.00000  77.3%  65.2  215s
 318457 129108 3000.00000   84   21 4400.00000 1000.00000  77.3%  65.1  220s
 327380 132781 2000.00000   39   24 4400.00000 1000.00000  77.3%  65.1  225s
 336931 136196 3000.00000   50   15 4400.00000 1000.00000  77.3%  65.1  230s
 343523 138535 4200.00000   46   12 4400.00000 1000.00000  77.3%  65.0  235s
 352000 141720 1000.00000   62   19 4400.00000 1000.00000  77.3%  65.0  240s
 359393 144679 2000.00000   44   22 4400.00000 1000.00000  77.3%  65.0  245s
 368128 147602 2200.99587   40   28 4400.00000 1000.00000  77.3%  64.9  250s
 375213 150322 3200.00000   39   24 4400.00000 1000.00000  77.3%  64.9  255s
 383985 153392 2078.87605   65   21 4400.00000 1000.00000  77.3%  64.9  260s
 390698 155839 4200.00000   67   25 4400.00000 1000.00000  77.3%  65.0  265s
 397087 157873 3126.82413   41   35 4400.00000 1000.00000  77.3%  65.1  270s
 403848 160516 3128.97795   50   26 4400.00000 1000.00000  77.3%  65.1  275s
 413320 164301 2000.00000   58   21 4400.00000 1000.00000  77.3%  65.1  280s
*417048 154049              44    3400.0000000 1000.00000  70.6%  65.1  282s
 422107 155515 3200.00000   57   26 3400.00000 1000.00000  70.6%  65.1  285s
 429126 157620 3000.00000   57   27 3400.00000 1000.00000  70.6%  65.2  290s
 433375 159044 1000.00000   26   27 3400.00000 1000.00000  70.6%  65.2  295s
 441833 161495 2000.00000   60   27 3400.00000 1000.00000  70.6%  65.2  300s
 448299 163185 1268.42321   37   26 3400.00000 1000.00000  70.6%  65.3  305s
 453868 164678 infeasible   48      3400.00000 1000.00000  70.6%  65.3  310s
 460950 166744 infeasible   52      3400.00000 1000.00000  70.6%  65.3  315s
 467783 168934     cutoff   78      3400.00000 1000.00000  70.6%  65.3  320s
 474161 170804 1094.43182   59   28 3400.00000 1000.00000  70.6%  65.4  325s
 481147 172879 2000.00000   64   24 3400.00000 1000.00000  70.6%  65.4  330s
 488007 174882 2123.55368   68   32 3400.00000 1000.00000  70.6%  65.4  335s
 495461 177069     cutoff   67      3400.00000 1000.00000  70.6%  65.4  340s
 501912 178690 1146.99524   65   29 3400.00000 1000.00000  70.6%  65.5  345s
 509916 181113 infeasible   49      3400.00000 1000.00000  70.6%  65.5  350s
 515878 182564 infeasible   41      3400.00000 1000.00000  70.6%  65.5  355s
 523748 185005 infeasible   64      3400.00000 1000.00000  70.6%  65.6  360s
 527313 186302 1000.00000   44   23 3400.00000 1000.00000  70.6%  65.6  365s
 534342 187915 2000.00000   48   22 3400.00000 1000.00000  70.6%  65.6  370s
 542146 190306 1000.00000   53   23 3400.00000 1000.00000  70.6%  65.6  375s
 547692 192474 2200.00000   63   21 3400.00000 1000.00000  70.6%  65.7  380s
 554804 195046 2119.31256   59   40 3400.00000 1000.00000  70.6%  65.8  385s
 560596 196850 2000.00000   83   29 3400.00000 1000.00000  70.6%  65.8  390s
 567302 198669     cutoff   61      3400.00000 1000.00000  70.6%  65.9  395s
 573235 200454 3000.00000   61   26 3400.00000 1000.00000  70.6%  65.9  400s
 581674 202815 1000.00000   43   32 3400.00000 1000.00000  70.6%  65.9  405s
 587614 204519 3011.13887   63   23 3400.00000 1000.00000  70.6%  65.9  410s
 595580 206660 1515.47053   59   22 3400.00000 1000.00000  70.6%  65.9  415s
 602249 208323 1004.76266   42   40 3400.00000 1000.00000  70.6%  65.9  420s
 610329 210296 2000.00000   23   18 3400.00000 1000.00000  70.6%  65.9  425s
 616860 212251 2000.00000   55   26 3400.00000 1000.00000  70.6%  65.9  430s
 621902 213636 2000.00000   62   22 3400.00000 1000.00000  70.6%  65.9  435s
 629362 215720 1059.61281   35   35 3400.00000 1000.00000  70.6%  65.9  440s
 635829 217538 infeasible   51      3400.00000 1000.00000  70.6%  65.9  445s
 643146 219563 infeasible   57      3400.00000 1000.00000  70.6%  66.0  450s
 649110 220960 infeasible   53      3400.00000 1000.00000  70.6%  66.0  455s
 656898 223145 infeasible   55      3400.00000 1000.00000  70.6%  66.0  460s
 662839 224691 2000.00000   39   22 3400.00000 1000.00000  70.6%  66.0  465s
 667797 226149 3000.00000   45   23 3400.00000 1000.00000  70.6%  66.0  470s
 674148 227704 2000.00000   59   18 3400.00000 1000.00000  70.6%  66.0  475s
 680655 229730 2000.00000   50   30 3400.00000 1000.00000  70.6%  66.0  480s
 688062 231447 infeasible   69      3400.00000 1000.00000  70.6%  66.0  485s
 694288 233391 2045.18229   42   32 3400.00000 1000.00000  70.6%  66.0  490s
 701556 235473 2000.00000   56   21 3400.00000 1000.00000  70.6%  66.0  495s
 708123 237323 2000.00000   56   24 3400.00000 1000.00000  70.6%  66.0  500s
 716679 239653 2200.00000   58   15 3400.00000 1000.00000  70.6%  65.9  505s
 722315 241244 3200.00000   47   23 3400.00000 1000.00000  70.6%  65.9  510s
 728900 243076 infeasible   54      3400.00000 1000.00000  70.6%  65.9  515s
 737385 245350 infeasible   62      3400.00000 1000.00000  70.6%  65.9  520s
 745371 247837 infeasible   47      3400.00000 1000.00000  70.6%  65.9  525s
 751854 249719 1036.81469   36   42 3400.00000 1000.00000  70.6%  65.9  530s
 757167 251554 2200.00000   40   17 3400.00000 1000.00000  70.6%  65.9  535s
 762193 252998 2000.00000   57   26 3400.00000 1000.00000  70.6%  66.0  540s
 767376 254611 infeasible   64      3400.00000 1000.00000  70.6%  66.0  545s
 775092 256561 2000.00000   63   22 3400.00000 1000.00000  70.6%  66.0  550s
 781472 258692 1013.43570   53   42 3400.00000 1000.00000  70.6%  65.9  555s
 787219 260246 2200.00000   40   19 3400.00000 1000.00000  70.6%  66.0  560s
 794676 262263 2200.00000   47   16 3400.00000 1000.00000  70.6%  66.0  565s
 801220 264649 infeasible   58      3400.00000 1000.00000  70.6%  66.0  570s
 809181 266634 2000.00000   69   29 3400.00000 1000.00000  70.6%  66.0  575s
 814756 268201 1176.95318   50   32 3400.00000 1000.00000  70.6%  66.0  580s
 822742 270568 3000.00000   53   20 3400.00000 1000.00000  70.6%  66.0  585s
 828639 272288 2787.70273   64   16 3400.00000 1000.00000  70.6%  66.0  590s
 835161 274406 2000.00000   50   22 3400.00000 1000.00000  70.6%  66.0  595s
 843349 276556 2002.63275   59   30 3400.00000 1000.00000  70.6%  66.0  600s
 848343 277891 1118.47774   39   43 3400.00000 1000.00000  70.6%  66.0  605s
 854807 279581 2153.16360   59   32 3400.00000 1000.00000  70.6%  66.0  610s
 862766 281757 1052.16412   43   36 3400.00000 1000.00000  70.6%  66.0  615s
 868538 283245 2000.00000   67   29 3400.00000 1000.00000  70.6%  66.0  620s
 875806 285466 2000.00000   39   25 3400.00000 1000.00000  70.6%  66.0  625s
 882188 287535     cutoff   49      3400.00000 1000.00000  70.6%  66.0  630s
 888887 289576 2000.00000   54   21 3400.00000 1000.00000  70.6%  66.0  635s
 897401 291999 infeasible   65      3400.00000 1000.00000  70.6%  66.0  640s
 902890 293460 1000.00000   60   29 3400.00000 1000.00000  70.6%  66.0  645s
 909794 295418 2223.26376   58   29 3400.00000 1000.00000  70.6%  66.1  650s
 914535 296474 infeasible   59      3400.00000 1000.00000  70.6%  66.1  655s
 918810 297762 3000.00000   59   26 3400.00000 1000.00000  70.6%  66.1  660s
 927169 299934 infeasible   59      3400.00000 1000.00000  70.6%  66.1  665s
 933687 301662 2200.00000   45   15 3400.00000 1000.00000  70.6%  66.1  670s
 941053 303703 2000.00000   49   21 3400.00000 1000.00000  70.6%  66.1  675s
 947059 305437 2000.00000   76   29 3400.00000 1000.00000  70.6%  66.1  680s
 952805 307211 1000.00000   65   27 3400.00000 1000.00000  70.6%  66.2  685s
 960888 309353 infeasible   69      3400.00000 1000.00000  70.6%  66.2  690s
 966624 311140 2038.70532   52   21 3400.00000 1000.00000  70.6%  66.2  695s
 975000 313711 infeasible   52      3400.00000 1000.00000  70.6%  66.2  700s
 981333 315770 2151.84070   64   26 3400.00000 1000.00000  70.6%  66.1  705s
 988404 318173 3200.00000   67   28 3400.00000 1000.00000  70.6%  66.2  710s
 995209 320116 2000.00000   49   29 3400.00000 1000.00000  70.6%  66.2  715s
 1000621 321680 3000.00000   51   14 3400.00000 1000.00000  70.6%  66.2  720s
 1009125 324393 1027.31134   47   28 3400.00000 1000.00000  70.6%  66.2  725s
 1014841 325924 1092.58155   55   31 3400.00000 1000.00000  70.6%  66.2  730s
 1021641 327584 1290.26083   61   36 3400.00000 1000.00000  70.6%  66.2  735s
 1029731 329699 2022.26792   49   24 3400.00000 1000.00000  70.6%  66.2  740s
 1034828 331748 2000.00000   58   29 3400.00000 1000.00000  70.6%  66.2  745s
 1042813 333983 2000.00000   38   22 3400.00000 1000.00000  70.6%  66.3  750s
 1048840 335586 2000.00000   60   24 3400.00000 1000.00000  70.6%  66.3  755s
 1054842 337653 2069.08170   52   40 3400.00000 1000.00000  70.6%  66.3  760s
 1060884 339275 2002.59768   63   47 3400.00000 1000.00000  70.6%  66.3  765s
 1066600 341114 2000.00000   65   27 3400.00000 1000.00000  70.6%  66.3  770s
 1074602 343533 2000.00000   64   19 3400.00000 1000.00000  70.6%  66.4  775s
 1081169 345313 2200.00000   73   17 3400.00000 1000.00000  70.6%  66.4  780s
 1089317 347509 2000.00000   43   25 3400.00000 1000.00000  70.6%  66.4  785s
 1095996 349401 2200.00000   56   26 3400.00000 1000.00000  70.6%  66.4  790s
 1104262 351986 1070.17122   61   44 3400.00000 1000.00000  70.6%  66.4  795s
 1110062 353629 2261.85065   47   21 3400.00000 1000.00000  70.6%  66.3  800s
 1119282 356399 2026.69995   59   30 3400.00000 1000.00000  70.6%  66.3  805s
 1124779 357788 1271.51312   52   28 3400.00000 1000.00000  70.6%  66.3  810s
 1132805 359886 infeasible   57      3400.00000 1000.00000  70.6%  66.4  815s
 1137163 361206 infeasible   59      3400.00000 1000.00000  70.6%  66.4  820s
 1143087 363291 1000.00000   40   25 3400.00000 1000.00000  70.6%  66.4  825s
 1149812 365585 2000.00000   69   27 3400.00000 1000.00000  70.6%  66.4  830s
 1158085 367729 infeasible   54      3400.00000 1000.00000  70.6%  66.4  835s
 1163739 369452 1000.00000   38   26 3400.00000 1000.00000  70.6%  66.4  840s
 1171199 371817 1000.00000   40   23 3400.00000 1000.00000  70.6%  66.4  845s
 1176059 373271 1056.32075   48   32 3400.00000 1000.00000  70.6%  66.4  850s
 1180097 374876 infeasible   79      3400.00000 1000.00000  70.6%  66.4  855s
 1186236 377048 2000.00000   43   24 3400.00000 1000.00000  70.6%  66.4  860s
 1192700 379157 1013.97239   46   42 3400.00000 1000.00000  70.6%  66.4  865s
 1200780 381949 infeasible   70      3400.00000 1000.00000  70.6%  66.4  870s
 1207282 384020 2000.00000   53   20 3400.00000 1000.00000  70.6%  66.4  875s
 1215374 386290 1066.54909   46   28 3400.00000 1000.00000  70.6%  66.4  880s
 1221839 388392 3200.00000   58   22 3400.00000 1000.00000  70.6%  66.4  885s
 1228464 390497 3200.00000   44   18 3400.00000 1000.00000  70.6%  66.4  890s
 1236668 393133 1054.49195   39   31 3400.00000 1000.00000  70.6%  66.4  895s
 1241832 394739 2000.00000   48   20 3400.00000 1000.00000  70.6%  66.4  900s
 1249149 397331 2095.56419   64   34 3400.00000 1000.00000  70.6%  66.4  905s
 1255789 399343 infeasible   53      3400.00000 1000.00000  70.6%  66.4  910s
 1261766 401209 1000.00000   45   21 3400.00000 1000.00000  70.6%  66.4  915s
 1268402 403094 1008.70864   53   36 3400.00000 1000.00000  70.6%  66.4  920s
 1275270 405354 2000.00000   49   26 3400.00000 1000.00000  70.6%  66.4  925s
 1280937 407134 2139.88395   50   29 3400.00000 1000.00000  70.6%  66.4  930s
 1287687 409240 2000.00000   62   26 3400.00000 1000.00000  70.6%  66.4  935s
 1295128 411715 infeasible   46      3400.00000 1000.00000  70.6%  66.5  940s
 1301582 414450 2000.00000   57   21 3400.00000 1000.00000  70.6%  66.4  945s
 1309760 417384 2000.00000   63   21 3400.00000 1000.00000  70.6%  66.4  950s
 1316347 419641 infeasible   62      3400.00000 1000.00000  70.6%  66.4  955s
 1325351 422796 2112.79843   61   36 3400.00000 1000.00000  70.6%  66.4  960s
 1331863 424952 1000.00000   55   24 3400.00000 1000.00000  70.6%  66.3  965s
 1338392 426986 1000.00000   46   25 3400.00000 1000.00000  70.6%  66.3  970s
 1347109 429467 2349.24611   54   28 3400.00000 1000.00000  70.6%  66.3  975s
 1353761 431352 2000.00000   62   27 3400.00000 1000.00000  70.6%  66.3  980s
 1360108 433287 infeasible   54      3400.00000 1000.00000  70.6%  66.2  985s
 1368302 436045 1000.00000   43   24 3400.00000 1000.00000  70.6%  66.2  990s
 1374300 438028 3200.00000   54   20 3400.00000 1000.00000  70.6%  66.2  995s
 1381850 440495 infeasible   56      3400.00000 1000.00000  70.6%  66.2 1000s
 1389203 442868 2000.00000   66   28 3400.00000 1000.00000  70.6%  66.2 1005s
 1396472 444875 infeasible   70      3400.00000 1000.00000  70.6%  66.1 1010s
 1402138 446589 infeasible   61      3400.00000 1000.00000  70.6%  66.2 1015s
 1408257 448360 2211.04975   46   27 3400.00000 1000.00000  70.6%  66.1 1020s
 1416844 450854 2000.00000   54   28 3400.00000 1000.00000  70.6%  66.1 1025s
 1423012 452867 2015.05313   57   38 3400.00000 1000.00000  70.6%  66.1 1030s
 1429152 454692 2249.58661   58   18 3400.00000 1000.00000  70.6%  66.1 1035s
 1436661 457079 2200.00000   60   20 3400.00000 1000.00000  70.6%  66.1 1040s
 1443332 458990 2004.56681   65   37 3400.00000 1000.00000  70.6%  66.1 1045s
 1451959 462135 2360.25546   56   25 3400.00000 1000.00000  70.6%  66.0 1050s
 1458614 464325 1107.16304   66   38 3400.00000 1000.00000  70.6%  66.0 1055s
 1465138 466296 2000.00000   55   28 3400.00000 1000.00000  70.6%  66.0 1060s
 1473633 468492     cutoff   50      3400.00000 1000.00000  70.6%  66.0 1065s
 1479991 470483 2000.00000   67   26 3400.00000 1000.00000  70.6%  66.0 1070s
 1487661 472792 infeasible   78      3400.00000 1000.00000  70.6%  66.0 1075s
 1492944 474491 2000.00000   88   28 3400.00000 1000.00000  70.6%  66.0 1080s
 1501482 476843 1000.00000   61   30 3400.00000 1000.00000  70.6%  66.0 1085s
 1507897 478638 2000.00000   61   21 3400.00000 1000.00000  70.6%  66.0 1090s
 1514365 480524 2000.00000   50   20 3400.00000 1000.00000  70.6%  66.0 1095s
 1522589 482750 2000.00000   74   18 3400.00000 1000.00000  70.6%  66.0 1100s
 1529241 484662 1000.00000   45   29 3400.00000 1000.00000  70.6%  66.0 1105s
 1536389 487172 3000.00000   68   18 3400.00000 1000.00000  70.6%  66.0 1110s
 1543818 489327 infeasible   64      3400.00000 1000.00000  70.6%  66.0 1115s
 1550423 491273 2000.00000   49   30 3400.00000 1000.00000  70.6%  66.0 1120s
 1557710 493263 2206.45691   68   30 3400.00000 1000.00000  70.6%  65.9 1125s
 1563747 495028 2297.29429   62   24 3400.00000 1000.00000  70.6%  65.9 1130s
 1570751 496914 2000.00000   47   23 3400.00000 1000.00000  70.6%  65.9 1135s
 1578769 499795 2000.00000   53   27 3400.00000 1000.00000  70.6%  65.9 1140s
 1585600 502147 2000.00000   56   24 3400.00000 1000.00000  70.6%  65.9 1145s
 1591999 503957 2000.00000   51   20 3400.00000 1000.00000  70.6%  65.9 1150s
 1601020 506640 2200.00000   46   17 3400.00000 1000.00000  70.6%  65.9 1155s
 1606960 508171 2116.20236   58   33 3400.00000 1000.00000  70.6%  65.8 1160s
 1615216 510495 2000.00000   50   28 3400.00000 1000.00000  70.6%  65.8 1165s
 1621188 511991 3200.00000   61   22 3400.00000 1000.00000  70.6%  65.8 1170s
 1630084 514505 2056.48175   63   43 3400.00000 1000.00000  70.6%  65.8 1175s
 1636059 516265 2000.00000   64   31 3400.00000 1000.00000  70.6%  65.8 1180s
 1642701 518157 2000.00000   41   21 3400.00000 1000.00000  70.6%  65.8 1185s
 1651707 520784 infeasible   55      3400.00000 1000.00000  70.6%  65.8 1190s
 1656800 522172 2000.00000   68   25 3400.00000 1000.00000  70.6%  65.8 1195s
 1664920 524773 2000.00000   64   28 3400.00000 1000.00000  70.6%  65.8 1200s
 1671564 526659 2000.00000   50   30 3400.00000 1000.00000  70.6%  65.8 1205s
 1677325 528703 3000.00000   65   22 3400.00000 1000.00000  70.6%  65.8 1210s
 1686461 531677 2000.00000   55   30 3400.00000 1000.00000  70.6%  65.8 1215s
 1693127 533753 2293.54135   55   20 3400.00000 1000.00000  70.6%  65.8 1220s
 1699008 535596 1038.14442   59   37 3400.00000 1000.00000  70.6%  65.7 1225s
 1707873 537994 2000.00000   57   28 3400.00000 1000.00000  70.6%  65.7 1230s
 1712951 539623 infeasible   53      3400.00000 1000.00000  70.6%  65.7 1235s
 1719792 541463 2000.00000   64   17 3400.00000 1000.00000  70.6%  65.7 1240s
 1722265 542328 infeasible   55      3400.00000 1000.00000  70.6%  65.7 1245s
 1729178 544142 2074.26030   78   35 3400.00000 1000.00000  70.6%  65.7 1250s
 1737525 546644 2000.00000   52   30 3400.00000 1000.00000  70.6%  65.7 1255s
 1743366 548266 2000.00000   56   23 3400.00000 1000.00000  70.6%  65.7 1260s
 1751620 550540 2000.00000   52   24 3400.00000 1000.00000  70.6%  65.7 1265s
 1758415 552256 1083.44027   57   39 3400.00000 1000.00000  70.6%  65.7 1270s
 1765370 554317 2000.00000   54   29 3400.00000 1000.00000  70.6%  65.7 1275s
 1772774 556447 2000.00000   57   24 3400.00000 1000.00000  70.6%  65.7 1280s
 1779384 558451 3000.00000   62   24 3400.00000 1000.00000  70.6%  65.7 1285s
 1787016 560186 2127.20542   87   29 3400.00000 1000.00000  70.6%  65.7 1290s
 1792335 561786 infeasible   70      3400.00000 1000.00000  70.6%  65.7 1295s
 1800628 563951 2000.00000   56   28 3400.00000 1000.00000  70.6%  65.7 1300s
 1808022 565959 2115.20034   42   41 3400.00000 1000.00000  70.6%  65.7 1305s
 1814514 567704 2250.00000   64   33 3400.00000 1000.00000  70.6%  65.7 1310s
 1822614 570044 2014.53456   65   44 3400.00000 1000.00000  70.6%  65.7 1315s
 1829197 571732 2089.46296   64   40 3400.00000 1000.00000  70.6%  65.6 1320s
 1835059 573385 2000.00000   76   31 3400.00000 1000.00000  70.6%  65.6 1325s
 1844206 576082 3000.00000   70   23 3400.00000 1000.00000  70.6%  65.6 1330s
 1849852 577934 2000.00000   61   24 3400.00000 1000.00000  70.6%  65.6 1335s
 1856095 579483 1000.00000   46   25 3400.00000 1000.00000  70.6%  65.6 1340s
 1863527 581474 2000.00000   63   25 3400.00000 1000.00000  70.6%  65.6 1345s
 1870107 583386 infeasible   70      3400.00000 1000.00000  70.6%  65.6 1350s
 1877805 585963 1017.06429   63   43 3400.00000 1000.00000  70.6%  65.6 1355s
 1886168 588492 2000.00000   70   30 3400.00000 1000.00000  70.6%  65.6 1360s
 1892370 590353 2051.96413   67   32 3400.00000 1000.00000  70.6%  65.6 1365s
 1899643 593203 infeasible   79      3400.00000 1000.00000  70.6%  65.6 1370s
 1905797 595465 2000.00000   70   25 3400.00000 1000.00000  70.6%  65.6 1375s
 1910743 597196 2495.90745   85   33 3400.00000 1000.00000  70.6%  65.7 1380s
 1916310 599018 infeasible   61      3400.00000 1000.00000  70.6%  65.7 1385s
 1924523 601776 2000.00000   93   21 3400.00000 1000.00000  70.6%  65.7 1390s
 1930201 603828 3000.00000   72   21 3400.00000 1000.00000  70.6%  65.7 1395s
 1938592 606219 3200.00000   85   14 3400.00000 1000.00000  70.6%  65.7 1400s
 1943401 607988 1000.70509   59   37 3400.00000 1000.00000  70.6%  65.7 1405s
 1949728 610110 infeasible   87      3400.00000 1000.00000  70.6%  65.8 1410s
 1956929 612405 2000.00000   73   25 3400.00000 1000.00000  70.6%  65.8 1415s
 1962737 614204 2000.00000   71   23 3400.00000 1000.00000  70.6%  65.8 1420s
 1970712 616715 1000.00000   58   27 3400.00000 1000.00000  70.6%  65.8 1425s
 1976119 618548 infeasible   72      3400.00000 1000.00000  70.6%  65.9 1430s
 1982897 620928 infeasible   70      3400.00000 1000.00000  70.6%  65.9 1435s
 1989121 622808 infeasible   82      3400.00000 1000.00000  70.6%  65.9 1440s
 1995713 625154 2000.00000   81   25 3400.00000 1000.00000  70.6%  65.9 1445s
 2003058 627685 2000.00000   69   23 3400.00000 1000.00000  70.6%  65.9 1450s
 2009647 629820     cutoff   79      3400.00000 1000.00000  70.6%  65.9 1455s
 2016627 632325 2000.00000   55   30 3400.00000 1000.00000  70.6%  65.9 1460s
 2022363 634191 infeasible   63      3400.00000 1000.00000  70.6%  65.9 1465s
 2028272 636036 2074.68296   79   27 3400.00000 1000.00000  70.6%  66.0 1470s
 2036370 638239 3200.00000   88   31 3400.00000 1000.00000  70.6%  66.0 1475s
 2041940 640005 infeasible   76      3400.00000 1000.00000  70.6%  66.0 1480s
 2048969 642421 2000.00000   80   23 3400.00000 1000.00000  70.6%  66.0 1485s
 2056440 644581 infeasible   84      3400.00000 1000.00000  70.6%  66.0 1490s
 2061429 646078 2012.71405   75   43 3400.00000 1000.00000  70.6%  66.0 1495s
 2067980 648035 infeasible   71      3400.00000 1000.00000  70.6%  66.1 1500s
 2074072 649879 2704.17445   60   33 3400.00000 1000.00000  70.6%  66.1 1505s
 2081393 651943 infeasible   70      3400.00000 1000.00000  70.6%  66.1 1510s
 2087965 653962 2000.00000   61   25 3400.00000 1000.00000  70.6%  66.1 1515s
 2093538 655573 2000.00000   79   28 3400.00000 1000.00000  70.6%  66.2 1520s
 2101550 658183 infeasible  107      3400.00000 1000.00000  70.6%  66.2 1525s
 2106964 660216 infeasible   63      3400.00000 1000.00000  70.6%  66.2 1530s
 2114875 663014 infeasible   87      3400.00000 1000.00000  70.6%  66.2 1535s
 2120595 664950 3200.00000   71   20 3400.00000 1000.00000  70.6%  66.3 1540s
 2126245 666776 1000.00000   42   26 3400.00000 1000.00000  70.6%  66.3 1545s
 2129174 667804 2000.00000   79   17 3400.00000 1000.00000  70.6%  66.3 1550s
 2134239 669374     cutoff   84      3400.00000 1000.00000  70.6%  66.3 1555s
 2140216 671506 2035.04784   70   39 3400.00000 1000.00000  70.6%  66.3 1560s
 2147255 673557 2086.69187   70   25 3400.00000 1000.00000  70.6%  66.3 1565s
 2152833 675067 2086.96100   58   32 3400.00000 1000.00000  70.6%  66.4 1570s
 2159478 677059 infeasible   66      3400.00000 1000.00000  70.6%  66.4 1575s
 2166000 679364 infeasible   93      3400.00000 1000.00000  70.6%  66.4 1580s
 2171730 681228 infeasible   75      3400.00000 1000.00000  70.6%  66.4 1585s
 2178774 683435 2000.00000   81   29 3400.00000 1000.00000  70.6%  66.4 1590s
 2184782 684920 2000.00000   59   17 3400.00000 1000.00000  70.6%  66.5 1595s
 2190636 686559 2000.00000   61   21 3400.00000 1000.00000  70.6%  66.5 1600s
 2194936 687732 2000.00000   68   25 3400.00000 1000.00000  70.6%  66.5 1605s
 2200612 689471 infeasible  102      3400.00000 1000.00000  70.6%  66.5 1610s
 2207174 691392 2000.00000   48   22 3400.00000 1000.00000  70.6%  66.6 1615s
 2213819 693636 2000.00000   67   21 3400.00000 1000.00000  70.6%  66.6 1620s
 2220558 695705 2000.00000   68   37 3400.00000 1000.00000  70.6%  66.6 1625s
 2227108 697549 infeasible   68      3400.00000 1000.00000  70.6%  66.6 1630s
 2232795 699152 2893.36924   75   23 3400.00000 1000.00000  70.6%  66.7 1635s
 2241119 701521 3000.00000   47   16 3400.00000 1000.00000  70.6%  66.7 1640s
 2246645 703731 2000.00000   58   28 3400.00000 1000.00000  70.6%  66.7 1645s
 2252131 705709 infeasible   36      3400.00000 1000.00000  70.6%  66.7 1650s
 2258458 707616 2200.00000   47   24 3400.00000 1000.00000  70.6%  66.7 1655s
 2264630 709382 infeasible   66      3400.00000 1000.00000  70.6%  66.7 1660s
 2271929 712347 infeasible   70      3400.00000 1000.00000  70.6%  66.7 1665s
 2276828 713828 infeasible   53      3400.00000 1000.00000  70.6%  66.8 1670s
 2282723 715678 infeasible   61      3400.00000 1000.00000  70.6%  66.8 1675s
 2289856 717705 2000.00000   57   27 3400.00000 1000.00000  70.6%  66.8 1680s
 2295546 719457 2000.00000   66   26 3400.00000 1000.00000  70.6%  66.8 1685s
 2300982 721228 1000.00000   61   28 3400.00000 1000.00000  70.6%  66.8 1690s
 2308543 723472 2011.75443   91   39 3400.00000 1000.00000  70.6%  66.9 1695s
 2314220 725455 2000.00000   61   23 3400.00000 1000.00000  70.6%  66.9 1700s
 2322472 728136 1090.50691   64   37 3400.00000 1000.00000  70.6%  66.9 1705s
 2328160 730035 infeasible   63      3400.00000 1000.00000  70.6%  66.9 1710s
 2334534 732071 1000.00000   83   24 3400.00000 1000.00000  70.6%  66.9 1715s
 2342012 734400 2000.00000   64   24 3400.00000 1000.00000  70.6%  66.9 1720s
 2347342 735731 1237.10841   47   25 3400.00000 1000.00000  70.6%  66.9 1725s
 2354344 738079 1000.58657   62   36 3400.00000 1000.00000  70.6%  66.9 1730s
 2359896 740119 2000.00000   72   21 3400.00000 1000.00000  70.6%  66.9 1735s
 2365926 742269     cutoff   81      3400.00000 1000.00000  70.6%  66.9 1740s
 2374871 745396 2000.00000   75   25 3400.00000 1000.00000  70.6%  66.9 1745s
 2380623 747279 3200.00000   84   16 3400.00000 1000.00000  70.6%  66.9 1750s
 2388869 749732 3200.00000   72   20 3400.00000 1000.00000  70.6%  66.9 1755s
 2394900 751889 3000.00000   58   26 3400.00000 1000.00000  70.6%  66.9 1760s
 2400253 753515 2200.00000   57   20 3400.00000 1000.00000  70.6%  67.0 1765s
 2408435 756174 2017.89159   69   40 3400.00000 1000.00000  70.6%  67.0 1770s
 2413897 758272 infeasible   68      3400.00000 1000.00000  70.6%  67.0 1775s
 2420866 760233 infeasible   71      3400.00000 1000.00000  70.6%  67.0 1780s
 2426825 762001 2000.00000   60   32 3400.00000 1000.00000  70.6%  67.0 1785s
 2432740 763736 2430.15829   46   21 3400.00000 1000.00000  70.6%  67.1 1790s
 2440909 766205 1000.00000   53   21 3400.00000 1000.00000  70.6%  67.1 1795s
 2446637 767702     cutoff   63      3400.00000 1000.00000  70.6%  67.1 1800s

Cutting planes:
  Learned: 5
  Cover: 9
  Implied bound: 3
  Projected implied bound: 3
  Clique: 2
  MIR: 9
  StrongCG: 1
  Flow cover: 31
  GUB cover: 5
  Inf proof: 15
  RLT: 3
  Relax-and-lift: 13

Explored 2446950 nodes (164190923 simplex iterations) in 1800.00 seconds (1077.86 work units)
Thread count was 8 (of 8 available processors)

Solution count 10: 3400 4400 5600 ... 11600

Time limit reached
Best objective 3.400000000000e+03, best bound 1.000000000000e+03, gap 70.5882%
