
Gurobi 13.0.1 (linux64) logging started Fri Apr 24 04:53:02 2026

Set parameter LogFile to value "experiments/20260422_213746/logs/Inst_24_Hard_Phantom_46__drone_index.log"
Set parameter LogToConsole to value 0
Set parameter TimeLimit to value 1800
Gurobi Optimizer version 13.0.1 build v13.0.1rc0 (linux64 - "Ubuntu 24.04.4 LTS")

CPU model: Intel(R) Core(TM) i5-8250U CPU @ 1.60GHz, instruction set [SSE2|AVX|AVX2]
Thread count: 4 physical cores, 8 logical processors, using up to 8 threads

Non-default parameters:
TimeLimit  1800
LogToConsole  0
LazyConstraints  1

Optimize a model with 321920 rows, 316998 columns and 1513320 nonzeros (Min)
Model fingerprint: 0x987cc0ef
Model has 58 linear objective coefficients
Variable types: 157412 continuous, 159586 integer (159586 binary)
Coefficient statistics:
  Matrix range     [1e+00, 3e+04]
  Objective range  [1e+03, 1e+03]
  Bounds range     [1e+00, 1e+00]
  RHS range        [1e+00, 1e+00]

Presolve removed 69368 rows and 34684 columns (presolve time = 5s)...
Presolve removed 69374 rows and 34692 columns
Presolve time: 9.04s
Presolved: 252546 rows, 282306 columns, 1342634 nonzeros
Variable types: 122725 continuous, 159581 integer (159581 binary)
Root relaxation presolved: 252546 rows, 282306 columns, 1342634 nonzeros

Deterministic concurrent LP optimizer: primal simplex, dual simplex, and barrier
Showing barrier log only...

Root barrier log...

Ordering time: 0.07s

Barrier statistics:
 AA' NZ     : 1.497e+05
 Factor NZ  : 2.227e+05 (roughly 20 MB of memory)
 Factor Ops : 1.332e+07 (less than 1 second per iteration)
 Threads    : 2

                  Objective                Residual
Iter       Primal          Dual         Primal    Dual     Compl     Time
   0   2.10884651e+06 -1.21726585e+09  5.37e+05 4.26e+00  2.86e+05    12s
   1   1.03539834e+06 -1.05600735e+09  2.09e+05 4.02e+01  1.11e+05    12s
   2   2.37513625e+05 -5.45361843e+08  3.92e+04 7.39e-13  2.31e+04    12s
   3   1.34000823e+05 -1.35496609e+08  1.85e+04 2.36e-12  8.47e+03    12s
   4   8.44493362e+04 -6.33327522e+07  9.28e+03 2.27e-12  4.20e+03    12s
   5   6.29002592e+04 -3.83623253e+07  5.67e+03 1.62e-12  2.57e+03    12s
   6   4.76633247e+04 -2.54169962e+07  3.41e+03 3.61e-12  1.57e+03    12s
   7   3.50063826e+04 -1.33200112e+07  1.79e+03 1.51e-12  8.23e+02    12s
   8   2.37548349e+04 -6.25995678e+06  7.55e+02 1.39e-12  3.54e+02    12s
   9   1.35004423e+04 -3.14358974e+06  2.41e+02 1.25e-12  1.26e+02    12s
  10   9.33386461e+03 -2.60991694e+06  9.24e+01 1.25e-12  6.73e+01    12s
  11   8.85030248e+03 -2.45295947e+06  7.41e+01 1.48e-12  5.85e+01    12s
  12   8.97025198e+03 -1.31672296e+06  4.33e+01 6.52e-12  3.00e+01    12s
  13   1.07702531e+04 -7.62301610e+05  9.47e+00 3.27e-12  1.29e+01    12s
  14   1.07381518e+04 -1.84749293e+05  1.19e+00 1.47e-12  2.89e+00    12s
  15   9.37503724e+03 -7.51471811e+04  1.84e-01 1.82e-12  1.21e+00    12s
  16   8.00810259e+03 -6.45879838e+04  5.81e-02 2.25e-12  1.03e+00    12s
  17   7.97602497e+03 -4.43109336e+04  5.65e-02 4.16e-12  7.44e-01    12s
  18   7.43418167e+03 -2.62919994e+04  3.61e-02 1.17e-12  4.80e-01    12s
  19   7.08210466e+03 -1.27089687e+04  2.98e-02 1.44e-12  2.82e-01    12s
  20   6.34976894e+03 -2.81254435e+03  1.75e-02 2.11e-12  1.30e-01    12s
  21   5.63865857e+03 -5.95618403e+02  8.98e-03 9.66e-13  8.87e-02    13s
  22   5.42013203e+03 -1.60077308e+02  7.59e-03 1.84e-12  7.93e-02    13s
  23   5.17097294e+03  2.29938674e+02  6.33e-03 3.31e-12  7.02e-02    13s
  24   4.74756377e+03  8.23410764e+02  4.56e-03 4.71e-12  5.58e-02    13s
  25   4.44858265e+03  1.00266329e+03  3.78e-03 5.20e-12  4.90e-02    13s
  26   3.66096504e+03  1.49388797e+03  2.19e-03 2.97e-12  3.08e-02    13s
  27   3.40220059e+03  1.88676473e+03  1.71e-03 2.45e-13  2.15e-02    13s
  28   3.37246378e+03  1.95217000e+03  1.66e-03 4.23e-13  2.02e-02    13s
  29   2.91946284e+03  2.12284841e+03  8.21e-04 3.71e-13  1.13e-02    13s
  30   2.59575378e+03  2.24721787e+03  2.63e-04 2.77e-12  4.95e-03    13s
  31   2.50682804e+03  2.37169800e+03  1.22e-04 7.84e-13  1.92e-03    13s
  32   2.45575309e+03  2.41019999e+03  4.87e-05 1.22e-12  6.47e-04    13s
  33   2.42877712e+03  2.41791948e+03  1.16e-05 4.02e-12  1.54e-04    13s
  34   2.41989946e+03  2.41973127e+03  2.66e-08 2.99e-12  2.39e-06    13s
  35   2.41980543e+03  2.41980526e+03  5.57e-11 3.04e-12  2.39e-09    13s
  36   2.41980533e+03  2.41980533e+03  1.73e-11 5.30e-12  2.39e-12    13s

Barrier solved model in 36 iterations and 12.93 seconds (6.67 work units)
Optimal objective 2.41980533e+03


Root crossover log...

   20467 DPushes remaining with DInf 0.0000000e+00                13s
       0 DPushes remaining with DInf 0.0000000e+00                13s

     244 PPushes remaining with PInf 0.0000000e+00                13s
       0 PPushes remaining with PInf 0.0000000e+00                13s

  Push phase complete: Pinf 0.0000000e+00, Dinf 2.4925600e-12     13s


Root simplex log...

Iteration    Objective       Primal Inf.    Dual Inf.      Time
   11979    2.4198053e+03   0.000000e+00   0.000000e+00     13s
Crossover time: 0.41 seconds (0.15 work units)
Concurrent spin time: 0.00s

Solved with barrier

Use crossover to convert LP symmetric solution to basic solution...

Root crossover log...

       0 DPushes remaining with DInf 0.0000000e+00                14s

    1909 PPushes remaining with PInf 0.0000000e+00                14s
       0 PPushes remaining with PInf 0.0000000e+00                14s

  Push phase complete: Pinf 0.0000000e+00, Dinf 3.5441251e-12     14s


Root simplex log...

Iteration    Objective       Primal Inf.    Dual Inf.      Time
   14075    2.4198053e+03   0.000000e+00   0.000000e+00     15s
Crossover time: 0.88 seconds (0.45 work units)

Root relaxation: objective 2.419805e+03, 14075 iterations, 3.61 seconds (1.56 work units)

    Nodes    |    Current Node    |     Objective Bounds      |     Work
 Expl Unexpl |  Obj  Depth IntInf | Incumbent    BestBd   Gap | It/Node Time

     0     0 2419.80533    0  793          - 2419.80533      -     -   28s
     0     0 2419.80533    0  793          - 2419.80533      -     -   52s
     0     0 2419.80533    0  793          - 2419.80533      -     -   75s
     0     0 2419.80533    0  793          - 2419.80533      -     -   98s
     0     0 2419.80533    0  793          - 2419.80533      -     -  122s
     0     0 2419.80533    0  816          - 2419.80533      -     -  186s
     0     0 2419.80533    0  944          - 2419.80533      -     -  266s
     0     0 2419.80533    0  596          - 2419.80533      -     -  534s
     0     0 2424.35805    0 1169          - 2424.35805      -     -  750s
     0     0 2424.35805    0  629          - 2424.35805      -     -  773s
     0     0 2426.35947    0  789          - 2426.35947      -     -  900s
     0     0 2433.65181    0 1339          - 2433.65181      -     - 1044s
     0     0 2433.67857    0 1295          - 2433.67857      -     - 1070s
     0     0 2433.67920    0 1277          - 2433.67920      -     - 1076s
     0     0 2433.67920    0 1286          - 2433.67920      -     - 1076s
     0     0 2445.29210    0 1261          - 2445.29210      -     - 1497s
     0     0          -    0               - 2445.31759      -     - 1800s

Cutting planes:
  Learned: 1
  Gomory: 2
  Cover: 69
  Implied bound: 42
  Clique: 59
  MIR: 25
  StrongCG: 1
  Flow cover: 202
  GUB cover: 8
  Zero half: 1
  RLT: 23
  Relax-and-lift: 2
  BQP: 129
  Lazy constraints: 120

Explored 1 nodes (130437 simplex iterations) in 1800.01 seconds (1128.56 work units)
Thread count was 8 (of 8 available processors)

Solution count 0

Time limit reached
Best objective -, best bound 2.600000000000e+03, gap -

User-callback calls 32951, time in user-callback 0.90 sec
