
Gurobi 13.0.1 (linux64) logging started Thu Apr 23 01:30:26 2026

Set parameter LogFile to value "experiments/20260422_213746/logs/Inst_05_Easy_Phantom__drone_index.log"
Set parameter LogToConsole to value 0
Set parameter TimeLimit to value 1800
Gurobi Optimizer version 13.0.1 build v13.0.1rc0 (linux64 - "Ubuntu 24.04.4 LTS")

CPU model: Intel(R) Core(TM) i5-8250U CPU @ 1.60GHz, instruction set [SSE2|AVX|AVX2]
Thread count: 4 physical cores, 8 logical processors, using up to 8 threads

Non-default parameters:
TimeLimit  1800
LogToConsole  0
LazyConstraints  1

Optimize a model with 6279 rows, 5919 columns and 27963 nonzeros (Min)
Model fingerprint: 0xec9cc4ba
Model has 15 linear objective coefficients
Variable types: 2880 continuous, 3039 integer (3039 binary)
Coefficient statistics:
  Matrix range     [1e+00, 2e+04]
  Objective range  [1e+03, 1e+03]
  Bounds range     [1e+00, 1e+00]
  RHS range        [1e+00, 1e+00]

Presolve removed 1440 rows and 720 columns
Presolve time: 0.09s
Presolved: 4839 rows, 5199 columns, 24435 nonzeros
Variable types: 2160 continuous, 3039 integer (3039 binary)

Root relaxation: objective 1.488492e+03, 12340 iterations, 1.78 seconds (1.43 work units)

    Nodes    |    Current Node    |     Objective Bounds      |     Work
 Expl Unexpl |  Obj  Depth IntInf | Incumbent    BestBd   Gap | It/Node Time

     0     0 1488.49249    0   67          - 1488.49249      -     -    2s
     0     0 1488.49249    0   83          - 1488.49249      -     -    4s
     0     0 1530.48284    0  189          - 1530.48284      -     -    5s
     0     0 1835.95455    0  192          - 1835.95455      -     -    7s
     0     0 1935.42396    0  243          - 1935.42396      -     -    7s
     0     0 1949.28749    0  236          - 1949.28749      -     -    8s
     0     0 1952.43388    0  208          - 1952.43388      -     -    8s
     0     0 1952.43388    0  206          - 1952.43388      -     -    8s
     0     0 2082.00091    0  167          - 2082.00091      -     -   12s
     0     0 2084.80971    0  198          - 2084.80971      -     -   12s
     0     0 2084.85376    0  181          - 2084.85376      -     -   12s
     0     0 2084.85376    0  232          - 2084.85376      -     -   13s
     0     0 2094.35256    0  232          - 2094.35256      -     -   14s
     0     0 2094.35256    0  203          - 2094.35256      -     -   15s
     0     0 2264.93782    0  224          - 2264.93782      -     -   16s
     0     0 2328.84781    0  221          - 2328.84781      -     -   18s
     0     0 2338.53130    0  185          - 2338.53130      -     -   19s
     0     0 2348.84345    0  184          - 2348.84345      -     -   20s
     0     0 2370.66374    0  280          - 2370.66374      -     -   21s
     0     0 2377.12782    0  226          - 2377.12782      -     -   22s
     0     0 2382.25283    0  267          - 2382.25283      -     -   24s
     0     0 2382.53813    0  204          - 2382.53813      -     -   24s
     0     0 2382.53813    0  203          - 2382.53813      -     -   24s
     0     0 2382.53813    0  246          - 2382.53813      -     -   24s
     0     0 2382.53813    0  246          - 2382.53813      -     -   25s
     0     0 2382.53813    0  221          - 2382.53813      -     -   25s
     0     0 2382.53813    0  204          - 2382.53813      -     -   25s
     0     0 2382.53813    0  275          - 2382.53813      -     -   26s
     0     0 2382.53813    0  255          - 2382.53813      -     -   26s
     0     0 2382.53813    0   94          - 2382.53813      -     -   27s
     0     0 2382.53813    0  142          - 2382.53813      -     -   27s
     0     0 2382.53813    0  147          - 2382.53813      -     -   28s
     0     0 2382.53813    0  112          - 2382.53813      -     -   28s
     0     0 2382.53813    0  156          - 2382.53813      -     -   28s
     0     0 2382.53813    0  279          - 2382.53813      -     -   28s
     0     0 2382.53813    0  125          - 2382.53813      -     -   29s
     0     0 2382.53813    0  125          - 2382.53813      -     -   29s
     0     0 2382.53813    0  125          - 2382.53813      -     -   29s
     0     0 2382.53813    0  125          - 2382.53813      -     -   33s
     0     0 2382.53813    0  125          - 2382.53813      -     -   36s
     0     0 2382.88961    0  125          - 2382.88961      -     -   40s
     0     2 2382.88961    0  103          - 2382.88961      -     -   44s
     1     4 2415.95391    1  238          - 2386.15845      - 10563   50s
    11    27 5589.43454    4  173          - 2607.85830      -  7080   56s
H   84    89                    14000.000000 2607.85830  81.4%  1160   57s
   158   185 5605.56732   56  196 14000.0000 2607.85830  81.4%   755   60s
   382   340 3400.00000   13   75 14000.0000 2978.72468  78.7%   516   65s
   814   707 4600.00000   31   56 14000.0000 2979.17066  78.7%   402   70s
  1137   968 3558.12415   24   61 14000.0000 2979.17066  78.7%   381   75s
H 1163   968                    12800.000000 2979.17066  76.7%   385   75s
H 1163   968                    10600.000000 2979.17066  71.9%   385   75s
  1164   969 5710.53951   81  125 10600.0000 2979.17066  71.9%   385   83s
H 1165   921                    8200.0000000 2979.17066  63.7%   385   85s
H 1165   875                    7000.0000000 2979.17066  57.4%   385   86s
H 1165   831                    5800.0000000 2979.17066  48.6%   385   88s
  1167   832 5800.00000   90  129 5800.00000 2979.17066  48.6%   384   92s
  1168   833 4600.00000   25  206 5800.00000 2979.17066  48.6%   384   95s
  1170   834 4600.00000   49   96 5800.00000 2979.17066  48.6%   383  100s
  1173   836 3074.41192   16  165 5800.00000 2979.17066  48.6%   382  106s
  1174   837 4600.00000   45  119 5800.00000 2979.17066  48.6%   382  115s
  1176   838 4400.00000   88  117 5800.00000 2979.17066  48.6%   381  121s
  1178   839 4400.00000   29  146 5800.00000 2979.17066  48.6%   380  128s
  1179   840 5604.80285   55  144 5800.00000 2979.17066  48.6%   380  135s
  1181   844 2979.17066   10  306 5800.00000 2979.17066  48.6%   456  141s
  1212   869 2979.17066   16  119 5800.00000 2979.17066  48.6%   483  146s
  1246   893 3088.61887   18  167 5800.00000 2979.17066  48.6%   508  150s
  1406   937 3765.01537   32   79 5800.00000 2979.17066  48.6%   483  162s
  1428   942 4600.00000   35   68 5800.00000 2979.17066  48.6%   503  167s
  1457   937 4600.00000   37   50 5800.00000 2979.17066  48.6%   508  170s
  1498   951 4700.80924   50   67 5800.00000 2979.17066  48.6%   516  176s
  1532   953 5589.43454   17  165 5800.00000 2979.17066  48.6%   539  181s
  1568   977 3017.94117   18  110 5800.00000 2979.17066  48.6%   540  186s
  1644  1021 3400.00000   24   66 5800.00000 2979.17066  48.6%   546  190s
  1854  1073 3481.00651   27   89 5800.00000 2979.17066  48.6%   513  195s
  2011  1097 3745.12906   24   67 5800.00000 2979.17066  48.6%   491  201s
  2040  1103 3716.24649   13  113 5800.00000 2979.17066  48.6%   493  205s
H 2041  1049                    5600.0000000 2979.17066  46.8%   493  205s
  2154  1085 4613.46495   47   73 5600.00000 2979.17066  46.8%   497  210s
  2280  1134 3495.07118   28   53 5600.00000 2979.17066  46.8%   492  215s
  2475  1160 3400.00000   19   54 5600.00000 2979.17066  46.8%   482  221s
  2602  1223 3400.00000   20   61 5600.00000 2979.17066  46.8%   476  225s
  2793  1262 3400.00000   22   59 5600.00000 2979.17066  46.8%   459  230s
  3083  1322 3694.32778   15  125 5600.00000 2983.05569  46.7%   435  236s
  3380  1485 3771.43664   28   59 5600.00000 2983.05569  46.7%   413  240s
  3880  1856 4637.42712   68   86 5600.00000 2984.66135  46.7%   385  246s
  4439  2068 3400.00000   36   15 5600.00000 2986.74491  46.7%   361  251s
  4581  2199 3400.00000   28   54 5600.00000 2986.74491  46.7%   358  255s
  5108  2558 3400.00000   22   71 5600.00000 2988.22086  46.6%   343  260s
  5563  2848 3400.00000   24   69 5600.00000 2988.22086  46.6%   327  266s
  5920  3016 3400.00000   24   53 5600.00000 3003.29755  46.4%   319  270s
  6450  3509 4600.00000   34   38 5600.00000 3009.23184  46.3%   316  276s
  7006  3712 3400.00000   27   67 5600.00000 3009.23184  46.3%   304  280s
  7885  4371 3558.92994   39   36 5600.00000 3009.23184  46.3%   288  286s
  8349  4716 3400.00000   34   42 5600.00000 3010.21526  46.2%   283  291s
  8869  4875 3418.50885   32   79 5600.00000 3013.10924  46.2%   275  295s
  9495  5426 3400.00000   34   38 5600.00000 3013.10924  46.2%   274  302s
  9999  5717 3435.50234   37   69 5600.00000 3019.21437  46.1%   273  307s
 10530  6154 4473.46654   25   80 5600.00000 3040.47918  45.7%   271  312s
 11262  6539 3400.00000   32   32 5600.00000 3069.55935  45.2%   269  318s
 11853  6793 4600.00000   38   24 5600.00000 3088.61887  44.8%   267  324s
 12334  7102 3088.61887   21  118 5600.00000 3088.61887  44.8%   262  330s
 12856  7553 3400.00000   33   39 5600.00000 3088.87033  44.8%   265  335s
 13635  7893 3431.29348   31   94 5600.00000 3098.05095  44.7%   263  340s
 14287  8038 3639.12459   31   62 5600.00000 3122.32909  44.2%   259  345s
 14869  8366 infeasible   36      5600.00000 3400.00000  39.3%   259  350s
 15728  8426 4600.00000   41   51 5600.00000 3400.00000  39.3%   255  357s
 15892  8801 infeasible   37      5600.00000 3400.00000  39.3%   255  363s
 16865  9222 4600.00000   41   44 5600.00000 3400.00000  39.3%   250  367s
 17805  9613 4600.00000   31   69 5600.00000 3400.00000  39.3%   245  372s
 18693  9982 3400.00000   26   61 5600.00000 3400.00000  39.3%   242  378s
 19476 10418 4600.00000   33   73 5600.00000 3400.00000  39.3%   240  382s
 20335 10702 3424.27665   33   87 5600.00000 3400.00000  39.3%   237  387s
 20949 10954 4650.14862   62   54 5600.00000 3400.00000  39.3%   234  391s
 22208 11526 3400.00000   31   37 5600.00000 3400.00000  39.3%   232  399s
 22814 11833 3442.49137   35   92 5600.00000 3400.00000  39.3%   232  404s
 23574 12173 4600.00000   33   27 5600.00000 3400.00000  39.3%   231  408s
 24272 12429 infeasible   47      5600.00000 3400.00000  39.3%   229  412s
 24852 12836 3427.97231   42   78 5600.00000 3400.00000  39.3%   229  416s
 25616 13100 infeasible   53      5600.00000 3400.00000  39.3%   227  421s
 26341 13430 3400.00000   40   34 5600.00000 3400.00000  39.3%   226  425s
 27991 13994 3522.96341   44   73 5600.00000 3400.00000  39.3%   221  434s
 29174 14400 3675.60744   38   33 5600.00000 3400.00000  39.3%   217  439s
 30276 14713 infeasible   42      5600.00000 3400.00000  39.3%   213  443s
 30994 14927 4600.00000   33   49 5600.00000 3400.00000  39.3%   212  447s
 31619 15187 3474.02603   31   78 5600.00000 3400.00000  39.3%   211  451s
 32311 15519 3400.00000   35   41 5600.00000 3400.00000  39.3%   210  456s
 33034 15881 3436.16875   44   61 5600.00000 3400.00000  39.3%   209  460s
 34455 16444 3400.00000   41   54 5600.00000 3400.00000  39.3%   207  467s
 35053 16730 4600.00000   47   44 5600.00000 3400.00000  39.3%   207  472s
 35600 17022 4600.00000   43   36 5600.00000 3400.00000  39.3%   207  475s
 37009 17672 4600.00000   46   48 5600.00000 3400.00000  39.3%   206  483s
 37666 17977 4600.00000   49   38 5600.00000 3400.00000  39.3%   205  487s
 38514 18277 5063.16140   57   17 5600.00000 3400.00000  39.3%   203  490s
 39518 18639 3417.00406   26   50 5600.00000 3400.00000  39.3%   200  495s
 40726 18959 3400.00000   36   53 5600.00000 3400.00000  39.3%   198  504s
 41198 19138 infeasible   42      5600.00000 3400.00000  39.3%   198  507s
 41688 19412 3509.88627   33   41 5600.00000 3400.00000  39.3%   197  512s
 42453 19678 3400.00000   31   55 5600.00000 3400.00000  39.3%   196  515s
 43118 20154 4600.00000   62   21 5600.00000 3400.00000  39.3%   194  520s
 45902 20967 4033.68806   33   35 5600.00000 3400.00000  39.3%   187  527s
 46728 21212 3400.00000   24   51 5600.00000 3400.00000  39.3%   187  530s
 47957 21719 infeasible   39      5600.00000 3400.00000  39.3%   186  537s
 48644 21933 3554.58347   29   90 5600.00000 3400.00000  39.3%   186  540s
 49762 22403 3400.00000   35   32 5600.00000 3400.00000  39.3%   185  547s
 50525 22645 infeasible   51      5600.00000 3400.00000  39.3%   184  550s
 51790 23260 3706.60657   46   41 5600.00000 3400.00000  39.3%   183  557s
 52947 23507 4600.00000   42   25 5600.00000 3400.00000  39.3%   181  561s
 54897 24065 4600.00000   47   44 5600.00000 3400.00000  39.3%   178  567s
 55656 24346 3645.49102   32   58 5600.00000 3400.00000  39.3%   177  570s
 57199 24890 3514.13466   46   59 5600.00000 3400.00000  39.3%   175  576s
 57919 25225 4600.00000   34   46 5600.00000 3400.00000  39.3%   175  580s
 59823 25990 3515.73900   30   65 5600.00000 3400.00000  39.3%   173  586s
 60897 26289 4600.00000   51   43 5600.00000 3400.00000  39.3%   172  590s
 62576 26938 4600.00000   48   43 5600.00000 3400.00000  39.3%   171  596s
 64421 27282 4906.34239   39   71 5600.00000 3400.00000  39.3%   170  601s
 64756 27459 3421.96484   32   67 5600.00000 3400.00000  39.3%   170  605s
 65678 27917 3472.63116   39   57 5600.00000 3400.00000  39.3%   170  610s
 66805 28301 3400.00000   33   47 5600.00000 3400.00000  39.3%   170  616s
 67806 28726 3569.45865   25   62 5600.00000 3400.00000  39.3%   170  622s
 68909 29134     cutoff   54      5600.00000 3400.00000  39.3%   169  627s
 69274 29409 infeasible   41      5600.00000 3400.00000  39.3%   170  630s
 70320 29777 3404.71564   28   62 5600.00000 3400.00000  39.3%   169  635s
 71354 30065 3534.65742   32   56 5600.00000 3400.00000  39.3%   169  642s
 72384 30482 3400.00000   32   43 5600.00000 3400.00000  39.3%   169  648s
 72871 30667 4600.00000   51   32 5600.00000 3400.00000  39.3%   169  650s
 73714 31029 4824.51525   58   52 5600.00000 3400.00000  39.3%   169  656s
 74702 31410 4600.00000   48   19 5600.00000 3400.00000  39.3%   169  662s
 75209 31572 3400.00000   35   62 5600.00000 3400.00000  39.3%   169  666s
 76279 31961 4600.00000   39   34 5600.00000 3400.00000  39.3%   169  671s
 77469 32297 3627.11653   42   65 5600.00000 3400.00000  39.3%   168  676s
 77946 32493 4600.00000   50   26 5600.00000 3400.00000  39.3%   168  680s
 79140 32925 4600.00000   41   44 5600.00000 3400.00000  39.3%   168  685s
 80010 33257     cutoff   29      5600.00000 3400.00000  39.3%   168  691s
 81102 33650 infeasible   50      5600.00000 3400.00000  39.3%   168  696s
 81700 33879 4600.00000   36   53 5600.00000 3400.00000  39.3%   168  700s
 82672 34214 4708.15718   54   29 5600.00000 3400.00000  39.3%   168  705s
 83807 34684 4600.00000   43   49 5600.00000 3400.00000  39.3%   168  710s
 84732 35061 4600.00000   62   17 5600.00000 3400.00000  39.3%   168  715s
 85660 35494 4701.63343   37   31 5600.00000 3400.00000  39.3%   167  722s
 86809 35885 4600.00000   37   45 5600.00000 3400.00000  39.3%   167  727s
 87329 36059 3670.34024   43   43 5600.00000 3400.00000  39.3%   167  730s
 88203 36420 3494.57336   28   79 5600.00000 3400.00000  39.3%   167  735s
 89197 36704 3400.00000   28   51 5600.00000 3400.00000  39.3%   166  741s
 89966 37050 4600.00000   33   46 5600.00000 3400.00000  39.3%   167  746s
 90716 37445 3400.00000   20   49 5600.00000 3400.00000  39.3%   167  751s
 91699 37834 4600.00000   32   31 5600.00000 3400.00000  39.3%   167  757s
 92660 38245 4600.00000   42   30 5600.00000 3400.00000  39.3%   167  762s
 93227 38522     cutoff   48      5600.00000 3400.00000  39.3%   167  765s
 94305 39018 4600.00000   53   32 5600.00000 3400.00000  39.3%   167  771s
 95657 39464 4664.45238   46   55 5600.00000 3400.00000  39.3%   166  776s
 96602 39807 3458.53884   23   49 5600.00000 3400.00000  39.3%   166  782s
 97569 40237 3464.43802   40   82 5600.00000 3400.00000  39.3%   166  787s
 98232 40487 infeasible   59      5600.00000 3400.00000  39.3%   166  790s
 99292 40819     cutoff   43      5600.00000 3400.00000  39.3%   166  795s
 100138 41138 3567.59160   25   83 5600.00000 3400.00000  39.3%   166  801s
 101199 41604 3523.30576   28   92 5600.00000 3400.00000  39.3%   166  807s
 102290 42132 4625.10044   59   70 5600.00000 3400.00000  39.3%   166  811s
 102856 42302 4600.00000   36   46 5600.00000 3400.00000  39.3%   166  815s
 104276 42864 3600.14292   41   61 5600.00000 3400.00000  39.3%   165  823s
 104698 43018 3400.00000   20   33 5600.00000 3400.00000  39.3%   165  825s
 105158 43297 3514.78196   23   65 5600.00000 3400.00000  39.3%   166  831s
 105872 43668 infeasible   54      5600.00000 3400.00000  39.3%   166  836s
 106620 44031 4600.00000   36   42 5600.00000 3400.00000  39.3%   166  843s
 107353 44121 3498.67171   43   64 5600.00000 3400.00000  39.3%   165  845s
 108355 44487 3400.00000   41   36 5600.00000 3400.00000  39.3%   165  851s
 109298 44827 3443.73646   24   71 5600.00000 3400.00000  39.3%   165  857s
 110041 45233 4600.00000   31   50 5600.00000 3400.00000  39.3%   166  861s
 110605 45330 3474.44347   26   44 5600.00000 3400.00000  39.3%   165  865s
 111406 45767 4600.00000   40   40 5600.00000 3400.00000  39.3%   165  870s
 112410 46167 3421.00460   30   62 5600.00000 3400.00000  39.3%   165  876s
 113374 46540 4600.00000   39   36 5600.00000 3400.00000  39.3%   165  880s
 114328 46903 infeasible   51      5600.00000 3400.00000  39.3%   166  885s
 115164 47244 4400.00000   38   34 5600.00000 3400.00000  39.3%   166  890s
 116257 47786 3507.15921   28   88 5600.00000 3400.00000  39.3%   166  896s
 117093 48159 4600.00000   40   59 5600.00000 3400.00000  39.3%   166  901s
 118179 48557     cutoff   43      5600.00000 3400.00000  39.3%   166  906s
 118695 48566 4600.00000   38   49 5600.00000 3400.00000  39.3%   166  912s
 118699 48566 4600.00000   39   58 5600.00000 3400.00000  39.3%   166  915s
 119099 48941 3424.45345   30   65 5600.00000 3400.00000  39.3%   166  922s
 119692 49093 4600.00000   40   43 5600.00000 3400.00000  39.3%   166  925s
 120402 49444 4600.00000   48   36 5600.00000 3400.00000  39.3%   166  931s
 121368 49804 3400.00000   38   46 5600.00000 3400.00000  39.3%   166  936s
 122247 50231 4600.00000   42   23 5600.00000 3400.00000  39.3%   166  940s
 123213 50619 infeasible   37      5600.00000 3400.00000  39.3%   166  945s
 124273 51024 4600.00000   40   57 5600.00000 3400.00000  39.3%   166  951s
 125095 51389 3499.38110   30   63 5600.00000 3400.00000  39.3%   166  956s
 125863 51804 3497.97935   45   82 5600.00000 3400.00000  39.3%   166  962s
 126758 52220 3436.91278   35   53 5600.00000 3400.00000  39.3%   166  966s
 127287 52411 infeasible   28      5600.00000 3400.00000  39.3%   166  970s
 128931 53172 3400.00000   34   48 5600.00000 3400.00000  39.3%   166  977s
H129327 15680                    4600.0000000 3400.00000  26.1%   166  977s
 129481 15498     cutoff   43      4600.00000 3400.00000  26.1%   166  980s
 130021 15538     cutoff   41      4600.00000 3400.00000  26.1%   166  985s
 130592 15600 3400.00000   28   53 4600.00000 3400.00000  26.1%   166  991s
 131322 15655 3400.00000   25   37 4600.00000 3400.00000  26.1%   166  995s
 132073 15706 3509.72399   36   40 4600.00000 3400.00000  26.1%   167 1001s
 132846 15745 3400.00000   34   48 4600.00000 3400.00000  26.1%   167 1005s
 133399 15801 3400.00000   37   39 4600.00000 3400.00000  26.1%   168 1011s
 134079 15872 3427.99230   28   70 4600.00000 3400.00000  26.1%   168 1015s
 134945 15980 3400.00000   28   43 4600.00000 3400.00000  26.1%   169 1021s
 135765 15976 3400.00000   30   24 4600.00000 3400.00000  26.1%   169 1025s
 136442 16033 3411.26032   35   51 4600.00000 3400.00000  26.1%   169 1030s
 137062 16115 3400.00000   47   41 4600.00000 3400.00000  26.1%   170 1035s
 137890 16173 infeasible   41      4600.00000 3400.00000  26.1%   170 1040s
 139017 16306 infeasible   38      4600.00000 3400.00000  26.1%   170 1047s
 139510 16319 3400.00000   33   22 4600.00000 3400.00000  26.1%   170 1050s
 140702 16385 3400.00000   36   60 4600.00000 3400.00000  26.1%   170 1057s
 141068 16418 3400.00000   29   66 4600.00000 3400.00000  26.1%   171 1060s
 142107 16542 3400.00000   29   42 4600.00000 3400.00000  26.1%   171 1068s
 142717 16581 infeasible   34      4600.00000 3400.00000  26.1%   171 1072s
 143158 16604 infeasible   37      4600.00000 3400.00000  26.1%   171 1075s
 144290 16679 3400.00000   24   45 4600.00000 3400.00000  26.1%   171 1082s
 144953 16759 3400.00000   28   41 4600.00000 3400.00000  26.1%   172 1086s
 145694 16876     cutoff   27      4600.00000 3400.00000  26.1%   172 1092s
 146613 16923 infeasible   35      4600.00000 3400.00000  26.1%   172 1096s
 147366 16991 3557.97311   37   50 4600.00000 3400.00000  26.1%   172 1102s
 148138 17013 3559.29487   40   77 4600.00000 3400.00000  26.1%   172 1106s
 148833 17141 3418.12812   37   86 4600.00000 3400.00000  26.1%   173 1111s
 149550 17323 infeasible   29      4600.00000 3400.00000  26.1%   173 1117s
 150414 17462 infeasible   26      4600.00000 3400.00000  26.1%   173 1121s
 151423 17523     cutoff   23      4600.00000 3400.00000  26.1%   174 1127s
 152333 17569 3465.22505   31   56 4600.00000 3400.00000  26.1%   174 1131s
 153143 17647 infeasible   45      4600.00000 3400.00000  26.1%   174 1136s
 153933 17669 3400.00000   33   53 4600.00000 3400.00000  26.1%   174 1141s
 154795 17710 3400.00000   47   56 4600.00000 3400.00000  26.1%   175 1146s
 155648 17753 infeasible   39      4600.00000 3400.00000  26.1%   175 1152s
 156422 17793 3400.00000   30   29 4600.00000 3400.00000  26.1%   175 1156s
 157366 17826 infeasible   34      4600.00000 3400.00000  26.1%   176 1161s
 158116 17832     cutoff   31      4600.00000 3400.00000  26.1%   176 1166s
 158958 17882 3441.73722   32   71 4600.00000 3400.00000  26.1%   176 1170s
 159596 17948 infeasible   37      4600.00000 3400.00000  26.1%   177 1176s
 160440 17994 infeasible   42      4600.00000 3400.00000  26.1%   177 1180s
 161201 18025 3998.43715   34   34 4600.00000 3400.00000  26.1%   177 1186s
 161948 18060 3400.00000   27   46 4600.00000 3400.00000  26.1%   177 1190s
 162679 18094     cutoff   31      4600.00000 3400.00000  26.1%   178 1196s
 163550 18144 3433.37378   35   55 4600.00000 3400.00000  26.1%   178 1201s
 164318 18259 3400.00000   26   74 4600.00000 3400.00000  26.1%   178 1206s
 164927 18273 3450.72375   34   63 4600.00000 3400.00000  26.1%   178 1211s
 165519 18368 3495.15460   32   48 4600.00000 3400.00000  26.1%   179 1215s
 166346 18458 3400.00000   31   48 4600.00000 3400.00000  26.1%   179 1221s
 167156 18571 infeasible   32      4600.00000 3400.00000  26.1%   179 1226s
 168245 18581 3442.80439   44   72 4600.00000 3400.00000  26.1%   179 1230s
 168839 18646 infeasible   36      4600.00000 3400.00000  26.1%   179 1236s
 169439 18751 3400.00000   31   33 4600.00000 3400.00000  26.1%   179 1241s
 170174 18786 3458.30426   30   61 4600.00000 3400.00000  26.1%   180 1246s
 170627 18884 infeasible   26      4600.00000 3400.00000  26.1%   180 1251s
 171388 18933     cutoff   32      4600.00000 3400.00000  26.1%   180 1256s
 172026 19036 infeasible   31      4600.00000 3400.00000  26.1%   180 1262s
 172647 19133 3400.00000   23   60 4600.00000 3400.00000  26.1%   181 1266s
 173178 19256 3419.94923   30   58 4600.00000 3400.00000  26.1%   181 1271s
 173963 19355 3413.21093   20   92 4600.00000 3400.00000  26.1%   181 1276s
 174818 19417 4400.00000   34   32 4600.00000 3400.00000  26.1%   181 1281s
 175525 19502 4400.00000   39   38 4600.00000 3400.00000  26.1%   181 1286s
 176125 19609 3400.00000   31   57 4600.00000 3400.00000  26.1%   181 1291s
 176807 19635 3400.00000   33   34 4600.00000 3400.00000  26.1%   182 1296s
 177485 19748 3400.00000   34   45 4600.00000 3400.00000  26.1%   182 1300s
 178264 19963 infeasible   29      4600.00000 3400.00000  26.1%   182 1306s
 179013 20066     cutoff   34      4600.00000 3400.00000  26.1%   182 1311s
 179623 20082 3400.00000   34   50 4600.00000 3400.00000  26.1%   183 1316s
 180238 20167     cutoff   39      4600.00000 3400.00000  26.1%   183 1321s
 181140 20238 4400.00000   27   27 4600.00000 3400.00000  26.1%   183 1325s
 181959 20341 3437.82140   29   72 4600.00000 3400.00000  26.1%   183 1330s
 182771 20378 3400.00000   43   56 4600.00000 3400.00000  26.1%   183 1336s
 183434 20384 infeasible   48      4600.00000 3400.00000  26.1%   183 1340s
 184350 20556     cutoff   37      4600.00000 3400.00000  26.1%   183 1346s
 185242 20619 3800.18882   42   57 4600.00000 3400.00000  26.1%   183 1351s
 185920 20631 infeasible   37      4600.00000 3400.00000  26.1%   184 1357s
 186501 20657 3516.10464   34   56 4600.00000 3400.00000  26.1%   184 1361s
 187075 20705 infeasible   44      4600.00000 3400.00000  26.1%   184 1367s
 187778 20743 3400.00000   44   44 4600.00000 3400.00000  26.1%   184 1372s
 188530 20773 3400.00000   38   31 4600.00000 3400.00000  26.1%   185 1376s
 189288 20800 3400.00000   30   49 4600.00000 3400.00000  26.1%   185 1382s
 189889 20814 3706.81480   30   68 4600.00000 3400.00000  26.1%   185 1387s
 190220 20886 3400.00000   29   42 4600.00000 3400.00000  26.1%   185 1390s
 191530 21008 3400.00000   26   56 4600.00000 3400.00000  26.1%   185 1396s
 192285 21085     cutoff   35      4600.00000 3400.00000  26.1%   185 1402s
 192625 21166 3495.90659   33   42 4600.00000 3400.00000  26.1%   185 1405s
 194007 21496 3400.00000   21   68 4600.00000 3400.00000  26.1%   186 1412s
 194371 21532 4400.00000   27   30 4600.00000 3400.00000  26.1%   186 1415s
 195402 21612     cutoff   36      4600.00000 3400.00000  26.1%   186 1422s
 196035 21675 3400.00000   30   59 4600.00000 3400.00000  26.1%   186 1426s
 196619 21730 3554.24162   41   71 4600.00000 3400.00000  26.1%   187 1431s
 197283 21754 3400.00000   30   47 4600.00000 3400.00000  26.1%   187 1437s
 197575 21766 3400.00000   31   44 4600.00000 3400.00000  26.1%   187 1440s
 198485 21843 3400.00000   39   53 4600.00000 3400.00000  26.1%   188 1447s
 199150 21947 3477.98532   33   69 4600.00000 3400.00000  26.1%   188 1452s
 199980 22013     cutoff   27      4600.00000 3400.00000  26.1%   188 1457s
 200733 22038 4400.00000   42   31 4600.00000 3400.00000  26.1%   188 1462s
 201051 22064 3400.00000   29   36 4600.00000 3400.00000  26.1%   188 1465s
 202031 22095     cutoff   27      4600.00000 3400.00000  26.1%   188 1472s
 202573 22154 infeasible   40      4600.00000 3400.00000  26.1%   188 1476s
 203136 22236 3402.87767   30   94 4600.00000 3400.00000  26.1%   188 1482s
 203905 22281 infeasible   32      4600.00000 3400.00000  26.1%   188 1487s
 204342 22297     cutoff   28      4600.00000 3400.00000  26.1%   189 1490s
 205354 22353 3400.00000   26   61 4600.00000 3400.00000  26.1%   189 1497s
 205965 22401 4138.54173   25   26 4600.00000 3400.00000  26.1%   189 1502s
 206318 22412 3400.00000   47   36 4600.00000 3400.00000  26.1%   189 1505s
 207216 22518 3400.00000   41   63 4600.00000 3400.00000  26.1%   190 1512s
 207473 22524 infeasible   32      4600.00000 3400.00000  26.1%   190 1515s
 208259 22575 3603.64476   29   45 4600.00000 3400.00000  26.1%   190 1520s
 209002 22609 3400.00000   39   35 4600.00000 3400.00000  26.1%   190 1525s
 209801 22604 3400.00000   27   32 4600.00000 3400.00000  26.1%   190 1530s
 210576 22667 3400.00000   30   38 4600.00000 3400.00000  26.1%   190 1536s
 211351 22828     cutoff   24      4600.00000 3400.00000  26.1%   191 1541s
 212181 22856 3571.13423   22   64 4600.00000 3400.00000  26.1%   191 1545s
 212960 22894 3495.48081   38   40 4600.00000 3400.00000  26.1%   191 1551s
 213690 22928 3503.17895   28   84 4600.00000 3400.00000  26.1%   191 1556s
 214283 22990 3400.00000   21   66 4600.00000 3400.00000  26.1%   191 1561s
 215049 23050 3468.74570   30   76 4600.00000 3400.00000  26.1%   191 1566s
 215649 23134 3419.47640   45   69 4600.00000 3400.00000  26.1%   191 1572s
 216072 23238 3724.67778   46   46 4600.00000 3400.00000  26.1%   191 1575s
 216905 23429 4400.00000   40   44 4600.00000 3400.00000  26.1%   191 1580s
 217664 23515 3400.00000   30   41 4600.00000 3400.00000  26.1%   191 1585s
 218345 23648 3445.99496   23   65 4600.00000 3400.00000  26.1%   191 1592s
 219136 23849 4400.00000   28   47 4600.00000 3400.00000  26.1%   191 1596s
 219955 23934 3529.78825   32   52 4600.00000 3400.00000  26.1%   191 1602s
 220687 23934 infeasible   36      4600.00000 3400.00000  26.1%   191 1608s
 220994 23967 3400.00000   28   53 4600.00000 3400.00000  26.1%   191 1610s
 221733 23997 3400.00000   34   45 4600.00000 3400.00000  26.1%   192 1616s
 222641 24077 3400.00000   36   52 4600.00000 3400.00000  26.1%   192 1622s
 222822 24109 3574.96482   46   63 4600.00000 3400.00000  26.1%   192 1625s
 223888 24199 infeasible   36      4600.00000 3400.00000  26.1%   192 1633s
 224403 24247 3400.00000   34   45 4600.00000 3400.00000  26.1%   192 1635s
 225162 24284 infeasible   32      4600.00000 3400.00000  26.1%   192 1641s
 225841 24296 3410.07268   22   60 4600.00000 3400.00000  26.1%   192 1646s
 226436 24335 infeasible   27      4600.00000 3400.00000  26.1%   192 1651s
 227167 24378 infeasible   31      4600.00000 3400.00000  26.1%   193 1658s
 227678 24380 3400.00000   49   52 4600.00000 3400.00000  26.1%   193 1660s
 228453 24427 3400.00000   28   65 4600.00000 3400.00000  26.1%   193 1666s
 229226 24508 3424.27844   38   50 4600.00000 3400.00000  26.1%   193 1671s
 230060 24501 3499.64563   32   69 4600.00000 3400.00000  26.1%   193 1676s
 230727 24532 3491.01549   30   83 4600.00000 3400.00000  26.1%   193 1682s
 231444 24610     cutoff   36      4600.00000 3400.00000  26.1%   193 1687s
 231889 24601 infeasible   27      4600.00000 3400.00000  26.1%   193 1690s
 232803 24619     cutoff   38      4600.00000 3400.00000  26.1%   193 1698s
 233070 24631 3400.00000   25   66 4600.00000 3400.00000  26.1%   194 1701s
 233682 24654 3540.01870   19   82 4600.00000 3400.00000  26.1%   194 1705s
 234299 24698 4400.00000   28   55 4600.00000 3400.00000  26.1%   194 1710s
 234966 24719 3400.00000   33   42 4600.00000 3400.00000  26.1%   194 1716s
 235816 24808 3400.00000   31   30 4600.00000 3400.00000  26.1%   194 1720s
 236597 24847 3400.00000   29   59 4600.00000 3400.00000  26.1%   194 1726s
 237460 24924 infeasible   38      4600.00000 3400.00000  26.1%   194 1732s
 238332 24984 3498.21491   35   68 4600.00000 3400.00000  26.1%   195 1736s
 238909 25024 3448.18866   33   72 4600.00000 3400.00000  26.1%   195 1741s
 239481 25072 4400.00000   35   54 4600.00000 3400.00000  26.1%   195 1747s
 240116 25071 3476.69264   42   81 4600.00000 3400.00000  26.1%   196 1751s
 240724 25083 3400.00000   30   58 4600.00000 3400.00000  26.1%   196 1757s
 241379 25133 3400.00000   49   38 4600.00000 3400.00000  26.1%   196 1761s
 242198 25132 3400.00000   30   35 4600.00000 3400.00000  26.1%   196 1766s
 242500 25112 infeasible   40      4600.00000 3400.00000  26.1%   197 1770s
 242795 25131 3400.00000   29   54 4600.00000 3400.00000  26.1%   197 1775s
 243995 25158 3400.00000   25   56 4600.00000 3400.00000  26.1%   197 1782s
 244672 25210     cutoff   41      4600.00000 3400.00000  26.1%   197 1787s
 245088 25219 3400.00000   48   64 4600.00000 3400.00000  26.1%   198 1790s
 245816 25210 3400.00000   40   35 4600.00000 3400.00000  26.1%   198 1795s
 246722 25259 3400.00000   35   42 4600.00000 3400.00000  26.1%   198 1800s

Cutting planes:
  Gomory: 1
  Cover: 10
  Implied bound: 33
  Projected implied bound: 2
  Clique: 3
  MIR: 11
  Flow cover: 37
  GUB cover: 1
  Inf proof: 4
  Zero half: 1
  Lazy constraints: 519

Explored 246778 nodes (49069663 simplex iterations) in 1800.00 seconds (2091.30 work units)
Thread count was 8 (of 8 available processors)

Solution count 8: 4600 5600 5800 ... 14000

Time limit reached
Best objective 4.600000000000e+03, best bound 3.400000000000e+03, gap 26.0870%

User-callback calls 721956, time in user-callback 3.03 sec
