
Gurobi 13.0.1 (linux64) logging started Thu Apr 23 01:00:25 2026

Set parameter LogFile to value "experiments/20260422_213746/logs/Inst_05_Easy_Phantom__ribeiro.log"
Set parameter LogToConsole to value 0
Set parameter TimeLimit to value 1800
Gurobi Optimizer version 13.0.1 build v13.0.1rc0 (linux64 - "Ubuntu 24.04.4 LTS")

CPU model: Intel(R) Core(TM) i5-8250U CPU @ 1.60GHz, instruction set [SSE2|AVX|AVX2]
Thread count: 4 physical cores, 8 logical processors, using up to 8 threads

Non-default parameters:
TimeLimit  1800
LogToConsole  0

Optimize a model with 844 rows, 294 columns and 2721 nonzeros (Min)
Model fingerprint: 0x9367dbf3
Model has 18 linear objective coefficients
Variable types: 32 continuous, 262 integer (243 binary)
Coefficient statistics:
  Matrix range     [1e+00, 3e+04]
  Objective range  [1e+03, 1e+03]
  Bounds range     [1e+00, 2e+04]
  RHS range        [1e+00, 4e+04]

Presolve removed 122 rows and 6 columns
Presolve time: 0.07s
Presolved: 722 rows, 288 columns, 4629 nonzeros
Variable types: 27 continuous, 261 integer (243 binary)
Found heuristic solution: objective 12800.000000

Root relaxation: objective 0.000000e+00, 144 iterations, 0.01 seconds (0.00 work units)

    Nodes    |    Current Node    |     Objective Bounds      |     Work
 Expl Unexpl |  Obj  Depth IntInf | Incumbent    BestBd   Gap | It/Node Time

     0     0    0.00000    0   27 12800.0000    0.00000   100%     -    0s
H    0     0                    11600.000000    0.00000   100%     -    0s
     0     0    0.00000    0   30 11600.0000    0.00000   100%     -    0s
     0     0    0.00000    0   28 11600.0000    0.00000   100%     -    0s
     0     0    0.00000    0   34 11600.0000    0.00000   100%     -    0s
     0     0    0.00000    0   25 11600.0000    0.00000   100%     -    0s
H    0     0                    10200.000000    0.00000   100%     -    0s
     0     0    0.00000    0   34 10200.0000    0.00000   100%     -    0s
     0     0    0.00000    0   36 10200.0000    0.00000   100%     -    0s
     0     0    0.00000    0   24 10200.0000    0.00000   100%     -    0s
H    0     0                    9000.0000000    0.00000   100%     -    0s
     0     0    0.00000    0   39 9000.00000    0.00000   100%     -    0s
H    0     0                    7800.0000000    0.00000   100%     -    0s
     0     0    0.00000    0   35 7800.00000    0.00000   100%     -    0s
     0     0    0.00000    0   32 7800.00000    0.00000   100%     -    0s
H    0     0                    6800.0000000    0.00000   100%     -    0s
     0     0    0.00000    0   36 6800.00000    0.00000   100%     -    0s
     0     0    0.00000    0   34 6800.00000    0.00000   100%     -    0s
     0     0    0.00000    0   26 6800.00000    0.00000   100%     -    0s
     0     0    0.00000    0   25 6800.00000    0.00000   100%     -    0s
     0     0    0.00000    0   25 6800.00000    0.00000   100%     -    0s
     0     2    0.00000    0   25 6800.00000    0.00000   100%     -    0s
  1960  1088 2000.00000   38   25 6800.00000    0.00000   100%  71.3    5s
* 3725  1463              49    5600.0000000   82.93970  98.5%  78.1    7s
  5666  2657 3000.00000   33   20 5600.00000 1000.00000  82.1%  75.3   10s
 12052  5338 3000.00000   25   26 5600.00000 1000.00000  82.1%  68.3   15s
 17906  7912 3738.12230   57   24 5600.00000 1000.00000  82.1%  66.4   20s
 24240 10802 2000.00000   42   34 5600.00000 1000.00000  82.1%  65.9   25s
 29099 12984 3200.00000   54   27 5600.00000 1000.00000  82.1%  66.0   34s
 30882 13691 1000.00000   34   23 5600.00000 1000.00000  82.1%  66.0   35s
 36634 16049 infeasible   33      5600.00000 1000.00000  82.1%  66.0   40s
 42478 18282 2000.00000   50   22 5600.00000 1000.00000  82.1%  65.8   45s
 48391 20759 1000.00000   29   30 5600.00000 1000.00000  82.1%  65.9   50s
 55681 23958 2400.00473   45   25 5600.00000 1000.00000  82.1%  66.2   55s
 61014 26533 3214.75948   89   29 5600.00000 1000.00000  82.1%  66.2   60s
 68389 30138 infeasible   70      5600.00000 1000.00000  82.1%  65.8   65s
 73613 32575 infeasible   51      5600.00000 1000.00000  82.1%  66.4   70s
 81235 35900 infeasible   40      5600.00000 1000.00000  82.1%  66.7   75s
 84097 37747 3000.00000   66   26 5600.00000 1000.00000  82.1%  67.0   80s
 90033 40115 3200.00000   47   36 5600.00000 1000.00000  82.1%  67.3   85s
 96548 42946 2000.00000   40   34 5600.00000 1000.00000  82.1%  67.5   90s
 102194 45473 3200.00000   40   22 5600.00000 1000.00000  82.1%  67.7   95s
 107749 47993 3283.70933   44   28 5600.00000 1000.00000  82.1%  68.0  100s
 112860 50324 3000.00000   52   21 5600.00000 1000.00000  82.1%  68.3  105s
 119958 53833 infeasible   91      5600.00000 1000.00000  82.1%  68.3  110s
 125656 56357 2000.00000   32   24 5600.00000 1000.00000  82.1%  68.4  115s
 131229 58986 1200.00000   55   38 5600.00000 1000.00000  82.1%  68.5  120s
 137611 61957 2000.00000   52   22 5600.00000 1000.00000  82.1%  68.7  125s
 143781 64758 3776.08080   73   30 5600.00000 1000.00000  82.1%  68.7  130s
 150615 68337 4200.00000   57   27 5600.00000 1000.00000  82.1%  68.6  135s
 156325 71704 2000.00000   49   26 5600.00000 1000.00000  82.1%  68.6  140s
 162116 74150 2000.00000   55   24 5600.00000 1000.00000  82.1%  68.4  145s
 169641 77929 infeasible   48      5600.00000 1000.00000  82.1%  68.3  150s
 175257 80349 1038.14613   41   43 5600.00000 1000.00000  82.1%  68.4  155s
 179901 82554 infeasible   43      5600.00000 1000.00000  82.1%  68.5  160s
 187198 86055 3000.00000   46   28 5600.00000 1000.00000  82.1%  68.8  165s
 192166 88253 3070.77236   47   34 5600.00000 1000.00000  82.1%  68.9  170s
 199500 91953 2000.00000   41   28 5600.00000 1000.00000  82.1%  68.8  175s
 204933 94444 3344.40948   54   25 5600.00000 1000.00000  82.1%  68.9  180s
 211852 97843 2000.00000   46   17 5600.00000 1000.00000  82.1%  69.1  185s
 216906 100083 4200.00000   51   31 5600.00000 1000.00000  82.1%  69.0  190s
 222097 102548 3000.00000   44   19 5600.00000 1000.00000  82.1%  69.2  195s
 227246 104741 infeasible   52      5600.00000 1000.00000  82.1%  69.3  200s
 232894 107909 3016.54213  104   38 5600.00000 1000.00000  82.1%  69.5  205s
 237861 110674 4400.00000   40   18 5600.00000 1000.00000  82.1%  69.6  210s
 244218 113395 1000.00000   44   32 5600.00000 1000.00000  82.1%  69.6  215s
 249644 116370 3000.00000   39   24 5600.00000 1000.00000  82.1%  69.8  220s
 256424 119678 3048.68506   36   22 5600.00000 1000.00000  82.1%  69.9  225s
 262477 122919 2000.00000   38   20 5600.00000 1000.00000  82.1%  69.8  230s
 267220 125009 1000.00000   32   23 5600.00000 1000.00000  82.1%  69.8  235s
 272094 127525 2000.00000   48   32 5600.00000 1000.00000  82.1%  70.0  240s
 276941 129859 infeasible   38      5600.00000 1000.00000  82.1%  70.0  245s
 283275 133088 2032.07783   39   37 5600.00000 1000.00000  82.1%  70.3  250s
 288197 135737 3000.00000   96   35 5600.00000 1000.00000  82.1%  70.3  255s
 295602 138907 infeasible   35      5600.00000 1000.00000  82.1%  70.2  260s
 300451 140987 2000.00000   40   35 5600.00000 1000.00000  82.1%  70.3  265s
 306393 143603 infeasible   51      5600.00000 1000.00000  82.1%  70.2  270s
 313799 147376 1000.00000   39   28 5600.00000 1000.00000  82.1%  70.1  275s
 320097 150795 3000.00000   59   25 5600.00000 1000.00000  82.1%  69.9  280s
 327125 154464 2000.00000   45   30 5600.00000 1000.00000  82.1%  69.8  285s
 333426 157169     cutoff   58      5600.00000 1000.00000  82.1%  69.7  290s
 339581 160132 4558.02161   64   25 5600.00000 1000.00000  82.1%  69.8  295s
 345412 162868 2000.00000   44   31 5600.00000 1000.00000  82.1%  69.7  300s
 353062 166530 2000.00000   37   40 5600.00000 1000.00000  82.1%  69.7  305s
 357621 168119 2000.00000   69   35 5600.00000 1000.00000  82.1%  69.8  310s
 362664 170565 2000.00000   53   24 5600.00000 1000.00000  82.1%  69.8  315s
 368746 173485 2000.00000   45   35 5600.00000 1000.00000  82.1%  69.8  320s
 374795 176150 1184.78028   34   35 5600.00000 1000.00000  82.1%  69.6  325s
 381765 179777 1000.00000   52   22 5600.00000 1000.00000  82.1%  69.7  330s
 388708 183219 3248.35595   70   25 5600.00000 1000.00000  82.1%  69.8  335s
 394452 186131 infeasible   55      5600.00000 1000.00000  82.1%  69.8  340s
 398601 188163 infeasible   64      5600.00000 1000.00000  82.1%  69.9  345s
 405892 191767 3000.00000   76   27 5600.00000 1000.00000  82.1%  69.8  350s
 411506 194504 infeasible   36      5600.00000 1000.00000  82.1%  69.8  355s
 418931 198245 2000.00000   45   21 5600.00000 1000.00000  82.1%  69.7  360s
 424979 201218 2000.00000   49   22 5600.00000 1000.00000  82.1%  69.6  365s
 431456 204407 infeasible   41      5600.00000 1000.00000  82.1%  69.5  370s
 437543 207535 3000.00000   50   26 5600.00000 1000.00000  82.1%  69.7  375s
 443250 210453 2000.00000   25   22 5600.00000 1000.00000  82.1%  69.6  380s
 450640 214432 infeasible   52      5600.00000 1000.00000  82.1%  69.6  385s
 455222 216584 infeasible   47      5600.00000 1000.00000  82.1%  69.6  390s
 462723 220085 2000.00000   58   24 5600.00000 1000.00000  82.1%  69.5  395s
 467751 222618 3000.00000   43   28 5600.00000 1000.00000  82.1%  69.5  400s
 475189 226457 2000.00000   45   22 5600.00000 1000.00000  82.1%  69.5  405s
 481330 229082 3200.00000   58   27 5600.00000 1000.00000  82.1%  69.4  410s
 487430 231694 infeasible   46      5600.00000 1000.00000  82.1%  69.3  415s
 495133 235151 2000.00000   41   37 5600.00000 1000.00000  82.1%  69.2  420s
 500849 237763 2007.28162   35   40 5600.00000 1000.00000  82.1%  69.1  425s
 509005 240973 infeasible   40      5600.00000 1000.00000  82.1%  69.0  430s
 514451 243785 4200.00000   53   17 5600.00000 1000.00000  82.1%  68.9  435s
 518792 246185 3000.00000   42   28 5600.00000 1000.00000  82.1%  68.9  440s
 527486 249374 1056.23237   36   41 5600.00000 1000.00000  82.1%  68.8  445s
 533123 251894 2000.00000   47   29 5600.00000 1000.00000  82.1%  68.7  450s
 540407 254535 infeasible   51      5600.00000 1000.00000  82.1%  68.6  455s
 542767 255865 infeasible   58      5600.00000 1000.00000  82.1%  68.6  460s
 548055 257986 infeasible   45      5600.00000 1000.00000  82.1%  68.6  465s
 554667 261014 2000.00000   52   29 5600.00000 1000.00000  82.1%  68.5  470s
 559940 263147 3400.00000   48   20 5600.00000 1000.00000  82.1%  68.5  475s
 567399 266765 3000.00000   57   34 5600.00000 1000.00000  82.1%  68.4  480s
 573951 270007 infeasible   45      5600.00000 1000.00000  82.1%  68.3  485s
 580321 272864 2000.00000   47   26 5600.00000 1000.00000  82.1%  68.3  490s
 586919 276316 4827.88407   38   26 5600.00000 1000.00000  82.1%  68.2  495s
 592395 279000 2000.00000   55   29 5600.00000 1000.00000  82.1%  68.2  500s
 600214 282753 2000.00000   48   22 5600.00000 1000.00000  82.1%  68.1  505s
 606713 285495 4472.08077   48   25 5600.00000 1000.00000  82.1%  68.1  510s
 612379 288316 2000.00000   36   25 5600.00000 1000.00000  82.1%  68.0  515s
 618330 291031 2000.00000   39   31 5600.00000 1000.00000  82.1%  68.0  520s
 626026 293829 2000.00000   55   24 5600.00000 1008.23918  82.0%  67.9  525s
 631636 295620 infeasible   91      5600.00000 1019.63912  81.8%  67.9  530s
 637261 297451 infeasible   40      5600.00000 1026.48082  81.7%  67.8  535s
 643028 299287 1188.44779   42   32 5600.00000 1032.88183  81.6%  67.7  540s
 651059 301853 3200.00000   42   12 5600.00000 1041.67198  81.4%  67.6  545s
 658535 304214 2000.00000   59   31 5600.00000 1050.64309  81.2%  67.6  550s
 662772 305382 infeasible   45      5600.00000 1056.00009  81.1%  67.5  555s
 669788 307361 infeasible   47      5600.00000 1065.82356  81.0%  67.4  560s
 676326 309227 2200.00000   59   23 5600.00000 1075.00000  80.8%  67.3  565s
 681995 310798 3001.78282   61   36 5600.00000 1083.98097  80.6%  67.2  570s
 686441 311935 infeasible   31      5600.00000 1094.86469  80.4%  67.2  575s
 694257 314138 4646.77145   66   33 5600.00000 1110.15744  80.2%  67.1  580s
 700165 315610 2000.00000   61   26 5600.00000 1123.30895  79.9%  67.0  585s
 706691 317172     cutoff   45      5600.00000 1140.11704  79.6%  66.9  590s
 714146 318871 infeasible   46      5600.00000 1159.98077  79.3%  66.8  595s
 719754 320206 2000.00000   33   27 5600.00000 1176.80816  79.0%  66.8  600s
 728041 322325 2000.00000   44   23 5600.00000 1200.00000  78.6%  66.7  605s
 733796 323601 3200.00000   48   16 5600.00000 1222.27091  78.2%  66.6  610s
 742016 325673 2001.46688   71   25 5600.00000 1252.97532  77.6%  66.5  615s
 747678 326994 3319.74108   67   29 5600.00000 1276.66355  77.2%  66.4  620s
 754327 328258 3276.39559   61   26 5600.00000 1318.59649  76.5%  66.3  625s
 762820 329659 infeasible   52      5600.00000 1395.74479  75.1%  66.1  630s
 769616 331045 2000.00000   28   22 5600.00000 1480.76163  73.6%  66.0  635s
 776106 332467 infeasible   83      5600.00000 1500.00000  73.2%  65.9  640s
 783941 334204 4400.00000   52   18 5600.00000 1600.00000  71.4%  65.8  645s
 790900 336187 4200.00000   59   25 5600.00000 1887.49656  66.3%  65.6  650s
 796903 339518 infeasible   94      5600.00000 2000.00000  64.3%  65.6  655s
 804884 343643     cutoff   67      5600.00000 2000.00000  64.3%  65.5  660s
 811570 346676 3000.00000   63   30 5600.00000 2000.00000  64.3%  65.4  665s
 819944 350600 4400.00000   58   17 5600.00000 2000.00000  64.3%  65.3  670s
 826422 353405 2000.00000   57   23 5600.00000 2000.00000  64.3%  65.2  675s
 835503 356635 3000.00000   47   24 5600.00000 2000.00000  64.3%  65.1  680s
 841981 358791 infeasible   37      5600.00000 2000.00000  64.3%  65.0  685s
 849687 360923 3200.00000   40    8 5600.00000 2000.00000  64.3%  64.9  690s
 857248 363500 infeasible   55      5600.00000 2000.00000  64.3%  64.8  695s
 866628 365980 3000.00000   41   28 5600.00000 2000.00000  64.3%  64.6  700s
 874130 368241 4200.00000   63   17 5600.00000 2000.00000  64.3%  64.5  705s
 880777 370174 4301.58815   43   25 5600.00000 2000.00000  64.3%  64.4  710s
 888342 372295 4200.00000   43   14 5600.00000 2000.00000  64.3%  64.3  715s
 888730 374524 infeasible   49      5600.00000 2000.00000  64.3%  64.3  722s
 901490 376480 3000.00000   47   19 5600.00000 2000.00000  64.3%  64.1  725s
 906991 378175 3000.00000   45   25 5600.00000 2000.00000  64.3%  64.1  730s
 913902 380269 3000.00000   50   24 5600.00000 2000.00000  64.3%  64.0  735s
 920352 382373 3200.00000   66   17 5600.00000 2000.00000  64.3%  63.9  740s
 929294 385273 3000.00000   50   20 5600.00000 2000.00000  64.3%  63.8  745s
 936040 387302 3241.20352   58   28 5600.00000 2000.00000  64.3%  63.7  750s
 943277 389122 2000.00000   43   24 5600.00000 2000.00000  64.3%  63.6  755s
 951533 391465 infeasible   39      5600.00000 2000.00000  64.3%  63.5  760s
 959211 393720 infeasible   43      5600.00000 2000.00000  64.3%  63.4  765s
 968216 396386 3000.00000   48   21 5600.00000 2000.00000  64.3%  63.3  770s
 975043 398276 3000.00000   54   24 5600.00000 2000.00000  64.3%  63.2  775s
 983186 400930 3000.00000   47   32 5600.00000 2000.00000  64.3%  63.2  780s
 990290 402872 infeasible   48      5600.00000 2000.00000  64.3%  63.1  785s
 996876 404898 infeasible   40      5600.00000 2000.00000  64.3%  63.0  790s
 1004351 407266 infeasible   36      5600.00000 2000.00000  64.3%  63.0  795s
 1013467 409969 3000.00000   50   31 5600.00000 2000.00000  64.3%  62.9  800s
 1020057 411688 2237.27786   43   29 5600.00000 2000.00000  64.3%  62.8  805s
 1029365 414365 2000.00000   44   16 5600.00000 2000.00000  64.3%  62.7  810s
 1035367 416298 3000.00000   60   25 5600.00000 2000.00000  64.3%  62.7  815s
 1042228 418395 3000.00000   69   26 5600.00000 2000.00000  64.3%  62.6  820s
 1049690 420510 2000.58929   44   26 5600.00000 2000.00000  64.3%  62.5  825s
 1057114 422448 3000.00000   65   22 5600.00000 2000.00000  64.3%  62.4  830s
 1064079 424358 infeasible   61      5600.00000 2000.00000  64.3%  62.4  835s
 1073439 426851 infeasible   52      5600.00000 2000.00000  64.3%  62.3  840s
 1079738 428783 4200.00000   58   16 5600.00000 2000.00000  64.3%  62.2  845s
 1086694 430814 3124.62363   64   36 5600.00000 2000.00000  64.3%  62.2  850s
 1095851 433790 4687.54582   55   20 5600.00000 2000.00000  64.3%  62.1  855s
 1103221 435934 infeasible   46      5600.00000 2000.00000  64.3%  62.0  860s
 1112433 438501 3000.00000   45   23 5600.00000 2000.00000  64.3%  61.9  865s
 1117994 440185 3693.28347   89   25 5600.00000 2000.00000  64.3%  61.9  870s
 1124604 442056 2000.00000   41   21 5600.00000 2000.00000  64.3%  61.9  875s
 1133915 444508 2048.46911   63   50 5600.00000 2000.00000  64.3%  61.8  880s
 1140449 446215 3000.00000   35   21 5600.00000 2000.00000  64.3%  61.8  885s
 1150271 448892 2000.00000   47   25 5600.00000 2000.00000  64.3%  61.7  890s
 1156828 450634 4302.33210   68   21 5600.00000 2000.00000  64.3%  61.6  895s
 1164890 452777 infeasible   60      5600.00000 2000.00000  64.3%  61.6  900s
 1173100 455216 4434.37639   51   29 5600.00000 2000.00000  64.3%  61.5  905s
 1180448 457427 2000.00000   69   34 5600.00000 2000.00000  64.3%  61.5  910s
 1188742 459979 infeasible   79      5600.00000 2000.00000  64.3%  61.4  915s
 1196022 462029 4200.00000   73   27 5600.00000 2000.00000  64.3%  61.4  920s
 1201694 463707 3392.69247   59   20 5600.00000 2000.00000  64.3%  61.3  925s
 1208251 465280 3000.00000   63   26 5600.00000 2000.00000  64.3%  61.3  930s
 1216887 467456 infeasible   41      5600.00000 2000.00000  64.3%  61.2  935s
 1225645 469618 2000.00000   43   24 5600.00000 2000.00000  64.3%  61.2  940s
 1234769 472182 4248.99099   76   33 5600.00000 2000.00000  64.3%  61.1  945s
 1241274 474200 3000.00000   38   19 5600.00000 2000.00000  64.3%  61.0  950s
 1248042 476215 infeasible   59      5600.00000 2000.00000  64.3%  61.0  955s
 1255532 478354 4800.00000   75   23 5600.00000 2000.00000  64.3%  60.9  960s
 1264119 480662 infeasible   44      5600.00000 2000.00000  64.3%  60.9  965s
 1271777 482815 2000.00000   52   26 5600.00000 2000.00000  64.3%  60.8  970s
 1278603 484529 infeasible   69      5600.00000 2000.00000  64.3%  60.8  975s
 1287459 487061 infeasible   48      5600.00000 2000.00000  64.3%  60.7  980s
 1294940 489132 2000.00000   38   15 5600.00000 2000.00000  64.3%  60.6  985s
 1303843 491641 2231.35546   55   23 5600.00000 2000.00000  64.3%  60.6  990s
 1310695 493627 3000.00000   66   17 5600.00000 2000.00000  64.3%  60.6  995s
 1318517 495786 4200.00000   50   30 5600.00000 2000.00000  64.3%  60.5 1000s
 1326653 498114 3000.00000   58   29 5600.00000 2000.00000  64.3%  60.4 1005s
 1334373 500204 3000.00000   47   15 5600.00000 2000.00000  64.3%  60.4 1010s
 1341626 502000 2000.00000   36   19 5600.00000 2000.00000  64.3%  60.4 1015s
 1349404 504057 3000.00000   67   27 5600.00000 2000.00000  64.3%  60.3 1020s
 1352510 505176 3020.40810   58   26 5600.00000 2000.00000  64.3%  60.3 1025s
 1359842 507233 3627.90408   46   21 5600.00000 2000.00000  64.3%  60.3 1030s
 1366695 509039 2000.00000   62   34 5600.00000 2000.00000  64.3%  60.2 1035s
 1374974 511301 4423.35746   54   25 5600.00000 2000.00000  64.3%  60.2 1040s
 1382557 513127 3200.00000   53   21 5600.00000 2000.00000  64.3%  60.2 1045s
 1390261 515376 2014.06645   48   27 5600.00000 2000.00000  64.3%  60.1 1050s
 1398012 517688 infeasible   82      5600.00000 2000.00000  64.3%  60.1 1055s
 1405496 519976 2000.00000   76   31 5600.00000 2000.00000  64.3%  60.0 1060s
 1414795 522843 3000.00000   51   20 5600.00000 2000.00000  64.3%  60.0 1065s
 1421176 524652 2001.17393   40   40 5600.00000 2000.00000  64.3%  60.0 1070s
 1428013 526560 infeasible   72      5600.00000 2000.00000  64.3%  59.9 1075s
 1436462 528758 4112.63719   53   21 5600.00000 2000.00000  64.3%  59.9 1080s
 1443183 530326 3200.00000   61   13 5600.00000 2000.00000  64.3%  59.9 1085s
 1450679 531982 3000.00000   48   26 5600.00000 2000.00000  64.3%  59.8 1090s
 1458126 533728 5400.00000   96   14 5600.00000 2000.00000  64.3%  59.8 1095s
 1464392 535238 3000.00000   59   23 5600.00000 2000.00000  64.3%  59.8 1100s
 1473871 537896 3000.00000   50   31 5600.00000 2000.00000  64.3%  59.7 1105s
 1481056 539944 2000.00000   49   29 5600.00000 2000.00000  64.3%  59.7 1110s
 1489787 542397 3200.00000   42   25 5600.00000 2000.00000  64.3%  59.6 1115s
 1496201 544035 infeasible   40      5600.00000 2000.00000  64.3%  59.6 1120s
 1504690 546472 3000.00000   85   28 5600.00000 2000.00000  64.3%  59.6 1125s
 1512050 548565 infeasible   63      5600.00000 2000.00000  64.3%  59.5 1130s
 1518034 550133 4481.28748   70   20 5600.00000 2000.00000  64.3%  59.5 1135s
 1527124 552388 3000.00000   38   23 5600.00000 2000.00000  64.3%  59.5 1140s
 1534517 554360 infeasible   50      5600.00000 2000.00000  64.3%  59.4 1145s
 1541709 556461 3057.40552   45   26 5600.00000 2000.00000  64.3%  59.4 1150s
 1550164 558591 3000.00000   48   25 5600.00000 2000.00000  64.3%  59.4 1155s
 1557211 560312 3346.65354   47   23 5600.00000 2000.00000  64.3%  59.3 1160s
 1564533 562204 3200.00000   42   22 5600.00000 2000.00000  64.3%  59.3 1165s
 1573431 564352 infeasible   76      5600.00000 2000.00000  64.3%  59.3 1170s
 1580837 566484 3000.00000   61   34 5600.00000 2000.00000  64.3%  59.2 1175s
 1586375 568021 infeasible   50      5600.00000 2000.00000  64.3%  59.2 1180s
 1596501 570841 2090.66797   60   39 5600.00000 2000.00000  64.3%  59.2 1185s
 1602853 572731 2000.00000   72   26 5600.00000 2000.00000  64.3%  59.2 1190s
 1608946 574415 2000.00000   46   22 5600.00000 2000.00000  64.3%  59.1 1195s
 1617619 576848 3000.00000   57   32 5600.00000 2000.00000  64.3%  59.1 1200s
 1624265 578630 3000.00000   47   28 5600.00000 2000.00000  64.3%  59.1 1205s
 1631736 580807 4208.05629   67   24 5600.00000 2000.00000  64.3%  59.1 1210s
 1640408 583243 2012.26525   57   40 5600.00000 2000.00000  64.3%  59.1 1215s
 1647179 585034 3200.00000   43   23 5600.00000 2000.00000  64.3%  59.0 1220s
 1654949 586984 3000.00000   51   20 5600.00000 2000.00000  64.3%  59.0 1225s
 1664156 589702 infeasible   53      5600.00000 2000.00000  64.3%  59.0 1230s
 1671894 591973 3000.00000   61   31 5600.00000 2000.00000  64.3%  58.9 1235s
 1678680 593954 3000.00000   47   23 5600.00000 2000.00000  64.3%  58.9 1240s
 1686540 596120 3146.77017   69   25 5600.00000 2000.00000  64.3%  58.9 1245s
 1694864 598439 2000.00000   66   23 5600.00000 2000.00000  64.3%  58.9 1250s
 1701925 600455 3000.00000   60   23 5600.00000 2000.00000  64.3%  58.9 1255s
 1710856 603160 2000.00000   56   20 5600.00000 2000.00000  64.3%  58.8 1260s
 1717361 605050 infeasible   53      5600.00000 2000.00000  64.3%  58.8 1265s
 1726664 608162 3200.00000   56   26 5600.00000 2000.00000  64.3%  58.8 1270s
 1732411 609685 2406.29773   57   25 5600.00000 2000.00000  64.3%  58.8 1275s
 1739864 612034 infeasible   59      5600.00000 2000.00000  64.3%  58.8 1280s
 1746732 613796 infeasible   55      5600.00000 2000.00000  64.3%  58.7 1285s
 1753335 615604 infeasible   35      5600.00000 2000.00000  64.3%  58.7 1290s
 1761281 617681 infeasible   48      5600.00000 2000.00000  64.3%  58.7 1295s
 1767888 619617 infeasible   53      5600.00000 2000.00000  64.3%  58.7 1300s
 1774475 621097 3000.00000   63   30 5600.00000 2000.00000  64.3%  58.7 1305s
 1784344 623361 infeasible   71      5600.00000 2000.00000  64.3%  58.6 1310s
 1790742 625041 infeasible   44      5600.00000 2000.00000  64.3%  58.6 1315s
 1797304 626822 3000.00000   65   25 5600.00000 2000.00000  64.3%  58.6 1320s
 1805919 629451 3000.00000   67   23 5600.00000 2000.00000  64.3%  58.6 1325s
 1814190 631652 4401.56932   46   35 5600.00000 2000.00000  64.3%  58.5 1330s
 1820808 633497 infeasible   59      5600.00000 2000.00000  64.3%  58.5 1335s
 1830097 636130 2000.00000   50   25 5600.00000 2000.00000  64.3%  58.5 1340s
 1836604 637951 3000.00000   62   24 5600.00000 2000.00000  64.3%  58.5 1345s
 1838068 638649 3000.00000   49   23 5600.00000 2000.00000  64.3%  58.5 1350s
 1845740 640821 3000.00000   61   29 5600.00000 2000.00000  64.3%  58.5 1355s
 1854923 643354 3000.00000   53   21 5600.00000 2000.00000  64.3%  58.4 1360s
 1862410 645470 4013.63763   64   24 5600.00000 2000.00000  64.3%  58.4 1365s
 1868709 647348 2000.00000   30   25 5600.00000 2000.00000  64.3%  58.4 1370s
 1876886 649379 3000.00000   61   22 5600.00000 2000.00000  64.3%  58.4 1375s
 1883610 651244 infeasible   46      5600.00000 2000.00000  64.3%  58.4 1380s
 1890994 653261 infeasible   62      5600.00000 2000.00000  64.3%  58.4 1385s
 1900133 655677 3000.00000   51   23 5600.00000 2000.00000  64.3%  58.4 1390s
 1906855 657528 3200.00000   67   21 5600.00000 2000.00000  64.3%  58.3 1395s
 1914607 659644 3045.94380   47   25 5600.00000 2000.00000  64.3%  58.3 1400s
 1923314 661994 3000.00000   46   26 5600.00000 2000.00000  64.3%  58.3 1405s
 1930880 663842 4200.00000   52   28 5600.00000 2000.00000  64.3%  58.3 1410s
 1936849 665539 infeasible   50      5600.00000 2000.00000  64.3%  58.2 1415s
 1945770 667889 2225.53236   57   26 5600.00000 2000.00000  64.3%  58.2 1420s
 1952111 669678 infeasible   64      5600.00000 2000.00000  64.3%  58.2 1425s
 1958757 671684 2000.00000   48   34 5600.00000 2000.00000  64.3%  58.2 1430s
 1967781 674090 infeasible   40      5600.00000 2000.00000  64.3%  58.2 1435s
 1974092 675920 2000.00000   36   24 5600.00000 2000.00000  64.3%  58.2 1440s
 1983496 678674 2000.00000   44   24 5600.00000 2000.00000  64.3%  58.2 1445s
 1989632 680563 2088.14980   80   32 5600.00000 2000.00000  64.3%  58.1 1450s
 1996284 682455 infeasible   52      5600.00000 2000.00000  64.3%  58.1 1455s
 2002837 684188 2007.55465   75   45 5600.00000 2000.00000  64.3%  58.1 1460s
 2012043 686803 infeasible   70      5600.00000 2000.00000  64.3%  58.1 1465s
 2018653 688450     cutoff   54      5600.00000 2000.00000  64.3%  58.1 1470s
 2027190 690543 3000.00000   50   30 5600.00000 2000.00000  64.3%  58.1 1475s
 2034864 692810 5400.00000   62   18 5600.00000 2000.00000  64.3%  58.1 1480s
 2041937 694644 3000.00000   56   25 5600.00000 2000.00000  64.3%  58.1 1485s
 2050486 696886 infeasible   44      5600.00000 2000.00000  64.3%  58.0 1490s
 2058016 698913 2000.00000   44   26 5600.00000 2000.00000  64.3%  58.0 1495s
 2063825 700476 2000.00000   53   22 5600.00000 2000.00000  64.3%  58.0 1500s
 2070894 702261 3000.00000   67   22 5600.00000 2000.00000  64.3%  58.0 1505s
 2079424 704585 5400.00000   53   13 5600.00000 2000.00000  64.3%  58.0 1510s
 2086490 706575 infeasible   45      5600.00000 2000.00000  64.3%  58.0 1515s
 2094725 709011 3000.00000   32   25 5600.00000 2000.00000  64.3%  58.0 1520s
 2102123 711250 3000.00000   63   20 5600.00000 2000.00000  64.3%  58.0 1525s
 2111275 714046 3200.00000   73   23 5600.00000 2000.00000  64.3%  57.9 1530s
 2116464 715712 3000.00000   84   19 5600.00000 2000.00000  64.3%  57.9 1535s
 2122839 717616 3000.00000   60   25 5600.00000 2000.00000  64.3%  57.9 1540s
 2129426 719440 2013.66427   62   47 5600.00000 2000.00000  64.3%  57.9 1545s
 2138688 722022 3000.00000   71   34 5600.00000 2000.00000  64.3%  57.9 1550s
 2145883 724010 2103.43852   42   37 5600.00000 2000.00000  64.3%  57.9 1555s
 2154909 726078 3200.00000   53   28 5600.00000 2000.00000  64.3%  57.9 1560s
 2161610 727409 3000.00000   52   29 5600.00000 2000.00000  64.3%  57.9 1565s
 2169121 729195     cutoff   52      5600.00000 2000.00000  64.3%  57.8 1570s
 2175497 730723 infeasible   59      5600.00000 2000.00000  64.3%  57.8 1575s
 2183478 732374 infeasible   55      5600.00000 2000.00000  64.3%  57.8 1580s
 2190738 734198 4695.40194   50   31 5600.00000 2000.00000  64.3%  57.8 1585s
 2197185 735901 2228.66906   40   19 5600.00000 2000.00000  64.3%  57.8 1590s
 2205107 737917 infeasible   59      5600.00000 2000.00000  64.3%  57.8 1595s
 2211795 739838 3072.45582   87   33 5600.00000 2000.00000  64.3%  57.8 1600s
 2218306 741461 infeasible   62      5600.00000 2000.00000  64.3%  57.8 1605s
 2227449 743885 3000.00000   54   28 5600.00000 2000.00000  64.3%  57.8 1610s
 2235039 745665 infeasible   47      5600.00000 2000.00000  64.3%  57.7 1615s
 2241606 747501 4315.86330   80   28 5600.00000 2000.00000  64.3%  57.7 1620s
 2249517 749538 infeasible   58      5600.00000 2000.00000  64.3%  57.7 1625s
 2257109 751763 2000.00000   41   20 5600.00000 2000.00000  64.3%  57.7 1630s
 2264252 753613 4879.54193   46   38 5600.00000 2000.00000  64.3%  57.7 1635s
 2272573 755735 4492.54903   56   30 5600.00000 2000.00000  64.3%  57.7 1640s
 2279012 757603 3000.00000   58   25 5600.00000 2000.00000  64.3%  57.7 1645s
 2286923 759738 3000.00000   53   25 5600.00000 2000.00000  64.3%  57.6 1650s
 2293783 761588     cutoff   62      5600.00000 2000.00000  64.3%  57.6 1655s
 2302307 764166 4200.00000   39   17 5600.00000 2000.00000  64.3%  57.6 1660s
 2309886 765989 infeasible   43      5600.00000 2000.00000  64.3%  57.6 1665s
 2316365 767578 infeasible   47      5600.00000 2000.00000  64.3%  57.6 1670s
 2322320 769097 3000.00000   82   30 5600.00000 2000.00000  64.3%  57.6 1675s
 2330768 771409 3000.00000   47   23 5600.00000 2000.00000  64.3%  57.6 1680s
 2338164 773502 3000.00000   42   29 5600.00000 2000.00000  64.3%  57.6 1685s
 2345222 775645 2016.94006   59   41 5600.00000 2000.00000  64.3%  57.5 1690s
 2353597 778016 3000.00000   76   24 5600.00000 2000.00000  64.3%  57.5 1695s
 2361142 780116 4422.62234   71   22 5600.00000 2000.00000  64.3%  57.5 1700s
 2363530 780687     cutoff   42      5600.00000 2000.00000  64.3%  57.5 1705s
 2371479 782697 3000.00000   35   19 5600.00000 2000.00000  64.3%  57.5 1710s
 2378223 784497 3000.00000   77   23 5600.00000 2000.00000  64.3%  57.5 1715s
 2385721 786410 3000.00000   67   25 5600.00000 2000.00000  64.3%  57.5 1720s
 2393618 788311 2000.00000   48   21 5600.00000 2000.00000  64.3%  57.5 1725s
 2401138 790194 infeasible   66      5600.00000 2000.00000  64.3%  57.5 1730s
 2406939 791626 3000.00000   54   27 5600.00000 2000.00000  64.3%  57.5 1735s
 2414679 793557 3000.00000   65   26 5600.00000 2000.00000  64.3%  57.4 1740s
 2421299 795269 3000.00000   76   21 5600.00000 2000.00000  64.3%  57.4 1745s
 2428865 797504 infeasible   36      5600.00000 2000.00000  64.3%  57.4 1750s
 2437072 799908 2000.00000   47   27 5600.00000 2000.00000  64.3%  57.4 1755s
 2443697 801788 infeasible   83      5600.00000 2000.00000  64.3%  57.4 1760s
 2451880 804163 infeasible   53      5600.00000 2000.00000  64.3%  57.4 1765s
 2459457 806165 3000.00000   60   15 5600.00000 2000.00000  64.3%  57.4 1770s
 2464564 807459 infeasible   50      5600.00000 2000.00000  64.3%  57.4 1775s
 2473298 809650 infeasible   50      5600.00000 2000.00000  64.3%  57.4 1780s
 2480019 811466 3000.00000   56   27 5600.00000 2000.00000  64.3%  57.4 1785s
 2486751 813255 3000.00000   69   24 5600.00000 2000.00000  64.3%  57.4 1790s
 2494874 815479 2000.00000   70   24 5600.00000 2000.00000  64.3%  57.4 1795s
 2502228 817317 infeasible   72      5600.00000 2000.00000  64.3%  57.4 1800s

Cutting planes:
  Learned: 3
  Gomory: 2
  Cover: 13
  Implied bound: 11
  Projected implied bound: 9
  Clique: 4
  MIR: 18
  StrongCG: 3
  Flow cover: 42
  GUB cover: 12
  Inf proof: 54
  Zero half: 3
  RLT: 1
  Relax-and-lift: 19

Explored 2502975 nodes (143632820 simplex iterations) in 1800.01 seconds (1047.50 work units)
Thread count was 8 (of 8 available processors)

Solution count 7: 5600 6800 7800 ... 12800

Time limit reached
Best objective 5.600000000000e+03, best bound 2.000000000000e+03, gap 64.2857%
