
Gurobi 13.0.1 (linux64) logging started Wed Apr 22 22:46:57 2026

Set parameter LogFile to value "experiments/20260422_213746/logs/Inst_02_Easy_Inspire__station_copies.log"
Set parameter LogToConsole to value 0
Set parameter TimeLimit to value 1800
Gurobi Optimizer version 13.0.1 build v13.0.1rc0 (linux64 - "Ubuntu 24.04.4 LTS")

CPU model: Intel(R) Core(TM) i5-8250U CPU @ 1.60GHz, instruction set [SSE2|AVX|AVX2]
Thread count: 4 physical cores, 8 logical processors, using up to 8 threads

Non-default parameters:
TimeLimit  1800
LogToConsole  0

Optimize a model with 6084 rows, 5871 columns and 25620 nonzeros (Min)
Model fingerprint: 0x76ed6f98
Model has 51 linear objective coefficients
Variable types: 3912 continuous, 1959 integer (1959 binary)
Coefficient statistics:
  Matrix range     [1e+00, 2e+04]
  Objective range  [1e+03, 2e+03]
  Bounds range     [1e+00, 2e+04]
  RHS range        [1e+00, 2e+03]

Presolve removed 3312 rows and 1428 columns
Presolve time: 0.05s
Presolved: 2772 rows, 4443 columns, 17828 nonzeros
Variable types: 2484 continuous, 1959 integer (1959 binary)
Found heuristic solution: objective 75000.000000

Root relaxation: objective 1.776751e+03, 5324 iterations, 0.27 seconds (0.45 work units)

    Nodes    |    Current Node    |     Objective Bounds      |     Work
 Expl Unexpl |  Obj  Depth IntInf | Incumbent    BestBd   Gap | It/Node Time

     0     0 1776.75126    0   87 75000.0000 1776.75126  97.6%     -    0s
H    0     0                    9000.0000000 1776.75126  80.3%     -    0s
H    0     0                    6000.0000000 1776.75126  70.4%     -    1s
H    0     0                    5000.0000000 1776.75126  64.5%     -    1s
     0     0 2149.16048    0   98 5000.00000 2149.16048  57.0%     -    2s
     0     0 2198.10345    0  119 5000.00000 2198.10345  56.0%     -    3s
     0     0 2229.82425    0   82 5000.00000 2229.82425  55.4%     -    3s
     0     0 2232.89263    0   79 5000.00000 2232.89263  55.3%     -    3s
     0     0 2232.89263    0   78 5000.00000 2232.89263  55.3%     -    3s
     0     0 2242.50024    0   82 5000.00000 2242.50024  55.1%     -    4s
     0     0 2244.09342    0   80 5000.00000 2244.09342  55.1%     -    4s
     0     0 2246.04595    0   75 5000.00000 2246.04595  55.1%     -    4s
     0     0 2246.56913    0   69 5000.00000 2246.56913  55.1%     -    4s
     0     0 2246.58993    0   73 5000.00000 2246.58993  55.1%     -    4s
     0     0 2256.40681    0   61 5000.00000 2256.40681  54.9%     -    4s
     0     0 2256.99330    0   67 5000.00000 2256.99330  54.9%     -    4s
     0     0 2267.77871    0   70 5000.00000 2267.77871  54.6%     -    5s
     0     0 2272.13372    0   66 5000.00000 2272.13372  54.6%     -    5s
     0     0 2272.22398    0   70 5000.00000 2272.22398  54.6%     -    5s
     0     0 2272.22398    0   71 5000.00000 2272.22398  54.6%     -    5s
     0     0 2272.22398    0   73 5000.00000 2272.22398  54.6%     -    5s
     0     0 2272.22398    0   75 5000.00000 2272.22398  54.6%     -    6s
     0     0 2272.22398    0   75 5000.00000 2272.22398  54.6%     -    6s
     0     0 2272.22398    0   69 5000.00000 2272.22398  54.6%     -    6s
     0     0 2272.22398    0   61 5000.00000 2272.22398  54.6%     -    6s
     0     0 2272.22398    0   67 5000.00000 2272.22398  54.6%     -    6s
     0     0 2272.22398    0   83 5000.00000 2272.22398  54.6%     -    6s
     0     0 2272.22398    0   65 5000.00000 2272.22398  54.6%     -    6s
     0     0 2272.42809    0   65 5000.00000 2272.42809  54.6%     -    6s
     0     0 2272.42809    0   65 5000.00000 2272.42809  54.6%     -    6s
     0     2 2272.42809    0   63 5000.00000 2272.42809  54.6%     -    6s
    94   107 2870.81486   29   58 5000.00000 2307.46235  53.9%   486   10s
   402   347 3973.91596   48   34 5000.00000 2307.75345  53.8%   199   15s
   986   759 4000.00000    9   23 5000.00000 2391.46256  52.2%   180   20s
  1526  1008 3206.48979   12   65 5000.00000 2437.40863  51.3%   178   25s
  1535  1014 3876.43273   31   56 5000.00000 2437.40863  51.3%   177   30s
  1541  1018 3211.43216   34   58 5000.00000 2438.84611  51.2%   176   35s
  1564  1046 2438.84611   19  102 5000.00000 2438.84611  51.2%   191   40s
  1651  1101 2914.47662   25   45 5000.00000 2438.84611  51.2%   221   45s
  1910  1139 3139.22958   25   10 5000.00000 2438.84611  51.2%   224   50s
  2365  1231 3626.27750   28   18 5000.00000 2438.84611  51.2%   218   55s
  2895  1248 3693.00518   39   12 5000.00000 2438.84611  51.2%   205   60s
  3133  1259     cutoff   25      5000.00000 2449.95681  51.0%   202   65s
  4154  1412     cutoff   49      5000.00000 2574.04577  48.5%   180   71s
  5064  1630 3164.84140   27   41 5000.00000 2769.44937  44.6%   165   75s
  5999  1997 3332.68176   28   40 5000.00000 3062.98075  38.7%   154   80s
  6710  2353 3453.24552   27   67 5000.00000 3100.32160  38.0%   148   85s
  7616  2639 3202.90446   23   25 5000.00000 3139.46700  37.2%   140   91s
  8409  2930     cutoff   34      5000.00000 3158.07003  36.8%   135   95s
  9586  3306 3357.31236   27   20 5000.00000 3184.18652  36.3%   130  101s
 10435  3541 3463.58970   25   53 5000.00000 3194.12714  36.1%   127  105s
 11438  3752 3642.59066   38   25 5000.00000 3212.40904  35.8%   125  110s
 13236  3977 3721.45529   38   32 5000.00000 3235.70742  35.3%   120  118s
 13263  4074 3364.21998   27   26 5000.00000 3236.98381  35.3%   120  121s
 14345  4223 3273.30549   35   32 5000.00000 3249.26198  35.0%   118  126s
 14830  4324     cutoff   36      5000.00000 3258.35088  34.8%   118  130s
 16140  4384 3545.44456   37   16 5000.00000 3276.10947  34.5%   117  135s
 17399  4470 3383.52619   33   25 5000.00000 3303.09606  33.9%   115  141s
 18824  4492 3457.19869   35   23 5000.00000 3322.43242  33.6%   113  147s
 20598  4493 3548.63136   35   22 5000.00000 3344.06998  33.1%   111  153s
 21374  4404 3790.90739   39   21 5000.00000 3349.47233  33.0%   109  156s
 22095  4351     cutoff   40      5000.00000 3350.59482  33.0%   108  160s
 23852  4124 3438.49819   32   21 5000.00000 3392.93633  32.1%   107  166s
 25975  3781 3780.38228   32   18 5000.00000 3437.23916  31.3%   104  172s
 26927  3578     cutoff   34      5000.00000 3452.20384  31.0%   102  176s
 28969  3014 3680.95071   43   21 5000.00000 3497.92824  30.0%   100  182s
 29975  2750     cutoff   40      5000.00000 3534.04906  29.3%  98.7  186s
 31788  2558 3657.96378   31   20 5000.00000 3582.37789  28.4%  97.1  192s
 32661  2434 3758.37170   31   28 5000.00000 3599.26829  28.0%  96.1  195s
 34391  2299     cutoff   38      5000.00000 3631.95663  27.4%  94.1  203s
 34870  2273 3687.69999   32   28 5000.00000 3641.03424  27.2%  93.5  207s
 35548  2142     cutoff   37      5000.00000 3644.16565  27.1%  92.7  213s
 36364  2038 3817.94871   41   30 5000.00000 3676.29629  26.5%  91.8  217s
 37244  1946     cutoff   35      5000.00000 3703.23236  25.9%  90.9  221s
 38049  1718 infeasible   29      5000.00000 3721.11987  25.6%  90.1  225s
 39827  1289     cutoff   38      5000.00000 3758.79275  24.8%  88.3  232s
 40702  1018 3824.52833   30   23 5000.00000 3783.47988  24.3%  87.5  236s
 41560   632 infeasible   34      5000.00000 3811.18305  23.8%  86.8  240s

Cutting planes:
  Gomory: 6
  Cover: 47
  Implied bound: 191
  Projected implied bound: 1
  Dual implied bound: 2
  MIR: 144
  Flow cover: 152
  Inf proof: 4
  Zero half: 2
  Network: 2
  RLT: 8
  Relax-and-lift: 26

Explored 43388 nodes (3694936 simplex iterations) in 244.38 seconds (196.74 work units)
Thread count was 8 (of 8 available processors)

Solution count 5: 5000 5000 6000 ... 75000

Optimal solution found (tolerance 1.00e-04)
Best objective 5.000000000000e+03, best bound 5.000000000000e+03, gap 0.0000%
