
Gurobi 13.0.1 (linux64) logging started Thu Apr 23 15:19:46 2026

Set parameter LogFile to value "experiments/20260422_213746/logs/Inst_15_Medium_Inspire_23__drone_index.log"
Set parameter LogToConsole to value 0
Set parameter TimeLimit to value 1800
Gurobi Optimizer version 13.0.1 build v13.0.1rc0 (linux64 - "Ubuntu 24.04.4 LTS")

CPU model: Intel(R) Core(TM) i5-8250U CPU @ 1.60GHz, instruction set [SSE2|AVX|AVX2]
Thread count: 4 physical cores, 8 logical processors, using up to 8 threads

Non-default parameters:
TimeLimit  1800
LogToConsole  0
LazyConstraints  1

Optimize a model with 41843 rows, 40578 columns and 192930 nonzeros (Min)
Model fingerprint: 0xfec05958
Model has 29 linear objective coefficients
Variable types: 20010 continuous, 20568 integer (20568 binary)
Coefficient statistics:
  Matrix range     [1e+00, 3e+04]
  Objective range  [1e+03, 2e+03]
  Bounds range     [1e+00, 1e+00]
  RHS range        [1e+00, 1e+00]

Presolve removed 9338 rows and 4669 columns
Presolve time: 0.58s
Presolved: 32505 rows, 35909 columns, 169562 nonzeros
Variable types: 15341 continuous, 20568 integer (20568 binary)
Root relaxation presolved: 32505 rows, 35909 columns, 169562 nonzeros

Deterministic concurrent LP optimizer: primal and dual simplex
Showing primal log only...

Concurrent spin time: 0.00s

Solved with primal simplex

Use crossover to convert LP symmetric solution to basic solution...
Crossover time: 0.04 seconds (0.03 work units)

Root relaxation: objective 2.452299e+03, 3743 iterations, 0.15 seconds (0.11 work units)

    Nodes    |    Current Node    |     Objective Bounds      |     Work
 Expl Unexpl |  Obj  Depth IntInf | Incumbent    BestBd   Gap | It/Node Time

     0     0 2452.29903    0  160          - 2452.29903      -     -    1s
     0     0 2452.29903    0  160          - 2452.29903      -     -    5s
     0     0 2452.29903    0  221          - 2452.29903      -     -    6s
     0     0 2903.64702    0  350          - 2903.64702      -     -   51s
     0     0 2903.64702    0  350          - 2903.64702      -     -   69s
     0     0 3177.38001    0  369          - 3177.38001      -     -  100s
     0     0 3264.00700    0  443          - 3264.00700      -     -  118s
     0     0 3270.70227    0  328          - 3270.70227      -     -  120s
     0     0 3275.60300    0  351          - 3275.60300      -     -  121s
     0     0 3276.90005    0  388          - 3276.90005      -     -  123s
     0     0 3277.46642    0  389          - 3277.46642      -     -  125s
     0     0 3287.27568    0  372          - 3287.27568      -     -  131s
     0     0 3287.37688    0  415          - 3287.37688      -     -  134s
     0     0 3287.37688    0  403          - 3287.37688      -     -  134s
     0     0 3325.84337    0  317          - 3325.84337      -     -  148s
     0     0 3325.84337    0  340          - 3325.84337      -     -  151s
     0     0 3331.72933    0  540          - 3331.72933      -     -  168s
     0     0 3331.72933    0  540          - 3331.72933      -     -  173s
     0     0 3335.55618    0  434          - 3335.55618      -     -  180s
     0     0 3335.55618    0  359          - 3335.55618      -     -  180s
     0     0 3335.55618    0  518          - 3335.55618      -     -  196s
     0     0 3335.55618    0  518          - 3335.55618      -     -  200s
     0     0 3335.55618    0  410          - 3335.55618      -     -  202s
     0     0 3335.61864    0  722          - 3335.61864      -     -  215s
     0     0 3335.66813    0  798          - 3335.66813      -     -  218s
     0     0 3335.75875    0  876          - 3335.75875      -     -  226s
     0     0 3335.75875    0  876          - 3335.75875      -     -  228s
     0     0 3335.75875    0  536          - 3335.75875      -     -  231s
     0     0 3336.85271    0  536          - 3336.85271      -     -  253s
     0     2 3336.85271    0  439          - 3336.85271      -     -  263s
     1     3 4013.08010    1  307          - 3336.85271      - 51545  306s
     2     4 3621.73150    1  453          - 3621.73150      - 49262  358s
     3     6 4042.47082    2  333          - 3627.26571      - 33351  395s
     5    10 4735.36857    3  284          - 3627.26571      - 29781  428s
     9    15 4775.35824    4  257          - 3627.26571      - 19948  463s
    14    33 4775.35824    5  274          - 3627.26571      - 14890  486s
    32    48 4775.35824   10  269          - 3627.26571      - 11323  503s
    47    62 4775.35824   15  327          - 3627.26571      - 10561  511s
    61    72 4775.35824   20  409          - 3627.26571      -  8942  519s
    71    85 4775.35824   25  278          - 3627.26571      -  8397  527s
    84    95 4776.35564   30  302          - 3627.26571      -  7266  534s
    94   104 4776.35564   31  318          - 3627.26571      -  6606  544s
   103   115 4776.35564   36  277          - 3627.26571      -  6181  552s
   114   119 4776.35564   42  345          - 3627.26571      -  5891  566s
   118   125 4776.35564   43  317          - 3627.26571      -  5934  572s
   124   141 4776.35564   44  314          - 3627.26571      -  5723  577s
   140   154 4776.35564   51  327          - 3627.26571      -  5148  582s
   153   167 4777.26900   56  346          - 3627.26571      -  4762  588s
   166   171 4777.26900   57  341          - 3627.26571      -  4454  592s
   170   175 4777.26900   58  283          - 3627.26571      -  4372  597s
   174   179 4777.26900   59  330          - 3627.26571      -  4307  603s
   178   183 4777.26900   60  299          - 3627.26571      -  4235  613s
   182   190 4777.26900   61  232          - 3627.26571      -  4175  619s
   189   205 4777.26900   62  236          - 3627.26571      -  4043  626s
   204   211 4777.26900   63  296          - 3627.26571      -  3788  634s
   210   232 4777.26900   64  273          - 3627.26571      -  3732  651s
   231   236 4777.26900   71  299          - 3627.26571      -  3504  661s
   235   240 4777.48293   72  343          - 3627.26571      -  3457  671s
   239   254 4777.62321   73  281          - 3627.26571      -  3413  680s
   253   274 4777.74776   74  330          - 3627.26571      -  3284  690s
   273   294 4777.83525   82  315          - 3627.26571      -  3084  699s
   293   300 4779.58331   92  254          - 3627.26571      -  2941  712s
   299   305 4779.58331   93  278          - 3627.26571      -  2898  721s
   304   309 4779.98602   94  263          - 3627.26571      -  2856  730s
   308   326 4779.98602   95  310          - 3627.26571      -  2836  740s
   327   346 4779.98602   96  257          - 3627.26571      -  2679  751s
   349   373 4781.95246   97  237          - 3627.26571      -  2534  764s
   376   403 4782.78918   98  197          - 3627.26571      -  2398  774s
   408   439 4783.43828   99  197          - 3627.26571      -  2235  783s
   443   479 4784.93012  100  275          - 3627.26571      -  2105  801s
   485   506 4794.76689  104  292          - 3627.26571      -  1979  814s
   514   557 4834.14572  105  251          - 3627.26571      -  1908  823s
   576   616 4878.70325  108  229          - 3627.26571      -  1757  847s
   647   673 4895.98011  109  270          - 3627.26571      -  1590  858s
   712   746 5460.22545  118  152          - 3627.26571      -  1480  868s
*  757   732             287    10000.000000 3627.26571  63.7%  1413  868s
   795   769 5531.10051  133  114 10000.0000 3627.26571  63.7%  1359  893s
   879   838 5734.64063  168  118 10000.0000 3627.26571  63.7%  1268  918s
   983   904 4261.22665    3  378 10000.0000 3627.26571  63.7%  1196  940s
  1067   977 4282.23168    5  174 10000.0000 3627.26571  63.7%  1149  963s
  1171   978 6000.00000   18  536 10000.0000 3627.26571  63.7%  1114 1077s
  1173   979 4834.37001  107  137 10000.0000 3627.26571  63.7%  1112 1108s
  1174   980 5056.09395   46  148 10000.0000 3627.26571  63.7%  1111 1145s
  1175   981 5610.67902  148  237 10000.0000 3627.26571  63.7%  1110 1171s
  1176   981 4974.79560  108  196 10000.0000 3627.26571  63.7%  1109 1189s
  1177   982 8154.09497  244  142 10000.0000 3627.26571  63.7%  1108 1201s
  1178   983 4324.71661    9  195 10000.0000 3627.26571  63.7%  1107 1227s
  1179   983 5396.99975  120  265 10000.0000 3627.26571  63.7%  1106 1236s
  1180   984 4660.00989    8  144 10000.0000 3627.26571  63.7%  1105 1255s
  1181   985 4697.90546   34  340 10000.0000 3627.26571  63.7%  1104 1267s
  1182   985 5361.51644  145  206 10000.0000 3627.26571  63.7%  1103 1295s
  1183   986 4775.35824   26  442 10000.0000 3627.26571  63.7%  1102 1309s
  1184   987 5456.33798   88  185 10000.0000 3627.26571  63.7%  1101 1332s
  1185   987 4776.35564   47  133 10000.0000 3627.26571  63.7%  1100 1347s
  1186   988 5745.56237  175  133 10000.0000 3627.26571  63.7%  1100 1416s
  1187   991 4013.08010   15  276 10000.0000 3627.26571  63.7%  1328 1475s
  1188   993 4013.08010   16  253 10000.0000 3627.26571  63.7%  1328 1553s
  1191   995 4042.47082   17  431 10000.0000 3627.26571  63.7%  1389 1675s
  1194   996 4042.47082   18  524 10000.0000 3663.06780  63.4%  1478 1732s
  1196  1002 4042.83129   19  328 10000.0000 3663.06780  63.4%  1480 1798s

Cutting planes:
  Cover: 111
  Implied bound: 45
  Clique: 29
  MIR: 31
  Flow cover: 176
  GUB cover: 22
  Zero half: 1
  RLT: 34
  Relax-and-lift: 3
  BQP: 67
  PSD: 2
  Lazy constraints: 251

Explored 1202 nodes (2089807 simplex iterations) in 1800.01 seconds (1679.39 work units)
Thread count was 8 (of 8 available processors)

Solution count 1: 10000 

Time limit reached
Best objective 1.000000000000e+04, best bound 4.000000000000e+03, gap 60.0000%

User-callback calls 431933, time in user-callback 5.37 sec
