
Gurobi 13.0.1 (linux64) logging started Thu Apr 23 02:00:26 2026

Set parameter LogFile to value "experiments/20260422_213746/logs/Inst_05_Easy_Phantom__station_copies.log"
Set parameter LogToConsole to value 0
Set parameter TimeLimit to value 1800
Gurobi Optimizer version 13.0.1 build v13.0.1rc0 (linux64 - "Ubuntu 24.04.4 LTS")

CPU model: Intel(R) Core(TM) i5-8250U CPU @ 1.60GHz, instruction set [SSE2|AVX|AVX2]
Thread count: 4 physical cores, 8 logical processors, using up to 8 threads

Non-default parameters:
TimeLimit  1800
LogToConsole  0

Optimize a model with 6084 rows, 5871 columns and 25620 nonzeros (Min)
Model fingerprint: 0x20a7eedc
Model has 51 linear objective coefficients
Variable types: 3912 continuous, 1959 integer (1959 binary)
Coefficient statistics:
  Matrix range     [1e+00, 2e+04]
  Objective range  [1e+03, 1e+03]
  Bounds range     [1e+00, 2e+04]
  RHS range        [1e+00, 2e+03]

Presolve removed 3312 rows and 1428 columns
Presolve time: 0.05s
Presolved: 2772 rows, 4443 columns, 17856 nonzeros
Variable types: 2484 continuous, 1959 integer (1959 binary)
Found heuristic solution: objective 46200.000000

Root relaxation: objective 1.527828e+03, 4822 iterations, 0.24 seconds (0.42 work units)

    Nodes    |    Current Node    |     Objective Bounds      |     Work
 Expl Unexpl |  Obj  Depth IntInf | Incumbent    BestBd   Gap | It/Node Time

     0     0 1527.82764    0  117 46200.0000 1527.82764  96.7%     -    0s
H    0     0                    35400.000000 1527.82764  95.7%     -    0s
H    0     0                    10400.000000 1527.82764  85.3%     -    0s
H    0     0                    9200.0000000 1527.82764  83.4%     -    0s
H    0     0                    8000.0000000 1527.82764  80.9%     -    0s
H    0     0                    7800.0000000 1878.13921  75.9%     -    1s
H    0     0                    6800.0000000 1878.13921  72.4%     -    1s
     0     0 1878.13921    0   92 6800.00000 1878.13921  72.4%     -    1s
     0     0 2031.88510    0  120 6800.00000 2031.88510  70.1%     -    2s
     0     0 2062.11837    0  147 6800.00000 2062.11837  69.7%     -    3s
     0     0 2076.87299    0  128 6800.00000 2076.87299  69.5%     -    3s
     0     0 2078.76679    0   90 6800.00000 2078.76679  69.4%     -    3s
     0     0 2079.32571    0  131 6800.00000 2079.32571  69.4%     -    3s
     0     0 2079.55893    0  120 6800.00000 2079.55893  69.4%     -    3s
     0     0 2086.48842    0  116 6800.00000 2086.48842  69.3%     -    3s
     0     0 2088.56627    0  100 6800.00000 2088.56627  69.3%     -    4s
     0     0 2090.53449    0  103 6800.00000 2090.53449  69.3%     -    4s
     0     0 2092.94949    0  118 6800.00000 2092.94949  69.2%     -    4s
     0     0 2093.39664    0  100 6800.00000 2093.39664  69.2%     -    4s
     0     0 2093.44621    0   99 6800.00000 2093.44621  69.2%     -    4s
     0     0 2094.75817    0  122 6800.00000 2094.75817  69.2%     -    4s
     0     0 2094.95975    0  115 6800.00000 2094.95975  69.2%     -    4s
     0     0 2097.70061    0  117 6800.00000 2097.70061  69.2%     -    4s
     0     0 2097.88943    0   90 6800.00000 2097.88943  69.1%     -    5s
     0     0 2098.66184    0  125 6800.00000 2098.66184  69.1%     -    5s
     0     0 2099.36296    0   98 6800.00000 2099.36296  69.1%     -    5s
     0     0 2099.38397    0   93 6800.00000 2099.38397  69.1%     -    5s
     0     0 2100.57602    0  138 6800.00000 2100.57602  69.1%     -    5s
     0     0 2101.01764    0  138 6800.00000 2101.01764  69.1%     -    6s
     0     0 2101.01764    0  126 6800.00000 2101.01764  69.1%     -    6s
     0     2 2101.01764    0  124 6800.00000 2101.01764  69.1%     -    6s
    31    36 2322.30140    7   75 6800.00000 2154.78306  68.3%  1147   10s
   112   124 2538.77165   17   89 6800.00000 2154.78306  68.3%   896   15s
H  235   211                    5600.0000000 2173.56590  61.2%   580   17s
   390   359 2572.29252   10   73 5600.00000 2175.76561  61.1%   461   20s
   746   569 2753.55686   10   80 5600.00000 2233.63387  60.1%   363   25s
  1045   767 3277.30133   12   82 5600.00000 2253.30974  59.8%   377   30s
  1294   922 2768.85912   12  126 5600.00000 2359.70101  57.9%   398   36s
  1297   924 2758.55829   21  111 5600.00000 2359.70101  57.9%   398   40s
  1308   931 3627.02360   28   90 5600.00000 2359.70101  57.9%   394   45s
  1312   934 4004.49701   18  106 5600.00000 2359.70101  57.9%   393   56s
  1319   948 2359.70101   15  130 5600.00000 2359.70101  57.9%   412   60s
  1395   996 2513.88210   19   69 5600.00000 2359.70101  57.9%   433   65s
  1688  1064 3225.41905   28   41 5600.00000 2359.70101  57.9%   400   70s
  1888  1110 3858.87339   34   32 5600.00000 2359.70101  57.9%   393   76s
  1936  1127 3489.36532   37   34 5600.00000 2359.70101  57.9%   387   81s
H 2013  1108                    4600.0000000 2359.70101  48.7%   378   84s
  2034  1137 3120.76628   18   55 4600.00000 2359.70101  48.7%   375   85s
  2308  1180 3522.29588   32   34 4600.00000 2420.20230  47.4%   358   90s
  2796  1292 3342.90814   31   85 4600.00000 2670.76497  41.9%   325   95s
  3739  1546 3316.90455   26   25 4600.00000 2779.16837  39.6%   280  100s
  4292  1785 3102.02441   30   27 4600.00000 2796.39167  39.2%   260  105s
  5256  2504 3203.73500   32   35 4600.00000 2863.12005  37.8%   235  111s
  5717  2671 3996.07796   46   32 4600.00000 2863.12005  37.8%   224  115s
  6459  3005 3095.76093   33   25 4600.00000 2898.96155  37.0%   214  121s
  7387  3633 3609.86756   59   22 4600.00000 2922.06241  36.5%   203  126s
  8130  4124 4046.18100   52   26 4600.00000 2942.55193  36.0%   196  130s
  9060  4563 4081.99603   27   31 4600.00000 2961.18436  35.6%   185  135s
 10297  5181 infeasible   25      4600.00000 2979.36896  35.2%   177  142s
 11128  5555 3400.00000   40   22 4600.00000 2990.07843  35.0%   176  147s
 12059  5910 3520.13107   30   33 4600.00000 3001.70288  34.7%   173  153s
 12439  6104 3353.15068   30   28 4600.00000 3008.24705  34.6%   173  156s
 13378  6511 3402.24131   24   46 4600.00000 3019.11204  34.4%   171  162s
 13982  6817 4059.73301   43   24 4600.00000 3027.72631  34.2%   169  166s
 15351  7237 3971.71463   48   17 4600.00000 3041.00154  33.9%   164  174s
 15374  7560 3972.38394   49   17 4600.00000 3043.74906  33.8%   164  177s
 15976  7896 3400.00000   34   33 4600.00000 3049.43325  33.7%   162  181s
 16700  8008 3211.17136   22   42 4600.00000 3058.70180  33.5%   160  186s
 16868  8013 3888.79759   32   32 4600.00000 3058.70180  33.5%   160  193s
 16877  8019 3637.66006   33   28 4600.00000 3058.70180  33.5%   160  199s
 16887  8027 3722.47610   33   26 4600.00000 3061.05153  33.5%   160  203s
 16895  8108 3660.77547   34   25 4600.00000 3061.05153  33.5%   160  208s
 17067  8501 3415.47204   35   23 4600.00000 3063.41935  33.4%   159  214s
 17850  8864 infeasible   34      4600.00000 3069.22060  33.3%   158  218s
 18780  9231 3271.23700   30   44 4600.00000 3069.22060  33.3%   156  222s
 19520  9751 4064.40159   33   28 4600.00000 3085.46130  32.9%   154  227s
 20661 10222 4007.80687   26   34 4600.00000 3099.13085  32.6%   151  231s
 21566 10598 4400.00000   46   18 4600.00000 3105.78981  32.5%   150  237s
 22452 11004 4272.82081   38   25 4600.00000 3111.11075  32.4%   149  241s
 23345 11382 3245.55952   36   21 4600.00000 3116.44888  32.3%   147  247s
 24144 11667 infeasible   31      4600.00000 3125.85772  32.0%   147  250s
 24869 12070 3498.73986   29   30 4600.00000 3128.63852  32.0%   148  255s
 26591 12858 4400.00000   43   22 4600.00000 3149.27357  31.5%   146  263s
 27634 13182 3564.98296   32   23 4600.00000 3153.54847  31.4%   145  268s
 28441 13628 3215.75581   24   49 4600.00000 3155.14679  31.4%   144  273s
 29267 13629 3246.89819   36  126 4600.00000 3167.64005  31.1%   143  307s
 29270 13631 3845.52981   45  120 4600.00000 3167.64005  31.1%   143  311s
 29276 13635 3759.77369   24  108 4600.00000 3167.64005  31.1%   143  315s
 29280 13638 3416.94879   37  109 4600.00000 3167.64005  31.1%   143  320s
 29283 13640 3294.69159   45  126 4600.00000 3167.64005  31.1%   143  326s
 29286 13642 3493.58779   36  117 4600.00000 3167.64005  31.1%   143  330s
 29290 13644 4125.22748   56  113 4600.00000 3167.64005  31.1%   143  335s
 29294 13647 3557.33810   42  122 4600.00000 3167.64005  31.1%   143  347s
 29297 13649 3829.99329   33  126 4600.00000 3167.64005  31.1%   143  351s
 29299 13650 3446.81217   30  132 4600.00000 3167.64005  31.1%   143  355s
 29302 13652 4056.91370   38  135 4600.00000 3167.64005  31.1%   143  361s
 29305 13654 3437.45610   38  119 4600.00000 3167.64005  31.1%   143  366s
 29308 13656 3743.62883   47  120 4600.00000 3167.64005  31.1%   143  380s
 29311 13658 3625.37433   46  124 4600.00000 3167.64005  31.1%   143  385s
 29316 13662 3614.46921   47  123 4600.00000 3167.64005  31.1%   143  390s
 29320 13664 3749.47097   36  119 4600.00000 3167.64005  31.1%   143  396s
 29325 13668 4009.24334   50  127 4600.00000 3167.64005  31.1%   143  400s
 29328 13670 3863.85433   42  128 4600.00000 3167.64005  31.1%   143  405s
 29334 13674 3933.93275   37  130 4600.00000 3167.64005  31.1%   143  411s
 29338 13676 4080.49491   46  136 4600.00000 3167.64005  31.1%   143  416s
 29341 13678 3852.12844   53  138 4600.00000 3167.64005  31.1%   143  420s
 29345 13681 4202.73696   57  147 4600.00000 3167.64005  31.1%   143  425s
 29349 13684 3789.77842   43  131 4600.00000 3167.64005  31.1%   143  430s
 29352 13686 3671.64318   43  135 4600.00000 3167.64005  31.1%   143  436s
 29356 13688 4146.98232   24  135 4600.00000 3167.64005  31.1%   143  441s
 29359 13690 3552.48265   21  135 4600.00000 3167.64005  31.1%   143  446s
 29363 13693 3369.64736   34  169 4600.00000 3167.64005  31.1%   143  451s
 29367 13696 3246.89819   36  168 4600.00000 3167.64005  31.1%   143  455s
 29370 13698 3845.52981   45  168 4600.00000 3167.64005  31.1%   143  464s
 29371 13698 3740.89428   38  163 4600.00000 3167.64005  31.1%   143  466s
 29373 13700 3351.01009   26  161 4600.00000 3167.64005  31.1%   143  470s
 29377 13702 3597.92645   35  162 4600.00000 3167.64005  31.1%   143  475s
 29380 13704 3416.94879   37  169 4600.00000 3167.64005  31.1%   143  480s
 29383 13706 3294.69159   45  167 4600.00000 3167.64005  31.1%   143  486s
 29386 13708 3493.58779   36  169 4600.00000 3167.64005  31.1%   143  490s
 29389 13710 3961.89612   38  170 4600.00000 3167.64005  31.1%   143  495s
 29393 13713 4014.66602   34  166 4600.00000 3167.64005  31.1%   143  501s
 29396 13715 3660.10983   35  182 4600.00000 3167.64005  31.1%   143  506s
 29398 13716 3963.00156   41  163 4600.00000 3167.64005  31.1%   143  510s
 29402 13719 4056.91370   38  194 4600.00000 3167.64005  31.1%   143  517s
 29404 13720 4025.90617   43  200 4600.00000 3167.64005  31.1%   143  521s
 29407 13722 3528.56802   36  191 4600.00000 3167.64005  31.1%   143  526s
 29410 13724 3321.22040   39  192 4600.00000 3167.64005  31.1%   143  532s
 29412 13726 3172.05214   30  195 4600.00000 3167.64005  31.1%   143  536s
 29415 13728 3580.61698   41  199 4600.00000 3167.64005  31.1%   143  541s
 29417 13729 3521.04104   34  200 4600.00000 3167.64005  31.1%   143  545s
 29420 13731 3749.47097   36  182 4600.00000 3167.64005  31.1%   143  551s
 29422 13732 4197.48999   33  201 4600.00000 3167.64005  31.1%   143  555s
 29425 13734 4009.24334   50  199 4600.00000 3167.64005  31.1%   143  560s
 29428 13736 3863.85433   42  179 4600.00000 3167.64005  31.1%   143  566s
 29430 13738 4390.36288   44  177 4600.00000 3167.64005  31.1%   143  570s
 29434 13740 3933.93275   37  187 4600.00000 3167.64005  31.1%   143  576s
 29437 13742 3877.23173   44  173 4600.00000 3167.64005  31.1%   143  580s
 29439 13744 3510.71671   31  187 4600.00000 3167.64005  31.1%   143  585s
 29443 13746 3751.39488   40  137 4600.00000 3167.64005  31.1%   142  590s
 29446 13748 3446.57846   39  175 4600.00000 3167.64005  31.1%   142  596s
 29449 13750 3789.77842   43  187 4600.00000 3167.64005  31.1%   142  601s
 29452 13752 3671.64318   43  189 4600.00000 3167.64005  31.1%   142  606s
 29454 13754 3234.98269   22  179 4600.00000 3167.64005  31.1%   142  610s
 29458 13756 3749.64409   45  189 4600.00000 3167.64005  31.1%   142  616s
 29461 13758 3577.66243   34  185 4600.00000 3167.64005  31.1%   142  620s
 29464 13760 3191.67462   22  190 4600.00000 3167.64005  31.1%   142  626s
 29468 13763 3235.56419   33  189 4600.00000 3167.64005  31.1%   142  632s
 29470 13764 3845.52981   45  179 4600.00000 3167.64005  31.1%   142  636s
 29473 13766 3351.01009   26  181 4600.00000 3167.64005  31.1%   142  646s
 29480 13780 3167.64005   27  123 4600.00000 3167.64005  31.1%   149  652s
 29524 13805 3167.64005   31  115 4600.00000 3167.64005  31.1%   150  655s
 29607 13838 3266.93632   35   47 4600.00000 3167.64005  31.1%   152  661s
 29745 13888     cutoff   47      4600.00000 3167.64005  31.1%   153  665s
 29905 13923 4114.18874   64   31 4600.00000 3167.64005  31.1%   153  670s
 30164 14035 3744.25903   40   43 4600.00000 3167.64005  31.1%   154  675s
 30515 14099 3855.38448   44   29 4600.00000 3167.64005  31.1%   154  680s
 30810 14190 3643.63410   57   33 4600.00000 3167.64005  31.1%   154  685s
 31210 14318 3936.80516   66   22 4600.00000 3167.64005  31.1%   154  690s
 31546 14370 3167.64005   33   37 4600.00000 3167.64005  31.1%   155  695s
 31580 14375 3167.64005   35   39 4600.00000 3167.64005  31.1%   155  701s
 31611 14393 3167.64005   37   37 4600.00000 3167.64005  31.1%   155  705s
 31679 14423 3167.64005   39   37 4600.00000 3167.64005  31.1%   155  710s
 32112 14656 3715.51083   39   31 4600.00000 3167.64005  31.1%   154  716s
 32582 14799 3338.76737   51   34 4600.00000 3167.64005  31.1%   154  720s
 33395 14997 infeasible   47      4600.00000 3167.64005  31.1%   153  727s
 33961 15114 3776.77833   34   39 4600.00000 3167.64005  31.1%   153  731s
 34572 15293     cutoff   51      4600.00000 3167.64005  31.1%   152  735s
 35316 15386 infeasible   39      4600.00000 3167.64005  31.1%   152  741s
 36083 15410 infeasible   49      4600.00000 3167.64005  31.1%   152  746s
 36836 15594 3167.64005   37   39 4600.00000 3167.64005  31.1%   152  752s
 37305 15684 3414.27067   37   34 4600.00000 3167.64005  31.1%   152  756s
 38297 15602 3763.11314   46   27 4600.00000 3167.64005  31.1%   152  764s
 38535 15665 4185.16087   38   25 4600.00000 3167.64005  31.1%   152  766s
 38864 15724 infeasible   41      4600.00000 3167.64005  31.1%   153  771s
 39759 16095 4066.99669   40   22 4600.00000 3167.64005  31.1%   152  779s
 40463 16140 3617.28384   44   29 4600.00000 3167.64005  31.1%   152  782s
 41038 16318 3215.89367   50   31 4600.00000 3167.64005  31.1%   152  786s
 41751 16311 3551.49239   50   27 4600.00000 3167.64005  31.1%   151  791s
 42395 16456 infeasible   50      4600.00000 3167.64005  31.1%   151  795s
 43090 16483 4119.68177   39   19 4600.00000 3167.64005  31.1%   151  800s
 43752 16460 3400.00000   54   26 4600.00000 3167.64005  31.1%   151  807s
 44233 16599 infeasible   90      4600.00000 3167.64005  31.1%   152  814s
 44973 16698 4037.66556   56   28 4600.00000 3167.64005  31.1%   153  820s
 45745 16875     cutoff   46      4600.00000 3167.64005  31.1%   154  826s
 46609 16874 4096.74008   47   37 4600.00000 3167.64005  31.1%   153  833s
 47253 17021 3295.58763   44   27 4600.00000 3167.64005  31.1%   153  841s
 48027 17086 3257.08112   35   75 4600.00000 3167.64005  31.1%   153  848s
 48705 17315 3833.60125   48   20 4600.00000 3167.64005  31.1%   154  855s
 49713 17391 3449.85379   48   24 4600.00000 3171.55298  31.1%   154  862s
 50678 17494 3401.58667   36   67 4600.00000 3177.64865  30.9%   154  870s
 51728 17513 4284.58118   47   24 4600.00000 3185.96853  30.7%   154  876s
 52727 17561 4400.00000   56   13 4600.00000 3191.25048  30.6%   154  884s
 53750 17677 3319.51986   41   64 4600.00000 3205.15173  30.3%   154  890s
 54799 17719     cutoff   47      4600.00000 3207.38570  30.3%   153  896s
 55844 17687 3326.14362   43   36 4600.00000 3216.92173  30.1%   153  901s
 56631 17815 3504.36586   54   90 4600.00000 3225.66772  29.9%   153  908s
 57514 18056 3430.59760   56   32 4600.00000 3227.90725  29.8%   153  914s
 58655 17981 3400.00000   50   29 4600.00000 3238.21189  29.6%   152  921s
 59559 18055 3684.00563   52   74 4600.00000 3240.51587  29.6%   152  928s
 60373 18204 3719.10356   45   68 4600.00000 3242.28671  29.5%   151  935s
 61473 18059 3431.96398   43   27 4600.00000 3254.68248  29.2%   151  941s
 62247 18112 infeasible   44      4600.00000 3259.22687  29.1%   151  947s
 62987 18139 3798.83144   59   28 4600.00000 3262.43436  29.1%   151  954s
 63781 18225 3685.72725   40   23 4600.00000 3267.47775  29.0%   151  959s
 64686 18285 3475.17354   41   32 4600.00000 3270.56410  28.9%   150  966s
 65679 18261 3447.91182   48   37 4600.00000 3275.06627  28.8%   150  971s
 66456 18250     cutoff   51      4600.00000 3280.01903  28.7%   150  976s
 67161 18287 infeasible   49      4600.00000 3283.82446  28.6%   150  982s
 67925 18327 4072.97820   48   29 4600.00000 3288.80698  28.5%   150  987s
 68748 18383 3553.47215   49   24 4600.00000 3289.64727  28.5%   151  994s
 69639 18413 3837.66558   51   29 4600.00000 3292.92533  28.4%   150 1000s
 70441 18514 4400.00000   58   18 4600.00000 3296.51039  28.3%   150 1007s
 71370 18683 3458.08481   45   20 4600.00000 3300.80652  28.2%   150 1012s
 72158 18938     cutoff   55      4600.00000 3305.19299  28.1%   150 1018s
 72792 19196     cutoff   44      4600.00000 3305.52185  28.1%   150 1024s
 73499 19595 3736.29211   48   24 4600.00000 3308.83806  28.1%   151 1031s
 74470 19886 4400.00000   40   18 4600.00000 3312.13601  28.0%   150 1036s
 75327 20239 3582.81252   41   34 4600.00000 3315.59524  27.9%   150 1042s
 76201 20536 3550.18592   42   90 4600.00000 3318.41515  27.9%   149 1048s
 76981 20700 3645.98197   40   22 4600.00000 3321.80138  27.8%   149 1054s
 77572 20888     cutoff   66      4600.00000 3324.61787  27.7%   149 1060s
 78229 21169 4010.74610   51   25 4600.00000 3325.34207  27.7%   149 1066s
 79075 21403     cutoff   48      4600.00000 3329.67980  27.6%   149 1072s
 79721 21704 3773.43464   49   30 4600.00000 3332.43206  27.6%   149 1078s
 80568 22024 3632.37810   40   65 4600.00000 3332.43206  27.6%   149 1085s
 81448 22351 infeasible   44      4600.00000 3338.53812  27.4%   149 1090s
 82189 22646 4227.27309   58   29 4600.00000 3341.03723  27.4%   148 1098s
 83013 22960 3444.26495   51   23 4600.00000 3343.39909  27.3%   148 1104s
 83942 23180 4353.48942   62   26 4600.00000 3344.75369  27.3%   148 1110s
 84788 23473     cutoff   51      4600.00000 3348.82914  27.2%   148 1115s
 85639 23806 3586.29659   50   37 4600.00000 3352.21846  27.1%   147 1122s
 86548 24117 3770.52257   47   33 4600.00000 3354.32307  27.1%   147 1128s
 87444 24345     cutoff   53      4600.00000 3358.19985  27.0%   147 1135s
 88267 24612 3447.89166   44   70 4600.00000 3360.65313  26.9%   146 1143s
 89190 24880 3501.85766   47   33 4600.00000 3363.06614  26.9%   146 1149s
 89946 24936 3719.13206   45   18 4600.00000 3365.93887  26.8%   146 1154s
 90114 25241 infeasible   46      4600.00000 3366.35924  26.8%   146 1162s
 91041 25509 3702.98422   47   58 4600.00000 3369.88945  26.7%   145 1170s
 91837 25731 3574.74433   46  113 4600.00000 3372.13560  26.7%   145 1176s
 92610 26040 3491.56119   46   23 4600.00000 3374.23256  26.6%   145 1184s
 93573 26302 4367.66955   42   43 4600.00000 3378.65982  26.6%   145 1190s
 94412 26576 3470.81743   46   56 4600.00000 3380.06223  26.5%   145 1197s
 95410 26829 4019.23149   58   19 4600.00000 3382.42415  26.5%   144 1205s
 96461 27177 3893.75512   43   20 4600.00000 3387.36475  26.4%   144 1211s
 97535 27384 3663.89121   45   27 4600.00000 3390.54351  26.3%   143 1216s
 98592 27776 3468.64625   45   30 4600.00000 3395.02047  26.2%   143 1223s
 99604 28058 3894.56708   54   37 4600.00000 3396.58494  26.2%   142 1228s
 100428 28257 3400.00000   45   16 4600.00000 3398.78690  26.1%   142 1235s
 101150 28309 3400.00000   45   26 4600.00000 3400.00000  26.1%   143 1242s
 101626 28329 infeasible   49      4600.00000 3400.00000  26.1%   145 1248s
 102221 28242 3420.91967   49   41 4600.00000 3400.00000  26.1%   146 1254s
 102882 28098     cutoff   54      4600.00000 3400.00000  26.1%   147 1260s
 103589 27941 infeasible   44      4600.00000 3400.00000  26.1%   149 1267s
 104218 27769     cutoff   51      4600.00000 3400.00000  26.1%   150 1274s
 104863 27806 3400.00000   42   32 4600.00000 3400.00000  26.1%   152 1280s
 105382 27769 infeasible   55      4600.00000 3400.00000  26.1%   153 1287s
 105978 27881 3400.00000   36   23 4600.00000 3400.00000  26.1%   155 1294s
 106345 27848 3400.00000   55   28 4600.00000 3400.00000  26.1%   156 1301s
 106831 27737 infeasible   49      4600.00000 3400.00000  26.1%   157 1313s
 107793 27955 3449.12140   37  116 4600.00000 3400.00000  26.1%   160 1323s
 108567 28510 3640.51455   50   24 4600.00000 3400.00000  26.1%   161 1334s
 110219 28943 4400.00000   58   10 4600.00000 3402.50671  26.0%   161 1342s
 111647 29296 4215.78644   57   32 4600.00000 3405.09647  26.0%   160 1349s
 112701 29601 3832.39232   55   29 4600.00000 3407.94000  25.9%   160 1356s
 113606 30019     cutoff   59      4600.00000 3410.29763  25.9%   159 1363s
 114628 30380 3653.47251   58   22 4600.00000 3412.35221  25.8%   159 1369s
 115473 30679 3640.57575   47   59 4600.00000 3413.60534  25.8%   158 1376s
 116402 30992 3559.08163   39   34 4600.00000 3415.73122  25.7%   158 1383s
 117412 31298 3901.88165   58   18 4600.00000 3417.61124  25.7%   158 1390s
 118428 31678 3834.91393   50   26 4600.00000 3419.70216  25.7%   157 1395s
 119422 31948 infeasible   63      4600.00000 3421.38482  25.6%   157 1402s
 120245 32227 4305.64473   52   22 4600.00000 3423.10296  25.6%   157 1408s
 121067 32573 3517.05081   35   40 4600.00000 3424.70297  25.5%   156 1415s
 122076 32900 3907.67309   57   64 4600.00000 3426.58976  25.5%   156 1420s
 122839 33198 3651.19998   43   68 4600.00000 3428.31763  25.5%   156 1426s
 123754 33545 3820.77494   47   33 4600.00000 3429.93169  25.4%   155 1431s
 124734 33731 3707.96135   45   30 4600.00000 3431.67933  25.4%   155 1437s
 125386 33978 3816.88642   57   28 4600.00000 3432.84328  25.4%   155 1442s
 126349 34274 3613.48436   47   59 4600.00000 3434.78936  25.3%   154 1448s
 127145 34599 3783.86395   50   32 4600.00000 3435.51563  25.3%   154 1454s
 127985 34850 4276.15805   52   19 4600.00000 3437.30100  25.3%   154 1459s
 128770 35106 3502.83730   46   67 4600.00000 3439.33863  25.2%   153 1464s
 129607 35387 3641.67767   51   88 4600.00000 3439.70480  25.2%   153 1471s
 130412 35660 4400.00000   60   13 4600.00000 3441.51509  25.2%   153 1476s
 131203 35915     cutoff   64      4600.00000 3443.40437  25.1%   153 1480s
 131993 36176     cutoff   51      4600.00000 3444.74094  25.1%   153 1486s
 132785 36421 4400.00000   50   27 4600.00000 3446.05285  25.1%   152 1491s
 133490 36602 3864.60556   66   36 4600.00000 3446.96481  25.1%   152 1497s
 134208 36774 4039.20769   48   27 4600.00000 3448.57525  25.0%   152 1502s
 134784 37033 3530.13323   45   27 4600.00000 3449.66710  25.0%   152 1508s
 135797 37353 4303.58257   58   18 4600.00000 3451.45269  25.0%   152 1515s
 136966 37577 4056.15369   47   27 4600.00000 3452.67218  24.9%   151 1520s
 137597 37776 3919.82729   51   46 4600.00000 3454.42439  24.9%   151 1525s
 138354 38039 3564.03269   42   43 4600.00000 3455.62313  24.9%   151 1530s
 139114 38324 3501.25110   52   27 4600.00000 3456.25309  24.9%   151 1535s
 140032 38565 3597.00408   36   49 4600.00000 3457.35442  24.8%   150 1541s
 140772 38813 3707.10331   49   27 4600.00000 3458.75281  24.8%   150 1547s
 141622 39125 4400.00000   54   19 4600.00000 3460.08734  24.8%   150 1552s
 142492 39379 4045.07252   57   29 4600.00000 3461.45216  24.8%   150 1557s
 143234 39614     cutoff   49      4600.00000 3462.52667  24.7%   150 1563s
 144019 39918 infeasible   49      4600.00000 3463.88197  24.7%   149 1568s
 144828 40164 3483.76464   38   39 4600.00000 3464.65437  24.7%   149 1573s
 145660 40393 4055.98354   60   24 4600.00000 3465.58130  24.7%   149 1577s
 146401 40613 3835.22429   56   20 4600.00000 3467.11565  24.6%   149 1585s
 148015 41210 4195.88919   39   44 4600.00000 3468.78816  24.6%   149 1594s
 148966 41476 3574.34937   44   71 4600.00000 3470.22395  24.6%   148 1600s
 149783 41797     cutoff   53      4600.00000 3472.07959  24.5%   148 1606s
 150729 42106 3591.34014   58   24 4600.00000 3473.17727  24.5%   148 1613s
 151826 42411 3823.13561   53   34 4600.00000 3474.51787  24.5%   147 1618s
 152675 42656     cutoff   53      4600.00000 3475.51200  24.4%   147 1622s
 153453 42781 3897.45970   60   26 4600.00000 3475.69082  24.4%   147 1628s
 153983 42985     cutoff   55      4600.00000 3476.98808  24.4%   146 1633s
 154821 43266 infeasible   44      4600.00000 3477.92380  24.4%   146 1639s
 155686 43540     cutoff   47      4600.00000 3479.43457  24.4%   146 1644s
 156504 43828 3972.25413   51   19 4600.00000 3480.17483  24.3%   146 1649s
 157415 44137 3810.92152   48   23 4600.00000 3481.69080  24.3%   146 1655s
 159074 44666 3567.12134   49   37 4600.00000 3482.99249  24.3%   145 1663s
 160018 44879 3613.70273   49   20 4600.00000 3485.02626  24.2%   145 1669s
 160853 45174 3932.89087   47   66 4600.00000 3485.50972  24.2%   145 1673s
 161723 45480     cutoff   66      4600.00000 3487.05007  24.2%   144 1679s
 162634 45739 4111.65082   51   17 4600.00000 3487.74829  24.2%   144 1685s
 163374 45984 3702.44447   50   16 4600.00000 3488.05924  24.2%   144 1690s
 164894 46482 infeasible   40      4600.00000 3490.17005  24.1%   144 1700s
 165782 46798 3871.83109   44   38 4600.00000 3491.25028  24.1%   143 1706s
 166908 47115 4349.17103   84   14 4600.00000 3492.14727  24.1%   143 1710s
 167708 47292 4000.95178   38   33 4600.00000 3493.30782  24.1%   143 1715s
 168355 47553     cutoff   47      4600.00000 3494.02688  24.0%   143 1721s
 169353 47768 3873.92282   45   31 4600.00000 3495.15386  24.0%   142 1725s
 170857 48195 4199.54063   50   21 4600.00000 3497.36567  24.0%   142 1734s
 171633 48413 3617.04794   51   34 4600.00000 3498.43553  23.9%   142 1740s
 172384 48634 3669.53215   42   77 4600.00000 3499.07341  23.9%   142 1745s
 173883 49112 4155.16430   67   36 4600.00000 3500.89517  23.9%   142 1754s
 174790 49374 4018.03609   47   32 4600.00000 3501.67033  23.9%   141 1759s
 175763 49480 3849.91598   43   73 4600.00000 3502.53810  23.9%   141 1766s
 176114 49502 3916.49860   51   44 4600.00000 3502.53810  23.9%   141 1770s
 177109 49983 4126.40775   58   33 4600.00000 3503.49949  23.8%   141 1780s
 177994 50269 4046.45960   53   20 4600.00000 3504.78569  23.8%   140 1785s
 178892 50452 3764.55374   47   37 4600.00000 3505.74915  23.8%   140 1791s
 179660 50697 3970.03645   65   45 4600.00000 3506.66726  23.8%   140 1797s
 180563 50843 4115.63876   52   30 4600.00000 3507.60033  23.7%   140 1800s

Cutting planes:
  Gomory: 2
  Cover: 11
  Implied bound: 400
  Clique: 2
  MIR: 393
  Flow cover: 239
  GUB cover: 3
  Inf proof: 46
  Zero half: 1
  RLT: 22
  Relax-and-lift: 49
  BQP: 5

Explored 181022 nodes (25318104 simplex iterations) in 1800.03 seconds (1309.71 work units)
Thread count was 8 (of 8 available processors)

Solution count 9: 4600 5600 6800 ... 46200

Time limit reached
Best objective 4.600000000000e+03, best bound 3.600000000000e+03, gap 21.7391%
