
Gurobi 13.0.1 (linux64) logging started Fri Apr 24 01:21:44 2026

Set parameter LogFile to value "experiments/20260422_213746/logs/Inst_22_Hard_Phantom_46__ribeiro.log"
Set parameter LogToConsole to value 0
Set parameter TimeLimit to value 1800
Gurobi Optimizer version 13.0.1 build v13.0.1rc0 (linux64 - "Ubuntu 24.04.4 LTS")

CPU model: Intel(R) Core(TM) i5-8250U CPU @ 1.60GHz, instruction set [SSE2|AVX|AVX2]
Thread count: 4 physical cores, 8 logical processors, using up to 8 threads

Non-default parameters:
TimeLimit  1800
LogToConsole  0

Optimize a model with 11778 rows, 3623 columns and 39513 nonzeros (Min)
Model fingerprint: 0x072278cd
Model has 70 linear objective coefficients
Variable types: 118 continuous, 3505 integer (3434 binary)
Coefficient statistics:
  Matrix range     [1e+00, 3e+04]
  Objective range  [1e+03, 1e+03]
  Bounds range     [1e+00, 3e+04]
  RHS range        [1e+00, 6e+04]

Presolve removed 1436 rows and 38 columns
Presolve time: 0.14s
Presolved: 10342 rows, 3585 columns, 36991 nonzeros
Variable types: 104 continuous, 3481 integer (3411 binary)

Root relaxation: objective 0.000000e+00, 1078 iterations, 0.04 seconds (0.05 work units)

    Nodes    |    Current Node    |     Objective Bounds      |     Work
 Expl Unexpl |  Obj  Depth IntInf | Incumbent    BestBd   Gap | It/Node Time

     0     0    0.00000    0   94          -    0.00000      -     -    0s
     0     0    0.00000    0  127          -    0.00000      -     -    1s
     0     0    0.00000    0  136          -    0.00000      -     -    1s
     0     0    0.00000    0  133          -    0.00000      -     -    1s
     0     0    0.00000    0  141          -    0.00000      -     -    2s
     0     0    0.00000    0   74          -    0.00000      -     -    4s
     0     0    0.00000    0  122          -    0.00000      -     -    4s
     0     0    0.00000    0  107          -    0.00000      -     -    4s
     0     0    0.00000    0  144          -    0.00000      -     -    5s
     0     0    0.00000    0  142          -    0.00000      -     -    5s
     0     0    0.00000    0   96          -    0.00000      -     -    6s
     0     0    0.00000    0  114          -    0.00000      -     -    7s
     0     0    0.00000    0  135          -    0.00000      -     -    8s
     0     0    0.00000    0   90          -    0.00000      -     -    9s
     0     0    0.00000    0  120          -    0.00000      -     -    9s
     0     0    0.00000    0  114          -    0.00000      -     -    9s
     0     0    0.00000    0  138          -    0.00000      -     -   10s
     0     0    0.00000    0   91          -    0.00000      -     -   12s
     0     0    0.00000    0  123          -    0.00000      -     -   12s
     0     0    0.00000    0  118          -    0.00000      -     -   12s
     0     0    0.00000    0  136          -    0.00000      -     -   13s
     0     0    0.00000    0   95          -    0.00000      -     -   14s
     0     0    0.00000    0  102          -    0.00000      -     -   15s
     0     0    0.00000    0   82          -    0.00000      -     -   16s
     0     2    0.00000    0   80          -    0.00000      -     -   17s
    21    27 2000.00000    6  120          -    0.00000      -   763   20s
    74    67 1000.00000   16  122          -    0.00000      -   457   25s
   103    93 2000.00000   21  135          -    0.00000      -   401   30s
   126   109 2000.00000   26  130          -    0.00000      -   400   35s
H  136   117                    37000.000000    0.00000   100%   389   38s
   210   188 2000.00000   42  112 37000.0000    0.00000   100%   333   40s
H  211   188                    35800.000000    0.00000   100%   332   40s
   723   710 4000.00000   76   97 35800.0000    0.00000   100%   270   45s
  1088   965 8200.00000  152  107 35800.0000    0.00000   100%   271   50s
  1453  1276 4000.00000   90  113 35800.0000    0.00000   100%   283   55s
H 1656  1397                    31000.000000    0.00000   100%   287   56s
H 1656  1397                    29800.000000    0.00000   100%   287   56s
  1657  1398 1000.00000   10   82 29800.0000    0.00000   100%   287   63s
H 1658  1329                    28600.000000    0.00000   100%   287   64s
  1659  1329 4000.00000  123  112 28600.0000    0.00000   100%   287   65s
H 1659  1262                    27400.000000    0.00000   100%   287   66s
H 1659  1199                    26200.000000    0.00000   100%   287   71s
H 1660  1140                    25000.000000    0.00000   100%   287   71s
  1662  1141 3000.00000  107  133 25000.0000    0.00000   100%   286   79s
H 1662  1084                    24800.000000    0.00000   100%   286   79s
  1663  1085 4000.00000  105  140 24800.0000    0.00000   100%   286   80s
  1664  1086 2000.00000   50  120 24800.0000    0.00000   100%   286   85s
H 1664  1031                    23800.000000    0.00000   100%   286   87s
H 1664   980                    22400.000000    0.00000   100%   286   87s
H 1664   930                    20200.000000    0.00000   100%   286   87s
  1666   931 3000.00000   55  129 20200.0000    0.00000   100%   286   95s
H 1666   885                    19000.000000    0.00000   100%   286   96s
  1668   886 4027.72601  179  123 19000.0000    0.00000   100%   285  104s
  1669   887 4000.00000   46  140 19000.0000    0.00000   100%   285  106s
  1670   888 2000.00000   65  119 19000.0000    0.00000   100%   285  111s
  1672   889 3000.00000   56  112 19000.0000    0.00000   100%   285  119s
  1673   890 2000.00000   14  149 19000.0000    0.00000   100%   285  121s
  1674   890 2000.00000   42  123 19000.0000    0.00000   100%   284  127s
  1676   892 3000.00000  117  128 19000.0000    0.00000   100%   284  134s
  1677   892 4000.00000  186  166 19000.0000    0.00000   100%   284  136s
  1678   893 3000.00000   38  120 19000.0000    0.00000   100%   284  142s
  1679   894 4000.00000  214  120 19000.0000    0.00000   100%   284  146s
  1680   894 3000.00000   14  120 19000.0000    0.00000   100%   283  150s
H 1680   851                    17800.000000    0.00000   100%   346  153s
  1681   853    0.00000   15  115 17800.0000    0.00000   100%   347  156s
  1687   859    0.00000   17  112 17800.0000    0.00000   100%   350  162s
  1691   888    0.00000   18  106 17800.0000    0.00000   100%   350  169s
  1721   886    0.00000   24  104 17800.0000    0.00000   100%   371  178s
  1729   944    0.00000   26   98 17800.0000    0.00000   100%   374  197s
  1790  1142   47.40668   38  135 17800.0000    0.00000   100%   427  223s
  2008  1085 2599.78739   67  114 17800.0000    0.00000   100%   440  240s
  2028  1200 2200.00000   68  113 17800.0000    0.00000   100%   440  258s
  2160  1227 3200.00000   85  103 17800.0000    0.00000   100%   439  276s
  2233  1365 3200.00000  102  111 17800.0000    0.00000   100%   434  295s
  2405  1465 infeasible  127      17800.0000    0.00000   100%   433  315s
  2584  1543 6400.00000  152  102 17800.0000    0.00000   100%   432  332s
  2764  1639 infeasible  177      17800.0000    0.00000   100%   429  349s
  2948  1617   25.79320   44  147 17800.0000    0.00000   100%   424  365s
  2987  1636  370.74087   50  104 17800.0000    0.00000   100%   425  382s
  3021  1668 1200.00000   50  110 17800.0000    0.00000   100%   426  403s
  3065  1727  542.13022   51  123 17800.0000    0.00000   100%   427  421s
  3165  1868 1339.60505   58  148 17800.0000    0.00000   100%   426  440s
  3348  1991 1200.00000   73  112 17800.0000    0.00000   100%   421  458s
  3550  1972 2200.00000   86   96 17800.0000    0.00000   100%   417  477s
  3598  1987 2200.00000   97   95 17800.0000    0.00000   100%   416  497s
  3629  2071 3200.00000  105   85 17800.0000    0.00000   100%   415  515s
  3729  2188 4400.00000  137   86 17800.0000    0.00000   100%   412  533s
  3914  2274 4400.00000  163  102 17800.0000    0.00000   100%   410  552s
  4111  2386 6600.00000  178  112 17800.0000    0.00000   100%   410  571s
  4330  2493 6600.00000  208   86 17800.0000    0.00000   100%   411  591s
  4488  2789 infeasible  210      17800.0000    0.00000   100%   406  609s
  4810  3014 3000.00000  142  114 17800.0000    0.00000   100%   395  626s
  5077  3237 4000.00000  210  114 17800.0000    0.00000   100%   392  642s
  5310  3464 4000.00000  277  114 17800.0000    0.00000   100%   389  659s
  5555  3677  129.85184   36  128 17800.0000    0.00000   100%   383  675s
  5774  3837 2000.00000   65  106 17800.0000    0.00000   100%   382  691s
  5938  4120 4000.00000  118  123 17800.0000    0.00000   100%   381  709s
  6253  4324 4000.00000  222  118 17800.0000    0.00000   100%   378  726s
  6530  4697 5000.00000  262  116 17800.0000    0.00000   100%   378  746s
  6909  4933 5000.00000  301  103 17800.0000    0.00000   100%   372  766s
  7145  5313 6000.00000  302  113 17800.0000    0.00000   100%   365  787s
  7529  5610 5000.00000  301  113 17800.0000    0.00000   100%   358  807s
  7856  5959 7000.00000  331  107 17800.0000    0.00000   100%   359  828s
  8270  6228 infeasible  363      17800.0000    0.00000   100%   356  850s
  8582  6567 6000.00000  111  131 17800.0000    0.00000   100%   353  873s
  8971  6828   52.70540   27  117 17800.0000    0.00000   100%   347  899s
  9258  6870 2000.00000   64  120 17800.0000    0.00000   100%   349  925s
  9300  7087 2000.00000   64  121 17800.0000    0.00000   100%   348  953s
  9517  7231 3000.00000   80  104 17800.0000    0.00000   100%   345  980s
  9667  7710 3000.00000  112  110 17800.0000    0.00000   100%   343 1007s
 10201  8341 3000.00000  155   72 17800.0000    0.00000   100%   340 1050s
 10882  8731 5200.00000  111   90 17800.0000    0.00000   100%   331 1069s
 11335  9068 9200.00000  197  117 17800.0000    0.00000   100%   325 1088s
 11711  9640 1000.00000   45  109 17800.0000    0.00000   100%   321 1108s
H12022  9640                    17600.000000    0.00000   100%   316 1108s
 12291  9756 6000.00000   97  106 17600.0000    0.00000   100%   313 1125s
 12409 10156 6000.00000   96  102 17600.0000    0.00000   100%   311 1144s
 12838 10552 8000.00000  115  101 17600.0000    0.00000   100%   307 1161s
 13272 11069 4200.00000  131   88 17600.0000    0.00000   100%   304 1181s
 13830 11529 1000.00000   36  105 17600.0000    0.00000   100%   298 1197s
 14343 11969 5000.00000  109  122 17600.0000    0.00000   100%   293 1216s
 14796 12290 8400.00000  280  127 17600.0000    0.00000   100%   290 1232s
 15117 12692 8400.00000  305  118 17600.0000    0.00000   100%   286 1250s
 15559 13015 1000.00000   43  117 17600.0000    0.00000   100%   283 1266s
 15920 13216 5200.00000  125  123 17600.0000    0.00000   100%   282 1283s
 16151 13407 3000.00000   69  146 17600.0000    0.00000   100%   282 1300s
 16384 13594 5200.00000  110  153 17600.0000    0.00000   100%   283 1319s
 16600 13870 10600.0000  185   76 17600.0000    0.00000   100%   282 1336s
 16942 14220 3000.00000   40  116 17600.0000    0.00000   100%   281 1354s
 17326 14709 7200.00000  128  113 17600.0000    0.00000   100%   279 1373s
 17843 15101 infeasible  244      17600.0000    0.00000   100%   276 1391s
 18253 15571 6000.00000   58  102 17600.0000    0.00000   100%   273 1410s
 18814 16008 7000.00000   86  103 17600.0000    0.00000   100%   270 1428s
 19308 16177 8000.00000  105   93 17600.0000    0.00000   100%   267 1446s
 19513 16531   56.77618   35  133 17600.0000    0.00000   100%   267 1463s
 19867 16848 3000.00000   81   83 17600.0000    0.00000   100%   265 1481s
 20241 17159 4000.00000  128   74 17600.0000    0.00000   100%   265 1500s
 20587 17259 1000.00000   42  122 17600.0000    0.00000   100%   264 1713s
 20691 19319 1149.13135   55  145 17600.0000    0.00000   100%   264 1800s

Cutting planes:
  Learned: 1
  Cover: 5
  Implied bound: 4
  Projected implied bound: 8
  Clique: 7
  MIR: 4
  Flow cover: 7
  GUB cover: 33
  Relax-and-lift: 12
  BQP: 3

Explored 22915 nodes (5889347 simplex iterations) in 1800.01 seconds (2064.53 work units)
Thread count was 8 (of 8 available processors)

Solution count 10: 17600 17800 19000 ... 27400

Time limit reached
Best objective 1.760000000000e+04, best bound 0.000000000000e+00, gap 100.0000%
