
Gurobi 13.0.1 (linux64) logging started Thu Apr 23 14:49:44 2026

Set parameter LogFile to value "experiments/20260422_213746/logs/Inst_15_Medium_Inspire_23__ribeiro.log"
Set parameter LogToConsole to value 0
Set parameter TimeLimit to value 1800
Gurobi Optimizer version 13.0.1 build v13.0.1rc0 (linux64 - "Ubuntu 24.04.4 LTS")

CPU model: Intel(R) Core(TM) i5-8250U CPU @ 1.60GHz, instruction set [SSE2|AVX|AVX2]
Thread count: 4 physical cores, 8 logical processors, using up to 8 threads

Non-default parameters:
TimeLimit  1800
LogToConsole  0

Optimize a model with 3020 rows, 972 columns and 9985 nonzeros (Min)
Model fingerprint: 0x660c0d66
Model has 35 linear objective coefficients
Variable types: 60 continuous, 912 integer (876 binary)
Coefficient statistics:
  Matrix range     [1e+00, 3e+04]
  Objective range  [1e+03, 2e+03]
  Bounds range     [1e+00, 3e+04]
  RHS range        [1e+00, 5e+04]

Presolve removed 392 rows and 9 columns
Presolve time: 0.06s
Presolved: 2628 rows, 963 columns, 18631 nonzeros
Variable types: 52 continuous, 911 integer (876 binary)
Found heuristic solution: objective 52000.000000
Found heuristic solution: objective 50000.000000
Found heuristic solution: objective 36000.000000

Root relaxation: objective 0.000000e+00, 513 iterations, 0.01 seconds (0.01 work units)

    Nodes    |    Current Node    |     Objective Bounds      |     Work
 Expl Unexpl |  Obj  Depth IntInf | Incumbent    BestBd   Gap | It/Node Time

     0     0    0.00000    0   33 36000.0000    0.00000   100%     -    0s
H    0     0                    34000.000000    0.00000   100%     -    0s
H    0     0                    32000.000000    0.00000   100%     -    0s
H    0     0                    28000.000000    0.00000   100%     -    0s
     0     0    0.00000    0   60 28000.0000    0.00000   100%     -    0s
     0     0    0.00000    0   57 28000.0000    0.00000   100%     -    0s
     0     0    0.00000    0   56 28000.0000    0.00000   100%     -    0s
     0     0    0.00000    0   37 28000.0000    0.00000   100%     -    0s
H    0     0                    26000.000000    0.00000   100%     -    0s
H    0     0                    25000.000000    0.00000   100%     -    0s
     0     0    0.00000    0   51 25000.0000    0.00000   100%     -    0s
     0     0    0.00000    0   69 25000.0000    0.00000   100%     -    0s
     0     0    0.00000    0   44 25000.0000    0.00000   100%     -    0s
H    0     0                    24000.000000    0.00000   100%     -    1s
H    0     0                    23000.000000    0.00000   100%     -    1s
H    0     0                    22000.000000    0.00000   100%     -    1s
H    0     0                    20000.000000    0.00000   100%     -    1s
     0     0    0.00000    0   59 20000.0000    0.00000   100%     -    1s
     0     0    0.00000    0   66 20000.0000    0.00000   100%     -    1s
     0     0    0.00000    0   46 20000.0000    0.00000   100%     -    1s
     0     0    0.00000    0   61 20000.0000    0.00000   100%     -    1s
     0     0    0.00000    0   68 20000.0000    0.00000   100%     -    1s
     0     0    0.00000    0   51 20000.0000    0.00000   100%     -    2s
H    0     0                    18000.000000    0.00000   100%     -    2s
     0     0    0.00000    0   50 18000.0000    0.00000   100%     -    2s
     0     0    0.00000    0   50 18000.0000    0.00000   100%     -    2s
     0     2    0.00000    0   41 18000.0000    0.00000   100%     -    2s
H   14    24                    16000.000000    0.00000   100%   314    2s
H   34    55                    14000.000000    0.00000   100%   250    3s
H   56    75                    12000.000000    0.00000   100%   224    3s
   167   238  559.18186   25   75 12000.0000    0.00000   100%   262    5s
H 1303   998                    10000.000000    0.00000   100%   131   10s
  1316  1007 1000.00000   48   67 10000.0000    0.00000   100%   129   15s
  1450  1111    0.00000   21   55 10000.0000    0.00000   100%   152   20s
  1518  1150    0.00000   25   47 10000.0000    0.00000   100%   157   25s
  1670  1372    0.00000   31   55 10000.0000    0.00000   100%   169   32s
  1958  1456   69.85655   40   74 10000.0000    0.00000   100%   206   36s
  2132  1691 1000.00000   58   36 10000.0000    0.00000   100%   220   41s
  2590  1971 4000.00000   93   38 10000.0000    0.00000   100%   244   45s
  2900  2236    0.00000   34   51 10000.0000    0.00000   100%   258   50s
  3297  2308 1000.00000   59   43 10000.0000    0.00000   100%   280   57s
  3502  2937 2000.00000   73   39 10000.0000    0.00000   100%   289   62s
  4282  3219 7000.00000  140   25 10000.0000    0.00000   100%   296   68s
  4961  3744 3000.00000  110   45 10000.0000    0.00000   100%   289   72s
  5588  4054 2000.00000   97   30 10000.0000    0.00000   100%   290   77s
  5953  4128 infeasible  151      10000.0000    0.00000   100%   287   81s
  6058  4455 8000.00000  149   20 10000.0000    0.00000   100%   285   86s
  6510  5048 1040.60390   76   43 10000.0000    0.00000   100%   284   90s
  7864  5994    0.00000   59   55 10000.0000    0.00000   100%   286   97s
  8321  6093 2000.00000   88   48 10000.0000    0.00000   100%   288  102s
  8448  6468 2000.00000   87   46 10000.0000    0.00000   100%   288  106s
  9437  7285   33.37550   34   77 10000.0000    0.00000   100%   295  114s
  9908  7758 infeasible   70      10000.0000    0.00000   100%   294  118s
 10536  8277 5000.00000   91   29 10000.0000    0.00000   100%   292  122s
 11226  8759 3165.79231   93   44 10000.0000    0.00000   100%   289  126s
 11909  9079 2000.00000   76   50 10000.0000    0.00000   100%   286  131s
 12774 10034 3000.00000   58   39 10000.0000    0.00000   100%   282  138s
 13454 10700 4000.00000  130   39 10000.0000    0.00000   100%   279  143s
 14328 11245 6000.00000  107   38 10000.0000    0.00000   100%   275  147s
 15081 11366 3000.00000   81   44 10000.0000    0.00000   100%   275  155s
 15211 12594 3000.00000   82   44 10000.0000    0.00000   100%   275  178s
 16785 13944   16.92370   69   78 10000.0000    0.00000   100%   274  187s
 18739 14390 5150.40617   91   39 10000.0000    0.00000   100%   268  192s
 19307 15169 1000.00000   79   50 10000.0000    0.00000   100%   268  198s
 20239 15488 1000.00000   53   35 10000.0000    0.00000   100%   270  204s
 20682 16521 2000.00000   61   47 10000.0000    0.00000   100%   270  211s
 22074 17288 2000.00000   72   36 10000.0000    0.00000   100%   267  217s
 22983 18118 6466.19118  165   36 10000.0000    0.00000   100%   267  222s
 23966 18388 infeasible  131      10000.0000    0.00000   100%   267  229s
 24308 19233 1000.00000   70   53 10000.0000    0.00000   100%   267  235s
 25357 20024 1000.00000   44   45 10000.0000    0.00000   100%   267  240s
 26354 20938 3000.00000   65   38 10000.0000    0.00000   100%   267  245s
 27536 21766 5459.27516  116   29 10000.0000    0.00000   100%   265  251s
 28746 22116    0.00000   56   57 10000.0000    0.00000   100%   262  257s
 29251 22915 1000.00000   98   49 10000.0000    0.00000   100%   263  261s
 30334 23775 3000.00000   86   38 10000.0000    0.00000   100%   261  293s
 31506 24348 2120.26495   79   65 10000.0000    0.00000   100%   260  297s
 32166 24584 2000.00000   54   51 10000.0000    0.00000   100%   260  303s
 32447 25319 2000.00000   70   55 10000.0000    0.00000   100%   260  309s
 33337 25892 infeasible  178      10000.0000    0.00000   100%   261  314s
 34140 25898   36.17751   36   64 10000.0000    0.00000   100%   262  322s
 34150 25906 1000.00000   38   61 10000.0000    0.00000   100%   262  329s
 34158 26328 1000.00000   39   53 10000.0000    0.00000   100%   263  334s
 34681 27005 1000.00000   38   55 10000.0000    0.00000   100%   263  341s
 35513 27523 infeasible   66      10000.0000    0.00000   100%   264  346s
 36295 28212 2000.00000   86   41 10000.0000    0.00000   100%   264  353s
 37200 29008 7204.23254  107   35 10000.0000    0.00000   100%   264  358s
 38169 29884    0.00000   48   52 10000.0000    0.00000   100%   263  364s
 39280 30321 4000.00000   95   29 10000.0000    0.00000   100%   262  369s
 39769 31166 1000.00000   99   31 10000.0000    0.00000   100%   263  375s
 40946 31855 1000.00000   50   34 10000.0000    0.00000   100%   261  381s
 41777 32300 1000.00000   85   43 10000.0000    0.00000   100%   261  387s
 42320 32931 1000.00000   54   38 10000.0000    0.00000   100%   261  393s
 43110 33707 1000.00000   64   30 10000.0000    0.00000   100%   262  398s
 43975 34366 3000.00000  141   28 10000.0000    0.00000   100%   263  404s
 44803 34944 1000.00000   62   42 10000.0000    0.00000   100%   264  411s
 45484 35999    0.00000   38   40 10000.0000    0.00000   100%   265  419s
 46746 36776 4000.00000   72   41 10000.0000    0.00000   100%   265  425s
 47840 37048 infeasible   73      10000.0000    0.00000   100%   265  430s
 48190 37823 2000.00000   56   46 10000.0000    0.00000   100%   265  436s
 49180 38635 1000.00000   46   50 10000.0000    0.00000   100%   265  441s
 50176 39427 3150.50324   77   60 10000.0000    0.00000   100%   265  446s
 51122 39943    0.00000   58   51 10000.0000    0.00000   100%   264  452s
 51790 40575 2000.00000  105   55 10000.0000    0.00000   100%   264  458s
 52552 41430 5000.00000  223   42 10000.0000    0.00000   100%   263  463s
 53619 42139 4000.00000   97   35 10000.0000    0.00000   100%   262  469s
 54499 42916 2000.00000   63   39 10000.0000    0.00000   100%   261  474s
 55552 43293 4000.00000   68   40 10000.0000    0.00000   100%   260  479s
 56041 44078 infeasible   68      10000.0000    0.00000   100%   260  484s
 57126 44857 1002.91185   56   40 10000.0000    0.00000   100%   258  488s
 57983 45823 2000.00000  112   44 10000.0000    0.00000   100%   259  493s
 59183 46572   59.85625   49   55 10000.0000    0.00000   100%   257  498s
 60075 47138 1000.00000   90   46 10000.0000    0.00000   100%   257  505s
 60781 48105 3084.15415  151   55 10000.0000    0.00000   100%   257  513s
 61989 48925 3000.00000   58   37 10000.0000    0.00000   100%   257  517s
 63054 49089 1000.00000   60   44 10000.0000    0.00000   100%   257  523s
 63267 49097 2000.00000   71   36 10000.0000    0.00000   100%   257  528s
 63275 49293 infeasible   71      10000.0000    0.00000   100%   257  535s
 63522 49981 infeasible   72      10000.0000    0.00000   100%   257  541s
 64381 50687 1097.90297   59   42 10000.0000    0.00000   100%   258  546s
 65150 50866 4000.00000  159   36 10000.0000    0.00000   100%   259  552s
 65405 51742 infeasible  167      10000.0000    0.00000   100%   259  557s
 66517 52777 4000.00000  120   36 10000.0000    0.00000   100%   259  564s
 67746 53723 5000.00000  142   49 10000.0000    0.00000   100%   258  569s
 68979 54327 2000.00000  141   52 10000.0000    0.00000   100%   258  575s
 69797 54974 4000.00000  235   38 10000.0000    0.00000   100%   258  580s
 70658 55399 2000.00000   87   31 10000.0000    0.00000   100%   258  585s
 71159 56094 3133.33333  107   34 10000.0000    0.00000   100%   258  591s
 71987 56795 1000.00000   61   46 10000.0000    0.00000   100%   258  595s
 72888 57489 3000.00000  105   46 10000.0000    0.00000   100%   259  601s
 73776 57944 8000.00000  136   28 10000.0000    0.00000   100%   258  606s
 74344 58686 1000.00000  110   51 10000.0000    0.00000   100%   258  611s
 75246 59467    0.00000   51   52 10000.0000    0.00000   100%   258  618s
 76167 59731 4000.00000  176   41 10000.0000    0.00000   100%   259  622s
 76463 60663 4000.00000  201   53 10000.0000    0.00000   100%   259  629s
 76761 60663 2167.01575   86   59 10000.0000    0.00000   100%   259  630s
 77578 61449 2000.00000   76   40 10000.0000    0.00000   100%   260  636s
 78607 62056 1000.00000   54   47 10000.0000    0.00000   100%   260  640s
 79420 62265 2000.00000   92   43 10000.0000    0.00000   100%   260  647s
 79716 62966 5000.00000  132   45 10000.0000    0.00000   100%   260  653s
 80560 63821  111.43794   48   51 10000.0000    0.00000   100%   261  658s
 81636 64657 3000.00000  114   45 10000.0000    0.00000   100%   260  664s
 82753 65396 5000.00000  124   49 10000.0000    0.00000   100%   260  669s
 83669 65398 infeasible   89      10000.0000    0.00000   100%   260  674s
 83683 65403 9000.00000   87   24 10000.0000    0.00000   100%   260  681s
 83694 65473 infeasible   88      10000.0000    0.00000   100%   260  687s
 83787 65966 1215.93593   50   40 10000.0000    0.00000   100%   260  694s
 84374 66446 2000.00000   51   32 10000.0000    0.00000   100%   260  700s
 84950 67107 2000.00000   71   43 10000.0000    0.00000   100%   260  705s
 85698 67793 infeasible  162      10000.0000    0.00000   100%   260  711s
 86542 68444    0.00000   56   61 10000.0000    0.00000   100%   260  716s
 87336 69018 2000.00000  119   39 10000.0000    0.00000   100%   260  722s
 88084 69738 1000.00000   60   38 10000.0000    0.00000   100%   260  727s
 88956 70482 5000.00000  104   42 10000.0000    0.00000   100%   260  734s
 89769 71141 1147.28234   54   44 10000.0000    0.00000   100%   260  741s
 90652 71669 7000.00000   76   27 10000.0000    0.00000   100%   260  746s
 91266 72613 6000.00000   85   33 10000.0000    0.00000   100%   260  753s
 92438 73403 6000.00000  148   37 10000.0000    0.00000   100%   260  758s
 93413 73604 9000.00000  120   32 10000.0000    0.00000   100%   260  763s
 93735 74310 9000.00000  121   32 10000.0000    0.00000   100%   260  768s
 94627 75161 4000.00000  127   37 10000.0000    0.00000   100%   259  773s
 95658 75889 1225.65224   77   41 10000.0000    0.00000   100%   259  779s
 96545 76382 2000.00000  100   45 10000.0000    0.00000   100%   259  784s
 97196 76929 2000.00000   46   39 10000.0000    0.00000   100%   260  789s
 97879 77303   14.83211   70   76 10000.0000    0.00000   100%   260  795s
 98325 78021 2000.00000   59   36 10000.0000    0.00000   100%   260  801s
 99351 78859 3144.36075   78   42 10000.0000    0.00000   100%   260  806s
 100406 79551 2000.00000   69   32 10000.0000    0.00000   100%   260  810s
 101322 80212 2056.27212   61   62 10000.0000    0.00000   100%   260  816s
 102101 80847 3000.00000   83   39 10000.0000    0.00000   100%   259  821s
 102921 81725 6000.00000   94   33 10000.0000    0.00000   100%   259  826s
 103999 82540 6000.00000  126   39 10000.0000    0.00000   100%   259  831s
 104996 82994 infeasible  152      10000.0000    0.00000   100%   258  837s
 105558 84187 3000.00000   78   26 10000.0000    0.00000   100%   258  846s
 106934 84945 1000.00000   73   32 10000.0000    0.00000   100%   258  851s
 107790 85684 2003.68115  112   63 10000.0000    0.00000   100%   259  857s
 108715 86070    0.00000   66   54 10000.0000    0.00000   100%   259  862s
 109221 86852 1000.00000   86   50 10000.0000    0.00000   100%   259  869s
 110167 87885 2000.00000  128   49 10000.0000    0.00000   100%   259  875s
 111411 88090    0.00000   34   46 10000.0000    0.00000   100%   259  880s
 111663 88765 4000.00000   64   40 10000.0000    0.00000   100%   259  885s
 112547 89701    0.00000   50   62 10000.0000    0.00000   100%   258  890s
 113752 90723 2000.00000   56   55 10000.0000    0.00000   100%   258  896s
 114968 91601 2000.00000   91   34 10000.0000    0.00000   100%   257  901s
 116103 92280 7000.00000  117   30 10000.0000    0.00000   100%   257  906s
 117036 92983 infeasible  159      10000.0000    0.00000   100%   256  911s
 117908 92987 5000.00000  154   26 10000.0000    0.00000   100%   256  915s
 117920 92995 5000.00000  155   27 10000.0000    0.00000   100%   256  921s
 117928 93050 5000.00000  156   28 10000.0000    0.00000   100%   256  928s
 117995 93271 5000.00000  157   26 10000.0000    0.00000   100%   256  933s
 118275 94070 1000.00000   50   41 10000.0000    0.00000   100%   256  938s
 119283 94296 1000.00000   49   46 10000.0000    0.00000   100%   255  943s
 119598 95206 2000.00000   57   53 10000.0000    0.00000   100%   255  949s
 120778 95931 1000.00000   36   36 10000.0000    0.00000   100%   255  954s
 121581 96448 3000.00000  123   38 10000.0000    0.00000   100%   255  958s
 122231 96999 1000.00000   49   44 10000.0000    0.00000   100%   255  963s
 122909 97668 2000.00000   50   46 10000.0000    0.00000   100%   255  968s
 123694 97970 6000.00000   85   31 10000.0000    0.00000   100%   255  972s
 124115 98759 1000.00000   56   46 10000.0000    0.00000   100%   255  977s
 125078 99467 4000.00000  121   46 10000.0000    0.00000   100%   255  982s
 125991 99865    0.00000   40   58 10000.0000    0.00000   100%   254  986s
 126540 100376 2000.00000   72   29 10000.0000    0.00000   100%   255  991s
 127352 100922 2000.00000   56   39 10000.0000    0.00000   100%   254  996s
 128017 101445    0.00000   39   48 10000.0000    0.00000   100%   255 1001s
 128612 101551 4000.00000   85   36 10000.0000    0.00000   100%   255 1006s
 128730 102098 4000.00000   89   39 10000.0000    0.00000   100%   255 1012s
 129479 102969 4000.00000   77   50 10000.0000    0.00000   100%   255 1016s
 130508 103649 2000.00000   67   43 10000.0000    0.00000   100%   255 1021s
 131530 104242 1000.00000   56   52 10000.0000    0.00000   100%   255 1026s
 132327 104504 5000.00000   51   25 10000.0000    0.00000   100%   255 1031s
 132771 105303 1000.00000   76   51 10000.0000    0.00000   100%   255 1037s
 133782 106000 2000.00000  118   36 10000.0000    0.00000   100%   254 1042s
 134688 106610 4000.00000   94   35 10000.0000    0.00000   100%   254 1049s
 135439 107340 5000.00000   90   38 10000.0000    0.00000   100%   254 1055s
 136642 107945    0.00000   44   44 10000.0000    0.00000   100%   254 1060s
 137904 109148 1000.00000   61   44 10000.0000    0.00000   100%   254 1070s
 138953 109882 2000.00000   81   43 10000.0000    0.00000   100%   254 1076s
 139904 110627 infeasible  178      10000.0000    0.00000   100%   254 1080s
 140871 110892 5000.00000  156   38 10000.0000    0.00000   100%   254 1085s
 141221 111739 2000.00000   56   36 10000.0000    0.00000   100%   254 1090s
 142241 112403    0.00000   47   48 10000.0000    0.00000   100%   253 1095s
 143168 113177 1000.00000   59   47 10000.0000    0.00000   100%   253 1100s
 144146 113941 1000.00000   63   37 10000.0000    0.00000   100%   253 1105s
 145628 115152 4000.00000  105   36 10000.0000    0.00000   100%   252 1114s
 146663 115860 2000.00000   61   47 10000.0000    0.00000   100%   252 1119s
 147608 116520 1000.00000   56   49 10000.0000    0.00000   100%   252 1123s
 148420 116972 3000.00000   82   49 10000.0000    0.00000   100%   252 1128s
 148997 117734 5000.00000  111   36 10000.0000    0.00000   100%   251 1132s
 150007 118597 3000.00000   82   42 10000.0000    0.00000   100%   251 1139s
 151089 119187 5000.00000  108   33 10000.0000    0.00000   100%   251 1143s
 151877 119439  179.06332   57   62 10000.0000    0.00000   100%   251 1149s
 152144 119447 1000.00000   62   36 10000.0000    0.00000   100%   251 1153s
 152152 119455 1000.00000   63   32 10000.0000    0.00000   100%   251 1160s
 152160 119555 1000.00000   64   36 10000.0000    0.00000   100%   251 1165s
 152325 120367 1000.00000   53   51 10000.0000    0.00000   100%   251 1170s
 153311 120735 2000.00000   91   67 10000.0000    0.00000   100%   250 1177s
 153801 121409 5000.00000  182   38 10000.0000    0.00000   100%   250 1183s
 154776 122135 2000.00000   51   38 10000.0000    0.00000   100%   250 1188s
 155705 122826 5500.00000   80   28 10000.0000    0.00000   100%   251 1194s
 156539 123637 4000.00000  114   35 10000.0000    0.00000   100%   251 1199s
 157632 124085 2000.00000   63   32 10000.0000    0.00000   100%   251 1205s
 158208 124715 8000.00000   90    9 10000.0000    0.00000   100%   251 1211s
 159067 125455 1177.30955   79   38 10000.0000    0.00000   100%   251 1217s
 159998 125777    2.35620   39   75 10000.0000    0.00000   100%   251 1222s
 160345 126436 2000.00000   58   54 10000.0000    0.00000   100%   251 1227s
 161127 127224 6000.00000  114   39 10000.0000    0.00000   100%   252 1233s
 162019 127971 2078.64334   87   54 10000.0000    0.00000   100%   252 1238s
 163037 128792 1000.00000   61   49 10000.0000    0.00000   100%   252 1243s
 163924 129097 2014.11949  156   67 10000.0000    0.00000   100%   252 1248s
 164384 129838 4000.00000  176   40 10000.0000    0.00000   100%   252 1254s
 165368 130587    0.00000   49   65 10000.0000    0.00000   100%   252 1260s
 166287 131347 2013.36300   91   51 10000.0000    0.00000   100%   252 1266s
 167215 131577 7354.82355  154   40 10000.0000    0.00000   100%   252 1270s
 167513 132404 9000.00000  154   39 10000.0000    0.00000   100%   252 1276s
 168631 133235 6000.00000  125   46 10000.0000    0.00000   100%   252 1280s
 169699 133952 2000.00000   75   44 10000.0000    0.00000   100%   251 1285s
 170561 134720 2000.00000  103   48 10000.0000    0.00000   100%   251 1290s
 171830 135616 2000.00000   51   40 10000.0000    0.00000   100%   251 1299s
 172661 136320 5000.00000  103   43 10000.0000    0.00000   100%   251 1304s
 173538 136848 4000.00000  101   41 10000.0000    0.00000   100%   251 1309s
 174222 137146 1000.00000   79   42 10000.0000    0.00000   100%   251 1313s
 174528 137718 1240.67225  100   58 10000.0000    0.00000   100%   251 1318s
 175192 138499 4000.00000  139   44 10000.0000    0.00000   100%   252 1323s
 176190 139156 2000.00000   65   47 10000.0000    0.00000   100%   251 1327s
 177031 139462 2000.00000   67   45 10000.0000    0.00000   100%   251 1333s
 177422 140072 infeasible  110      10000.0000    0.00000   100%   251 1337s
 178146 140911 2000.00000   59   34 10000.0000    0.00000   100%   251 1343s
 179184 141563    0.00000   33   56 10000.0000    0.00000   100%   251 1348s
 179944 142474 5000.00000   88   49 10000.0000    0.00000   100%   251 1354s
 181007 142707 3000.00000   67   33 10000.0000    0.00000   100%   251 1358s
 181267 143531 3000.00000   82   37 10000.0000    0.00000   100%   251 1364s
 182255 144477 infeasible   78      10000.0000    0.00000   100%   251 1369s
 183454 145163 2000.00000   76   36 10000.0000    0.00000   100%   251 1374s
 184244 145360 4000.00000  132   45 10000.0000    0.00000   100%   251 1377s
 184487 145950 4069.23315  148   57 10000.0000    0.00000   100%   251 1383s
 185204 146688 2000.00000   59   42 10000.0000    0.00000   100%   251 1387s
 186119 147593 5267.21344   95   37 10000.0000    0.00000   100%   251 1391s
 187234 148371 2000.00000   58   32 10000.0000    0.00000   100%   251 1396s
 188197 148673 6254.29194   75   40 10000.0000    0.00000   100%   250 1401s
 188606 149269 1380.01548   64   46 10000.0000    0.00000   100%   250 1405s
 189390 149922 1000.00000   77   35 10000.0000    0.00000   100%   250 1410s
 190136 149924 infeasible  159      10000.0000    0.00000   100%   250 1416s
 190150 149931 1000.00000   50   49 10000.0000    0.00000   100%   250 1421s
 190159 149955 1000.00000   51   48 10000.0000    0.00000   100%   250 1427s
 190214 150271 1000.00000   52   47 10000.0000    0.00000   100%   250 1431s
 190594 150662 1000.00000   53   52 10000.0000    0.00000   100%   250 1437s
 191078 150959 infeasible  100      10000.0000    0.00000   100%   250 1443s
 191457 151426 1000.00000   76   52 10000.0000    0.00000   100%   250 1447s
 192008 152077 1000.00000  113   53 10000.0000    0.00000   100%   250 1453s
 192862 152898 infeasible  153      10000.0000    0.00000   100%   251 1458s
 193778 153043 1133.98657   70   49 10000.0000    0.00000   100%   251 1463s
 193968 153835 3112.96315   82   65 10000.0000    0.00000   100%   251 1469s
 194929 154667 5000.00000  102   49 10000.0000    0.00000   100%   250 1476s
 195958 155257 6000.00000  228   48 10000.0000    0.00000   100%   250 1480s
 196712 155877 1000.00000   49   33 10000.0000    0.00000   100%   250 1485s
 198460 157280 2000.00000   70   50 10000.0000    0.00000   100%   250 1495s
 199448 158211 2026.91928  157   80 10000.0000    0.00000   100%   251 1504s
 200425 158790 2000.00000   65   49 10000.0000    0.00000   100%   250 1509s
 201326 159320 2000.00000   82   40 10000.0000    0.00000   100%   250 1513s
 201992 159926 infeasible   97      10000.0000    0.00000   100%   250 1519s
 202728 160519 2000.00000   71   48 10000.0000    0.00000   100%   250 1524s
 203503 160999 3000.00000   57   52 10000.0000    0.00000   100%   250 1528s
 204092 161648 2449.38175  104   52 10000.0000    0.00000   100%   250 1533s
 204978 162386 4000.00000   73   36 10000.0000    0.00000   100%   250 1538s
 205932 162957 infeasible  188      10000.0000    0.00000   100%   250 1543s
 206695 163330 3000.00000   97   46 10000.0000    0.00000   100%   250 1547s
 207114 164000    0.00000   39   51 10000.0000    0.00000   100%   250 1552s
 207939 164829 2000.00000   84   42 10000.0000    0.00000   100%   250 1557s
 209063 165444 4000.00000  160   42 10000.0000    0.00000   100%   250 1561s
 209855 165831    0.00000   51   56 10000.0000    0.00000   100%   250 1567s
 210349 167453 6000.00000  119   28 10000.0000    0.00000   100%   250 1577s
 212339 168193 5000.00000   60   27 10000.0000    0.00000   100%   249 1581s
 213269 168920 4000.00000  107   42 10000.0000    0.00000   100%   249 1586s
 214237 169334 1000.00000   39   39 10000.0000    0.00000   100%   249 1592s
 214729 170060 4000.00000  115   42 10000.0000    0.00000   100%   249 1595s
 215760 170721 4000.00000   93   40 10000.0000    0.00000   100%   249 1600s
 216636 171164 7900.45911  110   41 10000.0000    0.00000   100%   248 1605s
 218022 172398 5000.00000   81   22 10000.0000    0.00000   100%   248 1612s
 218819 172942 2000.00000   68   41 10000.0000    0.00000   100%   248 1617s
 219517 173644 infeasible  113      10000.0000    0.00000   100%   248 1622s
 220433 174390 2000.00000   62   48 10000.0000    0.00000   100%   248 1627s
 221335 174630 5000.00000   91   37 10000.0000    0.00000   100%   248 1630s
 221607 175316 9000.00000  148   27 10000.0000    0.00000   100%   248 1635s
 223266 176410 4000.00000  124   39 10000.0000    0.00000   100%   248 1643s
 223862 177050 4000.00000  232   41 10000.0000    0.00000   100%   248 1647s
 224562 177251 infeasible  132      10000.0000    0.00000   100%   248 1654s
 224842 179409 1000.00000   60   28 10000.0000    0.00000   100%   248 1670s
 227464 180265 infeasible  130      10000.0000    0.00000   100%   249 1675s
 228540 180646 5007.83246  129   41 10000.0000    0.00000   100%   249 1680s
 229050 181575 1000.00000   54   47 10000.0000    0.00000   100%   248 1686s
 230200 182323 6000.00000  166   35 10000.0000    0.00000   100%   248 1691s
 231213 182777 2000.00000   60   35 10000.0000    0.00000   100%   248 1697s
 231981 182784 infeasible   78      10000.0000    0.00000   100%   248 1702s
 231990 182790 7165.35965   76   32 10000.0000    0.00000   100%   248 1707s
 232000 182822 7010.37305   78   29 10000.0000    0.00000   100%   248 1713s
 232092 182943 infeasible   79      10000.0000    0.00000   100%   248 1719s
 232267 183110 infeasible   78      10000.0000    0.00000   100%   248 1724s
 232452 183379 6000.00000   91   41 10000.0000    0.00000   100%   248 1729s
 232768 183864 4000.00000  107   42 10000.0000    0.00000   100%   248 1736s
 233355 184632 infeasible  158      10000.0000    0.00000   100%   248 1742s
 234320 185240 1000.00000   43   35 10000.0000    0.00000   100%   248 1748s
 235007 185859 3078.11182  101   58 10000.0000    0.00000   100%   248 1755s
 235752 186247    0.00000   42   52 10000.0000    0.00000   100%   248 1760s
 236186 186944 3000.00000  134   37 10000.0000    0.00000   100%   248 1765s
 237155 187693    0.00000   37   56 10000.0000    0.00000   100%   248 1772s
 238102 188046 8000.00000   81   38 10000.0000    0.00000   100%   248 1778s
 238505 188709 1000.00000   60   53 10000.0000    0.00000   100%   248 1784s
 239324 189305    0.00000   44   49 10000.0000    0.00000   100%   249 1790s
 240056 190009 2000.00000  123   46 10000.0000    0.00000   100%   249 1797s
 240977 190261 4000.00000  236   47 10000.0000    0.00000   100%   249 1800s

Cutting planes:
  Learned: 10
  Implied bound: 24
  Projected implied bound: 29
  MIR: 13
  Mixing: 2
  Flow cover: 144
  GUB cover: 2
  Zero half: 3
  RLT: 10
  Relax-and-lift: 93

Explored 241280 nodes (60183068 simplex iterations) in 1800.01 seconds (1193.15 work units)
Thread count was 8 (of 8 available processors)

Solution count 10: 10000 12000 14000 ... 25000

Time limit reached
Best objective 1.000000000000e+04, best bound 0.000000000000e+00, gap 100.0000%
