
Gurobi 13.0.1 (linux64) logging started Thu Apr 23 09:11:39 2026

Set parameter LogFile to value "experiments/20260422_213746/logs/Inst_11_Medium_Inspire_23__ribeiro.log"
Set parameter LogToConsole to value 0
Set parameter TimeLimit to value 1800
Gurobi Optimizer version 13.0.1 build v13.0.1rc0 (linux64 - "Ubuntu 24.04.4 LTS")

CPU model: Intel(R) Core(TM) i5-8250U CPU @ 1.60GHz, instruction set [SSE2|AVX|AVX2]
Thread count: 4 physical cores, 8 logical processors, using up to 8 threads

Non-default parameters:
TimeLimit  1800
LogToConsole  0

Optimize a model with 3020 rows, 972 columns and 9985 nonzeros (Min)
Model fingerprint: 0x0366a1c4
Model has 35 linear objective coefficients
Variable types: 60 continuous, 912 integer (876 binary)
Coefficient statistics:
  Matrix range     [1e+00, 3e+04]
  Objective range  [1e+03, 2e+03]
  Bounds range     [1e+00, 2e+04]
  RHS range        [1e+00, 5e+04]

Presolve removed 391 rows and 9 columns
Presolve time: 0.13s
Presolved: 2629 rows, 963 columns, 18608 nonzeros
Variable types: 52 continuous, 911 integer (876 binary)
Found heuristic solution: objective 52000.000000
Found heuristic solution: objective 36000.000000

Root relaxation: objective 0.000000e+00, 428 iterations, 0.02 seconds (0.01 work units)

    Nodes    |    Current Node    |     Objective Bounds      |     Work
 Expl Unexpl |  Obj  Depth IntInf | Incumbent    BestBd   Gap | It/Node Time

     0     0    0.00000    0   31 36000.0000    0.00000   100%     -    0s
H    0     0                    35000.000000    0.00000   100%     -    0s
H    0     0                    33000.000000    0.00000   100%     -    0s
     0     0    0.00000    0   64 33000.0000    0.00000   100%     -    0s
     0     0    0.00000    0   64 33000.0000    0.00000   100%     -    0s
H    0     0                    29000.000000    0.00000   100%     -    0s
H    0     0                    27000.000000    0.00000   100%     -    0s
H    0     0                    26000.000000    0.00000   100%     -    0s
     0     0    0.00000    0   58 26000.0000    0.00000   100%     -    0s
     0     0    0.00000    0   35 26000.0000    0.00000   100%     -    0s
     0     0    0.00000    0   45 26000.0000    0.00000   100%     -    0s
H    0     0                    22000.000000    0.00000   100%     -    0s
     0     0    0.00000    0   66 22000.0000    0.00000   100%     -    0s
     0     0    0.00000    0   36 22000.0000    0.00000   100%     -    1s
H    0     0                    20000.000000    0.00000   100%     -    1s
     0     0    0.00000    0   49 20000.0000    0.00000   100%     -    1s
     0     0    0.00000    0   64 20000.0000    0.00000   100%     -    1s
     0     0    0.00000    0   31 20000.0000    0.00000   100%     -    1s
     0     0    0.00000    0   46 20000.0000    0.00000   100%     -    1s
     0     0    0.00000    0   56 20000.0000    0.00000   100%     -    1s
     0     0    0.00000    0   44 20000.0000    0.00000   100%     -    1s
     0     0    0.00000    0   44 20000.0000    0.00000   100%     -    1s
     0     0    0.00000    0   44 20000.0000    0.00000   100%     -    1s
     0     2    0.00000    0   44 20000.0000    0.00000   100%     -    2s
H   16    24                    18000.000000    0.00000   100%   266    2s
H   23    55                    14000.000000    0.00000   100%   243    2s
   110   196    0.00000   21   48 14000.0000    0.00000   100%   260    5s
H  206   397                    10000.000000    0.00000   100%   239    6s
  1332  1086 2000.00000   67   77 10000.0000    0.00000   100%   125   10s
  1344  1094 2186.75460   62   59 10000.0000    0.00000   100%   124   15s
  1460  1220    0.00000   28   54 10000.0000    0.00000   100%   150   21s
  1633  1466    0.00000   40   56 10000.0000    0.00000   100%   184   28s
  1829  1643 1045.17183   50   69 10000.0000    0.00000   100%   195   35s
  2080  1937 2047.85878   61   53 10000.0000    0.00000   100%   202   42s
  2538  2608 1000.00000   53   37 10000.0000    0.00000   100%   230   49s
  3527  2508 5000.00000   84   37 10000.0000    0.00000   100%   246   53s
  3827  2976 5000.00000   85   28 10000.0000    0.00000   100%   248   57s
  4625  3070 4414.41339  102   54 10000.0000    0.00000   100%   246   62s
  5935  4207 3000.00000   65   42 10000.0000    0.00000   100%   228   67s
  6576  4708 1000.00000   50   29 10000.0000    0.00000   100%   225   70s
  7740  5216 1000.00000   58   33 10000.0000    0.00000   100%   217   76s
  8415  5969 6000.00000   62   19 10000.0000    0.00000   100%   213   80s
  9291  6561 infeasible   96      10000.0000    0.00000   100%   215   85s
  9639  6811 5000.00000   98   33 10000.0000    0.00000   100%   217   90s
 10580  7512 2022.41698   71   50 10000.0000    0.00000   100%   215   97s
 10921  7827 1000.00000   59   39 10000.0000    0.00000   100%   217  100s
 11825  8397    0.00000   31   44 10000.0000    0.00000   100%   218  106s
 12577  9241 2000.00000   46   45 10000.0000    0.00000   100%   224  112s
 13143  9250 6508.45199   98   44 10000.0000    0.00000   100%   223  116s
 13160  9600 8000.00000   99   27 10000.0000    0.00000   100%   223  120s
 14507 11119  103.47027   41   71 10000.0000    0.00000   100%   220  128s
 15563 11332 2000.00000   71   38 10000.0000    0.00000   100%   218  131s
 16123 11948  492.45579   43   50 10000.0000    0.00000   100%   220  136s
 16655 12344 1000.09364   62   50 10000.0000    0.00000   100%   221  141s
 17158 12900 4236.40664   96   39 10000.0000    0.00000   100%   221  145s
 18336 13925 infeasible   80      10000.0000    0.00000   100%   221  152s
 19195 14501 1000.00000   43   68 10000.0000    0.00000   100%   220  157s
 19959 14522 2000.00000   74   35 10000.0000    0.00000   100%   221  161s
 19982 14596 2000.00000   76   42 10000.0000    0.00000   100%   222  166s
 20062 14939 2000.00000   75   39 10000.0000    0.00000   100%   222  170s
 21440 16450 1171.30302   48   30 10000.0000    0.00000   100%   222  179s
 22391 16857 1000.00000   47   46 10000.0000    0.00000   100%   222  185s
 23826 18345 1000.00000   43   41 10000.0000    0.00000   100%   222  194s
 24744 19102 1000.00000   87   38 10000.0000    0.00000   100%   223  199s
 25650 19591 3000.00000  124   48 10000.0000    0.00000   100%   224  203s
 26211 20422   70.30816   36   68 10000.0000    0.00000   100%   223  208s
 27290 21255 1000.00000   41   41 10000.0000    0.00000   100%   222  213s
 28360 22115 1000.00000   41   39 10000.0000    0.00000   100%   222  217s
 29404 22724 5000.00000  105   46 10000.0000    0.00000   100%   221  248s
 30217 23881 8000.00000  125   25 10000.0000    0.00000   100%   220  254s
 31664 24613    0.00000   38   49 10000.0000    0.00000   100%   218  257s
 32550 25249 5000.00000  124   47 10000.0000    0.00000   100%   218  261s
 33393 25500 2000.00000   40   48 10000.0000    0.00000   100%   218  266s
 33750 26108 2000.00000   41   39 10000.0000    0.00000   100%   217  270s
 35166 27323 2000.00000  128   53 10000.0000    0.00000   100%   218  278s
 36006 28040 1000.00000   45   54 10000.0000    0.00000   100%   218  282s
 36896 28199 6000.00000  156   36 10000.0000    0.00000   100%   217  285s
 37085 28861    0.00000   31   51 10000.0000    0.00000   100%   217  290s
 38805 30281 infeasible   74      10000.0000    0.00000   100%   216  298s
 39617 31074 3000.00000  121   34 10000.0000    0.00000   100%   216  302s
 40513 31082 6000.00000  116   25 10000.0000    0.00000   100%   215  307s
 40521 31096 6000.00000  117   23 10000.0000    0.00000   100%   216  311s
 40535 31308 6000.00000  118   21 10000.0000    0.00000   100%   216  316s
 40839 31539 4000.00000   76   24 10000.0000    0.00000   100%   216  320s
 41681 32489 5000.00000   96   43 10000.0000    0.00000   100%   218  329s
 42335 33062 4000.00000  115   48 10000.0000    0.00000   100%   217  335s
 44038 34865 1000.00000   69   42 10000.0000    0.00000   100%   218  345s
 45487 35612 1000.00000   52   42 10000.0000    0.00000   100%   218  354s
 46242 36251 3000.00000   83   35 10000.0000    0.00000   100%   219  359s
 47068 36935 2000.00000   52   40 10000.0000    0.00000   100%   220  363s
 47934 37476 4000.00000   69   43 10000.0000    0.00000   100%   220  368s
 48570 38201 2000.50705  111   52 10000.0000    0.00000   100%   220  371s
 49560 38754 1000.00000   58   40 10000.0000    0.00000   100%   221  376s
 50372 39094 3000.00000   76   40 10000.0000    0.00000   100%   221  380s
 50849 39957 2000.00000   58   33 10000.0000    0.00000   100%   221  385s
 51903 40836 4000.00000   93   38 10000.0000    0.00000   100%   221  390s
 53854 41699 infeasible   61      10000.0000    0.00000   100%   221  399s
 54206 42446 infeasible   67      10000.0000    0.00000   100%   221  404s
 55308 43106 3821.95823   94   39 10000.0000    0.00000   100%   220  407s
 56116 43689 4000.00000  110   32 10000.0000    0.00000   100%   221  411s
 56783 43859 1000.00000   55   47 10000.0000    0.00000   100%   222  415s
 56991 44507 3000.00000   72   44 10000.0000    0.00000   100%   222  420s
 57859 45203 2000.00000   73   42 10000.0000    0.00000   100%   222  425s
 58738 46072 3000.00000   51   36 10000.0000    0.00000   100%   223  430s
 60661 46985 3000.00000   97   44 10000.0000    0.00000   100%   223  438s
 60993 47715 2000.00000   61   44 10000.0000    0.00000   100%   223  443s
 61892 48363 1000.00000   58   48 10000.0000    0.00000   100%   223  447s
 62638 49170 1000.00000   55   39 10000.0000    0.00000   100%   223  450s
 63616 49279 3000.00000   64   32 10000.0000    0.00000   100%   223  456s
 63758 49868 6000.00000  115   38 10000.0000    0.00000   100%   223  460s
 65444 51411 2000.00000   89   49 10000.0000    0.00000   100%   223  468s
 66523 52222 4000.00000  163   51 10000.0000    0.00000   100%   223  471s
 67514 52893    0.00000   49   64 10000.0000    0.00000   100%   222  476s
 68464 53742 1000.00000   58   29 10000.0000    0.00000   100%   222  480s
 70442 54666 7000.00000  207   34 10000.0000    0.00000   100%   221  488s
 70631 55302 7065.43257  218   71 10000.0000    0.00000   100%   221  491s
 71309 55889 5000.00000   66   35 10000.0000    0.00000   100%   222  495s
 72097 56562 2000.00000   41   41 10000.0000    0.00000   100%   222  500s
 72869 57325 9000.00000  141   29 10000.0000    0.00000   100%   223  505s
 73819 57333 5000.00000   64   39 10000.0000    0.00000   100%   222  511s
 73827 63603 infeasible   65      10000.0000    0.00000   100%   222  566s
 81827 64526 1000.00000   74   27 10000.0000    0.00000   100%   223  571s
 82981 64547 2043.69932  119   50 10000.0000    0.00000   100%   223  576s
 83004 65184 2005.48353  118   60 10000.0000    0.00000   100%   223  582s
 83770 66010 2000.00000   40   35 10000.0000    0.00000   100%   223  587s
 84981 66404 2000.00000   45   40 10000.0000    0.00000   100%   223  592s
 85542 67481    0.00000   76   50 10000.0000    0.00000   100%   223  597s
 86787 67681 4000.00000  112   53 10000.0000    0.00000   100%   222  603s
 87052 68186 4000.00000  113   44 10000.0000    0.00000   100%   222  608s
 87642 69016 3000.00000   50   42 10000.0000    0.00000   100%   223  613s
 88719 69679 4000.00000   67   34 10000.0000    0.00000   100%   222  619s
 89727 70134 infeasible   69      10000.0000    0.00000   100%   223  624s
 90409 70444 5000.00000  100   31 10000.0000    0.00000   100%   223  627s
 90814 71103    0.00000   44   46 10000.0000    0.00000   100%   223  633s
 91645 72073 3000.00000  123   45 10000.0000    0.00000   100%   224  638s
 92811 72884 3000.00000  106   27 10000.0000    0.00000   100%   224  642s
 93902 73032 1000.00000   74   31 10000.0000    0.00000   100%   223  647s
 94073 73728 2000.00000   92   26 10000.0000    0.00000   100%   223  651s
 94897 74537 6000.00000  169   51 10000.0000    0.00000   100%   224  655s
 95972 75251 8000.00000   93   14 10000.0000    0.00000   100%   224  660s
 97818 76256 2000.00000   60   38 10000.0000    0.00000   100%   223  668s
 98122 76997 4000.00000  111   29 10000.0000    0.00000   100%   224  672s
 99019 77632 2000.00000   91   37 10000.0000    0.00000   100%   224  677s
 99838 78195 1000.00000   81   47 10000.0000    0.00000   100%   224  680s
 100665 78836 8000.00000  153   37 10000.0000    0.00000   100%   224  685s
 101679 79494 5000.00000  105   46 10000.0000    0.00000   100%   224  693s
 102411 80310 1000.00000   58   52 10000.0000    0.00000   100%   225  698s
 103437 81094 1000.00000   61   43 10000.0000    0.00000   100%   224  703s
 104422 81770 4000.00000   97   35 10000.0000    0.00000   100%   225  707s
 105237 82419 4000.00000   74   49 10000.0000    0.00000   100%   225  711s
 106135 82592 2000.00000   54   45 10000.0000    0.00000   100%   225  716s
 106373 83312 4000.00000   95   44 10000.0000    0.00000   100%   225  721s
 108007 84693 1000.00000   53   39 10000.0000    0.00000   100%   225  729s
 108897 85239 4002.58452  120   50 10000.0000    0.00000   100%   225  733s
 109649 85844 1161.89350   61   54 10000.0000    0.00000   100%   226  738s
 110446 86106 1004.98526   51   55 10000.0000    0.00000   100%   226  742s
 110745 86847 1000.00000   54   48 10000.0000    0.00000   100%   226  747s
 111685 87709 1000.00000   72   50 10000.0000    0.00000   100%   226  750s
 112705 88552 3000.00000  152   41 10000.0000    0.00000   100%   226  755s
 114551 89397 4000.00000   96   26 10000.0000    0.00000   100%   226  763s
 114713 90083 3000.00000   66   49 10000.0000    0.00000   100%   226  768s
 115600 90821 4000.00000   69   30 10000.0000    0.00000   100%   226  773s
 116574 91523 1000.00000   56   41 10000.0000    0.00000   100%   226  776s
 117366 91531 2000.00000   74   42 10000.0000    0.00000   100%   226  782s
 117374 91539 2000.00000   75   48 10000.0000    0.00000   100%   226  788s
 117382 91639 2000.00000   76   56 10000.0000    0.00000   100%   226  792s
 117534 92076 2000.00000   77   57 10000.0000    0.00000   100%   226  795s
 118070 92296 2000.00000   82   50 10000.0000    0.00000   100%   226  801s
 118346 94654 6000.00000  111   33 10000.0000    0.00000   100%   226  817s
 121506 95393 2000.00000   74   48 10000.0000    0.00000   100%   226  822s
 122381 95616 1000.00000   44   50 10000.0000    0.00000   100%   226  826s
 122627 96356 2000.00000   77   53 10000.0000    0.00000   100%   226  830s
 123491 97234 3000.00000  127   51 10000.0000    0.00000   100%   226  835s
 125550 98512   54.21794   44   82 10000.0000    0.00000   100%   225  843s
 126255 98767 3033.40478   78   58 10000.0000    0.00000   100%   226  846s
 126512 99380 3068.58321   80   64 10000.0000    0.00000   100%   226  851s
 127265 99929 2000.00000   80   51 10000.0000    0.00000   100%   226  855s
 128744 100937 3000.00000   86   32 10000.0000    0.00000   100%   227  863s
 129131 101718     cutoff  100      10000.0000    0.00000   100%   227  868s
 130075 102319 7000.00000  142   35 10000.0000    0.00000   100%   227  871s
 130857 102759 1000.00000   64   44 10000.0000    0.00000   100%   228  876s
 131518 103003 infeasible  102      10000.0000    0.00000   100%   228  882s
 131840 103785 1000.00000   79   48 10000.0000    0.00000   100%   228  886s
 132881 104564 6000.00000  173   49 10000.0000    0.00000   100%   228  891s
 133935 105345 1000.00000   60   34 10000.0000    0.00000   100%   228  896s
 134849 105999 5000.00000  107   32 10000.0000    0.00000   100%   228  900s
 135851 106696 5000.00000  124   31 10000.0000    0.00000   100%   228  907s
 136480 107283 1000.00000   67   54 10000.0000    0.00000   100%   229  911s
 137102 107967 5025.43220  123   55 10000.0000    0.00000   100%   229  915s
 137962 108341 4000.00000  118   47 10000.0000    0.00000   100%   229  920s
 138378 109089 1000.00000   51   47 10000.0000    0.00000   100%   229  925s
 140032 110456 6000.00000   93   33 10000.0000    0.00000   100%   230  934s
 141045 111176 9000.00000  149   21 10000.0000    0.00000   100%   230  939s
 141985 111746 3000.00000   98   34 10000.0000    0.00000   100%   229  943s
 142617 112410 infeasible  158      10000.0000    0.00000   100%   229  947s
 143546 113138 1004.83828   41   63 10000.0000    0.00000   100%   229  952s
 144568 113753 1223.36978   63   53 10000.0000    0.00000   100%   229  956s
 145351 114141 4000.00000   75   51 10000.0000    0.00000   100%   229  960s
 146828 115675 3000.00000   87   36 10000.0000    0.00000   100%   229  969s
 147733 115927 3000.00000   68   34 10000.0000    0.00000   100%   229  975s
 148007 117851 5000.00000   73   32 10000.0000    0.00000   100%   229  990s
 150505 118374 infeasible   62      10000.0000    0.00000   100%   230  995s
 151983 119078    0.00000   73   52 10000.0000    0.00000   100%   230 1006s
 151991 119086    0.37955   74   89 10000.0000    0.00000   100%   230 1012s
 151999 119179    6.84974   75   73 10000.0000    0.00000   100%   230 1018s
 152098 119467 8000.00000  156   32 10000.0000    0.00000   100%   230 1027s
 152462 119953 8000.00000  182   40 10000.0000    0.00000   100%   230 1033s
 153064 120960 2000.00000   80   38 10000.0000    0.00000   100%   230 1040s
 154315 121760    0.00000   58   46 10000.0000    0.00000   100%   230 1045s
 155360 122653 4000.00000  120   36 10000.0000    0.00000   100%   230 1051s
 156460 123502 3000.00000  112   40 10000.0000    0.00000   100%   230 1057s
 157544 124177 3000.00000   99   35 10000.0000    0.00000   100%   230 1062s
 158412 124909 2000.00000   47   39 10000.0000    0.00000   100%   230 1068s
 159380 125630   14.77887   66   65 10000.0000    0.00000   100%   230 1073s
 160329 125791 1000.00000   46   39 10000.0000    0.00000   100%   230 1078s
 160614 126556 1000.00000   81   34 10000.0000    0.00000   100%   230 1084s
 161811 127402 2000.00000   74   35 10000.0000    0.00000   100%   230 1089s
 162919 128359 infeasible  122      10000.0000    0.00000   100%   230 1095s
 164911 129101 1000.00000   69   34 10000.0000    0.00000   100%   230 1101s
 165040 129712 1008.69668   70   54 10000.0000    0.00000   100%   230 1106s
 166785 131133    0.00000   48   40 10000.0000    0.00000   100%   229 1113s
 167684 131906 1000.00000   63   21 10000.0000    0.00000   100%   229 1117s
 168646 132571 5000.00000  160   30 10000.0000    0.00000   100%   229 1120s
 170259 133173 6000.00000  137   25 10000.0000    0.00000   100%   229 1127s
 170322 133810 6000.00000  138   23 10000.0000    0.00000   100%   229 1131s
 171056 134427 infeasible   83      10000.0000    0.00000   100%   229 1135s
 172690 135694 1000.00000   47   37 10000.0000    0.00000   100%   228 1142s
 173585 136417 3000.00000   96   33 10000.0000    0.00000   100%   228 1146s
 175165 137605 2000.00000   54   34 10000.0000    0.00000   100%   228 1153s
 176035 137661 3000.00000   70   25 10000.0000    0.00000   100%   228 1155s
 176103 138167 3000.00000   71   31 10000.0000    0.00000   100%   228 1160s
 177510 139727 infeasible  118      10000.0000    0.00000   100%   228 1170s
 179530 140918 1000.00000   64   39 10000.0000    0.00000   100%   228 1176s
 180304 141606 3000.00000   96   28 10000.0000    0.00000   100%   228 1180s
 181964 142343 1214.91577   49   43 10000.0000    0.00000   100%   227 1186s
 182081 142917 2000.00000   75   37 10000.0000    0.00000   100%   227 1190s
 183424 143987 3000.00000  115   26 10000.0000    0.00000   100%   228 1197s
 184129 144557 1000.00000   81   32 10000.0000    0.00000   100%   228 1201s
 184785 145215 2000.00000  122   37 10000.0000    0.00000   100%   228 1205s
 185778 145941    0.00000   50   42 10000.0000    0.00000   100%   228 1213s
 186476 146633 2000.00000   98   45 10000.0000    0.00000   100%   228 1216s
 187336 147275 1000.00000   55   41 10000.0000    0.00000   100%   228 1220s
 189098 148440 1000.00000   82   41 10000.0000    0.00000   100%   228 1228s
 189827 148576 2102.19416  114   43 10000.0000    0.00000   100%   228 1233s
 189965 149454 2022.15366  115   57 10000.0000    0.00000   100%   228 1237s
 191044 150329 2000.00000   61   37 10000.0000    0.00000   100%   228 1240s
 192098 151139 2000.00000   77   32 10000.0000    0.00000   100%   228 1246s
 193099 151557  230.17814   53   52 10000.0000    0.00000   100%   228 1250s
 193638 151995 1000.00000   60   32 10000.0000    0.00000   100%   228 1255s
 194114 152645 2000.00000  137   36 10000.0000    0.00000   100%   229 1260s
 194798 152678 4000.00000  207   32 10000.0000    0.00000   100%   229 1265s
 194831 153461 4000.00000  208   37 10000.0000    0.00000   100%   229 1272s
 195843 154375 5267.45637   98   28 10000.0000    0.00000   100%   229 1276s
 197073 155246    0.00000   40   37 10000.0000    0.00000   100%   229 1281s
 198049 155953 4000.00000  131   34 10000.0000    0.00000   100%   229 1286s
 198919 156192 1000.00000   53   30 10000.0000    0.00000   100%   229 1290s
 199276 157041 1000.00000   55   30 10000.0000    0.00000   100%   229 1296s
 200345 157863 1000.00000   43   29 10000.0000    0.00000   100%   229 1301s
 201341 158404 2000.00000   70   34 10000.0000    0.00000   100%   229 1305s
 203094 159932 3000.00000   75   26 10000.0000    0.00000   100%   229 1313s
 203991 160109 6380.81060   93   29 10000.0000    0.00000   100%   229 1319s
 204233 160117 2000.00000   70   43 10000.0000    0.00000   100%   229 1323s
 204241 160125 2000.00000   71   34 10000.0000    0.00000   100%   229 1329s
 204249 160132 2000.00000   72   34 10000.0000    0.00000   100%   229 1334s
 204258 160239 2000.00000   73   29 10000.0000    0.00000   100%   229 1340s
 204393 160431 2000.00000   74   30 10000.0000    0.00000   100%   229 1345s
 204639 160869 2000.00000   75   29 10000.0000    0.00000   100%   229 1352s
 205259 161281 3000.00000   87   36 10000.0000    0.00000   100%   229 1357s
 205778 161790 5000.00000  125   38 10000.0000    0.00000   100%   229 1363s
 206401 162666 3000.00000   91   38 10000.0000    0.00000   100%   229 1369s
 207434 163147 2064.12208   85   55 10000.0000    0.00000   100%   229 1375s
 208106 164081 infeasible   98      10000.0000    0.00000   100%   229 1380s
 209327 164260 infeasible  109      10000.0000    0.00000   100%   229 1386s
 209572 164992 2000.00000   51   35 10000.0000    0.00000   100%   229 1391s
 210451 165866 2000.00000  101   31 10000.0000    0.00000   100%   229 1396s
 211482 166666 2000.00000   66   36 10000.0000    0.00000   100%   229 1401s
 212449 167367 4000.00000  117   37 10000.0000    0.00000   100%   230 1405s
 213796 168726 2000.00000   84   32 10000.0000    0.00000   100%   230 1415s
 215015 169333 2000.00000   78   32 10000.0000    0.00000   100%   229 1420s
 217180 170555 infeasible  108      10000.0000    0.00000   100%   229 1429s
 217451 171331 2000.00000   92   40 10000.0000    0.00000   100%   229 1434s
 218443 172073 1000.00000   63   42 10000.0000    0.00000   100%   229 1437s
 219342 172741 2000.00000   65   41 10000.0000    0.00000   100%   229 1442s
 220310 173444 3002.85188   76   40 10000.0000    0.00000   100%   229 1446s
 221275 174117 1000.00000   74   39 10000.0000    0.00000   100%   229 1450s
 222128 174333 4000.00000  119   38 10000.0000    0.00000   100%   229 1456s
 222407 176506 7513.00154  132   33 10000.0000    0.00000   100%   229 1471s
 225382 177212 2000.00000   68   36 10000.0000    0.00000   100%   229 1475s
 226883 178052 6000.00000  156   33 10000.0000    0.00000   100%   230 1484s
 227199 178827 2000.00000   52   36 10000.0000    0.00000   100%   230 1489s
 228140 179577 2000.00000   79   32 10000.0000    0.00000   100%   230 1494s
 229125 180199    0.00000   47   44 10000.0000    0.00000   100%   230 1497s
 230074 180909 1000.00000   53   36 10000.0000    0.00000   100%   230 1502s
 231014 181122 2000.00000   91   28 10000.0000    0.00000   100%   230 1507s
 231367 181802 3000.00000   82   42 10000.0000    0.00000   100%   230 1511s
 232147 182608   25.50374   59   56 10000.0000    0.00000   100%   230 1516s
 234145 184151    0.00000   40   37 10000.0000    0.00000   100%   230 1524s
 235252 184268 1000.00000   94   42 10000.0000    0.00000   100%   230 1528s
 235383 185068 1000.00000   95   41 10000.0000    0.00000   100%   230 1532s
 236453 185648 2000.00000   83   33 10000.0000    0.00000   100%   229 1537s
 237202 186352 2041.52846   68   51 10000.0000    0.00000   100%   230 1542s
 238119 186932 3000.00000   78   27 10000.0000    0.00000   100%   230 1547s
 238852 187756 2000.00000   50   28 10000.0000    0.00000   100%   230 1550s
 239848 188445 6000.00000  114   31 10000.0000    0.00000   100%   230 1555s
 240911 188527 infeasible   66      10000.0000    0.00000   100%   230 1560s
 241987 189837 1000.00000   98   45 10000.0000    0.00000   100%   230 1567s
 242767 190507 3000.00000  151   36 10000.0000    0.00000   100%   230 1572s
 243679 191237 2000.00000   82   34 10000.0000    0.00000   100%   230 1576s
 244574 191948 4000.00000  139   42 10000.0000    0.00000   100%   230 1580s
 246228 192732 2000.00000   61   28 10000.0000    0.00000   100%   230 1588s
 246355 193444 2000.00000   62   37 10000.0000    0.00000   100%   230 1591s
 247256 194271 3000.00000   86   31 10000.0000    0.00000   100%   230 1595s
 249250 195551    0.00000   53   44 10000.0000    0.00000   100%   229 1603s
 250013 196287 2000.00000  102   40 10000.0000    0.00000   100%   229 1606s
 250856 196924 infeasible  194      10000.0000    0.00000   100%   229 1610s
 251672 197273 3000.00000   69   31 10000.0000    0.00000   100%   229 1616s
 252059 199121 7000.00000  134   25 10000.0000    0.00000   100%   229 1627s
 254355 199703 5563.11261   98   30 10000.0000    0.00000   100%   229 1630s
 255066 200305 2074.85878  108   52 10000.0000    0.00000   100%   229 1635s
 256894 201212 1000.00000   61   35 10000.0000    0.00000   100%   229 1643s
 257177 201960 3000.00000   96   42 10000.0000    0.00000   100%   229 1648s
 258098 202792 3077.56582   76   43 10000.0000    0.00000   100%   229 1651s
 259180 203440 5000.00000  117   34 10000.0000    0.00000   100%   229 1656s
 260074 204051    0.00000   42   33 10000.0000    0.00000   100%   229 1660s
 261322 204859 6000.00000   79   33 10000.0000    0.00000   100%   229 1668s
 261963 205630 3000.00000  105   28 10000.0000    0.00000   100%   229 1673s
 262947 206366 3000.00000   84   31 10000.0000    0.00000   100%   229 1677s
 263928 207165 1000.11816   61   45 10000.0000    0.00000   100%   229 1681s
 264982 207976 5000.00000  120   34 10000.0000    0.00000   100%   228 1685s
 266908 208778 3000.00000   84   27 10000.0000    0.00000   100%   228 1695s
 267143 211819 4000.00000  106   35 10000.0000    0.00000   100%   228 1712s
 270932 212467 3000.00000  139   41 10000.0000    0.00000   100%   228 1716s
 271985 213265 5000.00000  203   36 10000.0000    0.00000   100%   228 1723s
 272750 214101 3000.11816  105   50 10000.0000    0.00000   100%   228 1727s
 273815 214590 5000.00000  217   38 10000.0000    0.00000   100%   228 1731s
 274578 215175 4000.00000   86   25 10000.0000    0.00000   100%   228 1735s
 276294 216074 2000.00000   62   29 10000.0000    0.00000   100%   228 1742s
 276528 216704 2000.00000   63   35 10000.0000    0.00000   100%   228 1747s
 277351 217328 2000.00000   94   33 10000.0000    0.00000   100%   228 1751s
 278121 218063 2000.00000   75   34 10000.0000    0.00000   100%   228 1755s
 279829 219322 3000.00000  121   35 10000.0000    0.00000   100%   228 1763s
 280559 219329 3171.65931   84   45 10000.0000    0.00000   100%   228 1768s
 280568 219337 4000.00000   85   50 10000.0000    0.00000   100%   228 1772s
 280576 219378 4000.00000   86   36 10000.0000    0.00000   100%   228 1777s
 280629 219442 4000.00000   87   32 10000.0000    0.00000   100%   228 1783s
 280695 219549 infeasible   88      10000.0000    0.00000   100%   228 1787s
 280869 219750 infeasible  103      10000.0000    0.00000   100%   228 1791s
 281148 220413   26.04442   55   59 10000.0000    0.00000   100%   228 1795s
 282001 220593 4000.00000  104   28 10000.0000    0.00000   100%   228 1800s

Cutting planes:
  Implied bound: 30
  Projected implied bound: 13
  MIR: 9
  Flow cover: 98
  GUB cover: 2
  Zero half: 2
  RLT: 9
  Relax-and-lift: 61

Explored 282220 nodes (64374431 simplex iterations) in 1800.01 seconds (1201.62 work units)
Thread count was 8 (of 8 available processors)

Solution count 10: 10000 14000 18000 ... 35000

Time limit reached
Best objective 1.000000000000e+04, best bound 0.000000000000e+00, gap 100.0000%
