
Gurobi 13.0.1 (linux64) logging started Thu Apr 23 12:41:49 2026

Set parameter LogFile to value "experiments/20260422_213746/logs/Inst_13_Medium_Inspire_23__drone_index.log"
Set parameter LogToConsole to value 0
Set parameter TimeLimit to value 1800
Gurobi Optimizer version 13.0.1 build v13.0.1rc0 (linux64 - "Ubuntu 24.04.4 LTS")

CPU model: Intel(R) Core(TM) i5-8250U CPU @ 1.60GHz, instruction set [SSE2|AVX|AVX2]
Thread count: 4 physical cores, 8 logical processors, using up to 8 threads

Non-default parameters:
TimeLimit  1800
LogToConsole  0
LazyConstraints  1

Optimize a model with 41843 rows, 40578 columns and 192930 nonzeros (Min)
Model fingerprint: 0xfd4b7003
Model has 29 linear objective coefficients
Variable types: 20010 continuous, 20568 integer (20568 binary)
Coefficient statistics:
  Matrix range     [1e+00, 3e+04]
  Objective range  [1e+03, 2e+03]
  Bounds range     [1e+00, 1e+00]
  RHS range        [1e+00, 1e+00]

Presolve removed 9338 rows and 4669 columns
Presolve time: 0.57s
Presolved: 32505 rows, 35909 columns, 169447 nonzeros
Variable types: 15341 continuous, 20568 integer (20568 binary)
Root relaxation presolved: 32505 rows, 35909 columns, 169447 nonzeros

Deterministic concurrent LP optimizer: primal and dual simplex
Showing primal log only...

Concurrent spin time: 0.00s

Solved with primal simplex

Use crossover to convert LP symmetric solution to basic solution...
Crossover time: 0.06 seconds (0.04 work units)

Root relaxation: objective 2.758033e+03, 3269 iterations, 0.17 seconds (0.12 work units)

    Nodes    |    Current Node    |     Objective Bounds      |     Work
 Expl Unexpl |  Obj  Depth IntInf | Incumbent    BestBd   Gap | It/Node Time

     0     0 2758.03302    0  259          - 2758.03302      -     -    1s
     0     0 2758.03302    0  259          - 2758.03302      -     -    6s
     0     0 2758.03302    0  259          - 2758.03302      -     -   10s
H    0     0                    13000.000000 2758.03302  78.8%     -   11s
     0     0 2758.03302    0  227 13000.0000 2758.03302  78.8%     -   14s
     0     0 3076.00490    0  321 13000.0000 3076.00490  76.3%     -   47s
     0     0 3076.00490    0  321 13000.0000 3076.00490  76.3%     -   53s
     0     0 3076.00490    0  321 13000.0000 3076.00490  76.3%     -   73s
     0     0 3297.22742    0  493 13000.0000 3297.22742  74.6%     -  154s
     0     0 3467.75498    0  439 13000.0000 3467.75498  73.3%     -  196s
     0     0 3507.65653    0  383 13000.0000 3507.65653  73.0%     -  223s
     0     0 3509.38877    0  345 13000.0000 3509.38877  73.0%     -  226s
     0     0 3510.46725    0  294 13000.0000 3510.46725  73.0%     -  227s
     0     0 3534.06548    0  467 13000.0000 3534.06548  72.8%     -  249s
     0     0 3534.06548    0  464 13000.0000 3534.06548  72.8%     -  249s
     0     0 3577.59524    0  390 13000.0000 3577.59524  72.5%     -  285s
     0     0 3577.59524    0  390 13000.0000 3577.59524  72.5%     -  293s
     0     0 3577.59524    0  390 13000.0000 3577.59524  72.5%     -  301s
     0     0 3577.59524    0  497 13000.0000 3577.59524  72.5%     -  304s
     0     0 3577.59524    0  576 13000.0000 3577.59524  72.5%     -  328s
     0     0 3577.59524    0  518 13000.0000 3577.59524  72.5%     -  329s
     0     0 3577.59524    0  467 13000.0000 3577.59524  72.5%     -  351s
     0     0 3577.59524    0  128 13000.0000 3577.59524  72.5%     -  354s
     0     0 3578.58017    0  128 13000.0000 3578.58017  72.5%     -  355s
H    0     0                    11000.000000 3578.58017  67.5%     -  355s
     0     0 3578.58017    0  319 11000.0000 3578.58017  67.5%     -  358s
     0     0 3578.58017    0  534 11000.0000 3578.58017  67.5%     -  370s
     0     0 3578.58017    0  183 11000.0000 3578.58017  67.5%     -  374s
     0     0 3578.58017    0  183 11000.0000 3578.58017  67.5%     -  375s
     0     0 3578.58017    0  183 11000.0000 3578.58017  67.5%     -  379s
     0     2 3578.72100    0  150 11000.0000 3578.72100  67.5%     -  401s
     3     8 3578.72100    2  283 11000.0000 3578.72100  67.5%   917  451s
     7    12 3578.72100    3  333 11000.0000 3578.72100  67.5%  7061  458s
H    9    12                    10000.000000 3578.72100  64.2%  5629  458s
    11    15 3597.32668    4  401 10000.0000 3578.72100  64.2%  5940  480s
H   13    15                    8000.0000000 3578.72100  55.3%  5906  480s
    14    16 5000.00000    5   99 8000.00000 3578.72100  55.3%  6343  536s
    15    19 5000.00000    6  101 8000.00000 3578.72100  55.3%  6235  556s
    18    23 5000.00000    7   98 8000.00000 3578.72100  55.3%  5877  569s
    22    27 5000.00000    8   71 8000.00000 3578.72100  55.3%  5625  582s
    26    30 5000.00000    9   64 8000.00000 3578.72100  55.3%  5096  601s
    29    33 5000.00000   10   43 8000.00000 3578.72100  55.3%  4733  624s
    32    40 5000.00000   11   57 8000.00000 3578.72100  55.3%  4573  646s
    39    56 5000.00000   16   79 8000.00000 3578.72100  55.3%  4007  657s
H   44    56                    7000.0000000 3578.72100  48.9%  3649  658s
    55    60 5000.00000   21   66 7000.00000 3578.72100  48.9%  3503  666s
    59    64 5000.00000   22   75 7000.00000 3578.72100  48.9%  3412  676s
    63    68 5000.00000   23   59 7000.00000 3578.72100  48.9%  3248  685s
    67    72 5000.00000   24   76 7000.00000 3578.72100  48.9%  3086  693s
    71    76 5000.00000   25   74 7000.00000 3578.72100  48.9%  2936  700s
    75    80 5000.00000   26   68 7000.00000 3578.72100  48.9%  2809  707s
    79    84 5000.00000   27   69 7000.00000 3578.72100  48.9%  2688  714s
    83    88 5000.00000   28   77 7000.00000 3578.72100  48.9%  2589  721s
    87    92 5000.00000   29   75 7000.00000 3578.72100  48.9%  2486  732s
    91    96 5000.00000   30   93 7000.00000 3578.72100  48.9%  2390  739s
    95   100 5000.00000   31   92 7000.00000 3578.72100  48.9%  2308  747s
    99   104 5000.00000   32   77 7000.00000 3578.72100  48.9%  2232  755s
   103   118 5000.00000   33   76 7000.00000 3578.72100  48.9%  2170  761s
   117   127 5000.00000   34   84 7000.00000 3578.72100  48.9%  1964  768s
   126   150 5000.00000   35   72 7000.00000 3578.72100  48.9%  1861  776s
   149   182 5000.00000   42   75 7000.00000 3578.72100  48.9%  1678  780s
   217   253 5000.00000   60  121 7000.00000 3578.72100  48.9%  1338  788s
   252   290 5000.00000   67  111 7000.00000 3578.72100  48.9%  1239  792s
   289   337 5000.00000   76   97 7000.00000 3578.72100  48.9%  1163  795s
   383   437 5000.00000   97  110 7000.00000 3578.72100  48.9%   987  803s
   436   490 5000.00000  114   86 7000.00000 3578.72100  48.9%   918  806s
   489   531 5000.00000  136   69 7000.00000 3578.72100  48.9%   868  810s
   580   617 5000.00000  165  103 7000.00000 3578.72100  48.9%   810  817s
   616   639 5000.00000  174   87 7000.00000 3578.72100  48.9%   803  822s
   638   690 5000.00000  175   86 7000.00000 3578.72100  48.9%   788  826s
   689   747 5000.00000  187   86 7000.00000 3578.72100  48.9%   758  831s
   748   841 5000.00000  202  106 7000.00000 3578.72100  48.9%   729  835s
   846   892 5000.00000  235   81 7000.00000 3578.72100  48.9%   674  840s
   901   949 5000.00000  246   93 7000.00000 3578.72100  48.9%   667  846s
   976   984 5000.00000  258   94 7000.00000 3578.72100  48.9%   643  850s
  1037  1039 5000.00000  274  104 7000.00000 3578.72100  48.9%   636  855s
  1107  1040 5000.00000   57  183 7000.00000 3578.72100  48.9%   628 1000s
  1109  1041 5000.00000   94  208 7000.00000 3578.72100  48.9%   626 1033s
  1110  1042 5000.00000   96   98 7000.00000 3578.72100  48.9%   626 1117s
  1111  1043 5000.00000   79  399 7000.00000 3578.72100  48.9%   625 1171s
  1112  1043 5000.00000  249  486 7000.00000 3578.72100  48.9%   625 1227s
  1113  1044 5000.00000    7  497 7000.00000 3578.72100  48.9%   624 1257s
  1115  1045 5000.00000   43  478 7000.00000 3578.72100  48.9%   623 1262s
  1116  1046 5000.00000  132  261 7000.00000 3578.72100  48.9%   622 1274s
  1117  1047 5208.55034  196  284 7000.00000 3578.72100  48.9%   622 1279s
  1118  1047 5000.00000   96  247 7000.00000 3578.72100  48.9%   621 1294s
  1119  1048 5000.00000   22  340 7000.00000 3578.72100  48.9%   621 1299s
  1120  1049 5000.00000  100  319 7000.00000 3578.72100  48.9%   620 1316s
  1121  1049 5000.00000   95  375 7000.00000 3578.72100  48.9%   620 1323s
  1122  1050 5000.00000   67  344 7000.00000 3578.72100  48.9%   619 1337s
  1123  1051 5000.00000   36  579 7000.00000 3578.72100  48.9%   619 1349s
  1124  1051 5000.00000   84  341 7000.00000 3587.73846  48.7%   618 1380s
  1125  1052 5000.00000  115  441 7000.00000 3587.80544  48.7%   618 1385s
  1126  1053 5000.00000   83  377 7000.00000 3587.80544  48.7%   617 1391s
  1127  1053 5000.00000  105  276 7000.00000 3590.58456  48.7%   616 1420s
  1128  1054 5000.00000  198  415 7000.00000 3591.07833  48.7%   616 1428s
  1129  1055 5000.00000  106  512 7000.00000 3591.07833  48.7%   615 1440s
  1130  1055 5000.00000   85  259 7000.00000 3591.07833  48.7%   615 1460s
  1131  1056 5000.00000  110  349 7000.00000 3591.10535  48.7%   614 1471s
  1132  1057 5000.00000   30  303 7000.00000 3592.05805  48.7%   614 1478s
  1133  1057 5000.00000  206  543 7000.00000 3593.15469  48.7%   613 1485s
  1135  1059 5000.00000  147  535 7000.00000 3594.06040  48.7%   612 1492s
  1137  1060 5246.93897  295  482 7000.00000 3599.23483  48.6%   611 1519s
  1138  1061 5000.00000  267  695 7000.00000 3600.36572  48.6%   610 1531s
  1139  1061 5000.00000  109  543 7000.00000 3601.44203  48.6%   610 1546s
  1140  1062 5000.00000   12  687 7000.00000 3601.70831  48.5%   609 1551s
  1142  1063 5000.00000  226  632 7000.00000 3601.78883  48.5%   608 1560s
  1143  1064 5000.00000  161  403 7000.00000 3608.10665  48.5%   608 1586s
  1144  1065 5528.71918  154  344 7000.00000 3608.53996  48.4%   607 1591s
  1145  1065 5000.00000   70  510 7000.00000 3609.00457  48.4%   607 1595s
  1149  1068 5000.00000  208  443 7000.00000 3609.19272  48.4%   605 1601s
  1150  1069 5000.00000  146  438 7000.00000 3613.02407  48.4%   604 1615s
  1152  1070 5000.00000  103  714 7000.00000 3613.81192  48.4%   603 1621s
  1156  1073 5000.00000   89  713 7000.00000 3614.09741  48.4%   601 1634s
  1157  1073 5000.00000  193  500 7000.00000 3615.60323  48.3%   600 1674s
  1158  1074 5579.57051  214  512 7000.00000 3615.81655  48.3%   600 1677s
  1160  1075 5000.00000  103  547 7000.00000 3615.86221  48.3%   599 1681s
  1161  1076 5000.00000  186  548 7000.00000 3617.32982  48.3%   598 1704s
  1162  1077 5043.61678  127  613 7000.00000 3617.45270  48.3%   598 1707s
  1165  1079 5000.00000  255  629 7000.00000 3617.47649  48.3%   596 1719s
  1166  1079 5020.49200  120  563 7000.00000 3626.26799  48.2%   596 1741s
  1168  1081 5000.00000   44  452 7000.00000 3627.28701  48.2%   595 1747s
  1170  1082 5000.00000   56  525 7000.00000 3627.33407  48.2%   594 1756s

Cutting planes:
  Cover: 142
  Implied bound: 46
  Projected implied bound: 7
  Clique: 42
  MIR: 24
  Flow cover: 335
  GUB cover: 19
  Zero half: 10
  RLT: 6
  Relax-and-lift: 21
  BQP: 15
  PSD: 2
  Lazy constraints: 67

Explored 1170 nodes (1433061 simplex iterations) in 1800.00 seconds (1606.83 work units)
Thread count was 8 (of 8 available processors)

Solution count 5: 7000 8000 10000 ... 13000

Time limit reached
Best objective 7.000000000000e+03, best bound 4.000000000000e+03, gap 42.8571%

User-callback calls 197195, time in user-callback 2.32 sec
