
Gurobi 13.0.1 (linux64) logging started Wed Apr 22 22:43:03 2026

Set parameter LogFile to value "experiments/20260422_213746/logs/Inst_02_Easy_Inspire__drone_index.log"
Set parameter LogToConsole to value 0
Set parameter TimeLimit to value 1800
Gurobi Optimizer version 13.0.1 build v13.0.1rc0 (linux64 - "Ubuntu 24.04.4 LTS")

CPU model: Intel(R) Core(TM) i5-8250U CPU @ 1.60GHz, instruction set [SSE2|AVX|AVX2]
Thread count: 4 physical cores, 8 logical processors, using up to 8 threads

Non-default parameters:
TimeLimit  1800
LogToConsole  0
LazyConstraints  1

Optimize a model with 6279 rows, 5919 columns and 27963 nonzeros (Min)
Model fingerprint: 0xc50d4af5
Model has 15 linear objective coefficients
Variable types: 2880 continuous, 3039 integer (3039 binary)
Coefficient statistics:
  Matrix range     [1e+00, 2e+04]
  Objective range  [1e+03, 2e+03]
  Bounds range     [1e+00, 1e+00]
  RHS range        [1e+00, 1e+00]

Presolve removed 1440 rows and 720 columns
Presolve time: 0.08s
Presolved: 4839 rows, 5199 columns, 24375 nonzeros
Variable types: 2160 continuous, 3039 integer (3039 binary)

Root relaxation: objective 1.742460e+03, 9717 iterations, 0.84 seconds (1.03 work units)

    Nodes    |    Current Node    |     Objective Bounds      |     Work
 Expl Unexpl |  Obj  Depth IntInf | Incumbent    BestBd   Gap | It/Node Time

     0     0 1742.46010    0   77          - 1742.46010      -     -    0s
H    0     0                    11000.000000 1742.46010  84.2%     -    1s
H    0     0                    8000.0000000 1742.46010  78.2%     -    1s
     0     0 1742.46010    0   77 8000.00000 1742.46010  78.2%     -    1s
     0     0 1881.73733    0  175 8000.00000 1881.73733  76.5%     -    3s
     0     0 1960.18583    0  206 8000.00000 1960.18583  75.5%     -    4s
     0     0 2042.95585    0  265 8000.00000 2042.95585  74.5%     -    4s
     0     0 2109.44620    0  270 8000.00000 2109.44620  73.6%     -    5s
     0     0 2112.87095    0  219 8000.00000 2112.87095  73.6%     -    5s
     0     0 2114.89243    0  208 8000.00000 2114.89243  73.6%     -    5s
     0     0 2117.59022    0  262 8000.00000 2117.59022  73.5%     -    6s
     0     0 2117.59522    0  254 8000.00000 2117.59522  73.5%     -    6s
     0     0 2139.61301    0  161 8000.00000 2139.61301  73.3%     -    8s
     0     0 2140.11178    0  179 8000.00000 2140.11178  73.2%     -    8s
     0     0 2142.16054    0  276 8000.00000 2142.16054  73.2%     -    9s
     0     0 2142.16054    0  271 8000.00000 2142.16054  73.2%     -    9s
     0     0 2208.71474    0  282 8000.00000 2208.71474  72.4%     -   13s
     0     0 2208.71474    0  237 8000.00000 2208.71474  72.4%     -   13s
     0     0 2209.14465    0  365 8000.00000 2209.14465  72.4%     -   14s
     0     0 2209.14465    0  285 8000.00000 2209.14465  72.4%     -   15s
     0     0 2210.90635    0  428 8000.00000 2210.90635  72.4%     -   17s
     0     0 2210.90635    0  428 8000.00000 2210.90635  72.4%     -   17s
     0     0 2210.90635    0  313 8000.00000 2210.90635  72.4%     -   17s
     0     0 2210.90635    0  313 8000.00000 2210.90635  72.4%     -   20s
     0     2 2210.95440    0  276 8000.00000 2210.95440  72.4%     -   20s
H   14    16                    5000.0000000 2211.10426  55.8%  2402   24s
    15    24 2519.86460    5  198 5000.00000 2211.10426  55.8%  2619   25s
   145   136 3499.30529   15   85 5000.00000 2211.10426  55.8%   512   34s
   191   171 3540.10121   27   92 5000.00000 2211.10426  55.8%   526   35s
   403   350 3573.47406   45  116 5000.00000 2211.10426  55.8%   304   40s
   509   431 3683.53685   89  103 5000.00000 2225.31929  55.5%   275   46s
   638   503 3677.32806   20   37 5000.00000 2552.80947  48.9%   301   50s
  1060   638 3667.20379   10   54 5000.00000 3000.00000  40.0%   261   56s
  1507   830 4000.00000   19   25 5000.00000 3000.00000  40.0%   230   60s
  1861   877 3065.82892   18  313 5000.00000 3000.00000  40.0%   208   72s
  1865   880 3547.95007   30  226 5000.00000 3000.00000  40.0%   208   76s
  1867   881 3192.33012    7  212 5000.00000 3000.00000  40.0%   207   83s
  1868   882 3181.97501   49  215 5000.00000 3000.00000  40.0%   207   86s
  1870   883 3686.35118   62  357 5000.00000 3000.00000  40.0%   207   92s
  1871   884 3029.84904   20  403 5000.00000 3000.00000  40.0%   207   99s
  1872   884 3024.01173   19  404 5000.00000 3000.00000  40.0%   207  105s
  1874   886 4000.00000   17  269 5000.00000 3000.00000  40.0%   207  110s
  1878   893 3000.00000   17  263 5000.00000 3000.00000  40.0%   226  115s
  1902   898 3000.00000   20  216 5000.00000 3000.00000  40.0%   241  120s
  1963   893 3000.00000   24   27 5000.00000 3000.00000  40.0%   252  125s
  2027   890 3000.97483   22  160 5000.00000 3000.00000  40.0%   268  130s
  2080   895 3030.67101   28  158 5000.00000 3000.00000  40.0%   279  135s
  2109   899 3882.68194   30   34 5000.00000 3000.00000  40.0%   289  140s
  2185   888 3000.00000   19   34 5000.00000 3000.00000  40.0%   296  145s
  2388   892 3003.24097   21   42 5000.00000 3000.00000  40.0%   290  151s
  2567   890 3000.00000   26   69 5000.00000 3000.00000  40.0%   280  156s
  2826   872 3091.06230   34   54 5000.00000 3000.00000  40.0%   265  160s
  3294   915     cutoff   28      5000.00000 3000.00000  40.0%   250  166s
  4062   821 4000.00000   26   20 5000.00000 3006.47876  39.9%   222  170s
  4746   727 3030.27323   26   78 5000.00000 3025.70674  39.5%   207  176s
  4971   725 3060.61835   25   94 5000.00000 3030.29961  39.4%   204  180s
  5613   615 infeasible   27      5000.00000 3044.36367  39.1%   193  185s
  6283   506 3162.22921   37   64 5000.00000 3094.56355  38.1%   185  191s
  6652   493 3447.36257   24  174 5000.00000 3225.30000  35.5%   184  195s
  7193   434 4000.00000   37   17 5000.00000 3657.60944  26.8%   177  200s
 10565   361 4000.00000   39   20 5000.00000 4000.00000  20.0%   135  205s
 14043   272 4000.00000   47   19 5000.00000 4000.00000  20.0%   113  211s
 15681   122 4000.00000   27   21 5000.00000 4000.00000  20.0%   107  216s
 16845    11 4000.00000   39    7 5000.00000 4000.00000  20.0%   105  221s
 17145     2 infeasible   39      5000.00000 4000.00000  20.0%   105  225s
 17156     2 4000.00000   43   16 5000.00000 4000.00000  20.0%   105  231s

Cutting planes:
  Cover: 55
  Implied bound: 19
  Clique: 48
  MIR: 7
  Flow cover: 32
  Flow path: 1
  GUB cover: 1
  RLT: 4
  Relax-and-lift: 1
  BQP: 5
  Lazy constraints: 22

Explored 17163 nodes (1860308 simplex iterations) in 233.77 seconds (237.37 work units)
Thread count was 8 (of 8 available processors)

Solution count 3: 5000 8000 11000 

Optimal solution found (tolerance 1.00e-04)
Best objective 5.000000000000e+03, best bound 5.000000000000e+03, gap 0.0000%

User-callback calls 69735, time in user-callback 0.36 sec
