
Gurobi 13.0.1 (linux64) logging started Wed Apr 22 22:07:48 2026

Set parameter LogFile to value "experiments/20260422_213746/logs/Inst_01_Easy_Phantom__drone_index.log"
Set parameter LogToConsole to value 0
Set parameter TimeLimit to value 1800
Gurobi Optimizer version 13.0.1 build v13.0.1rc0 (linux64 - "Ubuntu 24.04.4 LTS")

CPU model: Intel(R) Core(TM) i5-8250U CPU @ 1.60GHz, instruction set [SSE2|AVX|AVX2]
Thread count: 4 physical cores, 8 logical processors, using up to 8 threads

Non-default parameters:
TimeLimit  1800
LogToConsole  0
LazyConstraints  1

Optimize a model with 6279 rows, 5919 columns and 27963 nonzeros (Min)
Model fingerprint: 0x7c3daceb
Model has 15 linear objective coefficients
Variable types: 2880 continuous, 3039 integer (3039 binary)
Coefficient statistics:
  Matrix range     [1e+00, 2e+04]
  Objective range  [1e+03, 1e+03]
  Bounds range     [1e+00, 1e+00]
  RHS range        [1e+00, 1e+00]

Presolve removed 1440 rows and 720 columns
Presolve time: 0.09s
Presolved: 4839 rows, 5199 columns, 24411 nonzeros
Variable types: 2160 continuous, 3039 integer (3039 binary)

Root relaxation: objective 1.402556e+03, 12097 iterations, 1.25 seconds (1.32 work units)

    Nodes    |    Current Node    |     Objective Bounds      |     Work
 Expl Unexpl |  Obj  Depth IntInf | Incumbent    BestBd   Gap | It/Node Time

     0     0 1402.55619    0  122          - 1402.55619      -     -    1s
H    0     0                    5600.0000000 1402.55619  75.0%     -    3s
     0     0 1402.55619    0  128 5600.00000 1402.55619  75.0%     -    4s
     0     0 1590.16272    0  183 5600.00000 1590.16272  71.6%     -    7s
     0     0 1829.00452    0  236 5600.00000 1829.00452  67.3%     -    9s
     0     0 1905.75075    0  275 5600.00000 1905.75075  66.0%     -   12s
     0     0 1931.12964    0  219 5600.00000 1931.12964  65.5%     -   13s
     0     0 1932.82734    0  244 5600.00000 1932.82734  65.5%     -   13s
     0     0 1933.15650    0  262 5600.00000 1933.15650  65.5%     -   13s
     0     0 1933.15699    0  276 5600.00000 1933.15699  65.5%     -   13s
     0     0 1934.15083    0  283 5600.00000 1934.15083  65.5%     -   15s
     0     0 1934.83222    0  227 5600.00000 1934.83222  65.4%     -   15s
     0     0 1942.98806    0  258 5600.00000 1942.98806  65.3%     -   17s
     0     0 1943.42343    0  275 5600.00000 1943.42343  65.3%     -   18s
     0     0 1943.42343    0  287 5600.00000 1943.42343  65.3%     -   19s
     0     0 1943.42343    0  267 5600.00000 1943.42343  65.3%     -   20s
     0     0 1943.42343    0  267 5600.00000 1943.42343  65.3%     -   20s
     0     0 1943.42343    0  166 5600.00000 1943.42343  65.3%     -   21s
     0     0 1943.42343    0  166 5600.00000 1943.42343  65.3%     -   25s
     0     2 1944.45024    0  119 5600.00000 1944.45024  65.3%     -   29s
     3     8 1993.12319    2  191 5600.00000 1944.45024  65.3%  2458   33s
     7    12 2236.05225    3  221 5600.00000 1944.45024  65.3%  8121   36s
    11    22 4094.58305    4  169 5600.00000 1944.45024  65.3%  6466   40s
    42    57 4094.58305    9  196 5600.00000 1944.45024  65.3%  3492   45s
   274   279 4103.66390   25  136 5600.00000 1944.45024  65.3%   953   50s
H  430   397                    4600.0000000 1944.45024  57.7%   821   52s
   582   580 2522.69022    6   71 4600.00000 2297.35638  50.1%   692   55s
  1124   999 3400.00000   22  166 4600.00000 2486.81781  45.9%   455   64s
  1126  1000 3400.00000   76   67 4600.00000 2486.81781  45.9%   454   67s
  1127  1001 3400.00000   50   89 4600.00000 2486.81781  45.9%   454   70s
  1129  1002 2527.41785   16  167 4600.00000 2486.81781  45.9%   453   75s
  1131  1004 3400.00000   30  202 4600.00000 2486.81781  45.9%   452   82s
  1132  1004 4400.00000  121  175 4600.00000 2486.81781  45.9%   452   87s
  1133  1005 3400.00000   52  237 4600.00000 2486.81781  45.9%   451   90s
  1134  1006 3400.00000   18  195 4600.00000 2486.81781  45.9%   451   97s
  1136  1007 3400.00000   52  177 4600.00000 2486.81781  45.9%   450  102s
  1137  1008 4157.52789   50  177 4600.00000 2486.81781  45.9%   450  107s
  1138  1008 3400.00000   25  177 4600.00000 2486.81781  45.9%   449  110s
  1141  1015 2486.81781   16  271 4600.00000 2486.81781  45.9%   507  117s
  1149  1021 2486.81781   18  199 4600.00000 2486.81781  45.9%   527  120s
  1160  1032 2486.81781   20  191 4600.00000 2486.81781  45.9%   563  126s
  1178  1043 2531.88180   21  121 4600.00000 2486.81781  45.9%   579  130s
  1224  1058 2533.01565   27   91 4600.00000 2486.81781  45.9%   589  135s
  1340  1115 4400.00000   47    6 4600.00000 2486.81781  45.9%   584  140s
  1407  1104 2486.81781   18  166 4600.00000 2486.81781  45.9%   583  147s
  1432  1097 2527.41785   18  134 4600.00000 2486.81781  45.9%   583  150s
H 1450  1047                    3400.0000000 2486.81781  26.9%   596  151s
  1479  1042 2527.41785   22  127 3400.00000 2486.81781  26.9%   598  155s
  1540  1031     cutoff   25      3400.00000 2486.81781  26.9%   596  161s
  1618   995     cutoff   23      3400.00000 2486.81781  26.9%   585  167s
  1676   977 2918.84020   34   83 3400.00000 2495.09434  26.6%   584  171s
  1883   892 2547.99852   32   80 3400.00000 2527.41785  25.7%   537  175s

Cutting planes:
  Cover: 16
  Implied bound: 20
  Projected implied bound: 1
  Clique: 11
  MIR: 21
  Flow cover: 33
  GUB cover: 3
  Zero half: 1
  RLT: 6
  BQP: 7
  Lazy constraints: 102

Explored 2182 nodes (1088379 simplex iterations) in 177.59 seconds (176.17 work units)
Thread count was 8 (of 8 available processors)

Solution count 3: 3400 4600 5600 

Optimal solution found (tolerance 1.00e-04)
Best objective 3.400000000000e+03, best bound 3.400000000000e+03, gap 0.0000%

User-callback calls 30514, time in user-callback 0.31 sec
