
Gurobi 13.0.1 (linux64) logging started Wed Apr 22 23:30:22 2026

Set parameter LogFile to value "experiments/20260422_213746/logs/Inst_04_Easy_Inspire__ribeiro.log"
Set parameter LogToConsole to value 0
Set parameter TimeLimit to value 1800
Gurobi Optimizer version 13.0.1 build v13.0.1rc0 (linux64 - "Ubuntu 24.04.4 LTS")

CPU model: Intel(R) Core(TM) i5-8250U CPU @ 1.60GHz, instruction set [SSE2|AVX|AVX2]
Thread count: 4 physical cores, 8 logical processors, using up to 8 threads

Non-default parameters:
TimeLimit  1800
LogToConsole  0

Optimize a model with 844 rows, 294 columns and 2721 nonzeros (Min)
Model fingerprint: 0x7b292b08
Model has 18 linear objective coefficients
Variable types: 32 continuous, 262 integer (243 binary)
Coefficient statistics:
  Matrix range     [1e+00, 3e+04]
  Objective range  [1e+03, 2e+03]
  Bounds range     [1e+00, 2e+04]
  RHS range        [1e+00, 4e+04]

Presolve removed 120 rows and 6 columns
Presolve time: 0.05s
Presolved: 724 rows, 288 columns, 4469 nonzeros
Variable types: 27 continuous, 261 integer (243 binary)
Found heuristic solution: objective 21000.000000
Found heuristic solution: objective 15000.000000

Root relaxation: objective 0.000000e+00, 113 iterations, 0.00 seconds (0.00 work units)

    Nodes    |    Current Node    |     Objective Bounds      |     Work
 Expl Unexpl |  Obj  Depth IntInf | Incumbent    BestBd   Gap | It/Node Time

     0     0    0.00000    0   29 15000.0000    0.00000   100%     -    0s
H    0     0                    14000.000000    0.00000   100%     -    0s
H    0     0                    12000.000000    0.00000   100%     -    0s
     0     0    0.00000    0   29 12000.0000    0.00000   100%     -    0s
     0     0    0.00000    0   38 12000.0000    0.00000   100%     -    0s
     0     0    0.00000    0   36 12000.0000    0.00000   100%     -    0s
     0     0    0.00000    0   35 12000.0000    0.00000   100%     -    0s
     0     0    0.00000    0   28 12000.0000    0.00000   100%     -    0s
     0     0    0.00000    0   19 12000.0000    0.00000   100%     -    0s
     0     0    0.00000    0   35 12000.0000    0.00000   100%     -    0s
     0     0    0.00000    0   41 12000.0000    0.00000   100%     -    0s
     0     0    0.00000    0   18 12000.0000    0.00000   100%     -    0s
H    0     0                    8000.0000000    0.00000   100%     -    0s
     0     0    0.00000    0   22 8000.00000    0.00000   100%     -    0s
     0     0    0.00000    0   27 8000.00000    0.00000   100%     -    0s
     0     0    0.00000    0   20 8000.00000    0.00000   100%     -    0s
     0     0    0.00000    0   20 8000.00000    0.00000   100%     -    0s
     0     0    0.00000    0   20 8000.00000    0.00000   100%     -    0s
     0     2    0.00000    0   17 8000.00000    0.00000   100%     -    0s
  2084  1152   17.41805   45   39 8000.00000    0.00000   100%  59.6    5s
  5182  2219    0.00000   29   29 8000.00000    0.00000   100%  65.7   10s
H 7386  3380                    7000.0000000    0.00000   100%  68.4   11s
 10182  5185    0.00000   24   29 7000.00000    0.00000   100%  69.0   15s
 14746  7766 1000.00000   60   18 7000.00000    0.00000   100%  73.5   20s
 18215 10171    0.00000   43   24 7000.00000    0.00000   100%  76.0   25s
 21487 12364   17.92488   44   36 7000.00000    0.00000   100%  76.6   30s
 26262 15131 2000.00000   74   30 7000.00000    0.00000   100%  77.2   35s
 29524 17019 1000.00000   62   26 7000.00000    0.00000   100%  77.1   45s
 32681 18893    0.00000   42   22 7000.00000    0.00000   100%  77.9   50s
 37822 21788    0.00000   28   27 7000.00000    0.00000   100%  78.1   55s
 41906 24172 1000.00000   46   24 7000.00000    0.00000   100%  78.7   60s
 45766 26326 2000.00000   52   19 7000.00000    0.00000   100%  78.7   65s
 51792 29872 infeasible   76      7000.00000    0.00000   100%  78.6   70s
 55299 32042 4000.00000   64   27 7000.00000    0.00000   100%  78.9   75s
 60163 35259 1006.24541   47   38 7000.00000    0.00000   100%  79.9   80s
 62695 36850 1000.00000   64   25 7000.00000    0.00000   100%  80.0   85s
 67119 39226 4000.00000   70   18 7000.00000    0.00000   100%  80.2   90s
 71218 41714 1000.00000   51   27 7000.00000    0.00000   100%  80.2   95s
 75738 44713 3000.00000   73   27 7000.00000    0.00000   100%  80.4  100s
 80560 47759 2000.00000   49   29 7000.00000    0.00000   100%  80.6  105s
 86203 50524    0.00000   54   21 7000.00000    0.00000   100%  80.5  110s
 89649 53093 1073.40095   56   42 7000.00000    0.00000   100%  80.5  115s
 92345 54169 5000.00000  117   16 7000.00000    0.00000   100%  80.5  120s
 95436 56360 2024.52336   70   41 7000.00000    0.00000   100%  80.6  125s
 100856 59296    0.00000   43   30 7000.00000    0.00000   100%  80.5  130s
 104600 61568 2000.00000   50   22 7000.00000    0.00000   100%  80.7  135s
 110268 64887 2034.23022   48   31 7000.00000    0.00000   100%  80.6  140s
 114763 67479 1000.00000   69   22 7000.00000    0.00000   100%  80.4  145s
 118430 69383 1000.00000   69   21 7000.00000    0.00000   100%  80.4  150s
 124658 72920 1000.00000   53   25 7000.00000    0.00000   100%  80.4  155s
 128889 74901 2000.00000   82   22 7000.00000    0.00000   100%  80.3  160s
 131578 76295  308.85989   49   31 7000.00000    0.00000   100%  80.1  165s
 133986 77707 1000.00000   78   20 7000.00000    0.00000   100%  80.2  171s
 138394 80355 2078.02990   55   39 7000.00000    0.00000   100%  80.2  175s
 142904 82930 6000.00000   82   14 7000.00000    0.00000   100%  80.4  180s
 146690 85108 2000.00000   55   15 7000.00000    0.00000   100%  80.4  185s
 152278 88349    0.00000   33   27 7000.00000    0.00000   100%  80.5  190s
 156333 90496 1000.00000   81   24 7000.00000    0.00000   100%  80.5  195s
 161809 93670 3653.06416   55   24 7000.00000    0.00000   100%  80.5  200s
 165229 95633 1000.00000   52   23 7000.00000    0.00000   100%  80.6  205s
 169386 98143 1117.23770   33   34 7000.00000    0.00000   100%  80.7  210s
 175248 101173 1009.67156   63   36 7000.00000    0.00000   100%  80.7  215s
 180345 104445 2000.00000   53   23 7000.00000    0.00000   100%  80.8  220s
 183004 105461 2000.00000   56   23 7000.00000    0.00000   100%  80.8  225s
 184031 106717 1000.00000   54   26 7000.00000    0.00000   100%  80.8  230s
 189120 109217 2000.00000   51   26 7000.00000    0.00000   100%  80.8  235s
 193182 112020 2000.00000   62   30 7000.00000    0.00000   100%  80.9  240s
 198153 114689 3000.00000   73   26 7000.00000    0.00000   100%  81.0  245s
 202406 117034 2000.00000   66   31 7000.00000    0.00000   100%  81.1  250s
 207656 120286 4000.00000   80   24 7000.00000    0.00000   100%  81.0  255s
 211368 122486    0.00000   31   33 7000.00000    0.00000   100%  81.1  260s
 217171 125597 3000.00000   80   32 7000.00000    0.00000   100%  81.1  265s
 220831 127756 1000.00000   47   23 7000.00000    0.00000   100%  81.1  270s
 226112 130477 1816.90986   46   31 7000.00000    0.00000   100%  81.0  275s
 230906 132999 3000.00000   63   19 7000.00000    0.00000   100%  81.1  280s
 231233 133354 1000.00000   45   23 7000.00000    0.00000   100%  81.1  285s
 235084 135706 2000.00000   68   22 7000.00000    0.00000   100%  81.1  290s
 239939 138852 5000.00000  104   20 7000.00000    0.00000   100%  81.1  295s
 244954 141615 2024.45333   67   45 7000.00000    0.00000   100%  81.2  300s
 248696 143877 2011.79490   60   39 7000.00000    0.00000   100%  81.3  305s
 253434 146545 1250.00000   62   36 7000.00000    0.00000   100%  81.3  310s
 258420 149151 2000.00000   69   32 7000.00000    0.00000   100%  81.3  315s
 262796 151643 1000.00000   39   29 7000.00000    0.00000   100%  81.3  320s
 267047 153983 3648.31616   68   20 7000.00000    0.00000   100%  81.3  325s
 272788 157323 1000.00000   81   26 7000.00000    0.00000   100%  81.3  330s
 276795 159525 2000.00000   50   24 7000.00000    0.00000   100%  81.2  335s
 282345 162976 1000.00000   35   28 7000.00000    0.00000   100%  81.3  340s
 283317 163112 1016.07021   54   44 7000.00000    0.00000   100%  81.3  346s
 286281 165062 3000.00000   55   27 7000.00000    0.00000   100%  81.3  350s
 291139 167747    0.00000   47   31 7000.00000    0.00000   100%  81.3  355s
 294780 170279 infeasible   59      7000.00000    0.00000   100%  81.4  360s
 300296 173417 2033.06865   53   42 7000.00000    0.00000   100%  81.5  365s
 304740 175917 1000.00000   49   32 7000.00000    0.00000   100%  81.6  370s
 309831 178765    0.00000   36   25 7000.00000    0.00000   100%  81.6  375s
 313691 181158     cutoff   70      7000.00000    0.00000   100%  81.7  380s
 317695 183347 infeasible   58      7000.00000    0.00000   100%  81.8  385s
 323833 186778 1371.58218   51   27 7000.00000    0.00000   100%  81.8  390s
 327273 188776 4000.00000   68   21 7000.00000    0.00000   100%  81.8  395s
 331343 190643 2000.00000   61   26 7000.00000    0.00000   100%  81.8  400s
 331647 191165 2000.00000   65   24 7000.00000    0.00000   100%  81.8  405s
 335881 193603 1021.97869   58   33 7000.00000    0.00000   100%  81.9  411s
 339845 195769 1000.00000   49   21 7000.00000    0.00000   100%  81.9  416s
 344860 198862 infeasible   93      7000.00000    0.00000   100%  81.9  420s
 349440 201500 4911.02469   62   24 7000.00000    0.00000   100%  82.0  425s
 352617 203469 1000.00000   52   24 7000.00000    0.00000   100%  82.1  430s
 357520 206518 2000.00000   32   20 7000.00000    0.00000   100%  82.2  435s
 362065 208796 3000.00000   88   21 7000.00000    0.00000   100%  82.2  440s
 368171 211755    0.20254   46   44 7000.00000    0.00000   100%  82.2  445s
 371971 214340 5577.18118   62   23 7000.00000    0.00000   100%  82.2  450s
 377710 217590 1000.00000   48   23 7000.00000    0.00000   100%  82.2  456s
 381628 219917 4133.50995   66   35 7000.00000    0.00000   100%  82.2  460s
 386159 222609    0.00000   65   26 7000.00000    0.00000   100%  82.2  465s
 388213 223295 4048.71431   81   24 7000.00000    0.00000   100%  82.2  470s
 389228 224413 infeasible   83      7000.00000    0.00000   100%  82.2  475s
 392890 226517 1000.00000   45   26 7000.00000    0.00000   100%  82.2  480s
 397056 228830 1000.00000   37   24 7000.00000    0.00000   100%  82.2  485s
 402732 233049 4000.00000   66   19 7000.00000    0.00000   100%  82.1  491s
 407533 234804 1000.00000   52   26 7000.00000    0.00000   100%  82.1  495s
 412933 238357 2000.00000   51   14 7000.00000    0.00000   100%  82.1  500s
 417209 241004 1000.00000   57   27 7000.00000    0.00000   100%  82.2  505s
 421695 243252 1000.00000   56   22 7000.00000    0.00000   100%  82.1  510s
 427392 246593 5000.00000   59   16 7000.00000    0.00000   100%  82.1  515s
 431529 248987 2000.00000   55   26 7000.00000    0.00000   100%  82.1  520s
 438035 252557 1000.00000   69   24 7000.00000    0.00000   100%  82.0  525s
 441801 254489 2000.00000   48   21 7000.00000    0.00000   100%  82.0  530s
 446850 257664 infeasible   55      7000.00000    0.00000   100%  82.0  536s
 448268 257934 infeasible   53      7000.00000    0.00000   100%  82.0  540s
 448378 258376 2000.00000   66   20 7000.00000    0.00000   100%  82.0  545s
 452254 260734 6000.00000   58   15 7000.00000    0.00000   100%  82.0  550s
 456863 263599 infeasible   69      7000.00000    0.00000   100%  82.0  555s
 461177 266061 1030.66751   39   42 7000.00000    0.00000   100%  82.0  560s
 466305 268866 5000.00000   46   26 7000.00000    0.00000   100%  82.0  565s
 470770 271310 2000.00000   42   20 7000.00000    0.00000   100%  82.0  570s
 476085 274057 infeasible   69      7000.00000    0.00000   100%  81.9  575s
 480543 276366 infeasible   73      7000.00000    0.00000   100%  82.0  580s
 484792 279339 5000.00000   53   20 7000.00000    0.00000   100%  82.0  585s
 491254 282901 1000.00000   44   22 7000.00000    0.00000   100%  82.0  590s
 496282 285811 2000.00000   48   27 7000.00000    0.00000   100%  81.9  595s
 500188 287950 infeasible   68      7000.00000    0.00000   100%  81.9  600s
 504241 290448 5000.00000   60   19 7000.00000    0.00000   100%  81.9  605s
 510057 293972 2000.00000   74   29 7000.00000    0.00000   100%  81.9  610s
 513003 295504 3000.00000   55   19 7000.00000    0.00000   100%  81.9  615s
 519006 298984 2000.00000   70   19 7000.00000    0.00000   100%  81.9  620s
 524575 302373 2036.49297   69   27 7000.00000    0.00000   100%  82.0  625s
 525461 302397 infeasible   79      7000.00000    0.00000   100%  82.0  630s
 526268 303251 2000.00000   64   16 7000.00000    0.00000   100%  82.0  635s
 531285 305943 2162.20545   63   40 7000.00000    0.00000   100%  82.0  640s
 536065 308761 infeasible   39      7000.00000    0.00000   100%  82.0  645s
 541121 311563 1000.00000   84   24 7000.00000    0.00000   100%  82.0  650s
 546104 314328 1000.00000   52   19 7000.00000    0.00000   100%  82.0  655s
 550522 316711 infeasible   57      7000.00000    0.00000   100%  81.9  660s
 554943 318994 1000.00000   66   28 7000.00000    0.00000   100%  81.9  665s
 560633 322191 2000.00000   74   23 7000.00000    0.00000   100%  81.9  670s
 567008 325681 3000.00000   79   29 7000.00000    0.00000   100%  81.8  675s
 570465 327915 2000.00000   37   22 7000.00000    0.00000   100%  81.8  680s
 575156 330508 1000.00000   57   27 7000.00000    0.00000   100%  81.8  685s
 580761 334415 2000.00000   61   20 7000.00000    0.00000   100%  81.8  691s
 584761 336430 1256.67413   55   28 7000.00000    0.00000   100%  81.8  695s
 590443 339656 2000.00000   40   21 7000.00000    0.00000   100%  81.8  700s
 594640 342123 3000.00000   91   23 7000.00000    0.00000   100%  81.9  705s
 598564 343877   17.84474   36   39 7000.00000    0.00000   100%  81.9  710s
 598596 343942 1000.00000   40   20 7000.00000    0.00000   100%  81.9  715s
 601594 346126    0.00000   35   33 7000.00000    0.00000   100%  81.9  720s
 607033 349234 2000.00000   70   27 7000.00000    0.00000   100%  81.9  725s
 610679 351445   70.03890   61   48 7000.00000    0.00000   100%  81.9  730s
 615117 353850 5000.00000   98   19 7000.00000    0.00000   100%  81.9  735s
 620101 356694 2961.14934   51   22 7000.00000    0.00000   100%  82.0  740s
 624071 359135 2322.83473   46   32 7000.00000    0.00000   100%  82.0  745s
 629535 362170 1000.00000   39   29 7000.00000    0.00000   100%  82.0  750s
 633519 364434 3000.00000   70   23 7000.00000    0.00000   100%  82.0  755s
 638735 367268    0.00000   22   27 7000.00000    0.00000   100%  82.1  760s
 642170 369355 2000.00000   68   23 7000.00000    0.00000   100%  82.1  765s
 647849 372377 6000.00000   73   16 7000.00000    0.00000   100%  82.1  770s
 651796 374511 1000.00000   28   23 7000.00000    0.00000   100%  82.1  775s
 656432 376661 3000.00000   74   22 7000.00000    0.00000   100%  82.1  780s
 661061 379924 4009.09162   61   33 7000.00000    0.00000   100%  82.1  785s
 666033 382757 2000.00000   34   23 7000.00000    0.00000   100%  82.1  790s
 670523 385066    0.00000   44   25 7000.00000    0.00000   100%  82.1  795s
 671978 385799 2719.30628   70   21 7000.00000    0.00000   100%  82.1  800s
 673312 387389 infeasible   65      7000.00000    0.00000   100%  82.1  806s
 677682 389563 1000.00000   50   26 7000.00000    0.00000   100%  82.1  811s
 682570 392353 infeasible   76      7000.00000    0.00000   100%  82.1  815s
 686242 394642 4417.54882   79   21 7000.00000    0.00000   100%  82.1  820s
 691829 397619 3016.36562   73   37 7000.00000    0.00000   100%  82.1  825s
 696666 400350 4000.00000   58   23 7000.00000    0.00000   100%  82.1  830s
 702457 403781 3000.00000   61   18 7000.00000    0.00000   100%  82.1  835s
 705874 405946  224.73464   42   35 7000.00000    0.00000   100%  82.1  840s
 709741 408229 2069.81656   79   34 7000.00000    0.00000   100%  82.2  845s
 714750 411107 2000.00000   72   21 7000.00000    0.00000   100%  82.2  850s
 719049 413564 6000.00000   76    8 7000.00000    0.00000   100%  82.2  855s
 723194 415881 3000.00000   89   27 7000.00000    0.00000   100%  82.2  860s
 728553 419225 2380.95147   45   31 7000.00000    0.00000   100%  82.2  865s
 733318 421721 5000.00000  116   24 7000.00000    0.00000   100%  82.3  870s
 738136 424655 3014.49269   55   30 7000.00000    0.00000   100%  82.2  875s
 741036 426160 1004.16847   68   38 7000.00000    0.00000   100%  82.2  880s
 742359 426988 2000.00000   73   22 7000.00000    0.00000   100%  82.2  885s
 745813 428861     cutoff   64      7000.00000    0.00000   100%  82.2  890s
 749061 431052 infeasible   73      7000.00000    0.00000   100%  82.2  895s
 754470 434155 5000.00000  112   24 7000.00000    0.00000   100%  82.2  900s
 759411 436989 2000.00000   48   29 7000.00000    0.00000   100%  82.2  905s
 763961 439363 2000.00000   72   23 7000.00000    0.00000   100%  82.1  910s
 769318 442749 1007.23659   99   48 7000.00000    0.00000   100%  82.1  915s
 774503 445819 3000.00000   57   20 7000.00000    0.00000   100%  82.1  920s
 779029 448177 1000.00000   38   25 7000.00000    0.00000   100%  82.1  925s
 783144 450818 1179.62247   92   31 7000.00000    0.00000   100%  82.1  930s
 787506 453516  177.84838   81   40 7000.00000    0.00000   100%  82.1  935s
 792513 455846 2000.00000   52   24 7000.00000    0.00000   100%  82.1  940s
 797480 458620 1000.00000   59   32 7000.00000    0.00000   100%  82.1  945s
 801556 460834 infeasible   60      7000.00000    0.00000   100%  82.2  950s
 802020 465215 1000.00000   86   23 7000.00000    0.00000   100%  82.2  964s
 810020 465952 infeasible   92      7000.00000    0.00000   100%  82.1  965s
 814025 468042 infeasible   95      7000.00000    0.00000   100%  82.0  970s
 818529 470345 3000.00000   85   25 7000.00000    0.00000   100%  82.0  975s
 823646 473220 infeasible   69      7000.00000    0.00000   100%  81.9  980s
 828959 475868 2000.00000   50   23 7000.00000    4.73406   100%  81.8  985s
 833437 477582 1000.00000   38   24 7000.00000   12.07498   100%  81.7  990s
 839924 480714 1000.00000   47   21 7000.00000   23.30392   100%  81.5  995s
 846056 483337 5000.00000   41   20 7000.00000   31.27513   100%  81.4 1001s
 852900 485814 3000.00000   37   16 7000.00000   40.06715  99.4%  81.1 1005s
 858188 488239 5106.85557   81   18 7000.00000   44.61695  99.4%  81.0 1010s
 864534 491080 1182.07922   50   28 7000.00000   49.15818  99.3%  80.9 1015s
 869960 493818 5503.31512   55   16 7000.00000   52.13929  99.3%  80.7 1020s
 876334 497009 4000.00000   49   31 7000.00000   55.13275  99.2%  80.6 1025s
 880873 499077 4000.00000   62   25 7000.00000   56.97210  99.2%  80.5 1030s
 885917 501482 5000.00000   60   20 7000.00000   59.43408  99.2%  80.4 1035s
 894056 505255 infeasible   61      7000.00000   63.59973  99.1%  80.2 1040s
 900552 508375 4374.02617   84   24 7000.00000   66.39449  99.1%  80.0 1045s
 906172 511032 1163.47803   42   26 7000.00000   68.73484  99.0%  79.9 1050s
 914134 514652 2000.00000   50   19 7000.00000   72.75255  99.0%  79.7 1055s
 920961 518022 infeasible   84      7000.00000   76.07472  98.9%  79.6 1060s
 929728 521766 1000.00000   64   26 7000.00000   80.83890  98.8%  79.4 1065s
 935410 524492 1000.00000   44   26 7000.00000   83.93234  98.8%  79.2 1070s
 943734 528184 1000.00000   56   28 7000.00000   88.63168  98.7%  79.1 1075s
 950287 531379 infeasible   72      7000.00000   91.67279  98.7%  78.9 1080s
 958649 535137 2062.05573   62   33 7000.00000   96.21746  98.6%  78.7 1085s
 964239 537790 4000.00000   88   18 7000.00000   99.20773  98.6%  78.6 1090s
 970301 540593 1055.62063   61   43 7000.00000  102.18265  98.5%  78.5 1095s
 978991 544737 1000.00000   40   24 7000.00000  106.65902  98.5%  78.3 1100s
 985496 547680 infeasible   82      7000.00000  109.49175  98.4%  78.2 1105s
 993720 551269 1000.00000   49   22 7000.00000  113.98633  98.4%  78.0 1110s
 1000655 554410 2000.00000   49   25 7000.00000  117.14915  98.3%  77.9 1115s
 1007057 557454 1000.00000   65   26 7000.00000  120.36843  98.3%  77.8 1120s
 1014770 560922 4457.52874   67   19 7000.00000  124.10548  98.2%  77.6 1125s
 1021382 563889 1000.00000   45   28 7000.00000  128.31947  98.2%  77.5 1130s
 1028417 567130 1000.00000   74   22 7000.00000  131.87074  98.1%  77.4 1135s
 1035560 570027 1000.00000   51   20 7000.00000  135.96300  98.1%  77.2 1140s
 1044220 573744 1000.00000   46   26 7000.00000  140.74830  98.0%  77.1 1145s
 1049932 576251 1228.64377   64   28 7000.00000  143.35923  98.0%  77.0 1150s
 1058457 579805 5223.26126   56   20 7000.00000  148.03144  97.9%  76.8 1155s
 1065222 582667 1000.00000   55   21 7000.00000  151.70060  97.8%  76.7 1160s
 1073636 586093 infeasible   52      7000.00000  156.43173  97.8%  76.6 1165s
 1080185 588818 infeasible   58      7000.00000  160.21932  97.7%  76.5 1170s
 1088539 592342 infeasible   48      7000.00000  165.29416  97.6%  76.3 1175s
 1094954 594845 2000.00000   37   29 7000.00000  168.61013  97.6%  76.2 1180s
 1102998 598294 infeasible   47      7000.00000  172.76280  97.5%  76.1 1185s
 1110428 601211 5054.50756   73   30 7000.00000  177.15425  97.5%  75.9 1190s
 1116627 603879 infeasible   75      7000.00000  180.16398  97.4%  75.8 1195s
 1123217 606605 3000.00000   48   29 7000.00000  183.98049  97.4%  75.7 1200s
 1130971 609432 2000.00000   66   26 7000.00000  188.68991  97.3%  75.6 1205s
 1136494 611833 2246.34372   82   28 7000.00000  192.12537  97.3%  75.5 1210s
 1143611 614555 1000.00000   56   24 7000.00000  197.02773  97.2%  75.4 1215s
 1152262 617849 1000.00000   33   27 7000.00000  203.15013  97.1%  75.3 1220s
 1159447 620392 infeasible  113      7000.00000  208.04966  97.0%  75.1 1225s
 1167531 623593 2000.00000   59   29 7000.00000  213.54513  96.9%  75.0 1230s
 1174424 626286 4000.00000   68   17 7000.00000  219.20253  96.9%  74.9 1235s
 1182766 629756 1000.00000   56   23 7000.00000  224.75965  96.8%  74.8 1240s
 1189003 632055 1000.00000   63   22 7000.00000  229.31615  96.7%  74.7 1245s
 1196980 635065 4466.29521   75   20 7000.00000  235.75198  96.6%  74.6 1250s
 1204795 638160 2000.00000   53   22 7000.00000  241.90842  96.5%  74.5 1255s
 1211478 640563 5000.00000   44    9 7000.00000  248.46950  96.5%  74.4 1260s
 1219960 643798 2000.00000   38   25 7000.00000  254.92439  96.4%  74.3 1265s
 1226408 646127 1000.00000   51   20 7000.00000  259.99472  96.3%  74.2 1270s
 1234695 649206 4109.21530   59   20 7000.00000  270.75560  96.1%  74.0 1275s
 1242067 652012 1000.00000   50   23 7000.00000  279.80508  96.0%  74.0 1280s
 1247689 654227 1000.00000   38   29 7000.00000  285.31831  95.9%  73.9 1285s
 1256948 657600 1000.00000   62   17 7000.00000  294.56098  95.8%  73.8 1290s
 1264097 659962 2000.00000   56   21 7000.00000  306.05600  95.6%  73.7 1295s
 1272336 663079 2000.00000   78   20 7000.00000  317.88605  95.5%  73.6 1300s
 1279442 665833 2000.00000   62   22 7000.00000  328.06642  95.3%  73.5 1305s
 1286066 668091 1000.00000   53   23 7000.00000  336.50513  95.2%  73.4 1310s
 1294597 671034 1035.43929   64   40 7000.00000  353.10909  95.0%  73.3 1315s
 1300985 673867 1000.00000   58   27 7000.00000  365.15424  94.8%  73.2 1320s
 1309664 677145 infeasible   58      7000.00000  387.44962  94.5%  73.1 1325s
 1316098 679405 4000.00000   35   16 7000.00000  406.16949  94.2%  73.0 1330s
 1322718 681899 6000.00000   43   18 7000.00000  425.24143  93.9%  72.9 1335s
 1332012 685060 1000.00000   50   26 7000.00000  458.40278  93.5%  72.8 1340s
 1338813 687448 1000.00000   34   17 7000.00000  478.96418  93.2%  72.7 1345s
 1348077 690437 infeasible   61      7000.00000  500.00000  92.9%  72.6 1350s
 1355117 692445 5000.00000   57   23 7000.00000  504.74803  92.8%  72.5 1355s
 1361643 694354 infeasible   90      7000.00000  560.26397  92.0%  72.4 1360s
 1371153 696905 infeasible   48      7000.00000  737.00265  89.5%  72.3 1365s
 1378050 698957 2182.61718   62   24 7000.00000 1000.00000  85.7%  72.2 1370s
 1385463 701997 infeasible   86      7000.00000 1000.00000  85.7%  72.1 1375s
 1394230 705645 4000.00000   78   20 7000.00000 1000.00000  85.7%  72.0 1380s
 1403747 709584 1000.00000   62   21 7000.00000 1000.00000  85.7%  71.9 1385s
 1408973 711786 infeasible   57      7000.00000 1000.00000  85.7%  71.9 1390s
 1417383 715473 2000.00000   60   17 7000.00000 1000.00000  85.7%  71.8 1395s
 1424148 718202 3000.00000   65   20 7000.00000 1000.00000  85.7%  71.7 1400s
 1431155 721004 2000.00000   44   18 7000.00000 1000.00000  85.7%  71.7 1405s
 1438554 723949 3000.00000   66   16 7000.00000 1000.00000  85.7%  71.6 1410s
 1447311 727504 4000.00000   63   20 7000.00000 1000.00000  85.7%  71.5 1415s
 1454530 730135 infeasible   79      7000.00000 1000.00000  85.7%  71.4 1420s
 1463633 733923 2000.00000   84   22 7000.00000 1000.00000  85.7%  71.3 1425s
 1470093 736676 1000.00000   53   16 7000.00000 1000.00000  85.7%  71.3 1430s
 1477667 739945 1386.52535   35   25 7000.00000 1000.00000  85.7%  71.2 1435s
 1485161 743089 6000.00000   65    9 7000.00000 1000.00000  85.7%  71.2 1440s
 1491320 745283 1007.93460   45   43 7000.00000 1000.00000  85.7%  71.1 1445s
 1500891 749111 1000.00000   55   22 7000.00000 1000.00000  85.7%  71.0 1450s
 1507680 751486 4000.00000   51   20 7000.00000 1000.00000  85.7%  71.0 1455s
 1515025 754378 2000.00000   54   27 7000.00000 1000.00000  85.7%  70.9 1460s
 1524488 758149 infeasible   52      7000.00000 1000.00000  85.7%  70.8 1465s
 1530916 760739 4945.21474   89   25 7000.00000 1000.00000  85.7%  70.7 1470s
 1537657 763426 5000.00000   66    9 7000.00000 1000.00000  85.7%  70.7 1475s
 1547042 766965 1000.00000   72   19 7000.00000 1000.00000  85.7%  70.6 1480s
 1554494 769603 4676.58752   70   17 7000.00000 1000.00000  85.7%  70.5 1485s
 1563552 773326 1000.00000   44   24 7000.00000 1000.00000  85.7%  70.4 1490s
 1570311 776101 2000.00000   42   19 7000.00000 1000.00000  85.7%  70.4 1495s
 1577039 778964 1000.00000   48   17 7000.00000 1000.00000  85.7%  70.3 1500s
 1585972 782675 1000.00000   51   24 7000.00000 1000.00000  85.7%  70.3 1505s
 1591829 785355 2000.00000   44   22 7000.00000 1000.00000  85.7%  70.2 1510s
 1600031 789041 infeasible   50      7000.00000 1000.00000  85.7%  70.2 1515s
 1606943 791834 2000.00000   68   25 7000.00000 1000.00000  85.7%  70.2 1520s
 1615817 795340 2000.00000   75   21 7000.00000 1000.00000  85.7%  70.1 1525s
 1621984 797786 2000.00000   72   17 7000.00000 1000.00000  85.7%  70.1 1530s
 1630146 800629 6000.00000   86   15 7000.00000 1000.00000  85.7%  70.0 1535s
 1637693 803467 5000.00000   77   14 7000.00000 1000.00000  85.7%  70.0 1540s
 1644702 805851 2000.00000   62   21 7000.00000 1000.00000  85.7%  69.9 1545s
 1653262 809130 infeasible   85      7000.00000 1000.00000  85.7%  69.8 1550s
 1660653 812128 3058.02606   48   37 7000.00000 1000.00000  85.7%  69.8 1555s
 1667793 814682 infeasible   58      7000.00000 1000.00000  85.7%  69.7 1560s
 1676780 818008 infeasible   88      7000.00000 1000.00000  85.7%  69.7 1565s
 1683412 820508     cutoff   54      7000.00000 1000.00000  85.7%  69.6 1570s
 1692028 823803 2000.00000   42   21 7000.00000 1000.00000  85.7%  69.5 1575s
 1698867 826393 2000.00000   71   31 7000.00000 1000.00000  85.7%  69.5 1580s
 1706041 829041 4060.15988   68   18 7000.00000 1000.00000  85.7%  69.5 1585s
 1714481 832280     cutoff   61      7000.00000 1000.00000  85.7%  69.4 1590s
 1722055 835139 4933.53702   55   14 7000.00000 1000.00000  85.7%  69.3 1595s
 1731382 838504 2000.00000   47   23 7000.00000 1000.00000  85.7%  69.3 1600s
 1737788 840888 2000.00000   58   22 7000.00000 1000.00000  85.7%  69.2 1605s
 1746487 844072 infeasible   93      7000.00000 1000.00000  85.7%  69.1 1610s
 1753653 846901 2000.00000   62   35 7000.00000 1000.00000  85.7%  69.1 1615s
 1760305 849230 1000.00000   64   20 7000.00000 1000.00000  85.7%  69.1 1620s
 1768540 852619 2000.00000   58   16 7000.00000 1000.00000  85.7%  69.0 1625s
 1775421 855113 infeasible   48      7000.00000 1000.00000  85.7%  69.0 1630s
 1783506 858621 1013.84540   62   31 7000.00000 1000.00000  85.7%  68.9 1635s
 1790412 861271 1091.08230   60   32 7000.00000 1000.00000  85.7%  68.9 1640s
 1796755 864029 2000.00000   63   22 7000.00000 1000.00000  85.7%  68.9 1645s
 1805124 867584 3000.00000  104   24 7000.00000 1000.00000  85.7%  68.8 1650s
 1811510 870075 4000.00000   63   13 7000.00000 1000.00000  85.7%  68.8 1655s
 1820500 873558 1007.38582   85   34 7000.00000 1000.00000  85.7%  68.8 1660s
 1827030 876163 2084.54601   60   33 7000.00000 1000.00000  85.7%  68.7 1665s
 1836052 879680 5000.00000   56   14 7000.00000 1000.00000  85.7%  68.7 1670s
 1842677 882225 3000.00000   69   17 7000.00000 1000.00000  85.7%  68.7 1675s
 1849244 884628 5500.00000   53   18 7000.00000 1000.00000  85.7%  68.6 1680s
 1857342 887736 2170.38954   64   26 7000.00000 1000.00000  85.7%  68.6 1685s
 1864130 890507 infeasible   69      7000.00000 1000.00000  85.7%  68.6 1690s
 1872745 893934 infeasible   72      7000.00000 1000.00000  85.7%  68.5 1695s
 1879593 896518 1000.00000   60   20 7000.00000 1000.00000  85.7%  68.5 1700s
 1885446 898784 1000.00000   62   23 7000.00000 1000.00000  85.7%  68.5 1705s
 1893866 902121 4000.00000   59   16 7000.00000 1000.00000  85.7%  68.5 1710s
 1902244 905425 1300.53384   52   24 7000.00000 1000.00000  85.7%  68.4 1715s
 1909024 907839 4000.00000   77   18 7000.00000 1000.00000  85.7%  68.4 1720s
 1915493 910333 2000.00000   74   20 7000.00000 1000.00000  85.7%  68.4 1725s
 1924783 914075 1614.72043   57   25 7000.00000 1000.00000  85.7%  68.3 1730s
 1931350 916777 2023.27090   64   41 7000.00000 1000.00000  85.7%  68.3 1735s
 1940412 920169 1086.84019   54   30 7000.00000 1000.00000  85.7%  68.2 1740s
 1947303 922762 1000.00000   65   21 7000.00000 1000.00000  85.7%  68.2 1745s
 1953837 925321 infeasible   95      7000.00000 1000.00000  85.7%  68.2 1750s
 1963082 929103 5359.94899   45   17 7000.00000 1000.00000  85.7%  68.1 1755s
 1970330 931987 3000.00000   65   13 7000.00000 1000.00000  85.7%  68.1 1760s
 1977860 934665 2000.00000   91   17 7000.00000 1000.00000  85.7%  68.0 1765s
 1986190 937845 1038.68719   51   37 7000.00000 1000.00000  85.7%  68.0 1770s
 1992280 940219 1009.14700   47   36 7000.00000 1000.00000  85.7%  67.9 1775s
 2001064 943689 2000.00000   57   12 7000.00000 1000.00000  85.7%  67.9 1780s
 2007462 945983 3000.00000   46   23 7000.00000 1000.00000  85.7%  67.9 1785s
 2014029 948274 5000.00000   63   24 7000.00000 1000.00000  85.7%  67.8 1790s
 2023107 951972 2000.00000   46   20 7000.00000 1000.00000  85.7%  67.8 1795s
 2029920 954279 infeasible   90      7000.00000 1000.00000  85.7%  67.8 1800s

Cutting planes:
  Learned: 1
  Gomory: 1
  Implied bound: 13
  Projected implied bound: 6
  Dual implied bound: 2
  Clique: 2
  MIR: 10
  Mixing: 4
  Flow cover: 61
  GUB cover: 4
  Inf proof: 24
  Zero half: 1
  RLT: 2
  Relax-and-lift: 14

Explored 2030152 nodes (137555268 simplex iterations) in 1800.00 seconds (1054.55 work units)
Thread count was 8 (of 8 available processors)

Solution count 6: 7000 8000 12000 ... 21000

Time limit reached
Best objective 7.000000000000e+03, best bound 1.000000000000e+03, gap 85.7143%
