
Gurobi 13.0.1 (linux64) logging started Thu Apr 23 11:11:46 2026

Set parameter LogFile to value "experiments/20260422_213746/logs/Inst_12_Medium_Phantom_23__drone_index.log"
Set parameter LogToConsole to value 0
Set parameter TimeLimit to value 1800
Gurobi Optimizer version 13.0.1 build v13.0.1rc0 (linux64 - "Ubuntu 24.04.4 LTS")

CPU model: Intel(R) Core(TM) i5-8250U CPU @ 1.60GHz, instruction set [SSE2|AVX|AVX2]
Thread count: 4 physical cores, 8 logical processors, using up to 8 threads

Non-default parameters:
TimeLimit  1800
LogToConsole  0
LazyConstraints  1

Optimize a model with 41843 rows, 40578 columns and 192930 nonzeros (Min)
Model fingerprint: 0x9aa70f88
Model has 29 linear objective coefficients
Variable types: 20010 continuous, 20568 integer (20568 binary)
Coefficient statistics:
  Matrix range     [1e+00, 3e+04]
  Objective range  [1e+03, 1e+03]
  Bounds range     [1e+00, 1e+00]
  RHS range        [1e+00, 1e+00]

Presolve removed 9338 rows and 4669 columns
Presolve time: 0.59s
Presolved: 32505 rows, 35909 columns, 169424 nonzeros
Variable types: 15341 continuous, 20568 integer (20568 binary)
Root relaxation presolved: 32505 rows, 35909 columns, 169424 nonzeros

Deterministic concurrent LP optimizer: primal and dual simplex
Showing primal log only...

Concurrent spin time: 0.00s

Solved with primal simplex

Use crossover to convert LP symmetric solution to basic solution...
Crossover time: 0.04 seconds (0.03 work units)

Root relaxation: objective 1.546460e+03, 3601 iterations, 0.15 seconds (0.11 work units)

    Nodes    |    Current Node    |     Objective Bounds      |     Work
 Expl Unexpl |  Obj  Depth IntInf | Incumbent    BestBd   Gap | It/Node Time

     0     0 1546.45952    0  147          - 1546.45952      -     -    1s
     0     0 1546.45952    0  147          - 1546.45952      -     -    5s
     0     0 1546.45952    0  208          - 1546.45952      -     -   10s
     0     0 1663.14495    0  395          - 1663.14495      -     -   28s
     0     0 1867.43174    0  494          - 1867.43174      -     -   57s
     0     0 2025.79732    0  537          - 2025.79732      -     -  102s
     0     0 2096.83352    0  558          - 2096.83352      -     -  127s
     0     0 2183.06666    0  617          - 2183.06666      -     -  192s
     0     0 2252.75301    0  568          - 2252.75301      -     -  215s
     0     0 2254.95295    0  512          - 2254.95295      -     -  222s
     0     0 2259.32575    0  585          - 2259.32575      -     -  231s
     0     0 2259.35803    0  547          - 2259.35803      -     -  233s
     0     0 2276.59474    0  582          - 2276.59474      -     -  258s
     0     0 2276.59474    0  582          - 2276.59474      -     -  258s
     0     0 2276.59474    0  727          - 2276.59474      -     -  264s
     0     0 2276.59474    0  667          - 2276.59474      -     -  279s
     0     0 2277.95875    0  279          - 2277.95875      -     -  313s
     0     0 2277.97018    0  279          - 2277.97018      -     -  318s
     0     0 2278.38930    0  335          - 2278.38930      -     -  326s
     0     0 2278.75603    0  359          - 2278.75603      -     -  329s
     0     0 2278.76786    0  339          - 2278.76786      -     -  330s
     0     0 2315.12797    0  371          - 2315.12797      -     -  399s
     0     0 2315.92436    0  540          - 2315.92436      -     -  416s
     0     0 2315.92436    0  521          - 2315.92436      -     -  417s
     0     0 2316.16649    0  688          - 2316.16649      -     -  441s
     0     0 2316.29369    0  688          - 2316.29369      -     -  449s
     0     0 2316.29369    0  707          - 2316.29369      -     -  460s
     0     0 2316.29369    0  741          - 2316.29369      -     -  472s
     0     0 2316.29369    0  741          - 2316.29369      -     -  473s
     0     0 2316.29369    0  382          - 2316.29369      -     -  480s
     0     0 2316.29551    0  382          - 2316.29551      -     -  499s
     0     0 2316.29551    0  382          - 2316.29551      -     -  501s
     0     2 2316.29551    0  373          - 2316.29551      -     -  517s
     1     3 3008.80192    1  544          - 2316.35028      - 65218  589s
     2     5 3032.87881    2  628          - 2316.35028      - 38204  672s
     4     7 3149.25341    3  366          - 2458.33991      - 38743  776s
     6    10 3894.98614    4  368          - 2458.33991      - 36513  856s
     9    22 3894.98614    5  395          - 2458.33991      - 24658  926s
    21    42 3894.98614    6  310          - 2458.33991      - 12567  957s
    41    60 3894.98614   11  330          - 2458.33991      -  9523  973s
    59    77 3894.98614   16  260          - 2458.33991      -  8501  981s
    76    91 3894.98614   21  284          - 2458.33991      -  6834  989s
    90    95 3894.98614   26  283          - 2458.33991      -  5876  994s
    94    99 3894.98614   27  287          - 2458.33991      -  5766 1000s
    98   105 3894.98614   28  304          - 2458.33991      -  5772 1008s
   104   109 3894.98614   29  336          - 2458.33991      -  5521 1017s
   108   113 3894.98614   30  246          - 2458.33991      -  5546 1024s
   112   118 3894.98614   31  261          - 2458.33991      -  5610 1031s
   117   125 3894.98614   33  243          - 2458.33991      -  5399 1038s
   124   129 3894.98614   34  332          - 2458.33991      -  5313 1056s
   128   140 3894.98614   35  411          - 2458.33991      -  5247 1064s
   139   144 3897.38451   38  307          - 2458.33991      -  4917 1071s
   143   159 3897.38451   39  287          - 2458.33991      -  4817 1084s
   158   162 3885.02604   24  205          - 2458.33991      -  4465 1100s
   161   167 3902.78800   42  309          - 2458.33991      -  4388 1107s
   166   171 3902.78800   44  246          - 2458.33991      -  4279 1117s
   170   178 3902.78800   45  358          - 2458.33991      -  4233 1126s
   177   203 3902.78800   46  344          - 2458.33991      -  4099 1136s
   202   214 3902.78800   54  271          - 2458.33991      -  3648 1146s
   213   242 3902.90596   56  247          - 2458.33991      -  3499 1160s
   241   270 3925.89775   61  138          - 2458.33991      -  3181 1175s
   271   295 3914.89719   63  248          - 2458.33991      -  2943 1185s
   298   322 3932.94434   67  197          - 2458.33991      -  2753 1195s
   325   340 3964.94270   70  259          - 2458.33991      -  2578 1204s
   343   374 3978.31037   71  214          - 2458.33991      -  2461 1215s
   379   405 3978.50047   72  192          - 2458.33991      -  2286 1235s
   412   433 4016.20155   75  165          - 2458.33991      -  2200 1249s
   448   448 4041.55157   81  183          - 2458.33991      -  2101 1273s
   479   452 4060.55259   85  181          - 2458.50053      -  2021 1287s
   483   478 4060.65327   86  180          - 2458.50053      -  2035 1310s
   509   482 4063.26956   87  109          - 2458.50053      -  1960 1333s
   515   531 4112.56576   90  187          - 2458.50053      -  1950 1361s
   564   591 4194.40625  113  174          - 2458.50053      -  1837 1386s
   624   649 4247.11037  134  179          - 2458.50053      -  1714 1403s
   684   700 4320.11418  152  163          - 2458.50053      -  1627 1428s
   769   727 4433.04566  173  235          - 2458.50053      -  1494 1451s
   796   793 infeasible  177               - 2458.50053      -  1460 1475s
   869   868 4738.62372  187   61          - 2458.50053      -  1377 1492s
   968   884 5928.16887  218   44          - 2458.50053      -  1286 1518s
   997   941 4313.49215   92  239          - 2458.50053      -  1277 1533s
  1064   987 4313.49215   93  189          - 2458.50053      -  1214 1560s
  1131  1015 4350.94158  101  183          - 2458.50053      -  1204 1579s
  1164  1016 3843.37559   55  382          - 2458.50053      -  1204 1603s
  1166  1017 4043.15112   70  190          - 2458.50053      -  1202 1642s
  1167  1018 3903.69367   55  119          - 2458.50053      -  1201 1665s
  1168  1019 4194.84921  115  330          - 2458.50053      -  1200 1717s
  1169  1019 6600.00000  166  264          - 2458.50053      -  1199 1757s

Cutting planes:
  Cover: 17
  Implied bound: 54
  Clique: 9
  MIR: 9
  Flow cover: 21
  Flow path: 1
  RLT: 3
  BQP: 2
  Lazy constraints: 120

Explored 1169 nodes (1901837 simplex iterations) in 1800.05 seconds (1747.24 work units)
Thread count was 8 (of 8 available processors)

Solution count 0

Time limit reached
Best objective -, best bound 2.600000000000e+03, gap -

User-callback calls 345746, time in user-callback 4.81 sec
