
Gurobi 13.0.1 (linux64) logging started Thu Apr 23 19:20:13 2026

Set parameter LogFile to value "experiments/20260422_213746/logs/Inst_18_Hard_Phantom_35__ribeiro.log"
Set parameter LogToConsole to value 0
Set parameter TimeLimit to value 1800
Gurobi Optimizer version 13.0.1 build v13.0.1rc0 (linux64 - "Ubuntu 24.04.4 LTS")

CPU model: Intel(R) Core(TM) i5-8250U CPU @ 1.60GHz, instruction set [SSE2|AVX|AVX2]
Thread count: 4 physical cores, 8 logical processors, using up to 8 threads

Non-default parameters:
TimeLimit  1800
LogToConsole  0

Optimize a model with 6824 rows, 2133 columns and 22804 nonzeros (Min)
Model fingerprint: 0x653f65eb
Model has 53 linear objective coefficients
Variable types: 90 continuous, 2043 integer (1989 binary)
Coefficient statistics:
  Matrix range     [1e+00, 3e+04]
  Objective range  [1e+03, 1e+03]
  Bounds range     [1e+00, 3e+04]
  RHS range        [1e+00, 6e+04]

Presolve removed 824 rows and 14 columns
Presolve time: 0.15s
Presolved: 6000 rows, 2119 columns, 21394 nonzeros
Variable types: 79 continuous, 2040 integer (1987 binary)
Found heuristic solution: objective 51000.000000

Root relaxation: objective 0.000000e+00, 666 iterations, 0.04 seconds (0.02 work units)

    Nodes    |    Current Node    |     Objective Bounds      |     Work
 Expl Unexpl |  Obj  Depth IntInf | Incumbent    BestBd   Gap | It/Node Time

     0     0    0.00000    0   58 51000.0000    0.00000   100%     -    0s
H    0     0                    49000.000000    0.00000   100%     -    0s
H    0     0                    39400.000000    0.00000   100%     -    0s
H    0     0                    37000.000000    0.00000   100%     -    0s
H    0     0                    35800.000000    0.00000   100%     -    0s
     0     0    0.00000    0  103 35800.0000    0.00000   100%     -    0s
H    0     0                    33400.000000    0.00000   100%     -    0s
     0     0    0.00000    0  107 33400.0000    0.00000   100%     -    0s
H    0     0                    32400.000000    0.00000   100%     -    1s
H    0     0                    30000.000000    0.00000   100%     -    1s
H    0     0                    28800.000000    0.00000   100%     -    1s
     0     0    0.00000    0  107 28800.0000    0.00000   100%     -    1s
     0     0    0.00000    0   65 28800.0000    0.00000   100%     -    2s
H    0     0                    25200.000000    0.00000   100%     -    2s
     0     0    0.00000    0   81 25200.0000    0.00000   100%     -    2s
H    0     0                    24000.000000    0.00000   100%     -    2s
H    0     0                    22800.000000    0.00000   100%     -    2s
     0     0    0.00000    0  109 22800.0000    0.00000   100%     -    2s
     0     0    0.00000    0   71 22800.0000    0.00000   100%     -    3s
H    0     0                    20400.000000    0.00000   100%     -    4s
H    0     0                    19200.000000    0.00000   100%     -    4s
     0     0    0.00000    0   87 19200.0000    0.00000   100%     -    4s
     0     0    0.00000    0  110 19200.0000    0.00000   100%     -    5s
     0     0    0.00000    0   64 19200.0000    0.00000   100%     -    5s
H    0     0                    18200.000000    0.00000   100%     -    6s
H    0     0                    17000.000000    0.00000   100%     -    6s
     0     0    0.00000    0   90 17000.0000    0.00000   100%     -    6s
     0     0    0.00000    0  128 17000.0000    0.00000   100%     -    6s
     0     0    0.00000    0   70 17000.0000    0.00000   100%     -    7s
     0     0    0.00000    0   71 17000.0000    0.00000   100%     -    7s
     0     0    0.00000    0   71 17000.0000    0.00000   100%     -    7s
     0     2    0.00000    0   71 17000.0000    0.00000   100%     -    7s
H   32    37                    16000.000000    0.00000   100%   261    9s
    40    48    0.00000   11   95 16000.0000    0.00000   100%   235   10s
   334   508   99.03649   83  104 16000.0000    0.00000   100%   209   16s
H  487   508                    15000.000000    0.00000   100%   183   16s
  1204   981 1072.66044   79   71 15000.0000    0.00000   100%   206   22s
  1207   983  284.23920   89  102 15000.0000    0.00000   100%   205   25s
H 1209   934                    13800.000000    0.00000   100%   205   29s
  1210   935 4000.00000   69  122 13800.0000    0.00000   100%   205   30s
  1213   937 3000.00000   61  107 13800.0000    0.00000   100%   204   36s
  1215   938 3200.00000  170   99 13800.0000    0.00000   100%   204   40s
  1217   940 4000.00000  130  134 13800.0000   17.36766   100%   203   46s
  1220   942 4000.00000   15  130 13800.0000  125.00000  99.1%   203   50s
  1221   942  200.00000   96  107 13800.0000  200.00000  98.6%   203   56s
  1226   946 5000.00000  145  142 13800.0000  400.00000  97.1%   202   63s
  1228   947 2000.00000    7  107 13800.0000 1000.00000  92.8%   202   66s
  1231   949 2000.00000  115   90 13800.0000 1000.00000  92.8%   201   70s
  1233   950 2000.00000   46  102 13800.0000 1000.00000  92.8%   201   75s
  1236   952 2000.00000    9   84 13800.0000 1000.00000  92.8%   200   80s
  1240   955 1000.00000   56   79 13800.0000 1000.00000  92.8%   200   86s
H 1241   908                    13600.000000 1000.00000  92.6%   200   88s
  1245   912 2000.00000   40   71 13600.0000 1000.00000  92.6%   278   90s
  1249   915 1000.00000   72   88 13600.0000 1000.00000  92.6%   277   96s
  1252   917 1000.00000   12   67 13600.0000 1000.00000  92.6%   276  101s
  1255   919 1000.00000   21   82 13600.0000 1000.00000  92.6%   275  106s
  1258   921 1000.00000   39   84 13600.0000 1000.00000  92.6%   275  112s
  1260   922 5000.00000  140   87 13600.0000 1000.00000  92.6%   274  115s
  1263   924 2251.31921  128   75 13600.0000 1000.00000  92.6%   274  121s
  1275   941 1000.00000   28  113 13600.0000 1000.00000  92.6%   314  125s
  1287   948 1000.00000   30   77 13600.0000 1000.00000  92.6%   316  130s
  1335  1095 1000.00000   38   72 13600.0000 1000.00000  92.6%   316  136s
  1457  1157 3200.00000   57   56 13600.0000 1000.00000  92.6%   311  141s
  1637  1284 3200.00000   72   68 13600.0000 1000.00000  92.6%   327  148s
  1755  1278 4200.00000   78   59 13600.0000 1000.00000  92.6%   333  151s
  1788  1374 5200.00000   80   51 13600.0000 1000.00000  92.6%   340  156s
  1906  1395 4200.00000   90   48 13600.0000 1000.00000  92.6%   354  165s
  1991  1440 3394.22624   98   73 13600.0000 1000.00000  92.6%   371  173s
  2042  1482 4200.00000  104   66 13600.0000 1000.00000  92.6%   384  177s
  2127  1540 5200.00000  112   51 13600.0000 1000.00000  92.6%   395  184s
  2246  1631 5200.00000  129   52 13600.0000 1000.00000  92.6%   396  188s
  2411  1586 6200.00000  147   57 13600.0000 1000.00000  92.6%   398  192s
  2421  1721 6200.00000  149   55 13600.0000 1000.00000  92.6%   398  197s
  2633  1804 1000.00000   47   71 13600.0000 1000.00000  92.6%   385  201s
  2797  1983 2000.00000   73   61 13600.0000 1000.00000  92.6%   388  205s
  3062  2031 4200.00000   94   55 13600.0000 1000.00000  92.6%   387  210s
  3466  2255 infeasible  136      13600.0000 1000.00000  92.6%   396  218s
  3699  2339 2000.00000  121   71 13600.0000 1000.00000  92.6%   393  223s
  3871  2286 2000.00000  143   76 13600.0000 1000.00000  92.6%   395  227s
  3875  2325 2000.00000  144   69 13600.0000 1000.00000  92.6%   396  231s
  3916  2426 3000.00000  161   52 13600.0000 1000.00000  92.6%   398  235s
  4075  2555 3000.00000  188   60 13600.0000 1000.00000  92.6%   400  240s
  4305  2747 3006.98046  192  105 13600.0000 1000.00000  92.6%   395  245s
  4680  2947 3008.89985  214  116 13600.0000 1000.00000  92.6%   393  253s
  4720  3058 5000.00000  212   56 13600.0000 1000.00000  92.6%   392  258s
  4843  3225 3120.60812  215  108 13600.0000 1000.00000  92.6%   396  262s
  5070  3459 infeasible  225      13600.0000 1000.00000  92.6%   393  265s
  5356  3720 infeasible  250      13600.0000 1000.00000  92.6%   389  271s
  5704  3993 1094.17769   58   87 13600.0000 1000.00000  92.6%   380  276s
  6017  4231 infeasible  135      13600.0000 1000.00000  92.6%   375  280s
  6316  4453 4000.00000  116   50 13600.0000 1000.00000  92.6%   373  286s
  6557  4669 5000.00000  142   54 13600.0000 1000.00000  92.6%   369  290s
  6823  4748 5000.00000   71   60 13600.0000 1000.00000  92.6%   369  295s
  6924  4982 6000.00000   78   67 13600.0000 1000.00000  92.6%   369  302s
  7214  5392 5017.49162   87  100 13600.0000 1000.00000  92.6%   364  307s
  7668  5810 8000.00000  177   47 13600.0000 1000.00000  92.6%   356  313s
  8114  6215 2000.00000  113   81 13600.0000 1000.00000  92.6%   350  320s
  8605  6611 5000.00000  135   49 13600.0000 1000.00000  92.6%   344  326s
  9086  6615 7200.00000  174   56 13600.0000 1000.00000  92.6%   337  333s
  9098  6619 7237.75923  176   76 13600.0000 1000.00000  92.6%   337  340s
  9102  6769 8200.00000  177   52 13600.0000 1000.00000  92.6%   337  347s
  9298  7105 1000.00000   42   68 13600.0000 1000.00000  92.6%   338  355s
  9698  7446 1000.00000   97   74 13600.0000 1000.00000  92.6%   337  362s
 10041  7728 3000.00000  190   78 13600.0000 1000.00000  92.6%   338  369s
 10392  7915 7000.00000  110   67 13600.0000 1000.00000  92.6%   340  382s
 10581  8800 7000.00000  111   60 13600.0000 1000.00000  92.6%   341  400s
 11596  9251 1000.00000  138   63 13600.0000 1000.00000  92.6%   341  410s
 12103  9614 infeasible  275      13600.0000 1000.00000  92.6%   336  419s
 12493  9897 2000.00000  101   73 13600.0000 1000.00000  92.6%   334  427s
 12843 10089 6000.00000  225   50 13600.0000 1000.00000  92.6%   338  436s
 13090 10162 4000.00000  211   61 13600.0000 1000.00000  92.6%   342  445s
 13199 10534 infeasible  208      13600.0000 1000.00000  92.6%   343  454s
 13671 10930 7000.00000  205   60 13600.0000 1000.00000  92.6%   344  463s
 14183 10998 5000.00000   97   75 13600.0000 1000.00000  92.6%   344  474s
 14276 11309 5000.00000  101   71 13600.0000 1000.00000  92.6%   346  483s
 14741 11711 8000.00000  126   65 13600.0000 1000.00000  92.6%   348  492s
 15185 12059 3000.00000  165   76 13600.0000 1000.00000  92.6%   348  502s
 15549 12226 6000.00000  248   69 13600.0000 1000.00000  92.6%   350  511s
 15817 12230 3000.00000  154   67 13600.0000 1000.00000  92.6%   352  520s
 15821 12321 3000.00000  155   72 13600.0000 1000.00000  92.6%   352  532s
 15928 12500 3000.00000  183   58 13600.0000 1000.00000  92.6%   356  541s
 16147 12662 3014.71848  219   77 13600.0000 1000.00000  92.6%   365  551s
 16409 13102 infeasible  240      13600.0000 1000.00000  92.6%   368  561s
 16856 13447 2000.00000  239   73 13600.0000 1000.00000  92.6%   368  571s
 17255 13784 3000.00000  335   75 13600.0000 1000.00000  92.6%   370  581s
 17660 14357 7200.00000  387   71 13600.0000 1000.00000  92.6%   368  590s
 18376 14732 3000.00000   76   58 13600.0000 1000.00000  92.6%   364  600s
 18834 15244 5123.22733  169   56 13600.0000 1000.00000  92.6%   366  609s
 19360 15406 infeasible  234      13600.0000 1000.00000  92.6%   365  618s
 19548 15710 infeasible  232      13600.0000 1000.00000  92.6%   365  628s
 19925 16136 2000.00000   64   79 13600.0000 1000.00000  92.6%   367  638s
 20379 16525 5000.00000  218   63 13600.0000 1000.00000  92.6%   366  647s
 20842 16526 6200.00000  295   71 13600.0000 1000.00000  92.6%   365  722s
 20845 16528 8200.00000  348   93 13600.0000 1000.00000  92.6%   365  726s
 20847 16529 5200.00000  143   94 13600.0000 1000.00000  92.6%   365  732s
 20848 16530 3000.00000  147   89 13600.0000 1000.00000  92.6%   365  735s
 20849 16531 4000.00000  180   83 13600.0000 1000.00000  92.6%   365  740s
 20851 16532 5200.00000  241   79 13600.0000 1000.00000  92.6%   365  751s
 20853 16533 4000.00000   94   84 13600.0000 1000.00000  92.6%   365  759s
 20854 16534 6200.00000  144   84 13600.0000 1000.00000  92.6%   365  761s
 20882 16563 1000.00000   41   70 13600.0000 1000.00000  92.6%   367  765s
 20923 16587 1000.00000   44   53 13600.0000 1000.00000  92.6%   366  770s
 21006 16682 1000.00000   53   59 13600.0000 1000.00000  92.6%   366  777s
 21119 16714 1000.00000   64   57 13600.0000 1000.00000  92.6%   366  782s
H21120 15886                    13400.000000 1000.00000  92.5%   366  782s
 21125 15946 1000.00000   64   62 13400.0000 1000.00000  92.5%   366  786s
 21278 15982 2000.00000   78   67 13400.0000 1000.00000  92.5%   367  792s
 21285 15983 2000.00000   80   58 13400.0000 1000.00000  92.5%   367  796s
 21304 16016 2000.00000   81   73 13400.0000 1000.00000  92.5%   368  802s
 21340 16073 2000.00000   87   52 13400.0000 1000.00000  92.5%   368  806s
 21462 16155 3000.00000  102   52 13400.0000 1000.00000  92.5%   369  813s
 21564 16187 3000.00000  115   55 13400.0000 1000.00000  92.5%   370  817s
 21680 16225 2123.84154   81   72 13400.0000 1000.00000  92.5%   370  820s
 21848 16331 4000.00000   81   42 13400.0000 1000.00000  92.5%   371  826s
 22019 16362 5200.00000  110   48 13400.0000 1000.00000  92.5%   371  831s
 22051 16417 4000.00000  111   49 13400.0000 1000.00000  92.5%   370  835s
 22140 16513 1000.00000   71   51 13400.0000 1000.00000  92.5%   371  841s
 22288 16615 2000.00000  100   58 13400.0000 1000.00000  92.5%   372  849s
 22446 16718 2053.54850  118   93 13400.0000 1000.00000  92.5%   374  857s
 22644 16775 6013.89676  132   91 13400.0000 1000.00000  92.5%   376  865s
H22661 15984                    13200.000000 1000.00000  92.4%   376  865s
 22769 16224 4000.00000  137   52 13200.0000 1000.00000  92.4%   376  874s
 23054 16319 7200.00000  188   54 13200.0000 1000.00000  92.4%   376  882s
 23312 16556 9209.76086  233   87 13200.0000 1000.00000  92.4%   376  890s
 23669 16624 5000.00000  119   50 13200.0000 1000.00000  92.4%   374  898s
 23860 16581 5000.00000  184   55 13200.0000 1000.00000  92.4%   374  905s
H23882 15828                    12200.000000 1000.00000  91.8%   373  905s
 23883 16023 infeasible  201      12200.0000 1000.00000  91.8%   373  913s
 24124 16135 9200.00000  251   43 12200.0000 1000.00000  91.8%   375  920s
 24345 16308 10200.0000  268   52 12200.0000 1000.00000  91.8%   373  927s
 24621 16444 3000.00000  100   58 12200.0000 1000.00000  91.8%   373  934s
 24913 16757 4000.00000  120   71 12200.0000 1000.00000  91.8%   373  940s
 25374 16720 5000.00000  166   46 12200.0000 1000.00000  91.8%   369  946s
 25539 16979 infeasible  211      12200.0000 1000.00000  91.8%   368  953s
 25912 17260 6000.00000  140   56 12200.0000 1000.00000  91.8%   367  960s
 26383 17530 4000.00000  162   61 12200.0000 1000.00000  91.8%   365  966s
 26870 17597 2000.00000   87   44 12200.0000 1000.00000  91.8%   362  972s
 27107 17914 infeasible  152      12200.0000 1000.00000  91.8%   360  978s
 27589 18228 5000.00000  186   49 12200.0000 1000.00000  91.8%   357  987s
 28100 18324 4000.00000   81   49 12200.0000 1000.00000  91.8%   355  994s
 28541 18498 3000.00000   85   61 12200.0000 1000.00000  91.8%   354 1001s
 28944 18367 8000.00000  264   54 12200.0000 1000.00000  91.8%   354 1009s
H28946 17643                    11200.000000 1000.00000  91.1%   354 1009s
 28948 18016 infeasible  265      11200.0000 1000.00000  91.1%   354 1017s
 29364 18184 6000.00000  141   65 11200.0000 1000.00000  91.1%   354 1025s
 29675 18502 infeasible  247      11200.0000 1000.00000  91.1%   355 1033s
 30148 18623 6200.00000  269   48 11200.0000 1000.00000  91.1%   355 1042s
 30509 19132 7000.00000  216   60 11200.0000 1000.00000  91.1%   353 1051s
 31359 19348 6000.00000  170   49 11200.0000 1000.00000  91.1%   348 1064s
 32037 19523 4000.00000   83   69 11200.0000 1000.00000  91.1%   347 1071s
 32498 19374 3000.00000   89   70 11200.0000 1000.00000  91.1%   346 1077s
 32502 19452 3000.00000   90   64 11200.0000 1000.00000  91.1%   346 1083s
H32580 18716                    10000.000000 1000.00000  90.0%   346 1083s
 32582 19015 3000.00000  134   55 10000.0000 1000.00000  90.0%   346 1091s
 32959 19154 3599.11835  177   68 10000.0000 1000.00000  90.0%   346 1098s
 33274 19495 infeasible  196      10000.0000 1000.00000  90.0%   347 1105s
 33824 19694 3000.00000   69   56 10000.0000 1000.00000  90.0%   345 1112s
 34273 19621 5000.00000  165   59 10000.0000 1000.00000  90.0%   345 1119s
 34366 19841 5000.00000  180   56 10000.0000 1000.00000  90.0%   345 1127s
 34755 20153 6000.00000  131   63 10000.0000 1000.00000  90.0%   345 1134s
 35382 20355 4000.00000  181   56 10000.0000 1000.00000  90.0%   343 1141s
 35863 20541 2000.00000   57   67 10000.0000 1000.00000  90.0%   342 1147s
 36276 20545 3000.00000  166   66 10000.0000 1000.00000  90.0%   341 1154s
 36445 20836 3000.00000  191   62 10000.0000 1000.00000  90.0%   341 1161s
 36857 21061 3000.00000  261   72 10000.0000 1000.00000  90.0%   341 1168s
 37227 20941 5000.00000  330   63 10000.0000 1000.00000  90.0%   341 1175s
 37231 20976 5000.00000  331   65 10000.0000 1000.00000  90.0%   341 1182s
 37273 21081 infeasible  362      10000.0000 1000.00000  90.0%   341 1189s
 37426 21238 2000.00000   89   56 10000.0000 1000.00000  90.0%   343 1197s
 37677 21443 3000.00000  146   79 10000.0000 1000.00000  90.0%   344 1205s
 38045 21546 3000.00000  191   70 10000.0000 1000.00000  90.0%   344 1212s
 38372 21746 3000.00000  227   86 10000.0000 1000.00000  90.0%   345 1219s
 38713 21962 4000.00000  260   76 10000.0000 1000.00000  90.0%   345 1227s
 39080 22123 7000.00000  327   78 10000.0000 1000.00000  90.0%   344 1234s
 39395 22439 8200.00000  178   53 10000.0000 1000.00000  90.0%   343 1243s
 39949 22719 infeasible  139      10000.0000 1000.00000  90.0%   342 1250s
 40479 22860 2000.00000  157   75 10000.0000 1000.00000  90.0%   340 1257s
 40824 22982 4000.00000  228   57 10000.0000 1000.00000  90.0%   340 1264s
 41089 23348 5200.00000   78   59 10000.0000 1000.00000  90.0%   340 1272s
 41629 23808 3000.00000  138   62 10000.0000 1000.00000  90.0%   339 1283s
 42328 23655 5000.00000  264   64 10000.0000 1000.00000  90.0%   338 1289s
 42410 23939 5000.00000  309   67 10000.0000 1000.00000  90.0%   338 1296s
 42793 24133 3000.00000   70   68 10000.0000 1000.00000  90.0%   338 1302s
 43196 24370 8400.00000   97   61 10000.0000 1000.00000  90.0%   338 1309s
 43637 24420 4000.00000  136   64 10000.0000 1000.00000  90.0%   338 1316s
 43870 24558 6000.00000  185   57 10000.0000 1000.00000  90.0%   337 1324s
 44220 24699 7000.00000   90   70 10000.0000 1000.00000  90.0%   337 1331s
 44521 24969 5000.00000  164   54 10000.0000 1000.00000  90.0%   337 1338s
 44963 25275 4000.00000  123   60 10000.0000 1000.00000  90.0%   336 1345s
 45416 25130 7000.00000  254   59 10000.0000 1000.00000  90.0%   336 1352s
 45426 25482 7000.00000  255   54 10000.0000 1000.00000  90.0%   336 1359s
 45825 25679 6200.00000  160   72 10000.0000 1000.00000  90.0%   335 1366s
 46187 25817 3000.00000  157   66 10000.0000 1000.00000  90.0%   335 1374s
 46471 25726 2000.00000   59   55 10000.0000 1000.00000  90.0%   335 1382s
 46475 25934 2000.00000   60   59 10000.0000 1000.00000  90.0%   335 1390s
 46708 25977 3000.00000  111   56 10000.0000 1000.00000  90.0%   334 1399s
 46869 26295 4000.00000  150   70 10000.0000 1000.00000  90.0%   335 1406s
 47326 26565 4000.00000   78   48 10000.0000 1000.00000  90.0%   335 1414s
 47818 26779 4000.00000  211   70 10000.0000 1000.00000  90.0%   335 1422s
 48268 26858 5000.00000  333   49 10000.0000 1000.00000  90.0%   334 1430s
 48532 27213 1000.00000   58   73 10000.0000 1000.00000  90.0%   334 1437s
 49005 27377 2000.00000  139   60 10000.0000 1000.00000  90.0%   334 1444s
 49398 27672 3005.00415  181   85 10000.0000 1000.00000  90.0%   334 1452s
 49874 27787 2001.84114  209  106 10000.0000 1000.00000  90.0%   334 1460s
 50183 28081 2000.00000  221   70 10000.0000 1000.00000  90.0%   334 1468s
 50614 28214 2003.36939  253  105 10000.0000 1000.00000  90.0%   334 1475s
 50951 28276 3000.00000  283   59 10000.0000 1000.00000  90.0%   335 1484s
 51137 28424 3000.00000  311   57 10000.0000 1000.00000  90.0%   336 1491s
 51394 28480 5000.00000  336   58 10000.0000 1000.00000  90.0%   337 1498s
 51574 28598 2000.00000   61   69 10000.0000 1000.00000  90.0%   338 1506s
 51762 28965 3000.00000  104   64 10000.0000 1000.00000  90.0%   339 1515s
 52218 29288 infeasible  262      10000.0000 1000.00000  90.0%   338 1526s
 52784 29494 3000.00000   83   51 10000.0000 1000.00000  90.0%   338 1533s
 53249 29759 4200.00000  169   66 10000.0000 1000.00000  90.0%   338 1540s
 53736 29745 1000.00000   49   76 10000.0000 1000.00000  90.0%   337 1545s
 53887 29780 1000.00000   58   63 10000.0000 1000.00000  90.0%   338 1551s
 53982 29968 1000.00000   66   71 10000.0000 1000.00000  90.0%   339 1559s
 54238 30185 3000.00000   75   83 10000.0000 1000.00000  90.0%   340 1567s
 54608 30066 2000.00000   92   56 10000.0000 1000.00000  90.0%   341 1575s
 54612 30073 2000.00000   92   55 10000.0000 1000.00000  90.0%   341 1584s
 54622 30225 2000.00000   93   81 10000.0000 1000.00000  90.0%   341 1592s
 54821 30401 2000.00000   93   57 10000.0000 1000.00000  90.0%   341 1602s
 55096 30700 2000.00000   94   66 10000.0000 1000.00000  90.0%   341 1611s
 55534 30676 3000.00000  120   56 10000.0000 1000.00000  90.0%   341 1619s
 55658 30890 3000.00000  125   65 10000.0000 1000.00000  90.0%   342 1627s
 55925 31082 4000.00000  155   54 10000.0000 1000.00000  90.0%   344 1636s
 56287 31060 infeasible  178      10000.0000 1000.00000  90.0%   346 1645s
 56468 31596 2000.00000   53   63 10000.0000 1000.00000  90.0%   346 1655s
 57111 31836 7000.00000  260   66 10000.0000 1000.00000  90.0%   345 1663s
 57622 32033 8000.00000  392   67 10000.0000 1000.00000  90.0%   345 1672s
 58072 32296 infeasible  104      10000.0000 1000.00000  90.0%   346 1681s
 58552 32520 3000.00000  112   56 10000.0000 1000.00000  90.0%   346 1689s
 59034 32823 1147.28371   69   87 10000.0000 1000.00000  90.0%   346 1697s
 59558 33137 5000.00000  199   59 10000.0000 1000.00000  90.0%   345 1705s
 59978 33348 2000.00000   80   66 10000.0000 1000.00000  90.0%   345 1714s
 60220 33730 2000.00000  143   48 10000.0000 1000.00000  90.0%   345 1723s
 60630 34038 2000.00000  191   58 10000.0000 1000.00000  90.0%   346 1732s
 61026 34321 3036.16297  214  100 10000.0000 1000.00000  90.0%   346 1740s
 61351 34842 5000.00000  221   55 10000.0000 1000.00000  90.0%   347 1749s
 61994 35160 2000.00000   75   69 10000.0000 1000.00000  90.0%   346 1757s
 62360 35467 5000.00000  182   61 10000.0000 1000.00000  90.0%   346 1765s
 62763 35863 2000.00000   82   60 10000.0000 1000.00000  90.0%   346 1777s
 63221 35964 2000.00000  147   63 10000.0000 1000.00000  90.0%   347 1785s
 63345 36613 1000.00000   65   69 10000.0000 1000.00000  90.0%   348 1796s
 64075 36784 3000.00000   83   62 10000.0000 1000.00000  90.0%   347 1800s

Cutting planes:
  Gomory: 2
  Cover: 19
  Implied bound: 32
  Projected implied bound: 3
  Clique: 2
  StrongCG: 2
  Flow cover: 12
  GUB cover: 28
  Inf proof: 1
  Zero half: 1

Explored 64289 nodes (22331141 simplex iterations) in 1800.01 seconds (1977.41 work units)
Thread count was 8 (of 8 available processors)

Solution count 10: 10000 11200 12200 ... 17000

Time limit reached
Best objective 1.000000000000e+04, best bound 1.000000000198e+03, gap 90.0000%
