
Gurobi 13.0.1 (linux64) logging started Wed Apr 22 22:13:02 2026

Set parameter LogFile to value "experiments/20260422_213746/logs/Inst_02_Easy_Inspire__ribeiro.log"
Set parameter LogToConsole to value 0
Set parameter TimeLimit to value 1800
Gurobi Optimizer version 13.0.1 build v13.0.1rc0 (linux64 - "Ubuntu 24.04.4 LTS")

CPU model: Intel(R) Core(TM) i5-8250U CPU @ 1.60GHz, instruction set [SSE2|AVX|AVX2]
Thread count: 4 physical cores, 8 logical processors, using up to 8 threads

Non-default parameters:
TimeLimit  1800
LogToConsole  0

Optimize a model with 844 rows, 294 columns and 2721 nonzeros (Min)
Model fingerprint: 0xadcb4d58
Model has 18 linear objective coefficients
Variable types: 32 continuous, 262 integer (243 binary)
Coefficient statistics:
  Matrix range     [1e+00, 3e+04]
  Objective range  [1e+03, 2e+03]
  Bounds range     [1e+00, 2e+04]
  RHS range        [1e+00, 3e+04]

Presolve removed 120 rows and 6 columns
Presolve time: 0.03s
Presolved: 724 rows, 288 columns, 4576 nonzeros
Variable types: 27 continuous, 261 integer (243 binary)
Found heuristic solution: objective 19000.000000
Found heuristic solution: objective 12000.000000

Root relaxation: objective 0.000000e+00, 118 iterations, 0.00 seconds (0.00 work units)

    Nodes    |    Current Node    |     Objective Bounds      |     Work
 Expl Unexpl |  Obj  Depth IntInf | Incumbent    BestBd   Gap | It/Node Time

     0     0    0.00000    0   14 12000.0000    0.00000   100%     -    0s
H    0     0                    10000.000000    0.00000   100%     -    0s
     0     0    0.00000    0   19 10000.0000    0.00000   100%     -    0s
H    0     0                    8000.0000000    0.00000   100%     -    0s
H    0     0                    7000.0000000    0.00000   100%     -    0s
     0     0    0.00000    0   19 7000.00000    0.00000   100%     -    0s
     0     0    0.00000    0   27 7000.00000    0.00000   100%     -    0s
     0     0    0.00000    0   27 7000.00000    0.00000   100%     -    0s
H    0     0                    6000.0000000    0.00000   100%     -    0s
     0     0    0.00000    0   26 6000.00000    0.00000   100%     -    0s
     0     0    0.00000    0   30 6000.00000    0.00000   100%     -    0s
     0     0    0.00000    0   17 6000.00000    0.00000   100%     -    0s
     0     0    0.00000    0   22 6000.00000    0.00000   100%     -    0s
     0     0    0.00000    0   36 6000.00000    0.00000   100%     -    0s
     0     0    0.00000    0   13 6000.00000    0.00000   100%     -    0s
     0     0    0.00000    0   21 6000.00000    0.00000   100%     -    0s
     0     0    0.00000    0   32 6000.00000    0.00000   100%     -    0s
     0     0    0.00000    0   17 6000.00000    0.00000   100%     -    0s
     0     0    0.00000    0   15 6000.00000    0.00000   100%     -    0s
     0     0    0.00000    0   15 6000.00000    0.00000   100%     -    0s
     0     2    0.00000    0   15 6000.00000    0.00000   100%     -    0s
H 1430   801                    5000.0000000    0.00000   100%  39.5    2s
  3028  1415 infeasible   51      5000.00000    0.00000   100%  55.1    5s
  9585  4115 2000.00000   38   23 5000.00000    0.00000   100%  54.8   10s
 14555  7889    0.00000   31   15 5000.00000    0.00000   100%  55.2   16s
 20828 10003 4000.00000   42   14 5000.00000    0.00000   100%  53.6   20s
 28393 13265 4000.00000   45   12 5000.00000    0.00000   100%  53.7   25s
 29280 14176 1000.00000   45   13 5000.00000    0.00000   100%  53.7   31s
 34405 16081 2000.00000   52   22 5000.00000    0.00000   100%  53.3   35s
 38283 18524 1000.00000   59   17 5000.00000    0.00000   100%  53.9   40s
 43330 21034 1161.31594   50   28 5000.00000    0.00000   100%  54.5   45s
 51360 24717    0.00000   40   19 5000.00000    0.00000   100%  55.0   50s
 57367 27867 infeasible   70      5000.00000    0.00000   100%  55.7   55s
 64800 30999 1000.00000   38   17 5000.00000    0.00000   100%  55.9   60s
 67667 32854    0.00000   32   22 5000.00000    0.00000   100%  56.1   65s
 73447 35738 1000.00000   66   18 5000.00000    0.00000   100%  56.4   70s
 80657 39319 1000.00000   31   26 5000.00000    0.00000   100%  56.4   75s
 87310 42615 4000.00000   68   13 5000.00000    0.00000   100%  56.8   80s
 94254 45598 2000.00000   42   16 5000.00000    0.00000   100%  56.7   85s
 96982 47144 2003.57863   58   32 5000.00000    0.00000   100%  56.9   90s
 103538 50481 infeasible   53      5000.00000    0.00000   100%  57.0   95s
 109172 53170    0.00000   36   19 5000.00000    0.00000   100%  56.9  100s
 117951 56932 4000.00000   59   22 5000.00000    0.00000   100%  56.9  105s
 123266 59357 2000.00000   51   22 5000.00000    0.00000   100%  56.9  110s
 128373 61945    0.00000   39   23 5000.00000    0.00000   100%  57.1  115s
 136562 66118   78.25204   53   39 5000.00000    0.00000   100%  57.1  120s
 143419 69429 2000.00000   52   16 5000.00000    0.00000   100%  57.1  125s
 146021 70625 infeasible   41      5000.00000    0.00000   100%  57.1  130s
 151642 73438 2000.00000   44   26 5000.00000    0.00000   100%  57.1  135s
 158450 76374 2316.73900   54   22 5000.00000    0.00000   100%  57.1  140s
 164915 79702 2000.00000   57   29 5000.00000    0.00000   100%  57.1  145s
 170360 82528    0.00000   52   21 5000.00000    0.00000   100%  57.2  150s
 178452 86344 1000.00000   50   22 5000.00000    0.00000   100%  57.3  155s
 183686 88904 2000.00000   43   14 5000.00000    0.00000   100%  57.4  160s
 191657 92328 1000.00000   37   28 5000.00000    0.00000   100%  57.4  165s
 198416 95754 1000.00000   64   23 5000.00000    0.00000   100%  57.2  170s
 200428 96620 1000.00000   49   25 5000.00000    0.00000   100%  57.2  175s
 204138 98640  393.47798   55   26 5000.00000    0.00000   100%  57.2  180s
 210612 101656  197.58358   50   29 5000.00000    0.00000   100%  57.3  185s
 218252 105665 1633.20657   61   26 5000.00000    0.00000   100%  57.4  190s
 222754 107827 1075.66521   52   36 5000.00000    0.00000   100%  57.6  195s
 229675 111329   36.46932   44   36 5000.00000    0.00000   100%  57.7  200s
 236522 114473 1000.00000   34   25 5000.00000    0.00000   100%  57.8  205s
 243263 117940 1000.00000   56   16 5000.00000    0.00000   100%  57.9  210s
 248317 120283 2000.00000   59   16 5000.00000    0.00000   100%  57.9  215s
 254888 123569   27.27925   43   38 5000.00000    0.00000   100%  57.8  220s
 262366 126844    0.00000   30   20 5000.00000    0.00000   100%  57.7  225s
 266812 128468    0.00000   44   23 5000.00000    0.00000   100%  57.7  230s
 267353 130203 1000.00000   49   24 5000.00000    0.00000   100%  57.7  235s
 275263 132478 1000.00000   39   21 5000.00000    0.00000   100%  57.7  240s
 281680 135840 2000.00000   56   20 5000.00000    0.00000   100%  57.7  245s
 287991 139017 1000.00000   53   16 5000.00000    0.00000   100%  57.7  250s
 294337 141775 1000.00000   49   16 5000.00000    0.00000   100%  57.7  255s
 301044 145586 infeasible   94      5000.00000    0.00000   100%  57.7  260s
 307016 148565   20.33952   51   34 5000.00000    0.00000   100%  57.8  265s
 313009 151657 1000.00000   43   18 5000.00000    0.00000   100%  57.8  270s
 320775 155193 2444.80115   46   17 5000.00000    0.00000   100%  57.8  275s
 327344 158572    0.00000   52   17 5000.00000    0.00000   100%  57.7  280s
 334912 162431 1017.09482   41   36 5000.00000    0.00000   100%  57.7  285s
 341429 165359 1500.00000   54   22 5000.00000    0.00000   100%  57.7  290s
 345108 167037 1000.00000   66   15 5000.00000    0.00000   100%  57.7  295s
 346382 168185 2000.00000   56   27 5000.00000    0.00000   100%  57.7  300s
 355519 171941 infeasible   82      5000.00000    0.00000   100%  57.6  305s
 360899 174854 infeasible   59      5000.00000    0.00000   100%  57.7  310s
 369328 178929 2000.00000   63   14 5000.00000    0.00000   100%  57.6  315s
 375616 181888 1021.14561   47   24 5000.00000    0.00000   100%  57.5  320s
 381507 184761 3000.00000   77   23 5000.00000    0.00000   100%  57.5  325s
 389530 188495    0.00000   49   26 5000.00000    0.00000   100%  57.4  330s
 395926 191402    0.00000   45   20 5000.00000    0.00000   100%  57.4  335s
 403879 195086 1000.00000   53   19 5000.00000    0.00000   100%  57.3  340s
 410647 197961 infeasible   59      5000.00000    0.00000   100%  57.3  345s
 416597 200930 infeasible   84      5000.00000    0.00000   100%  57.2  350s
 423818 203972 2000.00000   63   26 5000.00000    0.00000   100%  57.2  355s
 424170 204254 4000.00000   70   16 5000.00000    0.00000   100%  57.2  360s
 427641 206217 infeasible   39      5000.00000    0.00000   100%  57.2  365s
 433164 208744 2000.00000   28   16 5000.00000    0.00000   100%  57.1  370s
 438817 211535 2000.00000   46   15 5000.00000    0.00000   100%  57.2  375s
 445801 214621    0.00000   53   19 5000.00000    0.00000   100%  57.2  380s
 453060 218362 1000.00000   58   15 5000.00000    0.00000   100%  57.2  385s
 460029 221443 1000.00000   47   16 5000.00000    0.00000   100%  57.2  390s
 465995 224668 4000.00000   38   13 5000.00000    0.00000   100%  57.2  395s
 472946 227806 2708.91825   54   13 5000.00000    0.00000   100%  57.2  400s
 480930 231729 1124.37203   67   32 5000.00000    0.00000   100%  57.2  405s
 487634 234779   43.93639   47   35 5000.00000    0.00000   100%  57.2  410s
 493103 237333    0.00000   29   22 5000.00000    0.00000   100%  57.2  415s
 501028 241496    7.39277   42   37 5000.00000    0.00000   100%  57.2  420s
 508428 244482 1000.00000   58   24 5000.00000    0.00000   100%  57.3  425s
 514639 247830 2000.00000   66   23 5000.00000    0.00000   100%  57.3  430s
 520240 250222 2073.39455   48   22 5000.00000    0.00000   100%  57.2  435s
 526134 253277 1000.00000   49   21 5000.00000    0.00000   100%  57.2  440s
 528767 254201     cutoff   60      5000.00000    0.00000   100%  57.2  445s
 532274 256182 2079.21069   57   26 5000.00000    0.00000   100%  57.2  450s
 538092 258734     cutoff   60      5000.00000    0.00000   100%  57.2  455s
 544202 261469 2000.00000   50   16 5000.00000    0.00000   100%  57.2  460s
 551689 264608 2564.71426   63   21 5000.00000    0.00000   100%  57.2  465s
 558714 267631    0.00000   41   13 5000.00000    0.00000   100%  57.1  470s
 564255 269854 2000.00000   44   18 5000.00000    0.00000   100%  57.1  475s
 573011 273555 2000.00000   56   25 5000.00000    0.00000   100%  57.1  480s
 577992 276171    0.00000   50   27 5000.00000    0.00000   100%  57.1  485s
 585809 280033 1000.00000   53   23 5000.00000    0.00000   100%  57.2  490s
 592231 283352  190.47973   52   31 5000.00000    0.00000   100%  57.1  495s
 597107 285707 2000.00000   84   17 5000.00000    0.00000   100%  57.1  500s
 605623 289714 1000.00000   37   24 5000.00000    0.00000   100%  57.2  505s
 612637 292975 4000.00000   51   23 5000.00000    0.00000   100%  57.2  510s
 619069 295879 2056.29100   93   27 5000.00000    0.00000   100%  57.3  515s
 623682 298000 infeasible   55      5000.00000    0.00000   100%  57.3  520s
 626492 298917 1109.63858   76   23 5000.00000    0.00000   100%  57.3  525s
 628190 299963 3000.00000   39   16 5000.00000    0.00000   100%  57.3  530s
 633974 302472 infeasible   53      5000.00000    0.00000   100%  57.3  535s
 641203 306235 2231.76502   52   30 5000.00000    0.00000   100%  57.3  540s
 646557 308902 1000.00000   47   19 5000.00000    0.00000   100%  57.3  545s
 654778 312609 1000.00000   32   23 5000.00000    0.00000   100%  57.3  550s
 660565 315283    0.00000   24   22 5000.00000    0.00000   100%  57.3  555s
 666622 318327 infeasible   43      5000.00000    0.00000   100%  57.3  560s
 674887 321876 1085.32453   45   34 5000.00000    0.00000   100%  57.3  565s
 680351 324342 infeasible   44      5000.00000    0.00000   100%  57.3  570s
 688688 328123 2013.32100   70   24 5000.00000    0.00000   100%  57.3  575s
 693250 330636    0.00000   36   25 5000.00000    0.00000   100%  57.3  580s
 699179 333708 infeasible   51      5000.00000    0.00000   100%  57.4  585s
 707466 337527 infeasible   44      5000.00000    0.00000   100%  57.4  590s
 714118 340925   33.36614   41   31 5000.00000    0.00000   100%  57.3  595s
 722169 344640 2000.00000   51   16 5000.00000    0.00000   100%  57.3  600s
 723542 344846 2000.00000   58   26 5000.00000    0.00000   100%  57.3  605s
 726640 346851    0.00000   44   30 5000.00000    0.00000   100%  57.3  610s
 733281 349960 1204.13956   44   26 5000.00000    0.00000   100%  57.3  615s
 741141 353514 2000.00000   67   21 5000.00000    0.00000   100%  57.2  620s
 747631 356604 2000.00000   47   26 5000.00000    0.00000   100%  57.2  625s
 753675 359671 1000.00000   45   14 5000.00000    0.00000   100%  57.2  630s
 761368 363056 1000.00000   55   23 5000.00000    0.00000   100%  57.2  635s
 767045 365570 2096.25043   56   25 5000.00000    0.00000   100%  57.2  640s
 771261 369306 3043.02251   64   16 5000.00000    0.00000   100%  57.2  645s
 780258 371705 2000.00000   61   19 5000.00000    0.00000   100%  57.3  650s
 786030 374607 2000.00000   41   20 5000.00000    0.00000   100%  57.3  655s
 793967 378415 1000.00000   30   19 5000.00000    0.00000   100%  57.3  660s
 800523 381327 infeasible   71      5000.00000    0.00000   100%  57.3  665s
 808072 384581 1080.38720   31   18 5000.00000    0.00000   100%  57.3  670s
 808903 384873 1017.11048   54   33 5000.00000    0.00000   100%  57.3  675s
 813632 387472 3000.00000   46   16 5000.00000    0.00000   100%  57.3  680s
 819925 390024 4000.00000   80   15 5000.00000    0.00000   100%  57.3  685s
 827982 394192   11.26051   54   41 5000.00000    0.00000   100%  57.2  690s
 835239 397336 infeasible   59      5000.00000    0.00000   100%  57.2  695s
 843105 400842 2243.41685   50   20 5000.00000    0.00000   100%  57.1  700s
 849470 403551 2106.20067   60   22 5000.00000    0.00000   100%  57.1  705s
 855344 406457 2000.00000   68   21 5000.00000    0.00000   100%  57.1  710s
 863641 410473 1000.00000   62   14 5000.00000    0.00000   100%  57.1  715s
 869495 412987 2000.00000   55   20 5000.00000    0.00000   100%  57.0  720s
 876413 417056 2000.00000   49   14 5000.00000    0.00000   100%  57.0  725s
 884908 420154 2000.00000   61   15 5000.00000    0.00000   100%  57.0  730s
 890939 423210 1000.00000   48   17 5000.00000    0.00000   100%  57.0  735s
 898687 427161 1036.00558   51   26 5000.00000    0.00000   100%  57.0  740s
 899678 427187 infeasible   42      5000.00000    0.00000   100%  57.0  745s
 901245 428377 4000.00000   61   19 5000.00000    0.00000   100%  57.0  750s
 905942 432158    4.47623   36   28 5000.00000    0.00000   100%  57.0  757s
 912867 433851 2000.00000   59   22 5000.00000    0.00000   100%  57.0  760s
 920801 438013 1732.86313   55   28 5000.00000    0.00000   100%  57.1  765s
 926314 440949 1000.00000   66   15 5000.00000    0.00000   100%  57.1  770s
 934067 444750 infeasible   63      5000.00000    0.00000   100%  57.1  775s
 939688 447602    0.00000   61   17 5000.00000    0.00000   100%  57.1  780s
 946737 451234 infeasible   80      5000.00000    0.00000   100%  57.1  785s
 953116 454288 1000.00000   84   22 5000.00000    0.00000   100%  57.1  790s
 958189 456804 1000.00000   50   19 5000.00000    0.00000   100%  57.1  795s
 966268 460974 3000.00000   84   22 5000.00000    0.00000   100%  57.1  800s
 972331 463600 infeasible   54      5000.00000    0.00000   100%  57.1  805s
 979978 467397 infeasible   83      5000.00000    0.00000   100%  57.1  810s
 984824 469837    0.00000   60   25 5000.00000    0.00000   100%  57.2  815s
 991292 472742 infeasible   76      5000.00000    0.00000   100%  57.2  820s
 992600 473103 2000.00000   76   24 5000.00000    0.00000   100%  57.2  825s
 995489 474979 infeasible   64      5000.00000    0.00000   100%  57.2  830s
 1002401 478179 2133.57609   67   23 5000.00000    0.00000   100%  57.2  835s
 1008299 480598 1000.00000   51   20 5000.00000    0.00000   100%  57.2  840s
 1013888 483561 1000.00000   73   25 5000.00000    0.00000   100%  57.2  845s
 1021291 486992 1000.00000   70   20 5000.00000    0.00000   100%  57.2  850s
 1027134 489384 1000.00000   76   24 5000.00000    0.00000   100%  57.2  855s
 1033080 492449 2000.00000   69   21 5000.00000    0.00000   100%  57.2  860s
 1040518 495674 2000.00000   57   14 5000.00000    0.00000   100%  57.2  865s
 1046424 498434 1500.00000   59   24 5000.00000    0.00000   100%  57.3  870s
 1053835 501824 2010.37361   54   39 5000.00000    0.00000   100%  57.3  875s
 1059626 504832  341.08330   58   24 5000.00000    0.00000   100%  57.3  880s
 1067036 508187 1000.00000   60   22 5000.00000    0.00000   100%  57.3  885s
 1073067 511306   49.63800   64   42 5000.00000    0.00000   100%  57.3  890s
 1078060 513168 2000.00000   50   18 5000.00000    0.00000   100%  57.3  895s
 1079173 514031 1000.00000   66   28 5000.00000    0.00000   100%  57.3  900s
 1084190 516500 2000.00000   39   12 5000.00000    0.00000   100%  57.3  905s
 1092087 519922 1093.16341   61   25 5000.00000    0.00000   100%  57.3  910s
 1097618 522652 2000.00000   83   23 5000.00000    0.00000   100%  57.3  915s
 1104756 525965    0.00000   53   20 5000.00000    0.00000   100%  57.3  920s
 1111483 529055 4000.00000   88   28 5000.00000    0.00000   100%  57.3  925s
 1118011 531830    0.00000   62   18 5000.00000    0.00000   100%  57.3  930s
 1125413 535759    5.11986   70   37 5000.00000    0.00000   100%  57.3  935s
 1131942 538651    0.00000   52   22 5000.00000    0.00000   100%  57.3  940s
 1139406 542237 2199.07706   60   20 5000.00000    0.00000   100%  57.3  945s
 1145162 545041 infeasible   57      5000.00000    0.00000   100%  57.3  950s
 1152728 548626  107.22434   54   29 5000.00000    0.00000   100%  57.2  955s
 1158663 551396    0.00000   59   23 5000.00000    0.00000   100%  57.2  960s
 1165751 554956 1000.00000   56   21 5000.00000    0.00000   100%  57.3  965s
 1171450 557530 3000.00000   72   23 5000.00000    0.00000   100%  57.3  970s
 1172890 558063 1044.36523   69   23 5000.00000    0.00000   100%  57.3  975s
 1176480 560231   45.17246   58   35 5000.00000    0.00000   100%  57.3  980s
 1182712 563334 1000.00000   56   26 5000.00000    0.00000   100%  57.3  985s
 1188707 565981 2000.00000   63   15 5000.00000    0.00000   100%  57.3  990s
 1195248 569331 2540.14646   87   20 5000.00000    0.00000   100%  57.3  995s
 1201531 572134 1000.00000   61   26 5000.00000    0.00000   100%  57.3 1000s
 1206624 575241 1000.00000   53   18 5000.00000    0.00000   100%  57.3 1005s
 1214733 578769 1000.00000   74   22 5000.00000    0.00000   100%  57.3 1010s
 1220065 581186 infeasible   78      5000.00000    0.00000   100%  57.3 1015s
 1225899 583885 1000.00000   56   16 5000.00000    0.00000   100%  57.3 1020s
 1233481 587485 2000.00000   52   18 5000.00000    0.00000   100%  57.4 1025s
 1239133 589762 1000.00000   36   23 5000.00000    0.00000   100%  57.4 1030s
 1245907 592768   73.37177   44   39 5000.00000    0.00000   100%  57.4 1035s
 1252188 596188    0.00000   49   27 5000.00000    0.00000   100%  57.4 1040s
 1257440 598723 2166.95451   63   29 5000.00000    0.00000   100%  57.4 1045s
 1264846 602261 2000.00000   58   15 5000.00000    0.00000   100%  57.4 1050s
 1271226 605287 2000.00000   48   15 5000.00000    0.00000   100%  57.4 1055s
 1274541 606289 2029.38759   79   22 5000.00000    0.00000   100%  57.4 1060s
 1277570 607952 1000.00000   48   24 5000.00000    0.00000   100%  57.4 1065s
 1282225 610478 infeasible   67      5000.00000    0.00000   100%  57.4 1070s
 1287593 612832 infeasible   64      5000.00000    0.00000   100%  57.5 1075s
 1296230 616959 infeasible   55      5000.00000    0.00000   100%  57.5 1080s
 1300859 618955 1000.00000   66   27 5000.00000    0.00000   100%  57.5 1085s
 1306381 622119 1053.05964   77   29 5000.00000    0.00000   100%  57.5 1090s
 1313796 625354 infeasible   66      5000.00000    0.00000   100%  57.5 1095s
 1319450 628204 2000.00000   83   24 5000.00000    0.00000   100%  57.5 1100s
 1326162 631612   23.30677   56   47 5000.00000    0.00000   100%  57.6 1105s
 1332078 634500 2000.00000   85   20 5000.00000    0.00000   100%  57.6 1110s
 1340030 638557    0.00000   57   26 5000.00000    0.00000   100%  57.6 1115s
 1345826 641364 infeasible   69      5000.00000    0.00000   100%  57.6 1120s
 1353553 645167 2492.46688   58   23 5000.00000    0.00000   100%  57.6 1125s
 1358769 647966 3039.43368   55   29 5000.00000    0.00000   100%  57.6 1130s
 1362920 649745  147.00898   75   27 5000.00000    0.00000   100%  57.6 1135s
 1364569 650831 1000.00000   77   18 5000.00000    0.00000   100%  57.6 1140s
 1371227 654046 3000.00000   45   22 5000.00000    0.00000   100%  57.6 1145s
 1376889 656915 infeasible   55      5000.00000    0.00000   100%  57.7 1150s
 1383508 660140 1000.00000   55   19 5000.00000    0.00000   100%  57.7 1155s
 1390672 663708 infeasible   66      5000.00000    0.00000   100%  57.7 1160s
 1395948 666735 1000.00000   61   22 5000.00000    0.00000   100%  57.7 1165s
 1403846 670638  104.47300   69   31 5000.00000    0.00000   100%  57.7 1170s
 1409510 673125 1000.00000   83   21 5000.00000    0.00000   100%  57.7 1175s
 1415956 676111 1000.00000   78   21 5000.00000    0.00000   100%  57.7 1180s
 1422760 679587    0.00000   41   13 5000.00000    0.00000   100%  57.7 1185s
 1429078 682530 2000.00000   80   20 5000.00000    0.00000   100%  57.7 1190s
 1435918 685579   79.94670   75   50 5000.00000    0.00000   100%  57.7 1195s
 1435976 685618 1000.00000   81   16 5000.00000    0.00000   100%  57.7 1200s
 1436994 686598    0.00000   44   22 5000.00000    0.00000   100%  57.7 1205s
 1442793 689501    0.00000   42   17 5000.00000    0.00000   100%  57.7 1210s
 1450443 692851 1000.00000   68   26 5000.00000    0.00000   100%  57.7 1215s
 1455477 695880 1000.00000   63   22 5000.00000    0.00000   100%  57.7 1220s
 1462297 699462    0.00000   62   22 5000.00000    0.00000   100%  57.7 1225s
 1468392 702098   19.03370   53   28 5000.00000    0.00000   100%  57.7 1230s
 1474476 704880 1000.00000   54   21 5000.00000    0.00000   100%  57.7 1235s
 1481392 708134 1000.00000   48   14 5000.00000    0.00000   100%  57.8 1240s
 1486499 710728 1000.00000   30   17 5000.00000    0.00000   100%  57.8 1245s
 1494886 714873 3000.00000   71   18 5000.00000    0.00000   100%  57.8 1250s
 1500665 717488 1000.00000   61   20 5000.00000    0.00000   100%  57.8 1255s
 1507375 721007 infeasible   65      5000.00000    0.00000   100%  57.8 1260s
 1512946 723511 2000.00000   63   21 5000.00000    0.00000   100%  57.9 1265s
 1520297 727102 1000.00000   49   15 5000.00000    0.00000   100%  57.9 1270s
 1526922 729892 infeasible   60      5000.00000    0.00000   100%  57.9 1275s
 1532165 732753 2000.00000   51   13 5000.00000    0.00000   100%  57.9 1280s
 1540789 736492 2000.00000   65   13 5000.00000    0.00000   100%  57.9 1285s
 1546884 739513 infeasible   57      5000.00000    0.00000   100%  57.9 1290s
 1553114 742597 1000.00000   54   27 5000.00000    0.00000   100%  57.9 1295s
 1556789 743890 3000.00000   46    9 5000.00000    0.00000   100%  57.9 1300s
 1557134 744291 1094.99038   62   31 5000.00000    0.00000   100%  57.9 1305s
 1561924 746592 1311.92049   40   18 5000.00000    0.00000   100%  57.9 1310s
 1567812 749208 1000.00000   37   26 5000.00000    0.00000   100%  57.9 1315s
 1575875 752874    0.00000   51   14 5000.00000    0.00000   100%  57.9 1320s
 1581777 756031 4000.00000   50    8 5000.00000    0.00000   100%  57.9 1325s
 1589419 759571 infeasible   52      5000.00000    0.00000   100%  57.9 1330s
 1595715 762556    0.00000   35   18 5000.00000    0.00000   100%  57.9 1335s
 1601833 765156 3000.00000   62   19 5000.00000    0.00000   100%  57.8 1340s
 1610502 769287 infeasible   56      5000.00000    0.00000   100%  57.8 1345s
 1615671 771978 2000.00000   62   21 5000.00000    0.00000   100%  57.8 1350s
 1623654 775918 2000.00000   47   18 5000.00000    0.00000   100%  57.8 1355s
 1628445 778465 2000.00000   42   25 5000.00000    0.00000   100%  57.8 1360s
 1634701 781388 4000.00000   65   20 5000.00000    0.00000   100%  57.9 1365s
 1643022 785268 2000.00000   46   16 5000.00000    0.00000   100%  57.9 1370s
 1647447 787594 3000.00000   33   13 5000.00000    0.00000   100%  57.9 1375s
 1653722 790168 1000.00000   29   11 5000.00000    0.00000   100%  57.9 1380s
 1661839 793786 infeasible   36      5000.00000    0.00000   100%  57.9 1385s
 1668427 797040 infeasible   44      5000.00000    0.00000   100%  57.9 1390s
 1674610 799874  128.53434   30   38 5000.00000    0.00000   100%  57.9 1395s
 1675501 799939 infeasible   41      5000.00000    0.00000   100%  57.9 1400s
 1676760 800812 1000.00000   40   24 5000.00000    0.00000   100%  57.9 1405s
 1681854 803468 2000.00000   74   16 5000.00000    0.00000   100%  57.9 1410s
 1690480 807456    0.00000   26   23 5000.00000    0.00000   100%  57.9 1415s
 1695370 809774 2000.00000   31   15 5000.00000    0.00000   100%  57.9 1420s
 1703392 813624 2000.00000   64   19 5000.00000    0.00000   100%  57.9 1425s
 1708550 816119 2000.00000   68   13 5000.00000    0.00000   100%  57.9 1430s
 1714566 818512 1000.00000   49   16 5000.00000    0.00000   100%  57.9 1435s
 1721542 821914 2000.00000   49   17 5000.00000    0.00000   100%  57.9 1440s
 1728041 824967 2000.00000   44   15 5000.00000    0.00000   100%  57.9 1445s
 1734389 828008 2000.00000   46   18 5000.00000    0.00000   100%  57.9 1450s
 1741818 831386 infeasible   53      5000.00000    0.00000   100%  57.9 1455s
 1747737 834074 2000.00000   52   17 5000.00000    0.00000   100%  57.9 1460s
 1755926 837978 2000.00000   39   20 5000.00000    0.00000   100%  57.9 1465s
 1761862 840957   93.28239   46   35 5000.00000    0.00000   100%  57.9 1470s
 1768821 844070 1000.00000   41   26 5000.00000    0.00000   100%  57.9 1475s
 1775149 847259 infeasible   55      5000.00000    0.00000   100%  57.9 1480s
 1781948 850494 4000.00000   52    6 5000.00000    0.00000   100%  57.9 1485s
 1790339 854312 infeasible   49      5000.00000    0.00000   100%  57.9 1490s
 1794747 855953 1000.00000   48   22 5000.00000    0.00000   100%  57.9 1495s
 1794826 856022 3123.02380   55   26 5000.00000    0.00000   100%  57.9 1500s
 1797376 857507  199.60153   55   30 5000.00000    0.00000   100%  57.9 1505s
 1803658 860246 1000.00000   39   19 5000.00000    0.00000   100%  57.9 1510s
 1809936 863066 1349.70255   39   20 5000.00000    0.00000   100%  57.9 1515s
 1817412 867379 2000.00000   58   19 5000.00000    0.00000   100%  57.9 1520s
 1824128 870190 4000.00000   74   19 5000.00000    0.00000   100%  57.9 1525s
 1832151 873811 3000.00000   52   13 5000.00000    0.00000   100%  57.8 1530s
 1837490 876281 1056.28130   48   31 5000.00000    0.00000   100%  57.8 1535s
 1844059 879383 infeasible   75      5000.00000    0.00000   100%  57.8 1540s
 1852061 882835 1000.00000   40   19 5000.00000    0.00000   100%  57.8 1545s
 1858349 885816 2041.40603   79   29 5000.00000    0.00000   100%  57.8 1550s
 1866541 889403 3000.00000   47   29 5000.00000    0.00000   100%  57.8 1555s
 1872127 892107 1000.00000   29   26 5000.00000    0.00000   100%  57.8 1560s
 1878462 894764 infeasible   69      5000.00000    0.00000   100%  57.8 1565s
 1886252 898434 1035.70955   51   36 5000.00000    0.00000   100%  57.8 1570s
 1891526 900791  165.28196   62   34 5000.00000    0.00000   100%  57.8 1575s
 1900743 904533 infeasible   55      5000.00000    0.00000   100%  57.8 1580s
 1906004 906776  452.17201   56   24 5000.00000    0.00000   100%  57.8 1585s
 1914132 910848 infeasible   47      5000.00000    0.00000   100%  57.8 1590s
 1921126 913973   19.05549   48   38 5000.00000    0.00000   100%  57.8 1595s
 1921872 914249 2048.76144   51   27 5000.00000    0.00000   100%  57.8 1600s
 1925654 916434 2000.00000   59   19 5000.00000    0.00000   100%  57.8 1605s
 1933494 920217 2000.00000   52   29 5000.00000    0.00000   100%  57.8 1610s
 1939077 922936 1000.00000   17   24 5000.00000    0.00000   100%  57.8 1615s
 1946855 926432 1000.00000   52   17 5000.00000    0.00000   100%  57.8 1620s
 1953313 929375 1000.00000   64   24 5000.00000    0.00000   100%  57.8 1625s
 1959722 932072 infeasible   67      5000.00000    0.00000   100%  57.8 1630s
 1968820 935829 1048.82026   43   33 5000.00000    0.00000   100%  57.7 1635s
 1974790 938497 2000.00000   44   29 5000.00000    0.00000   100%  57.7 1640s
 1980016 941183 1100.08566   59   29 5000.00000    0.00000   100%  57.7 1645s
 1988289 945319    7.18316   43   27 5000.00000    0.00000   100%  57.7 1650s
 1994844 948444 4000.00000   63   22 5000.00000    0.00000   100%  57.7 1655s
 2001132 951368 infeasible   64      5000.00000    0.00000   100%  57.7 1660s
 2007005 954363 2000.00000   63   20 5000.00000    0.00000   100%  57.7 1665s
 2016224 958214 2074.17437   51   24 5000.00000    0.00000   100%  57.7 1670s
 2020543 960280 1000.00000   54   22 5000.00000    0.00000   100%  57.7 1675s
 2021739 960829 1007.22649   60   36 5000.00000    0.00000   100%  57.7 1680s
 2027220 963689 1000.00000   39   19 5000.00000    0.00000   100%  57.7 1685s
 2032743 966227 2000.00000   35   15 5000.00000    0.00000   100%  57.7 1690s
 2040129 969928 2000.00000   53   15 5000.00000    0.00000   100%  57.7 1695s
 2047894 973725 1298.56464   55   22 5000.00000    0.00000   100%  57.6 1700s
 2055692 977131 2000.37857   62   30 5000.00000    0.00000   100%  57.6 1705s
 2063046 980943 infeasible   69      5000.00000    0.00000   100%  57.6 1710s
 2069619 983883 1000.00000   48   19 5000.00000    0.00000   100%  57.6 1715s
 2078050 987807 2000.00000   51   19 5000.00000    0.00000   100%  57.6 1720s
 2084506 990997  133.53594   50   31 5000.00000    0.00000   100%  57.6 1725s
 2089539 993099 2000.00000   65   20 5000.00000    0.00000   100%  57.6 1730s
 2097532 996706 1000.00000   51   19 5000.00000    0.00000   100%  57.5 1735s
 2103848 999592 1000.00000   56   23 5000.00000    0.00000   100%  57.5 1740s
 2109544 1002196 1000.00000   47   27 5000.00000    0.00000   100%  57.5 1745s
 2118523 1006543 infeasible   56      5000.00000    0.00000   100%  57.5 1750s
 2121743 1007555 2000.00000   61   17 5000.00000    0.00000   100%  57.5 1755s
 2122274 1007931 2000.00000   37   22 5000.00000    0.00000   100%  57.5 1760s
 2126199 1010079 1000.00000   53   16 5000.00000    0.00000   100%  57.5 1765s
 2134077 1013511 2028.06985   43   39 5000.00000    0.00000   100%  57.5 1770s
 2140697 1016109 2000.00000   60   15 5000.00000    0.00000   100%  57.5 1775s
 2146191 1019080 infeasible   63      5000.00000    0.00000   100%  57.5 1780s
 2154707 1023212 2023.34495   87   30 5000.00000    0.00000   100%  57.5 1785s
 2161084 1026440 4000.00000   55   16 5000.00000    0.00000   100%  57.5 1790s
 2169680 1030246 2000.00000   29   23 5000.00000    0.00000   100%  57.5 1795s
 2175833 1032631 1000.00000   42   21 5000.00000    0.00000   100%  57.5 1800s

Cutting planes:
  Gomory: 2
  Implied bound: 12
  Projected implied bound: 4
  Clique: 1
  MIR: 3
  Mixing: 2
  Flow cover: 26
  Zero half: 1
  RLT: 1

Explored 2175854 nodes (125014785 simplex iterations) in 1800.00 seconds (994.81 work units)
Thread count was 8 (of 8 available processors)

Solution count 7: 5000 6000 7000 ... 19000

Time limit reached
Best objective 5.000000000000e+03, best bound 0.000000000000e+00, gap 100.0000%
