
Gurobi 13.0.1 (linux64) logging started Fri Apr 24 06:23:32 2026

Set parameter LogFile to value "experiments/20260422_213746/logs/Inst_25_Hard_Inspire_46__drone_index.log"
Set parameter LogToConsole to value 0
Set parameter TimeLimit to value 1800
Gurobi Optimizer version 13.0.1 build v13.0.1rc0 (linux64 - "Ubuntu 24.04.4 LTS")

CPU model: Intel(R) Core(TM) i5-8250U CPU @ 1.60GHz, instruction set [SSE2|AVX|AVX2]
Thread count: 4 physical cores, 8 logical processors, using up to 8 threads

Non-default parameters:
TimeLimit  1800
LogToConsole  0
LazyConstraints  1

Optimize a model with 321920 rows, 316998 columns and 1513320 nonzeros (Min)
Model fingerprint: 0x463e5cdc
Model has 58 linear objective coefficients
Variable types: 157412 continuous, 159586 integer (159586 binary)
Coefficient statistics:
  Matrix range     [1e+00, 3e+04]
  Objective range  [1e+03, 2e+03]
  Bounds range     [1e+00, 1e+00]
  RHS range        [1e+00, 1e+00]

Presolve removed 69368 rows and 34684 columns (presolve time = 5s)...
Presolve removed 69368 rows and 34684 columns
Presolve time: 7.99s
Presolved: 252552 rows, 282314 columns, 1342706 nonzeros
Variable types: 122728 continuous, 159586 integer (159586 binary)
Root relaxation presolved: 252552 rows, 282314 columns, 1342706 nonzeros

Deterministic concurrent LP optimizer: primal simplex, dual simplex, and barrier
Showing barrier log only...

Root barrier log...

Ordering time: 0.02s

Barrier statistics:
 AA' NZ     : 3.720e+04
 Factor NZ  : 4.829e+04 (roughly 5 MB of memory)
 Factor Ops : 1.737e+06 (less than 1 second per iteration)
 Threads    : 2

                  Objective                Residual
Iter       Primal          Dual         Primal    Dual     Compl     Time
   0   3.34558546e+05 -9.54799314e+06  6.17e+04 4.11e+00  4.38e+04    11s
   1   7.93405132e+04 -8.28584716e+06  4.73e+03 3.98e-13  3.72e+03    11s
   2   6.55538571e+04 -3.80957413e+06  5.51e+02 3.69e-13  5.66e+02    11s
   3   2.11214785e+04 -4.95325680e+05  2.87e+01 1.11e-12  4.80e+01    11s
   4   1.84625471e+04 -1.57980601e+05  1.88e+00 6.61e-13  1.09e+01    11s
   5   1.63832985e+04 -3.38287598e+04  4.78e-01 6.08e-13  2.94e+00    11s
   6   1.38815661e+04 -1.61711602e+04  1.76e-01 3.00e-13  1.73e+00    11s
   7   1.00787306e+04 -7.86181007e+03  3.07e-02 4.45e-13  1.03e+00    11s
   8   7.66553976e+03 -2.44357824e+03  1.71e-02 2.11e-13  5.78e-01    11s
   9   7.04567175e+03 -1.80926753e+03  1.34e-02 2.90e-13  5.06e-01    11s
  10   5.56126427e+03  4.68753386e+02  5.52e-03 3.29e-13  2.91e-01    11s
  11   4.65505420e+03  2.58681591e+03  2.88e-03 1.12e-12  1.18e-01    11s
  12   3.87908567e+03  3.14389413e+03  8.87e-04 6.83e-13  4.20e-02    11s
  13   3.61384512e+03  3.38524706e+03  2.64e-04 4.27e-13  1.30e-02    11s
  14   3.53315476e+03  3.44424067e+03  7.95e-05 3.37e-13  5.07e-03    11s
  15   3.49680395e+03  3.48581681e+03  2.35e-06 3.22e-13  6.26e-04    11s
  16   3.49404631e+03  3.49359248e+03  1.62e-07 6.14e-13  2.59e-05    11s
  17   3.49371161e+03  3.49370385e+03  8.52e-11 1.01e-12  4.42e-07    11s
  18   3.49370566e+03  3.49370566e+03  4.67e-12 1.01e-12  6.49e-13    11s

Barrier solved model in 18 iterations and 10.67 seconds (5.84 work units)
Optimal objective 3.49370566e+03


Root crossover log...

    5111 DPushes remaining with DInf 0.0000000e+00                11s
       0 DPushes remaining with DInf 0.0000000e+00                11s

      40 PPushes remaining with PInf 0.0000000e+00                11s
       0 PPushes remaining with PInf 0.0000000e+00                11s

  Push phase complete: Pinf 0.0000000e+00, Dinf 7.1403994e-13     11s


Root simplex log...

Iteration    Objective       Primal Inf.    Dual Inf.      Time
    1601    3.4937057e+03   0.000000e+00   0.000000e+00     11s
Crossover time: 0.01 seconds (0.01 work units)
Concurrent spin time: 0.00s

Solved with barrier
    1601    3.4937057e+03   0.000000e+00   0.000000e+00     11s

Use crossover to convert LP symmetric solution to basic solution...

Root crossover log...

       0 DPushes remaining with DInf 0.0000000e+00                11s

    3002 PPushes remaining with PInf 0.0000000e+00                11s
       0 PPushes remaining with PInf 0.0000000e+00                11s

  Push phase complete: Pinf 0.0000000e+00, Dinf 2.8124092e-12     11s


Root simplex log...

Iteration    Objective       Primal Inf.    Dual Inf.      Time
    4836    3.4937057e+03   0.000000e+00   0.000000e+00     11s
Crossover time: 0.43 seconds (0.39 work units)

Root relaxation: objective 3.493706e+03, 4836 iterations, 1.59 seconds (0.91 work units)

    Nodes    |    Current Node    |     Objective Bounds      |     Work
 Expl Unexpl |  Obj  Depth IntInf | Incumbent    BestBd   Gap | It/Node Time

     0     0 3493.70566    0  292          - 3493.70566      -     -   18s
     0     0 3493.70566    0  292          - 3493.70566      -     -   36s
     0     0 3493.70566    0  292          - 3493.70566      -     -   52s
     0     0 3493.70566    0  292          - 3493.70566      -     -   67s
     0     0 3493.70566    0  292          - 3493.70566      -     -   82s
     0     0 3493.70566    0  292          - 3493.70566      -     -   96s
     0     0 3493.70566    0  433          - 3493.70566      -     -  112s
     0     0 3893.52918    0  647          - 3893.52918      -     - 1718s
     0     0 3893.52918    0  647          - 3893.52918      -     - 1797s

Cutting planes:
  Cover: 14
  Implied bound: 24
  Clique: 8
  MIR: 44
  StrongCG: 2
  Flow cover: 65
  GUB cover: 2
  RLT: 2
  BQP: 1
  Lazy constraints: 167

Explored 1 nodes (174281 simplex iterations) in 1800.00 seconds (1115.91 work units)
Thread count was 8 (of 8 available processors)

Solution count 0

Time limit reached
Best objective -, best bound 4.000000000000e+03, gap -

User-callback calls 22121, time in user-callback 0.96 sec
