
Gurobi 13.0.1 (linux64) logging started Wed Apr 22 22:10:46 2026

Set parameter LogFile to value "experiments/20260422_213746/logs/Inst_01_Easy_Phantom__station_copies.log"
Set parameter LogToConsole to value 0
Set parameter TimeLimit to value 1800
Gurobi Optimizer version 13.0.1 build v13.0.1rc0 (linux64 - "Ubuntu 24.04.4 LTS")

CPU model: Intel(R) Core(TM) i5-8250U CPU @ 1.60GHz, instruction set [SSE2|AVX|AVX2]
Thread count: 4 physical cores, 8 logical processors, using up to 8 threads

Non-default parameters:
TimeLimit  1800
LogToConsole  0

Optimize a model with 6084 rows, 5871 columns and 25620 nonzeros (Min)
Model fingerprint: 0x3b75043f
Model has 51 linear objective coefficients
Variable types: 3912 continuous, 1959 integer (1959 binary)
Coefficient statistics:
  Matrix range     [1e+00, 2e+04]
  Objective range  [1e+03, 1e+03]
  Bounds range     [1e+00, 2e+04]
  RHS range        [1e+00, 2e+03]

Presolve removed 3312 rows and 1428 columns
Presolve time: 0.08s
Presolved: 2772 rows, 4443 columns, 17842 nonzeros
Variable types: 2484 continuous, 1959 integer (1959 binary)
Found heuristic solution: objective 46200.000000

Root relaxation: objective 1.460644e+03, 5482 iterations, 0.30 seconds (0.51 work units)

    Nodes    |    Current Node    |     Objective Bounds      |     Work
 Expl Unexpl |  Obj  Depth IntInf | Incumbent    BestBd   Gap | It/Node Time

     0     0 1460.64411    0   82 46200.0000 1460.64411  96.8%     -    0s
H    0     0                    35400.000000 1460.64411  95.9%     -    0s
H    0     0                    8200.0000000 1460.64411  82.2%     -    0s
H    0     0                    7000.0000000 1460.64411  79.1%     -    0s
H    0     0                    6800.0000000 1460.64411  78.5%     -    0s
H    0     0                    5800.0000000 1771.90376  69.4%     -    0s
H    0     0                    4600.0000000 1771.90376  61.5%     -    0s
     0     0 1771.90376    0  126 4600.00000 1771.90376  61.5%     -    0s
     0     0 1937.72633    0  104 4600.00000 1937.72633  57.9%     -    1s
     0     0 2006.75131    0  108 4600.00000 2006.75131  56.4%     -    1s
     0     0 2029.83506    0  115 4600.00000 2029.83506  55.9%     -    2s
     0     0 2032.89481    0  109 4600.00000 2032.89481  55.8%     -    2s
     0     0 2033.02783    0  106 4600.00000 2033.02783  55.8%     -    2s
     0     0 2033.08752    0  109 4600.00000 2033.08752  55.8%     -    2s
     0     0 2044.54020    0   91 4600.00000 2044.54020  55.6%     -    2s
H    0     0                    4400.0000000 2046.75807  53.5%     -    3s
     0     0 2046.75807    0   91 4400.00000 2046.75807  53.5%     -    3s
     0     0 2050.26363    0  103 4400.00000 2050.26363  53.4%     -    3s
     0     0 2050.50053    0   89 4400.00000 2050.50053  53.4%     -    3s
     0     0 2050.52100    0   88 4400.00000 2050.52100  53.4%     -    3s
     0     0 2055.02889    0   85 4400.00000 2055.02889  53.3%     -    4s
     0     0 2055.65125    0   86 4400.00000 2055.65125  53.3%     -    4s
     0     0 2055.82897    0   85 4400.00000 2055.82897  53.3%     -    4s
     0     0 2057.20002    0   97 4400.00000 2057.20002  53.2%     -    4s
     0     0 2057.54827    0   96 4400.00000 2057.54827  53.2%     -    5s
     0     0 2057.78389    0   89 4400.00000 2057.78389  53.2%     -    5s
     0     0 2060.13432    0   90 4400.00000 2060.13432  53.2%     -    5s
     0     0 2061.59042    0   97 4400.00000 2061.59042  53.1%     -    5s
     0     0 2061.73805    0   97 4400.00000 2061.73805  53.1%     -    5s
     0     0 2066.15733    0   87 4400.00000 2066.15733  53.0%     -    5s
     0     0 2066.43083    0   86 4400.00000 2066.43083  53.0%     -   12s
     0     0 2066.53608    0   79 4400.00000 2066.53608  53.0%     -   12s
     0     0 2067.05870    0   82 4400.00000 2067.05870  53.0%     -   12s
     0     0 2068.17224    0   84 4400.00000 2068.17224  53.0%     -   13s
     0     0 2068.25636    0   81 4400.00000 2068.25636  53.0%     -   13s
     0     0 2069.71960    0   91 4400.00000 2069.71960  53.0%     -   13s
     0     0 2070.30702    0   89 4400.00000 2070.30702  52.9%     -   13s
     0     0 2070.40222    0   85 4400.00000 2070.40222  52.9%     -   13s
     0     0 2070.68609    0   89 4400.00000 2070.68609  52.9%     -   13s
     0     0 2078.84081    0   90 4400.00000 2078.84081  52.8%     -   15s
     0     0 2078.84081    0   94 4400.00000 2078.84081  52.8%     -   15s
     0     0 2078.84081    0   89 4400.00000 2078.84081  52.8%     -   15s
     0     0 2078.84081    0   89 4400.00000 2078.84081  52.8%     -   15s
     0     0 2078.84081    0   87 4400.00000 2078.84081  52.8%     -   15s
     0     2 2079.35808    0   86 4400.00000 2079.35808  52.7%     -   17s
    43    50 2098.73104   10   72 4400.00000 2079.35808  52.7%   398   20s
   179   178 2244.55975   31   50 4400.00000 2079.35808  52.7%   465   25s
H  383   262                    3400.0000000 2079.35808  38.8%   383   27s
   512   266 2912.35152   23   31 3400.00000 2079.35808  38.8%   332   30s
   609   314 2502.49424    8   55 3400.00000 2085.18504  38.7%   317   35s
   875   420     cutoff    7      3400.00000 2130.18256  37.3%   319   40s
  1482   604     cutoff   15      3400.00000 2175.50935  36.0%   288   45s
  2032   760 2376.01760   20   35 3400.00000 2206.89854  35.1%   264   50s
  2133   762 3014.51331   26   85 3400.00000 2219.88595  34.7%   263   55s
  2144   770 2489.50098    7   72 3400.00000 2219.88595  34.7%   262   60s
  2149   773 2713.77781   11  103 3400.00000 2219.88595  34.7%   262   71s
  2194   809 2219.88595   19   65 3400.00000 2219.88595  34.7%   272   75s
  2315   834 2717.61032   23   30 3400.00000 2219.88595  34.7%   275   80s
  2473   873 2699.30633   20   33 3400.00000 2219.88595  34.7%   267   85s
  2614   937 2816.77932   31   25 3400.00000 2219.88595  34.7%   259   90s
  3196   946 2812.45968   24   26 3400.00000 2456.75677  27.7%   232   95s
  3892   986     cutoff   25      3400.00000 2699.36283  20.6%   205  100s
  4923  1034     cutoff   35      3400.00000 2736.13335  19.5%   181  105s
  5898  1139 2915.30057   30   20 3400.00000 2763.61936  18.7%   164  111s
  7041  1210 3131.44958   25   30 3400.00000 2789.29181  18.0%   153  116s
  8017  1192 2934.08190   28   22 3400.00000 2816.25574  17.2%   144  120s
  9117  1103 3170.28358   30   23 3400.00000 2855.27782  16.0%   137  125s
 10490   820 3058.89259   29   26 3400.00000 2900.60628  14.7%   129  130s
 12296     0     cutoff   28      3400.00000 3016.12645  11.3%   119  135s

Cutting planes:
  Cover: 15
  Implied bound: 190
  Projected implied bound: 3
  Clique: 2
  MIR: 209
  Flow cover: 116
  Network: 1
  RLT: 16
  Relax-and-lift: 32
  BQP: 8

Explored 12797 nodes (1504931 simplex iterations) in 135.90 seconds (118.95 work units)
Thread count was 8 (of 8 available processors)

Solution count 9: 3400 4400 4600 ... 46200

Optimal solution found (tolerance 1.00e-04)
Best objective 3.400000000000e+03, best bound 3.400000000000e+03, gap 0.0000%
