
Gurobi 13.0.1 (linux64) logging started Thu Apr 23 18:20:03 2026

Set parameter LogFile to value "experiments/20260422_213746/logs/Inst_17_Hard_Inspire_35__drone_index.log"
Set parameter LogToConsole to value 0
Set parameter TimeLimit to value 1800
Gurobi Optimizer version 13.0.1 build v13.0.1rc0 (linux64 - "Ubuntu 24.04.4 LTS")

CPU model: Intel(R) Core(TM) i5-8250U CPU @ 1.60GHz, instruction set [SSE2|AVX|AVX2]
Thread count: 4 physical cores, 8 logical processors, using up to 8 threads

Non-default parameters:
TimeLimit  1800
LogToConsole  0
LazyConstraints  1

Optimize a model with 142739 rows, 139869 columns and 667179 nonzeros (Min)
Model fingerprint: 0x2a2abfe3
Model has 44 linear objective coefficients
Variable types: 69300 continuous, 70569 integer (70569 binary)
Coefficient statistics:
  Matrix range     [1e+00, 3e+04]
  Objective range  [1e+03, 2e+03]
  Bounds range     [1e+00, 1e+00]
  RHS range        [1e+00, 1e+00]

Presolve removed 30800 rows and 15400 columns
Presolve time: 3.53s
Presolved: 111939 rows, 124469 columns, 590459 nonzeros
Variable types: 53900 continuous, 70569 integer (70569 binary)
Root relaxation presolved: 111939 rows, 124469 columns, 590459 nonzeros

Deterministic concurrent LP optimizer: primal simplex, dual simplex, and barrier
Showing barrier log only...

Root barrier log...

Ordering time: 0.01s

Barrier statistics:
 AA' NZ     : 2.148e+04
 Factor NZ  : 2.795e+04 (roughly 3 MB of memory)
 Factor Ops : 8.048e+05 (less than 1 second per iteration)
 Threads    : 1

                  Objective                Residual
Iter       Primal          Dual         Primal    Dual     Compl     Time
   0   2.30639624e+05 -5.82558580e+06  5.27e+04 7.45e-01  2.98e+04     4s
   1   6.76601934e+04 -4.76400867e+06  4.65e+03 3.41e-13  2.98e+03     4s
   2   5.68340199e+04 -1.27645563e+06  7.22e+02 2.98e-13  4.76e+02     4s
   3   1.84808253e+04 -2.19776018e+05  9.89e+00 2.56e-13  2.80e+01     4s
   4   1.41121590e+04 -2.38323949e+04  5.16e-01 2.56e-13  3.81e+00     4s
   5   1.17030823e+04 -5.84166067e+03  1.49e-01 3.03e-13  1.74e+00     4s
   6   8.01136575e+03 -2.68089581e+03  3.28e-02 5.52e-13  1.06e+00     4s
   7   6.36045917e+03  5.19559038e+02  1.94e-02 1.14e-13  5.77e-01     4s
   8   4.17345485e+03  2.05312195e+03  4.72e-03 1.10e-13  2.09e-01     4s
   9   3.24023987e+03  2.89510967e+03  4.65e-04 1.61e-13  3.40e-02     4s
  10   3.10436858e+03  3.06060368e+03  6.81e-05 1.60e-13  4.32e-03     4s
  11   3.08277823e+03  3.07548117e+03  1.16e-05 1.50e-13  7.20e-04     4s
  12   3.07885142e+03  3.07739355e+03  1.62e-06 8.53e-14  1.44e-04     4s
  13   3.07801852e+03  3.07800650e+03  2.67e-10 3.24e-13  1.18e-06     4s
  14   3.07801052e+03  3.07801050e+03  5.78e-11 8.53e-14  1.18e-09     5s

Barrier solved model in 14 iterations and 4.50 seconds (2.51 work units)
Optimal objective 3.07801052e+03

Crossover time: 0.01 seconds (0.00 work units)
Concurrent spin time: 0.00s

Solved with barrier

Use crossover to convert LP symmetric solution to basic solution...
Crossover time: 0.19 seconds (0.14 work units)

Root relaxation: objective 3.078011e+03, 2837 iterations, 0.56 seconds (0.37 work units)

    Nodes    |    Current Node    |     Objective Bounds      |     Work
 Expl Unexpl |  Obj  Depth IntInf | Incumbent    BestBd   Gap | It/Node Time

     0     0 3078.01051    0  194          - 3078.01051      -     -    7s
     0     0 3078.01051    0  194          - 3078.01051      -     -   18s
     0     0 3078.01051    0  194          - 3078.01051      -     -   24s
     0     0 3078.01051    0  194          - 3078.01051      -     -   30s
     0     0 3078.01051    0  194          - 3078.01051      -     -   35s
     0     0 3078.01051    0  194          - 3078.01051      -     -   42s
     0     0 3078.01051    0  225          - 3078.01051      -     -   45s
     0     0 3278.19839    0  585          - 3278.19839      -     -  240s
     0     0 3278.19839    0  585          - 3278.19839      -     -  313s
     0     0 3632.52873    0  619          - 3632.52873      -     -  690s
     0     0 3826.39514    0  616          - 3826.39514      -     -  985s
     0     0 3869.74200    0  618          - 3869.74200      -     - 1089s
     0     0 3873.22585    0  686          - 3873.22585      -     - 1143s
     0     0 3873.71815    0  608          - 3873.71815      -     - 1155s
     0     0 3873.75646    0  682          - 3873.75646      -     - 1158s
     0     0 3873.75646    0  651          - 3873.75646      -     - 1160s
     0     0 3873.75646    0  830          - 3873.75646      -     - 1194s
     0     0 3873.75646    0  766          - 3873.75646      -     - 1300s
     0     0 3873.75646    0  933          - 3873.75646      -     - 1369s
     0     0 3873.75646    0  933          - 3873.75646      -     - 1392s
     0     0 3873.75646    0  836          - 3873.75646      -     - 1424s
     0     0 3873.75646    0  583          - 3873.75646      -     - 1490s
     0     0 3873.75646    0  231          - 3873.75646      -     - 1507s
     0     0 3873.75646    0  319          - 3873.75646      -     - 1511s
     0     0 3874.03343    0 1598          - 3874.03343      -     - 1654s
     0     0 3874.03343    0 1398          - 3874.03343      -     - 1665s
     0     0 3874.03343    0 1398          - 3874.03343      -     - 1692s
     0     0 3874.05005    0 1594          - 3874.05005      -     - 1728s
     0     0 3874.16856    0 1693          - 3874.16856      -     - 1787s
     0     0 3874.16856    0 1693          - 3874.16856      -     - 1796s
     0     0 3874.16856    0 1693          - 3874.16856      -     - 1800s

Cutting planes:
  Cover: 86
  Implied bound: 65
  Clique: 67
  MIR: 39
  Flow cover: 454
  GUB cover: 3
  RLT: 126
  Relax-and-lift: 1
  BQP: 13
  PSD: 1
  Lazy constraints: 292

Explored 1 nodes (299222 simplex iterations) in 1800.00 seconds (1292.85 work units)
Thread count was 8 (of 8 available processors)

Solution count 0

Time limit reached
Best objective -, best bound 4.000000000000e+03, gap -

User-callback calls 81144, time in user-callback 1.48 sec
