
Gurobi 13.0.1 (linux64) logging started Thu Apr 23 10:41:44 2026

Set parameter LogFile to value "experiments/20260422_213746/logs/Inst_12_Medium_Phantom_23__ribeiro.log"
Set parameter LogToConsole to value 0
Set parameter TimeLimit to value 1800
Gurobi Optimizer version 13.0.1 build v13.0.1rc0 (linux64 - "Ubuntu 24.04.4 LTS")

CPU model: Intel(R) Core(TM) i5-8250U CPU @ 1.60GHz, instruction set [SSE2|AVX|AVX2]
Thread count: 4 physical cores, 8 logical processors, using up to 8 threads

Non-default parameters:
TimeLimit  1800
LogToConsole  0

Optimize a model with 3020 rows, 972 columns and 9985 nonzeros (Min)
Model fingerprint: 0xace1bb75
Model has 35 linear objective coefficients
Variable types: 60 continuous, 912 integer (876 binary)
Coefficient statistics:
  Matrix range     [1e+00, 3e+04]
  Objective range  [1e+03, 1e+03]
  Bounds range     [1e+00, 3e+04]
  RHS range        [1e+00, 5e+04]

Presolve removed 389 rows and 9 columns
Presolve time: 0.14s
Presolved: 2631 rows, 963 columns, 18624 nonzeros
Variable types: 52 continuous, 911 integer (876 binary)
Found heuristic solution: objective 30000.000000

Root relaxation: objective 0.000000e+00, 546 iterations, 0.03 seconds (0.02 work units)

    Nodes    |    Current Node    |     Objective Bounds      |     Work
 Expl Unexpl |  Obj  Depth IntInf | Incumbent    BestBd   Gap | It/Node Time

     0     0    0.00000    0   41 30000.0000    0.00000   100%     -    0s
H    0     0                    29000.000000    0.00000   100%     -    0s
H    0     0                    25400.000000    0.00000   100%     -    0s
H    0     0                    24200.000000    0.00000   100%     -    0s
     0     0    0.00000    0   68 24200.0000    0.00000   100%     -    0s
H    0     0                    23000.000000    0.00000   100%     -    0s
     0     0    0.00000    0   68 23000.0000    0.00000   100%     -    0s
H    0     0                    22000.000000    0.00000   100%     -    0s
H    0     0                    20800.000000    0.00000   100%     -    0s
H    0     0                    19800.000000    0.00000   100%     -    0s
     0     0    0.00000    0   65 19800.0000    0.00000   100%     -    0s
     0     0    0.00000    0   63 19800.0000    0.00000   100%     -    0s
H    0     0                    18600.000000    0.00000   100%     -    0s
H    0     0                    18400.000000    0.00000   100%     -    0s
H    0     0                    17200.000000    0.00000   100%     -    0s
     0     0    0.00000    0   60 17200.0000    0.00000   100%     -    0s
H    0     0                    16000.000000    0.00000   100%     -    1s
H    0     0                    14800.000000    0.00000   100%     -    1s
     0     0    0.00000    0   68 14800.0000    0.00000   100%     -    1s
     0     0    0.00000    0   51 14800.0000    0.00000   100%     -    1s
H    0     0                    13600.000000    0.00000   100%     -    1s
H    0     0                    12600.000000    0.00000   100%     -    1s
     0     0    0.00000    0   59 12600.0000    0.00000   100%     -    1s
     0     0    0.00000    0   51 12600.0000    0.00000   100%     -    1s
H    0     0                    12400.000000    0.00000   100%     -    1s
     0     0    0.00000    0   78 12400.0000    0.00000   100%     -    1s
     0     0    0.00000    0   49 12400.0000    0.00000   100%     -    1s
     0     0    0.00000    0   53 12400.0000    0.00000   100%     -    1s
     0     0    0.00000    0   41 12400.0000    0.00000   100%     -    1s
     0     2    0.00000    0   40 12400.0000    0.00000   100%     -    1s
H   12    19                    11200.000000    0.00000   100%   323    2s
   101   104    0.00000   15   51 11200.0000    0.00000   100%   223    5s
   906   833 2000.00000   41   50 11200.0000    0.00000   100%   125   10s
  1229   976 1000.00000   14   41 11200.0000    0.00000   100%   127   15s
H 1237   931                    10200.000000    0.00000   100%   126   20s
  1244   936 3000.00000   88   73 10200.0000    0.00000   100%   125   26s
  1249   944    0.00000   16   62 10200.0000    0.00000   100%   139   30s
  1285   977    0.00000   20   73 10200.0000    0.00000   100%   156   35s
  1348  1015  174.82237   23   90 10200.0000    0.00000   100%   168   40s
  1442  1065    0.00000   26   70 10200.0000    0.00000   100%   182   45s
  1733  1242 1000.00000   37   56 10200.0000    0.00000   100%   207   50s
  2187  1440 2000.00000   63   45 10200.0000    0.00000   100%   225   55s
  2245  1456 2000.00000   66   54 10200.0000    0.00000   100%   232   60s
  2270  1478 2000.00000   68   48 10200.0000    0.00000   100%   237   65s
  2339  1545 2000.00000   70   48 10200.0000    0.00000   100%   240   70s
  2751  1811 3000.00000   87   42 10200.0000    0.00000   100%   248   75s
  3049  1939 4000.00000  105   35 10200.0000    0.00000   100%   256   80s
  3528  2166 5000.00000   80   44 10200.0000    0.00000   100%   268   86s
  3824  2365 2000.00000   75   42 10200.0000    0.00000   100%   287   91s
  4097  2551    0.00000   40   58 10200.0000    0.00000   100%   294   95s
  4761  2997 6722.26792  104   36 10200.0000    0.00000   100%   293  100s
  5348  3472 2000.00000   70   44 10200.0000    0.00000   100%   292  106s
  5760  3851 1000.00000   41   55 10200.0000    0.00000   100%   292  110s
  6250  4140    0.00000   43   62 10200.0000    0.00000   100%   294  115s
  6740  4518 3000.00000  100   50 10200.0000    0.00000   100%   294  120s
  7101  4936 3000.00000  161   49 10200.0000    0.00000   100%   295  126s
  7352  5272 1000.00000   38   57 10200.0000    0.00000   100%   295  132s
  8017  5707 1000.00000   26   73 10200.0000    0.00000   100%   298  138s
  8350  6039    0.00000   36   58 10200.0000    0.00000   100%   297  142s
  8745  6251 infeasible   85      10200.0000    0.00000   100%   296  146s
  9432  7038 1000.00000   62   57 10200.0000    0.00000   100%   298  152s
  9962  7224 2000.00000   71   62 10200.0000    0.00000   100%   296  157s
 10191  7630 2000.00000   77   56 10200.0000    0.00000   100%   296  162s
 10720  8041 4000.00000  111   40 10200.0000    0.00000   100%   295  166s
 11320  8380 4000.00000  108   43 10200.0000    0.00000   100%   292  171s
 11722  8701 1000.00000   50   51 10200.0000    0.00000   100%   290  175s
 12109  9420 1000.00000   80   53 10200.0000    0.00000   100%   288  180s
 12996  9933 4000.00000  174   43 10200.0000    0.00000   100%   281  185s
 13667 10498    0.00000   35   56 10200.0000    0.00000   100%   277  190s
 14374 10506 1000.00000   43   58 10200.0000    0.00000   100%   277  196s
 14382 10516 1000.00000   44   54 10200.0000    0.00000   100%   277  201s
 14392 10557 1000.00000   45   52 10200.0000    0.00000   100%   277  208s
 14437 10979 1000.00000   47   46 10200.0000    0.00000   100%   277  216s
 15015 11695 5000.00000  117   42 10200.0000    0.00000   100%   276  222s
 15947 12111 1000.00000   41   60 10200.0000    0.00000   100%   274  228s
 16439 12653 3000.00000  110   40 10200.0000    0.00000   100%   272  234s
 17094 12928 2000.00000   71   42 10200.0000    0.00000   100%   273  239s
 17413 13516 4200.00000   90   53 10200.0000    0.00000   100%   274  247s
 18240 14310 5000.00000  115   35 10200.0000    0.00000   100%   275  254s
 19285 15156  500.00000   42   81 10200.0000    0.00000   100%   272  259s
 20379 15926 1000.00000   56   39 10200.0000    0.00000   100%   268  265s
 21384 16286 6000.00000  151   55 10200.0000    0.00000   100%   266  270s
 21881 17031 1000.00000   55   54 10200.0000    0.00000   100%   265  276s
 22812 17535 2000.00000   39   45 10200.0000    0.00000   100%   263  281s
 23471 18153 4000.00000   92   48 10200.0000    0.00000   100%   267  286s
 24222 18445 1000.00000   74   39 10200.0000    0.00000   100%   268  293s
 24518 19033 2000.00000  111   40 10200.0000    0.00000   100%   270  299s
 25308 19881 2000.00000   35   52 10200.0000    0.00000   100%   271  304s
 26353 20560 6000.00000  142   40 10200.0000    0.00000   100%   269  309s
 27147 20891 infeasible   79      10200.0000    0.00000   100%   268  315s
 27568 21740 1000.00000   31   52 10200.0000    0.00000   100%   268  321s
 28548 22425 2000.00000   38   52 10200.0000    0.00000   100%   267  326s
 29396 23420 1000.00000   58   57 10200.0000    0.00000   100%   267  366s
H29572 23418                    10000.000000    0.00000   100%   266  366s
 30628 23528 3000.00000   81   43 10000.0000    0.00000   100%   266  372s
 30757 24211 3000.00000   82   39 10000.0000    0.00000   100%   266  378s
 31586 24217 1023.89870   38   90 10000.0000    0.00000   100%   266  384s
H31587 24195                    9000.0000000    0.00000   100%   266  384s
 31596 24831 2000.00000   39   50 9000.00000    0.00000   100%   266  390s
 32331 25210 2000.00000  116   57 9000.00000    0.00000   100%   267  395s
 32768 25777 3000.00000  123   42 9000.00000    0.00000   100%   267  402s
 33578 26441 infeasible   45      9000.00000    0.00000   100%   269  408s
 34402 27285 1000.00000   77   52 9000.00000    0.00000   100%   271  415s
 35316 27629 3000.00000  135   44 9000.00000    0.00000   100%   271  421s
 35790 28391 2000.00000   51   52 9000.00000    0.00000   100%   271  427s
 36777 29340 1000.00000   42   46 9000.00000    0.00000   100%   271  434s
 37901 30068 1000.00000   44   56 9000.00000    0.00000   100%   269  440s
 38747 30529 1000.00000   41   39 9000.00000    0.00000   100%   270  446s
 39270 31121 5082.44107  109   55 9000.00000    0.00000   100%   270  453s
 40097 31732 1000.00000   62   55 9000.00000    0.00000   100%   271  459s
 40808 32175 2006.12043   83   64 9000.00000    0.00000   100%   273  466s
 41336 32195 4000.00000  149   58 9000.00000    0.00000   100%   273  472s
 41356 32388 3011.15993  149   71 9000.00000    0.00000   100%   274  479s
 41599 33142 2000.00000   42   60 9000.00000    0.00000   100%   273  487s
 42393 33703 5000.00000  197   42 9000.00000    0.00000   100%   273  493s
 43168 34715 2000.00000   70   53 9000.00000    0.00000   100%   272  501s
 44342 35567 4200.00000   71   39 9000.00000    0.00000   100%   271  509s
 45364 36139 1000.00000   82   63 9000.00000    0.00000   100%   271  515s
 46046 37037 1000.00000   28   60 9000.00000    0.00000   100%   270  521s
 47129 37760 3000.00000   79   53 9000.00000    0.00000   100%   269  527s
 48044 38048 5200.00000   83   36 9000.00000    0.00000   100%   269  532s
 48399 38816 5200.00000   84   37 9000.00000    0.00000   100%   268  538s
 49419 39649 4000.00000  115   40 9000.00000    0.00000   100%   267  544s
 50399 40356 4200.00000  124   38 9000.00000    0.00000   100%   266  549s
 51262 41202 2000.00000  106   55 9000.00000    0.00000   100%   266  555s
 52311 41509 2234.03561   60   58 9000.00000    0.00000   100%   264  560s
 52646 42223 5000.00000  103   51 9000.00000    0.00000   100%   264  566s
 53520 42907 3000.00000   82   48 9000.00000    0.00000   100%   263  571s
 54359 43619 2000.00000   98   52 9000.00000    0.00000   100%   263  576s
 55265 44251 1000.00000   42   45 9000.00000    0.00000   100%   262  581s
 55903 44450 3000.00000   93   43 9000.00000    0.00000   100%   263  586s
 56137 44989 3000.00000  108   39 9000.00000    0.00000   100%   264  592s
 56900 45694 2000.00000   38   60 9000.00000    0.00000   100%   264  598s
 57837 46346 2000.00000   79   60 9000.00000    0.00000   100%   263  604s
 58669 47058 1000.00000   37   65 9000.00000    0.00000   100%   263  609s
 59571 47753 5000.00000  154   59 9000.00000    0.00000   100%   262  617s
 60403 48642 2000.00000   72   40 9000.00000   11.30165   100%   262  624s
 61469 49288 3000.00000   77   44 9000.00000   12.57242   100%   261  630s
 62235 49519 2000.00000   84   47 9000.00000   13.21488   100%   262  637s
 62564 50356 1000.00000   45   41 9000.00000   13.21488   100%   262  642s
 63640 51123 1000.00000   36   54 9000.00000   14.76787   100%   261  649s
 64637 51290 1000.00000   36   64 9000.00000   15.92818   100%   261  655s
 64820 51448 2079.63673   80   70 9000.00000   15.92818   100%   261  662s
 65002 51961 1000.00000   57   46 9000.00000   15.92818   100%   261  669s
 65626 52457 5000.00000  121   45 9000.00000   15.92818   100%   260  676s
 66274 53175 2000.00000   51   56 9000.00000   19.10079   100%   260  684s
 67216 53886 1000.00000   54   43 9000.00000   20.84046   100%   260  690s
 68219 54164 6475.47949   91   61 9000.00000   24.78407   100%   259  697s
 68790 54913 1011.11736   34   56 9000.00000   28.66642   100%   260  704s
 69869 55178 4000.00000  101   48 9000.00000   31.24514   100%   259  710s
 70228 56042 4000.00000  102   44 9000.00000   31.42008   100%   259  717s
 71375 56740 2000.00000   70   44 9000.00000   33.23159   100%   258  723s
 72389 57528 3000.00000   95   32 9000.00000   38.81014   100%   258  729s
 73394 58027 5490.56308   94   45 9000.00000   40.61403   100%   257  735s
 74262 58405 4000.00000   46   35 9000.00000   43.38421   100%   257  743s
 74852 59427  500.00000   28  100 9000.00000   50.90679  99.4%   257  752s
 76284 60183 5503.93192   79   64 9000.00000   59.78390  99.3%   256  759s
 77263 60842 infeasible   56      9000.00000   68.02978  99.2%   256  764s
 78094 61483 1032.58549   65   82 9000.00000   68.02978  99.2%   257  771s
 78936 61651 infeasible   36      9000.00000   84.92126  99.1%   257  776s
 79170 62279 infeasible   41      9000.00000   85.89302  99.0%   257  783s
 80052 62947 1000.00000   63   54 9000.00000   88.99933  99.0%   257  789s
 80993 63835 1000.00000   45   59 9000.00000   95.49992  98.9%   257  796s
 82130 64416 4000.00000  101   47 9000.00000  103.88038  98.8%   256  801s
 83035 65146 2000.00000   61   48 9000.00000  116.37684  98.7%   256  807s
 84025 65946 1000.00000   29   60 9000.00000  133.37866  98.5%   255  813s
 85038 66635 1000.00000   49   36 9000.00000  137.74218  98.5%   255  819s
 85866 67529 3000.00000   73   46 9000.00000  137.74218  98.5%   255  824s
 87014 68250 1000.00000   42   49 9000.00000  152.01788  98.3%   253  830s
 87902 69066 2000.00000   53   48 9000.00000  158.36938  98.2%   253  835s
 88907 69926 1000.00000   34   67 9000.00000  163.16812  98.2%   252  842s
 90003 70726 2000.00000   53   47 9000.00000  163.16812  98.2%   252  848s
 90920 71387 1000.00000   49   77 9000.00000  167.90509  98.1%   252  853s
 91814 72194 2000.00000   69   52 9000.00000  177.24572  98.0%   251  857s
 92777 72788 4000.00000  122   40 9000.00000  185.66966  97.9%   250  861s
 93533 73302 2000.00000   56   56 9000.00000  191.99981  97.9%   250  865s
 94097 73859 2000.00000   74   49 9000.00000  191.99981  97.9%   251  871s
 94812 74530 2000.00000   49   59 9000.00000  191.99981  97.9%   251  875s
 95729 75118 4000.00000   90   54 9000.00000  200.00000  97.8%   250  880s
 97342 76418 4000.00000   89   47 9000.00000  207.66777  97.7%   250  889s
 98159 77173 1000.00000   41   58 9000.00000  210.82036  97.7%   249  894s
 99041 77771 2200.00000   91   32 9000.00000  210.82036  97.7%   249  898s
 99774 78298 2000.00000   38   51 9000.00000  210.82036  97.7%   249  903s
 100495 78934 3000.00000  114   46 9000.00000  210.82036  97.7%   249  907s
 101323 79573 4000.00000   87   54 9000.00000  241.17353  97.3%   249  912s
 102182 80225 infeasible   58      9000.00000  249.55187  97.2%   248  917s
 103052 80816 1000.00000   44   51 9000.00000  257.16764  97.1%   248  921s
 103847 81607 1000.00000   47   57 9000.00000  264.99160  97.1%   248  928s
 104936 82272 1000.00000   35   44 9000.00000  264.99160  97.1%   247  934s
 105948 82948 1000.00000   44   51 9000.00000  279.97578  96.9%   247  938s
 106788 83627 6200.00000  172   30 9000.00000  282.21493  96.9%   246  943s
 107601 84116 3000.00000   61   40 9000.00000  287.99149  96.8%   246  947s
 108328 84809 5200.00000   79   39 9000.00000  291.30561  96.8%   246  951s
 109275 85364 4400.00000   97   28 9000.00000  317.79043  96.5%   245  956s
 110960 86516 4074.37802   74   43 9000.00000  333.33333  96.3%   245  964s
 111736 87061 2000.00000   96   45 9000.00000  333.33333  96.3%   244  968s
 112408 87618 3000.00000  128   52 9000.00000  333.33333  96.3%   244  972s
 113143 88320 1093.03132   42   73 9000.00000  333.33333  96.3%   244  977s
 114021 89104 4000.00000  141   53 9000.00000  333.33333  96.3%   244  980s
 115031 89622 2000.00000   57   51 9000.00000  333.33333  96.3%   243  985s
 115830 90102 3000.00000  115   49 9000.00000  344.32955  96.2%   242  990s
 117224 90999 2000.00000   34   70 9000.00000  356.37351  96.0%   242  998s
 117896 91684 2000.00000   77   51 9000.00000  375.27777  95.8%   242 1003s
 118747 92555 4000.00000   70   38 9000.00000  398.74640  95.6%   242 1010s
 120609 93639 2200.00000   84   44 9000.00000  438.92838  95.1%   242 1018s
 121220 94263 3200.00000  131   54 9000.00000  438.92838  95.1%   242 1023s
 122036 95150 2000.00000   90   42 9000.00000  439.43473  95.1%   242 1028s
 123103 95709 1000.00000   56   42 9000.00000  439.43473  95.1%   241 1033s
 123888 96480 3000.00000   65   52 9000.00000  500.00000  94.4%   241 1038s
 124862 97198 4000.00000  107   33 9000.00000  500.00000  94.4%   241 1042s
 125742 97675 1000.00000   74   67 9000.00000  500.00000  94.4%   241 1046s
 126305 98156 2000.00000   95   68 9000.00000  500.00000  94.4%   241 1050s
 126853 98803 3000.00000  144   51 9000.00000  500.00000  94.4%   241 1055s
 127683 99483 infeasible   48      9000.00000  500.00000  94.4%   241 1060s
 129293 100795 infeasible  106      9000.00000  500.00000  94.4%   241 1069s
 130262 101531 3000.00000   92   45 9000.00000  500.00000  94.4%   241 1074s
 131152 102122 1000.00000   53   42 9000.00000  500.00000  94.4%   240 1078s
 131855 102932 3000.00000  116   52 9000.00000  500.00000  94.4%   240 1083s
 132943 103486 4000.00000   79   49 9000.00000  500.00000  94.4%   239 1088s
 133606 104431 4000.00000  100   54 9000.00000  500.00000  94.4%   239 1094s
 134766 105127 3000.00000  148   45 9000.00000  500.00000  94.4%   239 1099s
 135671 105789 5813.55039  115   30 9000.00000  561.60274  93.8%   238 1102s
 136511 106428 3000.00000   74   45 9000.00000  668.40225  92.6%   238 1106s
 137284 107067 3000.00000   83   57 9000.00000  668.40225  92.6%   238 1111s
 138793 108286 6211.48084   91   39 9000.00000  888.87092  90.1%   237 1118s
 139660 108980 5000.00000  124   31 9000.00000  919.65216  89.8%   237 1123s
 140541 109541 4000.00000  152   45 9000.00000 1000.00000  88.9%   237 1127s
 141265 110250 4000.00000  238   50 9000.00000 1000.00000  88.9%   237 1131s
 143137 111627 5200.00000  143   37 9000.00000 1000.00000  88.9%   236 1138s
 144030 112188 1000.00000   82   52 9000.00000 1000.00000  88.9%   236 1142s
 144874 112722 5001.71836  100   63 9000.00000 1000.00000  88.9%   235 1146s
 145607 113582 3000.00000   44   39 9000.00000 1000.00000  88.9%   235 1150s
 147495 114782 5006.56358   74   40 9000.00000 1000.00000  88.9%   234 1158s
 148346 115544 5200.00000  123   27 9000.00000 1000.00000  88.9%   234 1165s
 150391 116570 2000.00000   99   42 9000.00000 1000.00000  88.9%   234 1172s
 151043 117374 infeasible   88      9000.00000 1000.00000  88.9%   234 1177s
 152072 118056 3000.00000   92   39 9000.00000 1000.00000  88.9%   233 1181s
 153972 119606 5000.00000  126   43 9000.00000 1000.00000  88.9%   233 1188s
 154899 120363 infeasible  114      9000.00000 1000.00000  88.9%   232 1192s
 155852 120937 2000.00000   61   42 9000.00000 1000.00000  88.9%   232 1195s
 157811 122471 3000.00000   64   58 9000.00000 1000.00000  88.9%   231 1202s
 158663 123088 4000.00000  135   39 9000.00000 1000.00000  88.9%   231 1206s
 160157 124145 3000.00000  107   44 9000.00000 1000.00000  88.9%   230 1212s
 160780 124592 1000.00000   80   43 9000.00000 1000.00000  88.9%   230 1215s
 162357 125814 2008.15800  157   68 9000.00000 1000.00000  88.9%   230 1223s
 163118 126717 4000.00000  194   40 9000.00000 1000.00000  88.9%   229 1229s
 164399 127390 2000.00000   78   51 9000.00000 1000.00000  88.9%   229 1233s
 165222 127981 5000.00000  178   46 9000.00000 1000.00000  88.9%   229 1237s
 166004 128663 2000.00000   70   46 9000.00000 1000.00000  88.9%   229 1240s
 167783 129821 2000.00000   90   56 9000.00000 1000.00000  88.9%   228 1247s
 168470 130348 2000.00000   57   58 9000.00000 1000.00000  88.9%   228 1250s
 169857 131347 4000.00000   95   41 9000.00000 1000.00000  88.9%   228 1258s
 170687 131918 3000.00000  109   41 9000.00000 1000.00000  88.9%   227 1261s
 171405 132527 2000.00000  122   54 9000.00000 1000.00000  88.9%   227 1265s
 172985 133701 2000.00000  106   49 9000.00000 1000.00000  88.9%   227 1273s
 173586 134265 4000.00000  136   37 9000.00000 1000.00000  88.9%   227 1276s
 174315 134866 3000.00000   84   42 9000.00000 1000.00000  88.9%   227 1280s
 175764 136014 6413.43700  167   29 9000.00000 1000.00000  88.9%   227 1287s
 176653 136726 2000.00000   74   38 9000.00000 1000.00000  88.9%   227 1291s
 177546 137647 3000.00000  120   55 9000.00000 1000.00000  88.9%   227 1298s
 178728 138337 infeasible  123      9000.00000 1000.00000  88.9%   226 1302s
 179593 138967 6400.00000   80   30 9000.00000 1000.00000  88.9%   226 1306s
 180474 139523 2000.00000   73   38 9000.00000 1000.00000  88.9%   226 1310s
 182078 140621 6000.00000  143   39 9000.00000 1000.00000  88.9%   225 1316s
 182844 141079 5000.00000  113   43 9000.00000 1000.00000  88.9%   225 1320s
 184139 142159 6400.00000  136   56 9000.00000 1000.00000  88.9%   226 1327s
 184918 142857 5400.00000   81   41 9000.00000 1000.00000  88.9%   226 1331s
 186758 143993 5000.00000  232   37 9000.00000 1000.00000  88.9%   225 1338s
 187407 144590 3000.00000   54   37 9000.00000 1000.00000  88.9%   225 1342s
 188201 145074 2000.00000   80   41 9000.00000 1000.00000  88.9%   225 1346s
 188847 145805 2000.00000   50   42 9000.00000 1000.00000  88.9%   225 1350s
 190976 146958 infeasible  114      9000.00000 1000.00000  88.9%   224 1358s
 191654 147466 2000.00000   53   33 9000.00000 1000.00000  88.9%   224 1361s
 192381 148253 4000.00000  105   39 9000.00000 1000.00000  88.9%   224 1367s
 193454 149098 4000.00000  135   42 9000.00000 1000.00000  88.9%   224 1372s
 194456 149664 infeasible   89      9000.00000 1000.00000  88.9%   224 1376s
 195303 150237 5200.00000   87   35 9000.00000 1000.00000  88.9%   223 1380s
 196949 151583 5000.39851   78   42 9000.00000 1000.00000  88.9%   223 1386s
 197841 152102 6200.00000  181   38 9000.00000 1000.00000  88.9%   223 1390s
 199650 153383 infeasible   82      9000.00000 1000.00000  88.9%   222 1397s
 200423 153766 2000.00000   64   45 9000.00000 1000.00000  88.9%   222 1400s
 201566 154725 5000.00000  109   30 9000.00000 1000.00000  88.9%   223 1407s
 202443 155261 infeasible   84      9000.00000 1000.00000  88.9%   222 1411s
 203973 156270 4000.00000  103   46 9000.00000 1000.00000  88.9%   222 1418s
 204581 156768 2116.02479   96   62 9000.00000 1000.00000  88.9%   222 1422s
 205300 157426 3000.00000  101   44 9000.00000 1000.00000  88.9%   222 1426s
 206960 158915 3000.00000   68   46 9000.00000 1000.00000  88.9%   222 1435s
 208920 160145     cutoff  154      9000.00000 1000.00000  88.9%   222 1443s
 209789 160875 2000.00000   34   48 9000.00000 1000.00000  88.9%   222 1447s
 210642 161512 4000.00000  127   55 9000.00000 1000.00000  88.9%   221 1450s
 212110 162764 5000.00000  104   38 9000.00000 1000.00000  88.9%   221 1457s
 213015 163200 infeasible  128      9000.00000 1000.00000  88.9%   221 1461s
 213711 163866 5000.00000  101   53 9000.00000 1000.00000  88.9%   221 1466s
 215399 165147 3001.67153  113   48 9000.00000 1000.00000  88.9%   221 1473s
 216225 165610 3000.00000  118   47 9000.00000 1000.00000  88.9%   221 1476s
 216928 166216 3000.00000  178   53 9000.00000 1000.00000  88.9%   221 1480s
 218681 167507 2000.00000   95   41 9000.00000 1000.00000  88.9%   220 1487s
 219471 168180 4000.00000  126   40 9000.00000 1000.00000  88.9%   220 1492s
 220360 168407 2000.00000   71   40 9000.00000 1000.00000  88.9%   220 1495s
 221334 169324 3000.00000   95   35 9000.00000 1000.00000  88.9%   220 1503s
 221992 170218 1000.00000   72   42 9000.00000 1000.00000  88.9%   220 1509s
 223245 170808 4000.00000  135   44 9000.00000 1000.00000  88.9%   220 1512s
 224014 171547 4000.00000   81   29 9000.00000 1000.00000  88.9%   220 1516s
 225502 172625 3000.00000   69   47 9000.00000 1000.00000  88.9%   220 1523s
 226416 173437 5000.00000  134   33 9000.00000 1000.00000  88.9%   219 1526s
 227396 173987 4000.00000   95   43 9000.00000 1000.00000  88.9%   219 1530s
 228931 175026 4000.00000   93   41 9000.00000 1000.00000  88.9%   219 1536s
 230309 175904 3013.04595   70   72 9000.00000 1000.00000  88.9%   219 1543s
 230860 176310 2000.00000   83   40 9000.00000 1000.00000  88.9%   219 1547s
 231468 176763 4005.47622   71   45 9000.00000 1000.00000  88.9%   219 1550s
 232903 177948 1000.00000   60   43 9000.00000 1000.00000  88.9%   219 1558s
 233813 178485 4000.00000  103   40 9000.00000 1000.00000  88.9%   219 1561s
 235385 179368 3000.00000   80   52 9000.00000 1000.00000  88.9%   219 1568s
 236001 179919 1070.56112   72   50 9000.00000 1000.00000  88.9%   219 1572s
 236849 180703 2000.00000   63   48 9000.00000 1000.00000  88.9%   219 1578s
 237913 181239 2000.00000   73   53 9000.00000 1000.00000  88.9%   219 1582s
 238787 181911 2000.00000   74   33 9000.00000 1000.00000  88.9%   219 1586s
 240356 182689 5000.00000  100   49 9000.00000 1000.00000  88.9%   218 1593s
 241112 183274 infeasible   68      9000.00000 1000.00000  88.9%   218 1597s
 241891 183967 2000.00000   46   43 9000.00000 1000.00000  88.9%   218 1600s
 243486 185098 4000.00000   82   34 9000.00000 1000.00000  88.9%   218 1608s
 244337 185754 3000.00000  118   47 9000.00000 1000.00000  88.9%   218 1611s
 245203 186221 4000.00000  104   41 9000.00000 1000.00000  88.9%   218 1615s
 246835 187352 3000.00000   94   36 9000.00000 1000.00000  88.9%   218 1622s
 247477 187911 5200.00000  119   32 9000.00000 1000.00000  88.9%   218 1626s
 248188 188516 5000.00000  115   39 9000.00000 1000.00000  88.9%   218 1630s
 249848 189877 2000.00000   91   42 9000.00000 1000.00000  88.9%   218 1638s
 250755 190388 5000.00000   84   44 9000.00000 1000.00000  88.9%   218 1641s
 251555 191025 4000.00000  118   48 9000.00000 1000.00000  88.9%   218 1647s
 252588 191577 infeasible   76      9000.00000 1000.00000  88.9%   217 1651s
 253350 192201 6200.00000  200   39 9000.00000 1000.00000  88.9%   218 1656s
 254278 192854 3000.00000   70   38 9000.00000 1000.00000  88.9%   217 1660s
 255916 194031 5000.00000   97   29 9000.00000 1000.00000  88.9%   217 1667s
 256746 194686 infeasible  164      9000.00000 1000.00000  88.9%   217 1671s
 257621 195172 4000.00000  137   48 9000.00000 1000.00000  88.9%   217 1675s
 258842 196400 3079.48490  136   67 9000.00000 1000.00000  88.9%   218 1683s
 259887 197147 2000.00000   93   50 9000.00000 1000.00000  88.9%   217 1687s
 260818 197820 5000.00000  159   39 9000.00000 1000.00000  88.9%   217 1691s
 262477 198909 2180.09507  131   81 9000.00000 1000.00000  88.9%   217 1699s
 263187 199295 2000.00000   77   34 9000.00000 1000.00000  88.9%   217 1703s
 263749 199763 1206.46993   71   35 9000.00000 1000.00000  88.9%   217 1706s
 264406 200155 4000.00000  123   39 9000.00000 1000.00000  88.9%   217 1710s
 265842 201275 4000.00000  145   34 9000.00000 1000.00000  88.9%   218 1718s
 266683 201830 2000.00000   85   44 9000.00000 1000.00000  88.9%   217 1724s
 267648 202536 infeasible   97      9000.00000 1000.00000  88.9%   217 1729s
 268613 203139 2000.00000   69   36 9000.00000 1000.00000  88.9%   217 1732s
 269436 203735 3000.00000   84   49 9000.00000 1000.00000  88.9%   217 1736s
 270228 204301 1000.00000   65   50 9000.00000 1000.00000  88.9%   217 1741s
 272009 205481 4000.00000  141   35 9000.00000 1000.00000  88.9%   217 1748s
 272800 206059 5200.00000  119   43 9000.00000 1000.00000  88.9%   217 1752s
 273627 206574 2000.00000  131   41 9000.00000 1000.00000  88.9%   217 1755s
 275186 207786 1000.00000   55   48 9000.00000 1000.00000  88.9%   217 1763s
 275907 208289 3000.00000   97   39 9000.00000 1000.00000  88.9%   217 1766s
 276682 208822 3000.00000  148   45 9000.00000 1000.00000  88.9%   217 1770s
 278233 209804 4200.00000  207   56 9000.00000 1000.00000  88.9%   217 1778s
 279000 210363 6493.68062  241   48 9000.00000 1000.00000  88.9%   217 1782s
 279823 210978 3200.00000   78   33 9000.00000 1000.00000  88.9%   217 1786s
 281519 212545 2000.00000   53   44 9000.00000 1000.00000  88.9%   216 1795s
 283585 213371 4200.00000  120   36 9000.00000 1000.00000  88.9%   216 1800s

Cutting planes:
  Learned: 2
  Cover: 19
  Implied bound: 35
  Projected implied bound: 15
  Clique: 4
  MIR: 48
  Mixing: 2
  StrongCG: 9
  Flow cover: 167
  GUB cover: 42
  Inf proof: 25
  Zero half: 19
  RLT: 3
  Relax-and-lift: 74

Explored 283932 nodes (61333753 simplex iterations) in 1800.01 seconds (1145.24 work units)
Thread count was 8 (of 8 available processors)

Solution count 10: 9000 10000 10200 ... 17200

Time limit reached
Best objective 9.000000000000e+03, best bound 1.000000000000e+03, gap 88.8889%
