
Gurobi 13.0.1 (linux64) logging started Thu Apr 23 02:30:27 2026

Set parameter LogFile to value "experiments/20260422_213746/logs/Inst_06_Medium_Phantom_16__ribeiro.log"
Set parameter LogToConsole to value 0
Set parameter TimeLimit to value 1800
Gurobi Optimizer version 13.0.1 build v13.0.1rc0 (linux64 - "Ubuntu 24.04.4 LTS")

CPU model: Intel(R) Core(TM) i5-8250U CPU @ 1.60GHz, instruction set [SSE2|AVX|AVX2]
Thread count: 4 physical cores, 8 logical processors, using up to 8 threads

Non-default parameters:
TimeLimit  1800
LogToConsole  0

Optimize a model with 1464 rows, 491 columns and 4787 nonzeros (Min)
Model fingerprint: 0x72f5e932
Model has 24 linear objective coefficients
Variable types: 42 continuous, 449 integer (424 binary)
Coefficient statistics:
  Matrix range     [1e+00, 3e+04]
  Objective range  [1e+03, 1e+03]
  Bounds range     [1e+00, 2e+04]
  RHS range        [1e+00, 4e+04]

Presolve removed 202 rows and 7 columns
Presolve time: 0.09s
Presolved: 1262 rows, 484 columns, 8610 nonzeros
Variable types: 36 continuous, 448 integer (424 binary)
Found heuristic solution: objective 20800.000000
Found heuristic solution: objective 16200.000000

Root relaxation: objective 0.000000e+00, 174 iterations, 0.01 seconds (0.00 work units)

    Nodes    |    Current Node    |     Objective Bounds      |     Work
 Expl Unexpl |  Obj  Depth IntInf | Incumbent    BestBd   Gap | It/Node Time

     0     0    0.00000    0   29 16200.0000    0.00000   100%     -    0s
H    0     0                    15200.000000    0.00000   100%     -    0s
H    0     0                    14000.000000    0.00000   100%     -    0s
     0     0    0.00000    0   45 14000.0000    0.00000   100%     -    0s
     0     0    0.00000    0   37 14000.0000    0.00000   100%     -    0s
     0     0    0.00000    0   37 14000.0000    0.00000   100%     -    0s
     0     0    0.00000    0   33 14000.0000    0.00000   100%     -    0s
H    0     0                    12800.000000    0.00000   100%     -    0s
     0     0    0.00000    0   41 12800.0000    0.00000   100%     -    0s
     0     0    0.00000    0   40 12800.0000    0.00000   100%     -    0s
     0     0    0.00000    0   35 12800.0000    0.00000   100%     -    0s
H    0     0                    11600.000000    0.00000   100%     -    0s
     0     0    0.00000    0   50 11600.0000    0.00000   100%     -    0s
H    0     0                    10600.000000    0.00000   100%     -    0s
H    0     0                    9400.0000000    0.00000   100%     -    0s
     0     0    0.00000    0   50 9400.00000    0.00000   100%     -    0s
     0     0    0.00000    0   38 9400.00000    0.00000   100%     -    0s
     0     0    0.00000    0   54 9400.00000    0.00000   100%     -    0s
     0     0    0.00000    0   57 9400.00000    0.00000   100%     -    0s
     0     0    0.00000    0   42 9400.00000    0.00000   100%     -    1s
H    0     0                    8200.0000000    0.00000   100%     -    1s
     0     0    0.00000    0   41 8200.00000    0.00000   100%     -    1s
     0     0    0.00000    0   36 8200.00000    0.00000   100%     -    1s
     0     2    0.00000    0   36 8200.00000    0.00000   100%     -    1s
H   25    29                    8000.0000000    0.00000   100%   134    1s
H  642   511                    6800.0000000    0.00000   100%  80.2    2s
  1392  1021 2200.00000   33   49 6800.00000    0.00000   100%  81.2    5s
H 1394   970                    5600.0000000    0.00000   100%  81.0    5s
H 1609  1071                    4600.0000000    0.00000   100%   102    8s
  1691  1140    0.00000   33   48 4600.00000    0.00000   100%   112   10s
  2388  1476 1000.00000   29   25 4600.00000    0.00000   100%   128   15s
  3431  2139 2000.00000   38   32 4600.00000    0.00000   100%   157   20s
  5120  2854 2000.00000   42   27 4600.00000    0.00000   100%   158   25s
  6895  4197 2000.00000   49   31 4600.00000    0.00000   100%   156   30s
  7918  5017 3000.00000   50   29 4600.00000    0.00000   100%   161   35s
  9285  5853 2000.00000   33   28 4600.00000    0.00000   100%   160   40s
 11206  7445 1064.57270   48   48 4600.00000    0.00000   100%   158   46s
 13038  8636 4200.00000   60   28 4600.00000    0.00000   100%   156   50s
 15320  9770 2185.95950   71   48 4600.00000    0.00000   100%   155   56s
 16666 10752 2000.00000   29   33 4600.00000    0.00000   100%   155   62s
 16931 11376 2000.00000   31   29 4600.00000    0.00000   100%   155   66s
 18205 12147 1143.80866   37   38 4600.00000    0.00000   100%   155   70s
 20735 14313  100.57843   38   55 4600.00000    0.00000   100%   157   77s
 22677 15257 1000.00000   24   35 4600.00000    0.00000   100%   157   82s
 23202 15867 4000.00000   79   39 4600.00000    0.00000   100%   157   85s
 26268 17925 infeasible   54      4600.00000    0.00000   100%   156   90s
 28737 19739 1000.00000   58   37 4600.00000    0.00000   100%   155   96s
 29674 20150 1436.39864   44   33 4600.00000    0.00000   100%   155  111s
 30254 20516 1200.00000   33   34 4600.00000    0.00000   100%   156  116s
 31397 21655 infeasible   66      4600.00000    0.00000   100%   157  124s
 32541 22985 3000.00000   62   27 4600.00000    0.00000   100%   156  128s
 34381 23790 2000.00000  104   26 4600.00000    0.00000   100%   156  131s
 36255 25103 1000.00000   35   37 4600.00000    0.00000   100%   156  136s
 38553 26545 3200.00000   72   24 4600.00000    0.00000   100%   155  141s
 40138 27961 infeasible   76      4600.00000    0.00000   100%   155  146s
 42210 29191   14.92665   49   72 4600.00000    0.00000   100%   155  151s
 43830 30510    0.00000   30   38 4600.00000    0.00000   100%   155  157s
 45090 32160 2200.00000  100   32 4600.00000    0.00000   100%   155  163s
 46940 32903 infeasible   99      4600.00000    0.00000   100%   154  165s
 49476 34760 3200.00000  105   27 4600.00000    0.00000   100%   154  170s
 51992 36444 3000.00000   90   31 4600.00000    0.00000   100%   153  176s
 53249 37330 2000.00000   52   32 4600.00000    0.00000   100%   153  181s
 54723 38552 infeasible   86      4600.00000    0.00000   100%   154  185s
 55829 38898 1000.00000   39   39 4600.00000    0.00000   100%   154  192s
 56854 40096 infeasible   70      4600.00000    0.00000   100%   154  197s
 58854 41200 1000.00000   47   45 4600.00000    0.00000   100%   154  202s
 60301 42343 3200.00000   63   28 4600.00000    0.00000   100%   154  205s
 61614 43486 3000.00000   74   39 4600.00000    0.00000   100%   155  211s
 63499 44877 2000.00000   88   26 4600.00000    0.00000   100%   155  216s
 65279 45859 infeasible  123      4600.00000    0.00000   100%   155  220s
 66776 46962 1000.00000   70   39 4600.00000    0.00000   100%   155  225s
 68419 47871 2000.00000   73   37 4600.00000    0.00000   100%   156  230s
 70699 50015 2200.00000   54   23 4600.00000    0.00000   100%   156  236s
 72596 51223 3000.00000   56   34 4600.00000    0.00000   100%   156  241s
 73300 51373 1000.00000   25   44 4600.00000    0.00000   100%   156  245s
 73970 52255 2111.86971  119   65 4600.00000    0.00000   100%   156  251s
 75560 53737 2000.00000   68   44 4600.00000    0.00000   100%   156  257s
 77520 54672 2000.00000   60   32 4600.00000    0.00000   100%   156  261s
 79147 55983 1090.53903   39   54 4600.00000    0.00000   100%   156  266s
 80861 56912 1000.00000   32   36 4600.00000    0.00000   100%   156  271s
 82379 58274 2000.00000   50   45 4600.00000    0.00000   100%   156  275s
 84952 59814 1000.00000   36   39 4600.00000    0.00000   100%   156  282s
 86571 60748 2000.00000   30   46 4600.00000    0.00000   100%   156  285s
 88306 62166 3000.00000  112   35 4600.00000    0.00000   100%   156  290s
 89656 64005 2000.00000   54   37 4600.00000    0.00000   100%   156  298s
 92027 64655 1000.00000   45   35 4600.00000    0.00000   100%   156  301s
 93978 65978 2000.00000   39   33 4600.00000    0.00000   100%   156  305s
 96648 67055 3016.64266   53   30 4600.00000    0.00000   100%   155  311s
 97998 67672 2000.00000   37   26 4600.00000    0.00000   100%   155  315s
 98096 67902 3260.50476   40   37 4600.00000    0.00000   100%   155  321s
 98950 68846 infeasible   41      4600.00000    0.00000   100%   155  325s
 100472 69872 1156.93596   59   32 4600.00000    0.00000   100%   155  330s
 102030 70854 1000.00000   40   47 4600.00000    0.00000   100%   155  335s
 103843 71900 2000.00000   48   34 4600.00000    0.00000   100%   155  341s
 105509 72952 3200.00000   50   32 4600.00000    0.00000   100%   155  347s
 107398 74566 1000.00000   32   43 4600.00000    0.00000   100%   155  351s
 109236 75475 3000.00000   44   29 4600.00000    0.00000   100%   155  355s
 111866 77499 1000.00000   54   46 4600.00000    0.00000   100%   155  362s
 113183 78650 1000.00000   47   38 4600.00000    0.00000   100%   155  366s
 115023 79363 2000.00000   68   38 4600.00000    0.00000   100%   155  370s
 116237 80559 2000.00000   66   39 4600.00000    0.00000   100%   155  375s
 119046 82679 2000.00000   67   35 4600.00000    0.00000   100%   155  382s
 120637 83444 2000.00000   55   32 4600.00000    0.00000   100%   154  385s
 122285 84477 2000.00000  105   35 4600.00000    0.00000   100%   154  390s
 124526 86274     cutoff   50      4600.00000    0.00000   100%   154  396s
 126315 87191 1000.00000   41   30 4600.00000    0.00000   100%   154  400s
 128161 88432 4200.00000   69   31 4600.00000    0.00000   100%   154  407s
 129746 89188 2000.00000   41   32 4600.00000    0.00000   100%   154  411s
 130857 90520 infeasible  134      4600.00000    0.00000   100%   154  415s
 133576 92350 2000.00000   35   28 4600.00000    0.00000   100%   154  422s
 135504 93208 1000.00000   42   32 4600.00000    0.00000   100%   154  426s
 136832 94096 infeasible   34      4600.00000    0.00000   100%   153  430s
 137622 94232 2000.00000   60   29 4600.00000    0.00000   100%   153  436s
 137883 94612 3000.00000   96   35 4600.00000    0.00000   100%   153  440s
 139039 95597 2000.00000   39   36 4600.00000    0.00000   100%   153  446s
 140776 97163 4200.00000  119   26 4600.00000    0.00000   100%   153  451s
 142957 98214 1000.00000   49   44 4600.00000    0.00000   100%   153  456s
 144617 99089 1000.00000   91   37 4600.00000    0.00000   100%   153  460s
 146837 100878 3010.50332   34   45 4600.00000    0.00000   100%   153  467s
 148257 102202 1000.00000   49   30 4600.00000    0.00000   100%   153  471s
 150691 103080 2000.00000   50   31 4600.00000    0.00000   100%   153  475s
 152397 104589 3000.00000   87   35 4600.00000    0.00000   100%   153  481s
 153824 105723 3000.00000   64   25 4600.00000    0.00000   100%   153  485s
 155998 107199 3000.00000   72   26 4600.00000    0.00000   100%   152  490s
 158398 108525 2000.00000   46   39 4600.00000    0.00000   100%   152  497s
 159639 109756 2000.00000   57   39 4600.00000    0.00000   100%   152  501s
 161448 110543 infeasible   43      4600.00000    0.00000   100%   152  505s
 163529 112331 3000.00000  109   30 4600.00000    0.00000   100%   152  511s
 165303 113070 2000.00000   46   35 4600.00000    0.00000   100%   152  515s
 167506 114624 infeasible   39      4600.00000    0.00000   100%   152  521s
 169283 115535 2200.00000   57   31 4600.00000   11.07668   100%   152  526s
 170798 116556 1000.00000   28   23 4600.00000   26.00580  99.4%   152  530s
 173373 117635 3200.00000   57   36 4600.00000   41.49002  99.1%   152  537s
 174753 118974 1000.00000   84   41 4600.00000   50.49928  98.9%   152  541s
 177440 120434 3200.00000   84   22 4600.00000   60.74095  98.7%   151  547s
 179210 121359 3019.63512   32   35 4600.00000   74.41591  98.4%   151  551s
 180793 122496 1200.00000   46   31 4600.00000   82.28423  98.2%   152  555s
 183772 124233 3400.00000   84   13 4600.00000   93.52630  98.0%   151  560s
 186148 125626 2167.98851   32   48 4600.00000  108.38681  97.6%   151  566s
 187802 126598 3003.93468   96   49 4600.00000  115.94915  97.5%   151  570s
 190368 127939 3000.00000  102   34 4600.00000  126.44950  97.3%   151  576s
 192718 129384 infeasible   56      4600.00000  146.35423  96.8%   151  581s
 194483 130477 2000.00000   61   37 4600.00000  163.79150  96.4%   151  586s
 197069 131837 1000.00000   37   33 4600.00000  192.72513  95.8%   151  592s
 199587 133215 2380.58514   71   31 4600.00000  209.50723  95.4%   151  596s
 201507 134506 2000.00000   77   33 4600.00000  222.09292  95.2%   151  600s
 204430 136084 1000.00000   43   27 4600.00000  235.64175  94.9%   150  606s
 207017 137742 1200.00000   38   28 4600.00000  245.90816  94.7%   150  611s
 208508 139045 2000.00000   77   35 4600.00000  251.44857  94.5%   149  615s
 211761 140536 3008.85011   44   55 4600.00000  276.07180  94.0%   149  621s
 213505 141516 3200.00000   67   39 4600.00000  280.88937  93.9%   149  625s
 216149 142876 4400.00000   67   17 4600.00000  300.91848  93.5%   149  630s
 218697 144466 2000.00000   69   36 4600.00000  323.70000  93.0%   149  635s
 222778 146763 2200.00000   74   24 4600.00000  347.94869  92.4%   148  641s
 225759 148169 infeasible   96      4600.00000  369.56049  92.0%   147  645s
 228183 149533 3400.00000   57   22 4600.00000  387.83083  91.6%   147  650s
 230959 151400 1200.00000   54   38 4600.00000  406.92746  91.2%   147  656s
 233433 153090 1200.00000   57   32 4600.00000  428.33801  90.7%   146  661s
 236855 154975  474.38298   38   37 4600.00000  474.36950  89.7%   146  665s
 239734 156585 1000.00000   48   41 4600.00000  484.52946  89.5%   145  671s
 241993 158126 2000.00000   41   39 4600.00000  508.28273  89.0%   145  675s
 244541 159673 2200.00000   61   32 4600.00000  538.96570  88.3%   145  680s
 248614 162035 1015.67954   37   47 4600.00000  581.35115  87.4%   144  686s
 251139 163315 2200.00000   46   28 4600.00000  617.62398  86.6%   144  690s
 253771 165027 infeasible   32      4600.00000  648.04328  85.9%   143  695s
 256592 166747 4307.91684   30   31 4600.00000  758.60206  83.5%   143  700s
 259254 167969 2000.00000   55   39 4600.00000  875.94523  81.0%   143  705s
 261722 169321 2000.00000   51   32 4600.00000 1000.00000  78.3%   143  710s
 265369 171091 1208.86894   45   35 4600.00000 1000.00000  78.3%   142  715s
 268517 172767 infeasible   51      4600.00000 1000.00000  78.3%   142  721s
 270955 174017 4000.00000   67   33 4600.00000 1000.00000  78.3%   142  725s
 274220 175906 1000.00000   47   28 4600.00000 1000.00000  78.3%   141  730s
 278234 178239 1000.00000   63   34 4600.00000 1000.00000  78.3%   141  736s
 280648 179609 3000.00000  107   33 4600.00000 1000.00000  78.3%   141  740s
 283595 181054 2000.00000   49   23 4600.00000 1000.00000  78.3%   140  745s
 286884 182652 4200.00000   82   20 4600.00000 1000.00000  78.3%   140  750s
 290289 184203 3273.53885   60   36 4600.00000 1000.00000  78.3%   140  755s
 292744 185479 1026.51988   49   40 4600.00000 1000.00000  78.3%   139  760s
 295739 187168 infeasible   57      4600.00000 1000.00000  78.3%   139  765s
 299236 189090 2000.00000   64   32 4600.00000 1000.00000  78.3%   139  771s
 301747 190272 3518.21102   91   26 4600.00000 1000.00000  78.3%   139  775s
 304255 191616 2000.00000   46   35 4600.00000 1000.00000  78.3%   138  780s
 308518 193782     cutoff  140      4600.00000 1000.00000  78.3%   138  785s
 310876 195008 1018.39346   54   33 4600.00000 1000.00000  78.3%   138  790s
 314467 196828 2000.00000   55   31 4600.00000 1000.00000  78.3%   138  795s
 316732 197991 2431.10514   58   34 4600.00000 1000.00000  78.3%   137  800s
 319313 199363 1000.00000   59   36 4600.00000 1000.00000  78.3%   137  805s
 323458 201437 2000.00000   66   25 4600.00000 1000.00000  78.3%   137  810s
 326007 202615 2000.00000   53   28 4600.00000 1000.00000  78.3%   137  815s
 329785 204485 2107.84572   73   52 4600.00000 1000.00000  78.3%   136  820s
 333153 206021 4400.00000   64    8 4600.00000 1000.00000  78.3%   136  826s
 335604 207164 2000.00000   82   22 4600.00000 1000.00000  78.3%   136  830s
 339721 209336 3049.00214   69   40 4600.00000 1000.00000  78.3%   136  835s
 342782 211264 2000.00000   54   44 4600.00000 1000.00000  78.3%   135  841s
 345513 212420 3400.00000   53   19 4600.00000 1000.00000  78.3%   135  846s
 348636 214118 2000.00000   34   42 4600.00000 1000.00000  78.3%   135  850s
 351974 215799 3437.37139   55   30 4600.00000 1000.00000  78.3%   135  856s
 355146 217553 4200.00000   84   34 4600.00000 1000.00000  78.3%   135  860s
 357534 218928 1000.00000   50   26 4600.00000 1000.00000  78.3%   135  865s
 361205 220585 4200.00000   71   32 4600.00000 1000.00000  78.3%   134  870s
 364652 222196 3200.00000   57   29 4600.00000 1000.00000  78.3%   134  876s
 367195 223369 1010.50752   71   51 4600.00000 1000.00000  78.3%   134  880s
 370442 224869 infeasible   68      4600.00000 1000.00000  78.3%   134  885s
 373217 226246 2000.00000   50   30 4600.00000 1000.00000  78.3%   133  890s
 376484 227821 3000.00000   89   41 4600.00000 1000.00000  78.3%   133  895s
 379858 229152 2000.00000   57   39 4600.00000 1000.00000  78.3%   133  901s
 382729 230804     cutoff   75      4600.00000 1000.00000  78.3%   133  906s
 385658 231991 2449.28487   51   28 4600.00000 1000.00000  78.3%   133  910s
 389304 233718 3022.41924  144   52 4600.00000 1000.00000  78.3%   132  915s
 392520 235252 1000.00000  125   36 4600.00000 1000.00000  78.3%   132  920s
 394763 236606 3235.29045   84   26 4600.00000 1000.00000  78.3%   132  925s
 397955 237946 2000.00000   65   33 4600.00000 1000.00000  78.3%   132  930s
 401104 239621 infeasible   68      4600.00000 1000.00000  78.3%   132  935s
 404583 241332 2000.00000   50   26 4600.00000 1000.00000  78.3%   132  941s
 407881 243156 3008.66181  114   46 4600.00000 1000.00000  78.3%   131  945s
 411328 244697 infeasible  111      4600.00000 1000.00000  78.3%   131  950s
 413595 246003 3000.00000   63   30 4600.00000 1000.00000  78.3%   131  955s
 417211 247674 2000.00000   82   31 4600.00000 1000.00000  78.3%   131  960s
 420592 249180 4400.00000   70   18 4600.00000 1000.00000  78.3%   131  965s
 423672 250762 2000.00000   60   25 4600.00000 1000.00000  78.3%   131  971s
 426124 252125 1000.00000   61   27 4600.00000 1000.00000  78.3%   130  975s
 430057 254160 3612.45040   43   36 4600.00000 1000.00000  78.3%   130  981s
 433720 255848 1000.00000   65   35 4600.00000 1000.00000  78.3%   130  986s
 436215 257035 2055.68988   61   32 4600.00000 1000.00000  78.3%   130  990s
 439608 258597 2772.11100   64   26 4600.00000 1000.00000  78.3%   130  995s
 443210 260224 2000.80745   55   46 4600.00000 1000.00000  78.3%   129 1000s
 446533 261913 infeasible   55      4600.00000 1000.00000  78.3%   129 1005s
 449897 263534 3080.70823   58   27 4600.00000 1000.00000  78.3%   129 1011s
 452272 264745 4400.00000   97   16 4600.00000 1000.00000  78.3%   129 1015s
 456120 266664 infeasible   81      4600.00000 1000.00000  78.3%   129 1020s
 458736 267869 2000.00000   58   29 4600.00000 1000.00000  78.3%   129 1025s
 461381 269123 2000.00000   70   32 4600.00000 1000.00000  78.3%   129 1030s
 464641 270712 3000.00000   67   25 4600.00000 1000.00000  78.3%   129 1035s
 468337 272424 2000.00000   58   28 4600.00000 1000.00000  78.3%   128 1041s
 470693 273666 1000.00000   55   25 4600.00000 1000.00000  78.3%   128 1045s
 474274 275539 2000.00000   78   41 4600.00000 1000.00000  78.3%   128 1051s
 477034 276957 infeasible   63      4600.00000 1000.00000  78.3%   128 1055s
 480249 278524 2000.00000   89   21 4600.00000 1000.00000  78.3%   128 1060s
 483472 280142 1000.00000   48   32 4600.00000 1000.00000  78.3%   128 1065s
 486594 281860 1000.00000   57   27 4600.00000 1000.00000  78.3%   128 1070s
 489904 283608 2000.00000   76   35 4600.00000 1000.00000  78.3%   128 1076s
 492394 284810 2000.00000   45   23 4600.00000 1000.00000  78.3%   128 1080s
 495795 286426 infeasible   92      4600.00000 1000.00000  78.3%   128 1085s
 498199 287683 1000.00000   49   25 4600.00000 1000.00000  78.3%   127 1090s
 501418 289212 2000.00000   73   34 4600.00000 1000.00000  78.3%   127 1095s
 504709 291012 3200.00000   60   26 4600.00000 1000.00000  78.3%   127 1100s
 508017 292665 infeasible   55      4600.00000 1000.00000  78.3%   127 1106s
 510590 293731 3184.42473   74   46 4600.00000 1000.00000  78.3%   127 1110s
 513086 294911 2000.00000   72   39 4600.00000 1000.00000  78.3%   127 1115s
 517203 296981 2000.00000   69   23 4600.00000 1000.00000  78.3%   127 1120s
 519782 298490 4200.00000   53   23 4600.00000 1000.00000  78.3%   127 1125s
 523272 300200 1000.00000   40   34 4600.00000 1000.00000  78.3%   127 1130s
 526617 301831 3000.00000   71   40 4600.00000 1000.00000  78.3%   127 1135s
 529775 303443 infeasible   65      4600.00000 1000.00000  78.3%   127 1141s
 532661 304764 infeasible  102      4600.00000 1000.00000  78.3%   126 1145s
 536122 306086 1107.45741   60   39 4600.00000 1000.00000  78.3%   126 1150s
 538110 307456 2089.11129   67   62 4600.00000 1000.00000  78.3%   126 1155s
 540676 308970 1000.00000   39   32 4600.00000 1000.00000  78.3%   126 1160s
 545116 311104 2000.00000   33   28 4600.00000 1000.00000  78.3%   126 1165s
 547631 312466 3200.00000   68   24 4600.00000 1000.00000  78.3%   126 1170s
 551779 314520 2255.33278   41   35 4600.00000 1000.00000  78.3%   126 1176s
 554016 315618 1000.00000   50   34 4600.00000 1000.00000  78.3%   126 1180s
 557168 317510 2000.00000   66   31 4600.00000 1000.00000  78.3%   126 1186s
 560592 319051 4200.00000   41   28 4600.00000 1000.00000  78.3%   126 1190s
 564052 320906 1000.00000   51   34 4600.00000 1000.00000  78.3%   126 1195s
 567544 322490 1053.85226   71   35 4600.00000 1000.00000  78.3%   125 1200s
 570585 324003 2000.00000   45   33 4600.00000 1000.00000  78.3%   125 1206s
 573140 325204 1000.00000   71   28 4600.00000 1000.00000  78.3%   125 1210s
 576441 326845 1000.00000   48   39 4600.00000 1000.00000  78.3%   125 1215s
 580937 328922 2000.00000   70   32 4600.00000 1000.00000  78.3%   125 1220s
 584016 330482 2065.59133   74   44 4600.00000 1000.00000  78.3%   125 1226s
 586425 331646 infeasible   58      4600.00000 1000.00000  78.3%   125 1230s
 589652 333129 infeasible   73      4600.00000 1000.00000  78.3%   125 1235s
 592083 334298 4200.00000   57   23 4600.00000 1000.00000  78.3%   125 1240s
 595604 336282 4200.00000   48   29 4600.00000 1000.00000  78.3%   125 1245s
 598963 337936 1000.00000   53   29 4600.00000 1000.00000  78.3%   125 1250s
 601883 339306 2000.00000   67   25 4600.00000 1000.00000  78.3%   125 1256s
 605138 341029 infeasible   66      4600.00000 1000.00000  78.3%   124 1260s
 607544 342238 3348.81374  102   26 4600.00000 1000.00000  78.3%   124 1265s
 611074 343935 infeasible   78      4600.00000 1000.00000  78.3%   124 1271s
 614189 345345 2000.00000   66   25 4600.00000 1000.00000  78.3%   124 1275s
 617639 347168 2000.00000   53   24 4600.00000 1000.00000  78.3%   124 1280s
 621105 348719 3000.00000   51   39 4600.00000 1000.00000  78.3%   124 1285s
 624804 350322 infeasible   73      4600.00000 1000.00000  78.3%   124 1291s
 627366 351490 1113.30231   67   36 4600.00000 1000.00000  78.3%   124 1295s
 631628 353424 2000.00000   68   21 4600.00000 1000.00000  78.3%   124 1300s
 634006 354512 3000.00000   58   41 4600.00000 1000.00000  78.3%   124 1305s
 637117 355992 2000.00000   70   31 4600.00000 1000.00000  78.3%   123 1310s
 640769 357690 2000.00000   46   44 4600.00000 1000.00000  78.3%   123 1315s
 643735 359141 3000.00000   65   30 4600.00000 1000.00000  78.3%   123 1320s
 646913 360484 2000.00000   56   24 4600.00000 1000.00000  78.3%   123 1326s
 649314 361676 1048.04913   70   35 4600.00000 1000.00000  78.3%   123 1330s
 653046 363731 1150.68626   48   32 4600.00000 1000.00000  78.3%   123 1335s
 656793 365558 infeasible   59      4600.00000 1000.00000  78.3%   123 1340s
 660103 367113 4200.00000   89   34 4600.00000 1000.00000  78.3%   123 1345s
 663118 368558 3200.00000   81   21 4600.00000 1000.00000  78.3%   123 1351s
 666823 370437 2000.00000   53   28 4600.00000 1000.00000  78.3%   123 1356s
 669554 371652 1000.00000   78   23 4600.00000 1000.00000  78.3%   123 1361s
 671893 372861 2000.00000   83   26 4600.00000 1000.00000  78.3%   123 1365s
 675020 374256 1000.00000   49   39 4600.00000 1000.00000  78.3%   123 1370s
 679224 376301 2000.00000   62   38 4600.00000 1000.00000  78.3%   122 1375s
 682526 377887 2000.00000   50   26 4600.00000 1000.00000  78.3%   122 1382s
 685047 379024 2000.00000   50   25 4600.00000 1000.00000  78.3%   122 1385s
 688388 380686 2200.00000   58   31 4600.00000 1000.00000  78.3%   122 1390s
 690456 381672 infeasible   77      4600.00000 1000.00000  78.3%   122 1395s
 693721 383223 4162.38874   68   34 4600.00000 1000.00000  78.3%   122 1400s
 697196 385003 3000.00000   83   23 4600.00000 1000.00000  78.3%   122 1405s
 700347 386492 2145.70167   68   34 4600.00000 1000.00000  78.3%   122 1410s
 703306 388023 1000.00000   65   29 4600.00000 1000.00000  78.3%   122 1416s
 705922 389307 2077.42507   67   33 4600.00000 1000.00000  78.3%   122 1420s
 709483 390980 3000.00000   75   31 4600.00000 1000.00000  78.3%   122 1425s
 712070 392260 2000.00000   56   38 4600.00000 1000.00000  78.3%   122 1430s
 716363 394065 2000.00000   65   28 4600.00000 1000.00000  78.3%   122 1435s
 719455 395602 1000.00000   64   25 4600.00000 1000.00000  78.3%   122 1441s
 721726 396803 infeasible   71      4600.00000 1000.00000  78.3%   122 1445s
 724961 398427 2159.18895   90   37 4600.00000 1000.00000  78.3%   122 1451s
 728497 400027 1000.00000   49   27 4600.00000 1000.00000  78.3%   122 1456s
 730863 400910 2000.00000   55   22 4600.00000 1000.00000  78.3%   122 1460s
 734146 402319 infeasible   67      4600.00000 1000.00000  78.3%   122 1465s
 737872 403906 4200.00000   45   31 4600.00000 1000.00000  78.3%   122 1470s
 740996 405635 2000.00000   74   28 4600.00000 1000.00000  78.3%   122 1476s
 742761 406443 infeasible   91      4600.00000 1000.00000  78.3%   122 1480s
 746299 407841     cutoff   94      4600.00000 1000.00000  78.3%   122 1485s
 750259 409831 infeasible   63      4600.00000 1000.00000  78.3%   122 1491s
 752562 410906 1047.68595   87   39 4600.00000 1000.00000  78.3%   122 1495s
 755504 412526 infeasible   57      4600.00000 1000.00000  78.3%   121 1500s
 758055 413927 infeasible   76      4600.00000 1000.00000  78.3%   121 1505s
 761524 415457     cutoff   71      4600.00000 1000.00000  78.3%   121 1510s
 764894 416962 3000.00000   62   35 4600.00000 1000.00000  78.3%   121 1515s
 768152 418672 2000.00000   60   25 4600.00000 1000.00000  78.3%   121 1520s
 771386 420251 2000.00000   42   26 4600.00000 1000.00000  78.3%   121 1525s
 774790 421710 2000.00000  106   33 4600.00000 1000.00000  78.3%   121 1531s
 777114 422866 2000.00000   50   30 4600.00000 1000.00000  78.3%   121 1535s
 780197 424261 infeasible   80      4600.00000 1000.00000  78.3%   121 1540s
 783281 425846 2520.01576   48   28 4600.00000 1000.00000  78.3%   121 1545s
 785675 427101 2000.00000   68   31 4600.00000 1000.00000  78.3%   121 1550s
 789265 428714 3200.00000   92   23 4600.00000 1000.00000  78.3%   121 1555s
 792226 430383 3000.00000   72   24 4600.00000 1000.00000  78.3%   121 1560s
 795348 431870 infeasible   91      4600.00000 1000.00000  78.3%   121 1565s
 798654 433498 3200.00000   69   32 4600.00000 1000.00000  78.3%   121 1570s
 802183 435053 2000.00000   55   25 4600.00000 1000.00000  78.3%   121 1575s
 805124 436577 2000.00000   71   29 4600.00000 1000.00000  78.3%   121 1581s
 807636 437798 4400.00000   77   21 4600.00000 1000.00000  78.3%   121 1585s
 810178 438918 1000.00000   49   37 4600.00000 1000.00000  78.3%   121 1590s
 814655 441059 3000.00000   60   23 4600.00000 1000.00000  78.3%   121 1596s
 816704 442254 3000.00000   48   24 4600.00000 1000.00000  78.3%   121 1600s
 820034 443915 1000.00000   95   28 4600.00000 1000.00000  78.3%   121 1605s
 823143 445437 1000.00000   85   30 4600.00000 1000.00000  78.3%   121 1611s
 825765 446624 1000.00000   47   39 4600.00000 1000.00000  78.3%   121 1615s
 829894 448998 2000.00000   75   25 4600.00000 1000.00000  78.3%   121 1621s
 833434 450519 4200.00000   90   26 4600.00000 1000.00000  78.3%   121 1625s
 836536 451960 4243.94887   72   34 4600.00000 1000.00000  78.3%   121 1631s
 838818 453317 2200.00000   56   27 4600.00000 1000.00000  78.3%   121 1635s
 842135 454859 infeasible   80      4600.00000 1000.00000  78.3%   120 1640s
 845391 456251 infeasible   77      4600.00000 1000.00000  78.3%   120 1645s
 848812 458005 4400.00000   97   25 4600.00000 1000.00000  78.3%   120 1651s
 852396 459771 infeasible   47      4600.00000 1000.00000  78.3%   120 1655s
 855772 461504 1105.77176   49   43 4600.00000 1000.00000  78.3%   120 1661s
 858605 462665 4400.00000  132   28 4600.00000 1000.00000  78.3%   120 1665s
 862639 464649 infeasible   95      4600.00000 1000.00000  78.3%   120 1670s
 865323 465766 infeasible   75      4600.00000 1000.00000  78.3%   120 1675s
 869039 467256 2000.00000   66   29 4600.00000 1000.00000  78.3%   120 1680s
 872330 468632 infeasible   78      4600.00000 1000.00000  78.3%   120 1685s
 876609 470432 3000.00000   83   35 4600.00000 1000.00000  78.3%   120 1691s
 878882 471585 2000.00000   55   33 4600.00000 1000.00000  78.3%   120 1695s
 882269 473057 3200.00000   71   22 4600.00000 1000.00000  78.3%   119 1700s
 884875 474414 3000.00000   74   36 4600.00000 1000.00000  78.3%   120 1705s
 888407 475957 1000.00000   44   25 4600.00000 1000.00000  78.3%   119 1710s
 891053 477242 1164.54756   75   46 4600.00000 1000.00000  78.3%   119 1715s
 895469 479325 1000.00000   68   29 4600.00000 1000.00000  78.3%   119 1720s
 898864 480923 2000.00000   59   31 4600.00000 1000.00000  78.3%   119 1725s
 901918 482519 infeasible   53      4600.00000 1000.00000  78.3%   119 1731s
 905172 484174 2000.00000   83   32 4600.00000 1000.00000  78.3%   119 1736s
 907729 485307 infeasible   68      4600.00000 1000.00000  78.3%   119 1740s
 910057 486441 2000.00000   61   25 4600.00000 1000.00000  78.3%   119 1745s
 914410 488582 2000.00000   87   32 4600.00000 1000.00000  78.3%   119 1750s
 917033 489957 1079.63684   70   30 4600.00000 1000.00000  78.3%   119 1755s
 921408 491743 3000.00000   73   45 4600.00000 1000.00000  78.3%   119 1761s
 923899 492914 2200.00000   64   23 4600.00000 1000.00000  78.3%   119 1765s
 926773 493813 1141.48041   52   33 4600.00000 1000.00000  78.3%   119 1770s
 930828 495463 2000.00000   68   24 4600.00000 1000.00000  78.3%   119 1776s
 934240 497047 infeasible   79      4600.00000 1000.00000  78.3%   119 1780s
 937577 498406 3246.20646   76   36 4600.00000 1000.00000  78.3%   119 1786s
 939615 499444 1022.13310   76   51 4600.00000 1000.00000  78.3%   119 1790s
 942810 500826 2317.23502   67   35 4600.00000 1000.00000  78.3%   119 1796s
 946306 502223 infeasible   55      4600.00000 1000.00000  78.3%   119 1800s

Cutting planes:
  Learned: 3
  Cover: 3
  Implied bound: 7
  Projected implied bound: 6
  MIR: 13
  Mixing: 2
  Flow cover: 60
  GUB cover: 3
  Inf proof: 29
  Zero half: 1
  RLT: 2
  Relax-and-lift: 49

Explored 946989 nodes (112469209 simplex iterations) in 1800.01 seconds (1136.26 work units)
Thread count was 8 (of 8 available processors)

Solution count 10: 4600 5600 6800 ... 14000

Time limit reached
Best objective 4.600000000000e+03, best bound 1.000000000000e+03, gap 78.2609%
