
Gurobi 13.0.1 (linux64) logging started Wed Apr 22 21:22:39 2026

Set parameter LogFile to value "experiments/20260422_211440/logs/Inst_01_Easy_Phantom__station_copies.log"
Set parameter LogToConsole to value 0
Set parameter TimeLimit to value 300
Gurobi Optimizer version 13.0.1 build v13.0.1rc0 (linux64 - "Ubuntu 24.04.4 LTS")

CPU model: Intel(R) Core(TM) i5-8250U CPU @ 1.60GHz, instruction set [SSE2|AVX|AVX2]
Thread count: 4 physical cores, 8 logical processors, using up to 8 threads

Non-default parameters:
TimeLimit  300
LogToConsole  0

Optimize a model with 6084 rows, 5871 columns and 25620 nonzeros (Min)
Model fingerprint: 0x3b75043f
Model has 51 linear objective coefficients
Variable types: 3912 continuous, 1959 integer (1959 binary)
Coefficient statistics:
  Matrix range     [1e+00, 2e+04]
  Objective range  [1e+03, 1e+03]
  Bounds range     [1e+00, 2e+04]
  RHS range        [1e+00, 2e+03]

Presolve removed 3312 rows and 1428 columns
Presolve time: 0.11s
Presolved: 2772 rows, 4443 columns, 17842 nonzeros
Variable types: 2484 continuous, 1959 integer (1959 binary)
Found heuristic solution: objective 46200.000000

Root relaxation: objective 1.460644e+03, 5482 iterations, 0.67 seconds (0.51 work units)

    Nodes    |    Current Node    |     Objective Bounds      |     Work
 Expl Unexpl |  Obj  Depth IntInf | Incumbent    BestBd   Gap | It/Node Time

     0     0 1460.64411    0   82 46200.0000 1460.64411  96.8%     -    0s
H    0     0                    35400.000000 1460.64411  95.9%     -    0s
H    0     0                    8200.0000000 1460.64411  82.2%     -    1s
H    0     0                    7000.0000000 1460.64411  79.1%     -    1s
H    0     0                    6800.0000000 1460.64411  78.5%     -    1s
H    0     0                    5800.0000000 1771.90376  69.4%     -    2s
H    0     0                    4600.0000000 1771.90376  61.5%     -    2s
     0     0 1771.90376    0  126 4600.00000 1771.90376  61.5%     -    2s
     0     0 1937.72633    0  104 4600.00000 1937.72633  57.9%     -    3s
     0     0 2006.75131    0  108 4600.00000 2006.75131  56.4%     -    3s
     0     0 2029.83506    0  115 4600.00000 2029.83506  55.9%     -    4s
     0     0 2032.89481    0  109 4600.00000 2032.89481  55.8%     -    4s
     0     0 2033.02783    0  106 4600.00000 2033.02783  55.8%     -    4s
     0     0 2033.08752    0  109 4600.00000 2033.08752  55.8%     -    4s
     0     0 2044.54020    0   91 4600.00000 2044.54020  55.6%     -    4s
H    0     0                    4400.0000000 2046.75807  53.5%     -    4s
     0     0 2046.75807    0   91 4400.00000 2046.75807  53.5%     -    4s
     0     0 2050.26363    0  103 4400.00000 2050.26363  53.4%     -    4s
     0     0 2050.50053    0   89 4400.00000 2050.50053  53.4%     -    4s
     0     0 2050.52100    0   88 4400.00000 2050.52100  53.4%     -    4s
     0     0 2055.02889    0   85 4400.00000 2055.02889  53.3%     -    5s
     0     0 2055.65125    0   86 4400.00000 2055.65125  53.3%     -    5s
     0     0 2055.82897    0   85 4400.00000 2055.82897  53.3%     -    5s
     0     0 2057.20002    0   97 4400.00000 2057.20002  53.2%     -    5s
     0     0 2057.54827    0   96 4400.00000 2057.54827  53.2%     -    5s
     0     0 2057.78389    0   89 4400.00000 2057.78389  53.2%     -    5s
     0     0 2060.13432    0   90 4400.00000 2060.13432  53.2%     -    5s
     0     0 2061.59042    0   97 4400.00000 2061.59042  53.1%     -    5s
     0     0 2061.73805    0   97 4400.00000 2061.73805  53.1%     -    5s
     0     0 2066.15733    0   87 4400.00000 2066.15733  53.0%     -    6s
     0     0 2066.43083    0   86 4400.00000 2066.43083  53.0%     -   12s
     0     0 2066.53608    0   79 4400.00000 2066.53608  53.0%     -   12s
     0     0 2067.05870    0   82 4400.00000 2067.05870  53.0%     -   12s
     0     0 2068.17224    0   84 4400.00000 2068.17224  53.0%     -   13s
     0     0 2068.25636    0   81 4400.00000 2068.25636  53.0%     -   13s
     0     0 2069.71960    0   91 4400.00000 2069.71960  53.0%     -   13s
     0     0 2070.30702    0   89 4400.00000 2070.30702  52.9%     -   13s
     0     0 2070.40222    0   85 4400.00000 2070.40222  52.9%     -   14s
     0     0 2070.68609    0   89 4400.00000 2070.68609  52.9%     -   14s
     0     0 2078.84081    0   90 4400.00000 2078.84081  52.8%     -   16s
     0     0 2078.84081    0   94 4400.00000 2078.84081  52.8%     -   16s
     0     0 2078.84081    0   89 4400.00000 2078.84081  52.8%     -   16s
     0     0 2078.84081    0   89 4400.00000 2078.84081  52.8%     -   16s
     0     0 2078.84081    0   87 4400.00000 2078.84081  52.8%     -   16s
     0     2 2079.35808    0   86 4400.00000 2079.35808  52.7%     -   18s
     7    12 2079.35808    3   85 4400.00000 2079.35808  52.7%   348   20s
   179   178 2244.55975   31   50 4400.00000 2079.35808  52.7%   465   25s
H  383   262                    3400.0000000 2079.35808  38.8%   383   28s
   520   272 2920.90690   21   35 3400.00000 2079.35808  38.8%   328   30s
   598   304 2494.16256    8   61 3400.00000 2079.35808  38.8%   317   35s
   833   413 2760.38076    5   35 3400.00000 2126.11044  37.5%   310   40s
  1310   552 2779.35478   21   58 3400.00000 2164.01164  36.4%   296   45s
  1933   728     cutoff   18      3400.00000 2203.66401  35.2%   266   50s
  2131   761 2663.80949    6   87 3400.00000 2219.88595  34.7%   264   55s
  2140   767 3047.41685   22   99 3400.00000 2219.88595  34.7%   263   60s
  2148   772 2493.05596   30  103 3400.00000 2219.88595  34.7%   262   66s
  2149   773 2713.77781   11  103 3400.00000 2219.88595  34.7%   262   73s
  2152   780 2219.88595   15   81 3400.00000 2219.88595  34.7%   271   75s
  2240   815 2219.88595   20   52 3400.00000 2219.88595  34.7%   275   80s
  2380   855 2749.59633   27   26 3400.00000 2219.88595  34.7%   271   85s
  2546   897 2746.54162   28   34 3400.00000 2219.88595  34.7%   264   90s
  2775   954 3057.39517   31   33 3400.00000 2219.88595  34.7%   249   95s
  3474   998 2811.06779   23   29 3400.00000 2680.43690  21.2%   220  100s
  4236   985 3057.28436   26   33 3400.00000 2710.25037  20.3%   196  105s
  5122  1074 2887.78366   23   38 3400.00000 2740.63049  19.4%   178  110s
  6069  1172 2781.14426   30   35 3400.00000 2767.73776  18.6%   162  115s
  7348  1206 2879.27310   30   32 3400.00000 2797.53305  17.7%   150  120s
  8366  1176 2877.77459   25   77 3400.00000 2827.01444  16.9%   142  125s
  9543  1034 2941.35643   25   42 3400.00000 2870.31902  15.6%   134  130s
 11022   609 3063.93603   28   29 3400.00000 2929.67541  13.8%   126  135s

Cutting planes:
  Cover: 15
  Implied bound: 190
  Projected implied bound: 3
  Clique: 2
  MIR: 209
  Flow cover: 116
  Network: 1
  RLT: 16
  Relax-and-lift: 32
  BQP: 8

Explored 12797 nodes (1504931 simplex iterations) in 139.44 seconds (118.95 work units)
Thread count was 8 (of 8 available processors)

Solution count 9: 3400 4400 4600 ... 46200

Optimal solution found (tolerance 1.00e-04)
Best objective 3.400000000000e+03, best bound 3.400000000000e+03, gap 0.0000%
