
Gurobi 13.0.1 (linux64) logging started Wed Apr 22 21:14:40 2026

Set parameter LogFile to value "experiments/20260422_211440/logs/Inst_01_Easy_Phantom__ribeiro.log"
Set parameter LogToConsole to value 0
Set parameter TimeLimit to value 300
Gurobi Optimizer version 13.0.1 build v13.0.1rc0 (linux64 - "Ubuntu 24.04.4 LTS")

CPU model: Intel(R) Core(TM) i5-8250U CPU @ 1.60GHz, instruction set [SSE2|AVX|AVX2]
Thread count: 4 physical cores, 8 logical processors, using up to 8 threads

Non-default parameters:
TimeLimit  300
LogToConsole  0

Optimize a model with 844 rows, 294 columns and 2721 nonzeros (Min)
Model fingerprint: 0xddbd29b0
Model has 18 linear objective coefficients
Variable types: 32 continuous, 262 integer (243 binary)
Coefficient statistics:
  Matrix range     [1e+00, 3e+04]
  Objective range  [1e+03, 1e+03]
  Bounds range     [1e+00, 2e+04]
  RHS range        [1e+00, 3e+04]

Presolve removed 120 rows and 6 columns
Presolve time: 0.04s
Presolved: 724 rows, 288 columns, 4566 nonzeros
Variable types: 27 continuous, 261 integer (243 binary)
Found heuristic solution: objective 15000.000000
Found heuristic solution: objective 11600.000000

Root relaxation: objective 0.000000e+00, 126 iterations, 0.00 seconds (0.00 work units)

    Nodes    |    Current Node    |     Objective Bounds      |     Work
 Expl Unexpl |  Obj  Depth IntInf | Incumbent    BestBd   Gap | It/Node Time

     0     0    0.00000    0   20 11600.0000    0.00000   100%     -    0s
H    0     0                    10400.000000    0.00000   100%     -    0s
H    0     0                    10200.000000    0.00000   100%     -    0s
     0     0    0.00000    0   31 10200.0000    0.00000   100%     -    0s
H    0     0                    9000.0000000    0.00000   100%     -    0s
     0     0    0.00000    0   33 9000.00000    0.00000   100%     -    0s
     0     0    0.00000    0   35 9000.00000    0.00000   100%     -    0s
     0     0    0.00000    0   23 9000.00000    0.00000   100%     -    0s
     0     0    0.00000    0   27 9000.00000    0.00000   100%     -    0s
H    0     0                    8000.0000000    0.00000   100%     -    0s
     0     0    0.00000    0   36 8000.00000    0.00000   100%     -    0s
     0     0    0.00000    0   20 8000.00000    0.00000   100%     -    0s
H    0     0                    7800.0000000    0.00000   100%     -    0s
     0     0    0.00000    0   21 7800.00000    0.00000   100%     -    0s
     0     0    0.00000    0   28 7800.00000    0.00000   100%     -    0s
     0     0    0.00000    0   26 7800.00000    0.00000   100%     -    0s
H    0     0                    6800.0000000    0.00000   100%     -    0s
     0     0    0.00000    0   34 6800.00000    0.00000   100%     -    0s
     0     0    0.00000    0   37 6800.00000    0.00000   100%     -    0s
     0     0    0.00000    0   32 6800.00000    0.00000   100%     -    0s
     0     0    0.00000    0   31 6800.00000    0.00000   100%     -    0s
     0     0    0.00000    0   27 6800.00000    0.00000   100%     -    0s
     0     2    0.00000    0   27 6800.00000    0.00000   100%     -    0s
H   35    49                    5600.0000000    0.00000   100%   102    0s
H  718   485                    4400.0000000    0.00000   100%  45.8    1s
  1883  1074 1000.00000   28   30 4400.00000    0.00000   100%  59.0    5s
  3799  1797 2200.00000   44   26 4400.00000    0.00000   100%  70.4   10s
  8560  4308 2000.00000   56   19 4400.00000 1000.00000  77.3%  67.0   15s
 14170  6595 2000.00000   66   19 4400.00000 1000.00000  77.3%  65.3   20s
 17824  8544 2000.00000   56   26 4400.00000 1000.00000  77.3%  64.9   25s
 23627 11225 1019.94657   46   39 4400.00000 1000.00000  77.3%  65.5   30s
 28374 13298 infeasible   44      4400.00000 1000.00000  77.3%  65.8   35s
 29248 13645 2000.00000   60   23 4400.00000 1000.00000  77.3%  65.8   44s
 30140 14044 3000.00000   75   22 4400.00000 1000.00000  77.3%  65.9   45s
 35829 16418 infeasible   43      4400.00000 1000.00000  77.3%  66.3   50s
 41953 18977 3701.61823   44   21 4400.00000 1000.00000  77.3%  65.9   55s
 49566 22010 infeasible   65      4400.00000 1000.00000  77.3%  65.4   60s
 56703 24949 3157.12591   46   25 4400.00000 1000.00000  77.3%  65.4   65s
 63999 27923     cutoff   55      4400.00000 1000.00000  77.3%  65.8   70s
 72502 31378 3200.00000   50   18 4400.00000 1000.00000  77.3%  65.5   75s
 78245 33752 2000.00000   62   23 4400.00000 1000.00000  77.3%  65.6   80s
 86605 37181 2000.00000   37   15 4400.00000 1000.00000  77.3%  65.7   85s
 94103 40320 1134.59347   63   36 4400.00000 1000.00000  77.3%  65.9   90s
 99902 42624 3200.00000   65   11 4400.00000 1000.00000  77.3%  66.0   95s
 106882 45565 2000.00000   65   23 4400.00000 1000.00000  77.3%  66.1  100s
 114733 48735 2000.00000   44   28 4400.00000 1000.00000  77.3%  66.1  105s
 121192 51269 1000.00000   47   24 4400.00000 1000.00000  77.3%  66.2  110s
 129429 54622 3200.00000   58   13 4400.00000 1000.00000  77.3%  66.1  115s
 135625 56999 3000.00000   67   23 4400.00000 1000.00000  77.3%  66.1  120s
 142192 59330 2312.46931   26   26 4400.00000 1000.00000  77.3%  66.0  125s
 150135 62330 2044.14828   55   34 4400.00000 1000.00000  77.3%  66.0  130s
 157494 65079 2200.00000   54   15 4400.00000 1000.00000  77.3%  65.9  135s
 164844 67961 3200.00000   53   14 4400.00000 1000.00000  77.3%  65.9  140s
 171864 70773 4200.00000   36   12 4400.00000 1000.00000  77.3%  65.8  145s
 179205 73825 infeasible   63      4400.00000 1000.00000  77.3%  65.7  150s
 188268 77319 3400.00000   52   16 4400.00000 1000.00000  77.3%  65.5  155s
 193899 79270 1025.70057   52   36 4400.00000 1000.00000  77.3%  65.5  160s
 202942 82834 1000.00000   46   20 4400.00000 1000.00000  77.3%  65.5  165s
 209229 85390 3167.17427   75   25 4400.00000 1000.00000  77.3%  65.5  170s
 218068 89364 3200.00000   57   17 4400.00000 1000.00000  77.3%  65.5  175s
 224666 92284 1018.61941   54   27 4400.00000 1000.00000  77.3%  65.6  180s
 232799 95665 2273.45126   65   22 4400.00000 1000.00000  77.3%  65.6  185s
 238174 97636 2000.00000   46   16 4400.00000 1000.00000  77.3%  65.6  190s
 246350 100805 infeasible   56      4400.00000 1000.00000  77.3%  65.6  195s
 254039 103890 infeasible   68      4400.00000 1000.00000  77.3%  65.5  200s
 261259 107089 2000.00000   58   31 4400.00000 1000.00000  77.3%  65.6  205s
 269221 109950 2000.00000   63   22 4400.00000 1000.00000  77.3%  65.4  210s
 277089 113020 4200.00000   57   11 4400.00000 1000.00000  77.3%  65.3  215s
 281338 115669 2200.00000   55   15 4400.00000 1000.00000  77.3%  65.3  220s
 293338 119319 1000.00000   56   29 4400.00000 1000.00000  77.3%  65.2  225s
 299796 121931 2000.00000   57   28 4400.00000 1000.00000  77.3%  65.3  230s
 308353 125396 3000.00000   73   32 4400.00000 1000.00000  77.3%  65.2  235s
 317682 128822     cutoff   61      4400.00000 1000.00000  77.3%  65.1  240s
 324844 131746 infeasible   39      4400.00000 1000.00000  77.3%  65.1  245s
 331465 134271 2208.93712   45   22 4400.00000 1000.00000  77.3%  65.1  250s
 340220 137504 1000.00000   26   28 4400.00000 1000.00000  77.3%  65.1  255s
 348962 140527 2000.00000   38   27 4400.00000 1000.00000  77.3%  65.0  260s
 355121 143058 3400.00000   41   16 4400.00000 1000.00000  77.3%  65.0  265s
 364398 146427 1000.00000   33   28 4400.00000 1000.00000  77.3%  65.0  270s
 370567 148512     cutoff   58      4400.00000 1000.00000  77.3%  64.9  275s
 380076 152010 3328.55650   81   35 4400.00000 1000.00000  77.3%  64.9  280s
 386442 154521 3000.00000   51   24 4400.00000 1000.00000  77.3%  64.9  285s
 393652 156786 1000.00000   67   26 4400.00000 1000.00000  77.3%  65.0  290s
 399603 158848 2000.00000   40   20 4400.00000 1000.00000  77.3%  65.2  295s
 408563 162330 2000.00000   42   20 4400.00000 1000.00000  77.3%  65.1  300s

Cutting planes:
  Learned: 5
  Cover: 9
  Implied bound: 3
  Projected implied bound: 3
  Clique: 2
  MIR: 9
  StrongCG: 1
  Flow cover: 30
  GUB cover: 5
  Inf proof: 5
  RLT: 3
  Relax-and-lift: 13

Explored 409025 nodes (26627201 simplex iterations) in 300.00 seconds (175.48 work units)
Thread count was 8 (of 8 available processors)

Solution count 10: 4400 5600 6800 ... 15000

Time limit reached
Best objective 4.400000000000e+03, best bound 1.000000000000e+03, gap 77.2727%
