
Gurobi 13.0.1 (linux64) logging started Wed Apr 29 23:14:40 2026

Set parameter LogFile to value "experiments/20260429_221346/logs/Inst_22_Hard_Phantom_46__station_copies.log"
Set parameter LogToConsole to value 0
Set parameter TimeLimit to value 3600
Set parameter MIPFocus to value 1
Set parameter Cuts to value 0
Gurobi Optimizer version 13.0.1 build v13.0.1rc0 (linux64 - "Ubuntu 24.04.4 LTS")

CPU model: Intel(R) Core(TM) i5-8250U CPU @ 1.60GHz, instruction set [SSE2|AVX|AVX2]
Thread count: 4 physical cores, 8 logical processors, using up to 8 threads

Non-default parameters:
TimeLimit  3600
MIPFocus  1
Cuts  0
LogToConsole  0

Optimize a model with 1002570 rows, 1000098 columns and 4108536 nonzeros (Min)
Model fingerprint: 0x64ee6096
Model has 610 linear objective coefficients
Variable types: 666724 continuous, 333374 integer (333374 binary)
Coefficient statistics:
  Matrix range     [1e+00, 3e+04]
  Objective range  [1e+03, 1e+03]
  Bounds range     [1e+00, 3e+04]
  RHS range        [1e+00, 2e+03]

Presolve removed 638388 rows and 306452 columns (presolve time = 5s)...
Presolve removed 638388 rows and 306452 columns
Presolve time: 9.00s
Presolved: 364182 rows, 693646 columns, 2776365 nonzeros
Variable types: 360272 continuous, 333374 integer (333374 binary)
Deterministic concurrent LP optimizer: primal simplex, dual simplex, and barrier
Showing barrier log only...

Root barrier log...

Ordering time: 0.05s

Barrier statistics:
 AA' NZ     : 6.289e+04
 Factor NZ  : 8.628e+04 (roughly 8 MB of memory)
 Factor Ops : 4.056e+06 (less than 1 second per iteration)
 Threads    : 2

                  Objective                Residual
Iter       Primal          Dual         Primal    Dual     Compl     Time
   0   6.65067024e+07 -2.12448884e+10  5.82e+03 1.49e+01  3.73e+06    14s
   1   2.21335075e+07 -6.29143043e+09  1.82e+03 5.61e+02  9.37e+05    14s
   2   5.29011530e+06 -2.29317793e+09  3.93e+02 4.16e+01  2.23e+05    14s
   3   9.89800096e+05 -1.38997545e+08  4.11e+01 1.82e-11  2.19e+04    14s
   4   6.29804019e+05 -4.48815982e+07  8.51e+00 5.09e-11  4.63e+03    14s
   5   5.15585882e+05 -3.28053278e+07  3.87e+00 2.18e-11  2.44e+03    14s
   6   4.28128746e+05 -2.65491594e+07  2.83e+00 2.18e-11  1.76e+03    14s
   7   3.06633485e+05 -1.39963720e+07  1.79e+00 3.35e-10  8.30e+02    14s
   8   9.81065841e+04 -4.42329934e+06  1.06e-02 7.28e-10  1.68e+02    14s
   9   6.41721417e+04 -1.62075085e+06  2.14e-03 2.53e-10  6.23e+01    14s
  10   4.89790032e+04 -9.04468824e+05  1.26e-03 1.38e-10  3.53e+01    14s
  11   3.15580640e+04 -3.58079522e+05  4.61e-04 5.41e-11  1.44e+01    14s
  12   2.01896683e+04 -1.36770718e+05  8.22e-05 2.14e-11  5.80e+00    14s
  13   1.64520381e+04 -3.40137921e+04  2.83e-05 6.37e-12  1.87e+00    14s
  14   1.42559398e+04 -1.70056940e+04  1.43e-05 3.64e-12  1.16e+00    14s
  15   1.29176891e+04 -1.00423698e+04  1.05e-05 2.73e-12  8.49e-01    14s
  16   1.11200170e+04 -4.83466354e+03  6.98e-06 1.82e-12  5.90e-01    14s
  17   1.03563632e+04 -3.43200837e+03  5.97e-06 2.73e-12  5.10e-01    14s
  18   8.76741169e+03 -3.10635430e+02  4.22e-06 9.09e-13  3.36e-01    14s
  19   7.06822688e+03  8.94359538e+02  2.58e-06 9.09e-13  2.28e-01    14s
  20   5.58444538e+03  1.56806404e+03  1.66e-06 7.23e-13  1.49e-01    14s
  21   4.46678585e+03  1.95851615e+03  9.84e-07 2.73e-12  9.27e-02    14s
  22   3.45002047e+03  2.25063773e+03  4.36e-07 9.09e-13  4.43e-02    14s
  23   3.10583473e+03  2.39505249e+03  2.60e-07 9.09e-13  2.63e-02    14s
  24   2.89085369e+03  2.42826957e+03  1.54e-07 3.64e-12  1.71e-02    14s
  25   2.72270856e+03  2.49150292e+03  7.35e-08 9.09e-13  8.55e-03    14s
  26   2.65983520e+03  2.51716563e+03  4.49e-08 9.09e-13  5.28e-03    14s
  27   2.60889597e+03  2.54023108e+03  2.19e-08 1.82e-12  2.54e-03    14s
  28   2.57878454e+03  2.54857098e+03  9.02e-09 1.82e-12  1.12e-03    14s
  29   2.57071135e+03  2.54922742e+03  5.72e-09 9.09e-13  7.94e-04    14s
  30   2.56827808e+03  2.55455297e+03  4.67e-09 1.82e-12  5.07e-04    15s
  31   2.56515266e+03  2.55496292e+03  3.40e-09 1.82e-12  3.77e-04    15s
  32   2.56060426e+03  2.55647507e+03  1.55e-09 5.87e-13  1.53e-04    15s
  33   2.55883476e+03  2.55653916e+03  6.15e-09 6.83e-13  8.49e-05    15s
  34   2.55691763e+03  2.55676208e+03  1.69e-09 1.02e-12  5.75e-06    15s
  35   2.55676967e+03  2.55676753e+03  8.03e-10 1.82e-12  7.91e-08    15s
  36   2.55676823e+03  2.55676823e+03  9.74e-11 3.41e-12  7.91e-11    15s

Barrier solved model in 36 iterations and 14.54 seconds (11.54 work units)
Optimal objective 2.55676823e+03


Root crossover log...

    7845 DPushes remaining with DInf 0.0000000e+00                15s
       0 DPushes remaining with DInf 0.0000000e+00                15s

      98 PPushes remaining with PInf 0.0000000e+00                15s
       0 PPushes remaining with PInf 0.0000000e+00                15s

  Push phase complete: Pinf 0.0000000e+00, Dinf 1.2938523e-02     15s


Root simplex log...

Iteration    Objective       Primal Inf.    Dual Inf.      Time
    4787    2.5567682e+03   0.000000e+00   1.293852e-02     15s
    4788    2.5567682e+03   0.000000e+00   0.000000e+00     15s
Crossover time: 0.03 seconds (0.01 work units)
Concurrent spin time: 0.00s

Solved with barrier

Use crossover to convert LP symmetric solution to basic solution...

Root crossover log...

     201 DPushes remaining with DInf 0.0000000e+00                20s
       0 DPushes remaining with DInf 0.0000000e+00                23s

    1415 PPushes remaining with PInf 0.0000000e+00                23s
       0 PPushes remaining with PInf 0.0000000e+00                23s

  Push phase complete: Pinf 0.0000000e+00, Dinf 5.7975022e-11     23s


Root simplex log...

Iteration    Objective       Primal Inf.    Dual Inf.      Time
    6746    2.5567682e+03   0.000000e+00   0.000000e+00     23s
Crossover time: 8.05 seconds (5.81 work units)

Root relaxation: objective 2.556768e+03, 6746 iterations, 10.01 seconds (7.29 work units)

    Nodes    |    Current Node    |     Objective Bounds      |     Work
 Expl Unexpl |  Obj  Depth IntInf | Incumbent    BestBd   Gap | It/Node Time

     0     0 2556.76823    0 1162          - 2556.76823      -     -   43s
     0     0 2556.76823    0 1162          - 2556.76823      -     -  128s
     0     0 2556.76823    0 1136          - 2556.76823      -     -  134s
H    0     0                    67200.000000 2556.76823  96.2%     -  618s
H    0     0                    63600.000000 2556.76823  96.0%     -  620s
H    0     0                    55200.000000 2556.76823  95.4%     -  620s
H    0     0                    42200.000000 2556.76823  93.9%     -  621s
H    0     0                    41000.000000 2556.76823  93.8%     -  621s
H    0     0                    38600.000000 2556.76823  93.4%     -  621s
H    0     0                    35000.000000 2556.76823  92.7%     -  621s
H    0     0                    31400.000000 2556.76823  91.9%     -  621s
H    0     0                    29000.000000 2556.76823  91.2%     -  621s
H    0     0                    27800.000000 2556.76823  90.8%     -  622s
H    0     0                    26800.000000 2556.76823  90.5%     -  622s
H    0     0                    25600.000000 2556.76823  90.0%     -  622s
H    0     0                    25400.000000 2556.76823  89.9%     -  622s
H    0     0                    24200.000000 2556.76823  89.4%     -  623s
H    0     0                    23000.000000 2556.76823  88.9%     -  623s
H    0     0                    22000.000000 2556.76823  88.4%     -  623s
H    0     0                    20800.000000 2556.76823  87.7%     -  624s
H    0     0                    19600.000000 2556.76823  87.0%     -  696s
     0     2 2556.76823    0 1136 19600.0000 2556.76823  87.0%     -  778s
     1     3 2654.10663    1 1009 19600.0000 2557.92479  86.9% 42577 1537s
     2     6 2784.17560    2  990 19600.0000 2557.92479  86.9% 22198 2334s
H    3     6                    17200.000000 2557.92479  85.1% 14798 2334s
     5     9 2785.66199    3 1018 17200.0000 2580.50112  85.0% 17741 2931s
     8    10 2785.81979    4 1018 17200.0000 2580.50112  85.0% 13222 3392s
H    9    10                    16200.000000 2580.50112  84.1% 11753 3392s
    11    14 2800.85661    5 1039 16200.0000 2580.50112  84.1%  9821 3603s

Explored 15 nodes (127892 simplex iterations) in 3603.74 seconds (4150.77 work units)
Thread count was 8 (of 8 available processors)

Solution count 10: 16200 17200 19600 ... 26800

Time limit reached
Best objective 1.620000000000e+04, best bound 2.600000000000e+03, gap 83.9506%

User-callback calls 1472924, time in user-callback 16.84 sec
